2026-04-13 08:03:50  INFO      === Starting analysis for account: 649034868264558592 ===
2026-04-13 08:03:50  INFO      Account name: RajRatan Travels
2026-04-13 08:03:50  INFO      Fetching trip_agg page: 1
2026-04-13 08:03:50  INFO      Fetching vehicle page: 1
2026-04-13 08:03:51  INFO      Total vehicles collected for account 649034868264558592: 118
2026-04-13 08:04:05  INFO      Total trips collected for account 649034868264558592: 336
2026-04-13 08:05:10  INFO      Total trip-agg records collected: 467
2026-04-13 08:05:29  INFO      Summary written to: /root/code/algorithms/app/scripts/camera/trip_agg_analysis_script/output/2026-04-11/649034868264558592/summary.json
2026-04-13 08:05:29  INFO      ===== Trip Aggregation Analysis Summary =====
2026-04-13 08:05:29  INFO      Trips after merge/filters: 195
2026-04-13 08:05:29  INFO      Completely processed trips: 195
2026-04-13 08:05:29  INFO      Missing trips in trip_agg: 2
2026-04-13 08:05:29  INFO      Unbroken unmatched trips: 0
2026-04-13 08:05:29  INFO      Broken unmatched trips: 2
2026-04-13 08:05:29  INFO      Top alert mismatches:
         alert_name  mismatch_count  total_joined_trips  mismatch_pct
             idling               4                 334           1.2
 distracted_driving               0                 334           0.0
         drowsiness               0                 334           0.0
emergency_recording               0                 334           0.0
        eyes_closed               0                 334           0.0
2026-04-13 08:05:29  INFO      ----- Step Timings -----
2026-04-13 08:05:29  INFO        fetch_trip_agg_data                  80.06s
2026-04-13 08:05:29  INFO        get_trips_for_account                14.86s
2026-04-13 08:05:29  INFO        prepare_dataframes                    0.03s
2026-04-13 08:05:29  INFO        analyze_trip_agg                     15.71s
2026-04-13 08:05:29  INFO        analyze_alerts                        3.02s
2026-04-13 08:05:29  INFO        total                               113.68s
2026-04-13 08:05:29  INFO      Reports written to: /root/code/algorithms/app/scripts/camera/trip_agg_analysis_script/output/2026-04-11/649034868264558592
