2026-07-05 08:00:02  INFO      === Starting analysis for account: 649034868264558592 ===
2026-07-05 08:00:02  INFO      Account name: RajRatan Travels
2026-07-05 08:00:02  INFO      Fetching trip_agg page: 1
2026-07-05 08:00:02  INFO      Fetching vehicle page: 1
2026-07-05 08:00:03  INFO      Total vehicles collected for account 649034868264558592: 128
2026-07-05 08:00:05  INFO      Total trips collected for account 649034868264558592: 310
2026-07-05 08:00:32  INFO      Total trip-agg records collected: 444
2026-07-05 08:01:04  INFO      Summary written to: /root/code/algorithms/app/scripts/camera/trip_agg_analysis_script/output/2026-07-03/649034868264558592/summary.json
2026-07-05 08:01:04  INFO      ===== Trip Aggregation Analysis Summary =====
2026-07-05 08:01:04  INFO      Trips after merge/filters: 167
2026-07-05 08:01:04  INFO      Completely processed trips: 167
2026-07-05 08:01:04  INFO      Missing trips in trip_agg: 0
2026-07-05 08:01:04  INFO      Unbroken unmatched trips: 0
2026-07-05 08:01:04  INFO      Broken unmatched trips: 1
2026-07-05 08:01:04  INFO      Top alert mismatches:
         alert_name  mismatch_count  total_joined_trips  mismatch_pct
 distracted_driving               0                 310           0.0
         drowsiness               0                 310           0.0
emergency_recording               0                 310           0.0
        eyes_closed               0                 310           0.0
                fcw               0                 310           0.0
2026-07-05 08:01:04  INFO      ----- Step Timings -----
2026-07-05 08:01:04  INFO        fetch_trip_agg_data                  30.33s
2026-07-05 08:01:04  INFO        get_trips_for_account                 3.54s
2026-07-05 08:01:04  INFO        prepare_dataframes                    0.01s
2026-07-05 08:01:04  INFO        analyze_trip_agg                     30.05s
2026-07-05 08:01:04  INFO        analyze_alerts                        1.45s
2026-07-05 08:01:04  INFO        total                                65.39s
2026-07-05 08:01:04  INFO      Reports written to: /root/code/algorithms/app/scripts/camera/trip_agg_analysis_script/output/2026-07-03/649034868264558592
