2026-04-08 08:00:05  INFO      === Starting analysis for account: 649034868264558592 ===
2026-04-08 08:00:05  INFO      Account name: RajRatan Travels
2026-04-08 08:00:05  INFO      Fetching trip_agg page: 1
2026-04-08 08:00:05  INFO      Fetching vehicle page: 1
2026-04-08 08:00:05  INFO      Total vehicles collected for account 649034868264558592: 118
2026-04-08 08:00:10  INFO      Total trips collected for account 649034868264558592: 297
2026-04-08 08:01:17  INFO      Total trip-agg records collected: 414
2026-04-08 08:01:35  INFO      Summary written to: /root/code/algorithms/app/scripts/camera/trip_agg_analysis_script/output/2026-04-06/649034868264558592/summary.json
2026-04-08 08:01:35  INFO      ===== Trip Aggregation Analysis Summary =====
2026-04-08 08:01:35  INFO      Trips after merge/filters: 157
2026-04-08 08:01:35  INFO      Completely processed trips: 157
2026-04-08 08:01:35  INFO      Missing trips in trip_agg: 0
2026-04-08 08:01:35  INFO      Unbroken unmatched trips: 0
2026-04-08 08:01:35  INFO      Broken unmatched trips: 0
2026-04-08 08:01:35  INFO      Top alert mismatches:
        alert_name  mismatch_count  total_joined_trips  mismatch_pct
            idling               6                 297          2.02
        over_speed               1                 297          0.34
        hard_brake               1                 297          0.34
distracted_driving               0                 297          0.00
        drowsiness               0                 297          0.00
2026-04-08 08:01:35  INFO      ----- Step Timings -----
2026-04-08 08:01:35  INFO        fetch_trip_agg_data                  72.23s
2026-04-08 08:01:35  INFO        get_trips_for_account                 5.14s
2026-04-08 08:01:35  INFO        prepare_dataframes                    0.05s
2026-04-08 08:01:35  INFO        analyze_trip_agg                     14.09s
2026-04-08 08:01:35  INFO        analyze_alerts                        3.40s
2026-04-08 08:01:35  INFO        total                                94.91s
2026-04-08 08:01:35  INFO      Reports written to: /root/code/algorithms/app/scripts/camera/trip_agg_analysis_script/output/2026-04-06/649034868264558592
