2026-09-19 02:42:56  INFO      === Starting analysis for account: 642689989225816064 ===
2026-09-19 02:42:56  INFO      Account name: Indore Intercity
2026-09-19 02:42:56  INFO      [1/1] Fetching trip_agg for account: 642689989225816064
2026-09-19 02:42:56  INFO      Fetching vehicle page: 1
2026-09-19 02:42:57  INFO      Total vehicles collected for account 642689989225816064: 230
2026-09-19 02:43:00  INFO      Total trips collected for account 642689989225816064: 693
2026-09-19 02:43:23  INFO        account 642689989225816064: fetched 736 records (8 pages)
2026-09-19 02:43:23  INFO      Total trip-agg records collected across 1 accounts: 736
2026-09-19 02:43:27  WARNING   Alert count fetch failed for 693/693 trips
2026-09-19 02:43:27  INFO      Summary written to: /root/code/algorithms/app/scripts/camera/trip_agg_analysis_script/output/2026-09-17/642689989225816064/summary.json
2026-09-19 02:43:27  INFO      ===== Trip Aggregation Analysis Summary =====
2026-09-19 02:43:27  INFO      Trips after merge/filters: 325
2026-09-19 02:43:27  INFO      Completely processed trips: 325
2026-09-19 02:43:27  INFO      Missing trips in trip_agg: 0
2026-09-19 02:43:27  INFO      Unbroken unmatched trips: 0
2026-09-19 02:43:27  INFO      Broken unmatched trips: 13
2026-09-19 02:43:27  INFO      ----- Step Timings -----
2026-09-19 02:43:27  INFO        fetch_accounts_with_access            0.05s
2026-09-19 02:43:27  INFO        fetch_trip_agg_data                  26.70s
2026-09-19 02:43:27  INFO        get_trips_for_account                 3.28s
2026-09-19 02:43:27  INFO        prepare_dataframes                    0.03s
2026-09-19 02:43:27  INFO        analyze_trip_agg                      1.65s
2026-09-19 02:43:27  INFO        analyze_alerts                        1.97s
2026-09-19 02:43:27  INFO        total                                33.68s
2026-09-19 02:43:27  INFO      Reports written to: /root/code/algorithms/app/scripts/camera/trip_agg_analysis_script/output/2026-09-17/642689989225816064
