2026-10-04 02:32:40  INFO      === Starting analysis for account: 632578958264631296 ===
2026-10-04 02:32:40  INFO      Account name: K M Translogistics  Pvt Ltd ( KMT)
2026-10-04 02:32:40  INFO      [1/1] Fetching trip_agg for account: 632578958264631296
2026-10-04 02:32:40  INFO      Fetching vehicle page: 1
2026-10-04 02:32:40  INFO      Fetching vehicle page: 2
2026-10-04 02:32:41  INFO      Fetching vehicle page: 3
2026-10-04 02:32:41  INFO      Fetching vehicle page: 4
2026-10-04 02:32:42  INFO      Fetching vehicle page: 5
2026-10-04 02:32:42  INFO      Total vehicles collected for account 632578958264631296: 2015
2026-10-04 02:33:16  INFO      Total trips collected for account 632578958264631296: 6158
2026-10-04 02:41:35  INFO        account 632578958264631296: fetched 6277 records (63 pages)
2026-10-04 02:41:35  INFO      Total trip-agg records collected across 1 accounts: 6277
2026-10-04 02:41:48  INFO      Attempting second-pass fetch for 19 missing trips by trip_id
2026-10-04 02:41:50  WARNING   Second-pass fetch returned no records for 19 missing trips
2026-10-04 02:42:57  WARNING   Alert count fetch failed for 6158/6158 trips
2026-10-04 02:42:58  INFO      Summary written to: /root/code/algorithms/app/scripts/camera/trip_agg_analysis_script/output/2026-10-02/632578958264631296/summary.json
2026-10-04 02:42:58  INFO      ===== Trip Aggregation Analysis Summary =====
2026-10-04 02:42:58  INFO      Trips after merge/filters: 3301
2026-10-04 02:42:58  INFO      Completely processed trips: 3301
2026-10-04 02:42:58  INFO      Missing trips in trip_agg: 19
2026-10-04 02:42:58  INFO      Unbroken unmatched trips: 3
2026-10-04 02:42:58  INFO      Broken unmatched trips: 0
2026-10-04 02:42:58  INFO      ----- Step Timings -----
2026-10-04 02:42:58  INFO        fetch_accounts_with_access            0.02s
2026-10-04 02:42:58  INFO        fetch_trip_agg_data                 534.96s
2026-10-04 02:42:58  INFO        get_trips_for_account                35.57s
2026-10-04 02:42:58  INFO        prepare_dataframes                    0.70s
2026-10-04 02:42:58  INFO        analyze_trip_agg                     14.72s
2026-10-04 02:42:58  INFO        analyze_alerts                       66.88s
2026-10-04 02:42:58  INFO        total                               652.84s
2026-10-04 02:42:58  INFO      Reports written to: /root/code/algorithms/app/scripts/camera/trip_agg_analysis_script/output/2026-10-02/632578958264631296
