2026-05-18 08:01:02  INFO      === Starting analysis for account: 632578958264631296 ===
2026-05-18 08:01:02  INFO      Account name: K M Translogistics  Pvt Ltd ( KMT)
2026-05-18 08:01:02  INFO      Fetching trip_agg page: 1
2026-05-18 08:01:02  INFO      Fetching vehicle page: 1
2026-05-18 08:01:03  INFO      Fetching vehicle page: 2
2026-05-18 08:01:03  INFO      Fetching vehicle page: 3
2026-05-18 08:01:04  INFO      Fetching vehicle page: 4
2026-05-18 08:01:04  INFO      Total vehicles collected for account 632578958264631296: 1922
2026-05-18 08:01:32  INFO      Fetching trip_agg page: 2
2026-05-18 08:01:35  INFO      Fetching trip_agg page: 3
2026-05-18 08:01:35  INFO      Total trips collected for account 632578958264631296: 5490
2026-05-18 08:01:35  INFO      Fetching trip_agg page: 4
2026-05-18 08:02:05  INFO      Fetching trip_agg page: 5
2026-05-18 08:02:21  INFO      Total trip-agg records collected: 2140
2026-05-18 08:03:30  WARNING   Alert count fetch failed for 5490/5490 trips
2026-05-18 08:03:31  INFO      Summary written to: /root/code/algorithms/app/scripts/camera/trip_agg_analysis_script/output/2026-05-16/632578958264631296/summary.json
2026-05-18 08:03:31  INFO      ===== Trip Aggregation Analysis Summary =====
2026-05-18 08:03:31  INFO      Trips after merge/filters: 948
2026-05-18 08:03:31  INFO      Completely processed trips: 945
2026-05-18 08:03:31  INFO      Missing trips in trip_agg: 3350
2026-05-18 08:03:31  INFO      Unbroken unmatched trips: 0
2026-05-18 08:03:31  INFO      Broken unmatched trips: 0
2026-05-18 08:03:31  INFO      ----- Step Timings -----
2026-05-18 08:03:31  INFO        fetch_trip_agg_data                  78.96s
2026-05-18 08:03:31  INFO        get_trips_for_account                32.23s
2026-05-18 08:03:31  INFO        prepare_dataframes                    0.36s
2026-05-18 08:03:31  INFO        analyze_trip_agg                      2.15s
2026-05-18 08:03:31  INFO        analyze_alerts                       66.38s
2026-05-18 08:03:31  INFO        total                               180.08s
2026-05-18 08:03:31  INFO      Reports written to: /root/code/algorithms/app/scripts/camera/trip_agg_analysis_script/output/2026-05-16/632578958264631296
