2026-05-08 08:03:28  INFO      === Starting analysis for account: 632578958264631296 ===
2026-05-08 08:03:28  INFO      Account name: K M Translogistics  Pvt Ltd ( KMT)
2026-05-08 08:03:28  INFO      Fetching trip_agg page: 1
2026-05-08 08:03:28  INFO      Fetching vehicle page: 1
2026-05-08 08:03:29  INFO      Fetching vehicle page: 2
2026-05-08 08:03:29  INFO      Fetching vehicle page: 3
2026-05-08 08:03:29  INFO      Fetching vehicle page: 4
2026-05-08 08:03:30  INFO      Total vehicles collected for account 632578958264631296: 1916
2026-05-08 08:03:47  INFO      Total trips collected for account 632578958264631296: 4786
2026-05-08 08:03:54  INFO      Fetching trip_agg page: 2
2026-05-08 08:03:55  INFO      Fetching trip_agg page: 3
2026-05-08 08:03:56  INFO      Fetching trip_agg page: 4
2026-05-08 08:03:57  INFO      Fetching trip_agg page: 5
2026-05-08 08:03:58  INFO      Fetching trip_agg page: 6
2026-05-08 08:03:59  INFO      Fetching trip_agg page: 7
2026-05-08 08:04:01  INFO      Fetching trip_agg page: 8
2026-05-08 08:04:02  INFO      Fetching trip_agg page: 9
2026-05-08 08:04:03  INFO      Fetching trip_agg page: 10
2026-05-08 08:04:05  INFO      Total trip-agg records collected: 4814
2026-05-08 08:05:01  WARNING   Alert count fetch failed for 4786/4786 trips
2026-05-08 08:05:01  INFO      Summary written to: /root/code/algorithms/app/scripts/camera/trip_agg_analysis_script/output/2026-05-06/632578958264631296/summary.json
2026-05-08 08:05:01  INFO      ===== Trip Aggregation Analysis Summary =====
2026-05-08 08:05:01  INFO      Trips after merge/filters: 2443
2026-05-08 08:05:01  INFO      Completely processed trips: 2442
2026-05-08 08:05:01  INFO      Missing trips in trip_agg: 19
2026-05-08 08:05:01  INFO      Unbroken unmatched trips: 0
2026-05-08 08:05:01  INFO      Broken unmatched trips: 0
2026-05-08 08:05:01  INFO      ----- Step Timings -----
2026-05-08 08:05:01  INFO        fetch_trip_agg_data                  36.32s
2026-05-08 08:05:01  INFO        get_trips_for_account                18.27s
2026-05-08 08:05:01  INFO        prepare_dataframes                    0.25s
2026-05-08 08:05:01  INFO        analyze_trip_agg                     26.57s
2026-05-08 08:05:01  INFO        analyze_alerts                       29.20s
2026-05-08 08:05:01  INFO        total                               110.61s
2026-05-08 08:05:01  INFO      Reports written to: /root/code/algorithms/app/scripts/camera/trip_agg_analysis_script/output/2026-05-06/632578958264631296
