2026-10-02 02:46:19  INFO      === Starting analysis for account: 1205841794575630336 ===
2026-10-02 02:46:19  INFO      Account name: Chartered Speed-OSRTC
2026-10-02 02:46:19  INFO      [1/1] Fetching trip_agg for account: 1205841794575630336
2026-10-02 02:46:19  INFO      Fetching vehicle page: 1
2026-10-02 02:46:19  INFO      Fetching vehicle page: 2
2026-10-02 02:46:19  INFO      Fetching vehicle page: 3
2026-10-02 02:46:19  INFO      Total vehicles collected for account 1205841794575630336: 1184
2026-10-02 02:47:20  INFO      Total trips collected for account 1205841794575630336: 8297
2026-10-02 02:52:27  INFO        account 1205841794575630336: fetched 8421 records (85 pages)
2026-10-02 02:52:27  INFO      Total trip-agg records collected across 1 accounts: 8421
2026-10-02 02:52:39  INFO      Attempting second-pass fetch for 1 missing trips by trip_id
2026-10-02 02:52:49  INFO      Second-pass recovered 1 missing trips, 0 still missing
2026-10-02 02:53:11  WARNING   Alert count fetch failed for 8297/8297 trips
2026-10-02 02:53:11  INFO      Summary written to: /root/code/algorithms/app/scripts/camera/trip_agg_analysis_script/output/2026-09-30/1205841794575630336/summary.json
2026-10-02 02:53:11  INFO      ===== Trip Aggregation Analysis Summary =====
2026-10-02 02:53:11  INFO      Trips after merge/filters: 6933
2026-10-02 02:53:11  INFO      Completely processed trips: 6926
2026-10-02 02:53:11  INFO      Missing trips in trip_agg: 0
2026-10-02 02:53:11  INFO      Unbroken unmatched trips: 0
2026-10-02 02:53:11  INFO      Broken unmatched trips: 25
2026-10-02 02:53:11  INFO      ----- Step Timings -----
2026-10-02 02:53:11  INFO        fetch_accounts_with_access            0.01s
2026-10-02 02:53:11  INFO        fetch_trip_agg_data                 368.24s
2026-10-02 02:53:11  INFO        get_trips_for_account                61.59s
2026-10-02 02:53:11  INFO        prepare_dataframes                    0.21s
2026-10-02 02:53:11  INFO        analyze_trip_agg                     21.59s
2026-10-02 02:53:11  INFO        analyze_alerts                       22.00s
2026-10-02 02:53:11  INFO        total                               473.65s
2026-10-02 02:53:11  INFO      Reports written to: /root/code/algorithms/app/scripts/camera/trip_agg_analysis_script/output/2026-09-30/1205841794575630336
