2026-09-11 02:41:33  INFO      === Starting analysis for account: 1205841794575630336 ===
2026-09-11 02:41:33  INFO      Account name: Chartered Speed-OSRTC
2026-09-11 02:41:33  INFO      [1/1] Fetching trip_agg for account: 1205841794575630336
2026-09-11 02:41:33  INFO      Fetching vehicle page: 1
2026-09-11 02:41:34  INFO      Fetching vehicle page: 2
2026-09-11 02:41:34  INFO      Fetching vehicle page: 3
2026-09-11 02:42:34  INFO      Total vehicles collected for account 1205841794575630336: 1184
2026-09-11 02:42:51  INFO      Total trips collected for account 1205841794575630336: 8343
2026-09-11 02:47:03  INFO        account 1205841794575630336: fetched 8460 records (85 pages)
2026-09-11 02:47:03  INFO      Total trip-agg records collected across 1 accounts: 8460
2026-09-11 02:47:35  WARNING   Alert count fetch failed for 8343/8343 trips
2026-09-11 02:47:35  INFO      Summary written to: /root/code/algorithms/app/scripts/camera/trip_agg_analysis_script/output/2026-09-09/1205841794575630336/summary.json
2026-09-11 02:47:35  INFO      ===== Trip Aggregation Analysis Summary =====
2026-09-11 02:47:35  INFO      Trips after merge/filters: 6940
2026-09-11 02:47:35  INFO      Completely processed trips: 6936
2026-09-11 02:47:35  INFO      Missing trips in trip_agg: 0
2026-09-11 02:47:35  INFO      Unbroken unmatched trips: 0
2026-09-11 02:47:35  INFO      Broken unmatched trips: 24
2026-09-11 02:47:35  INFO      ----- Step Timings -----
2026-09-11 02:47:35  INFO        fetch_accounts_with_access            0.01s
2026-09-11 02:47:35  INFO        fetch_trip_agg_data                 329.49s
2026-09-11 02:47:35  INFO        get_trips_for_account                77.19s
2026-09-11 02:47:35  INFO        prepare_dataframes                    0.19s
2026-09-11 02:47:35  INFO        analyze_trip_agg                     10.09s
2026-09-11 02:47:35  INFO        analyze_alerts                       21.82s
2026-09-11 02:47:35  INFO        total                               438.78s
2026-09-11 02:47:35  INFO      Reports written to: /root/code/algorithms/app/scripts/camera/trip_agg_analysis_script/output/2026-09-09/1205841794575630336
