2026-08-19 02:34:50  INFO      === Starting analysis for account: 632578958264631296 ===
2026-08-19 02:34:50  INFO      Account name: K M Translogistics  Pvt Ltd ( KMT)
2026-08-19 02:34:50  INFO      [1/1] Fetching trip_agg for account: 632578958264631296
2026-08-19 02:34:50  INFO      Fetching vehicle page: 1
2026-08-19 02:34:51  INFO      Fetching vehicle page: 2
2026-08-19 02:34:51  INFO      Fetching vehicle page: 3
2026-08-19 02:34:51  INFO      Fetching vehicle page: 4
2026-08-19 02:34:52  INFO      Total vehicles collected for account 632578958264631296: 1983
2026-08-19 02:35:07  INFO      Total trips collected for account 632578958264631296: 6354
2026-08-19 02:38:54  INFO        account 632578958264631296: fetched 6435 records (65 pages)
2026-08-19 02:38:54  INFO      Total trip-agg records collected across 1 accounts: 6435
2026-08-19 02:39:04  INFO      Attempting second-pass fetch for 37 missing trips by trip_id
2026-08-19 02:39:04  INFO      Second-pass recovered 37 missing trips, 0 still missing
2026-08-19 02:39:37  WARNING   Alert count fetch failed for 6354/6354 trips
2026-08-19 02:39:38  INFO      Summary written to: /root/code/algorithms/app/scripts/camera/trip_agg_analysis_script/output/2026-08-17/632578958264631296/summary.json
2026-08-19 02:39:38  INFO      ===== Trip Aggregation Analysis Summary =====
2026-08-19 02:39:38  INFO      Trips after merge/filters: 3149
2026-08-19 02:39:38  INFO      Completely processed trips: 3149
2026-08-19 02:39:38  INFO      Missing trips in trip_agg: 0
2026-08-19 02:39:38  INFO      Unbroken unmatched trips: 7
2026-08-19 02:39:38  INFO      Broken unmatched trips: 0
2026-08-19 02:39:38  INFO      ----- Step Timings -----
2026-08-19 02:39:38  INFO        fetch_accounts_with_access            0.02s
2026-08-19 02:39:38  INFO        fetch_trip_agg_data                 243.69s
2026-08-19 02:39:38  INFO        get_trips_for_account                16.85s
2026-08-19 02:39:38  INFO        prepare_dataframes                    0.25s
2026-08-19 02:39:38  INFO        analyze_trip_agg                      9.99s
2026-08-19 02:39:38  INFO        analyze_alerts                       33.11s
2026-08-19 02:39:38  INFO        total                               303.91s
2026-08-19 02:39:38  INFO      Reports written to: /root/code/algorithms/app/scripts/camera/trip_agg_analysis_script/output/2026-08-17/632578958264631296
