2026-08-31 02:43:59  INFO      === Starting analysis for account: 642689989225816064 ===
2026-08-31 02:43:59  INFO      Account name: Indore Intercity
2026-08-31 02:43:59  INFO      [1/1] Fetching trip_agg for account: 642689989225816064
2026-08-31 02:43:59  INFO      Fetching vehicle page: 1
2026-08-31 02:43:59  INFO      Total vehicles collected for account 642689989225816064: 230
2026-08-31 02:44:04  INFO      Total trips collected for account 642689989225816064: 1001
2026-08-31 02:44:25  INFO        account 642689989225816064: fetched 1049 records (11 pages)
2026-08-31 02:44:25  INFO      Total trip-agg records collected across 1 accounts: 1049
2026-08-31 02:44:34  WARNING   Alert count fetch failed for 1001/1001 trips
2026-08-31 02:44:34  INFO      Summary written to: /root/code/algorithms/app/scripts/camera/trip_agg_analysis_script/output/2026-08-29/642689989225816064/summary.json
2026-08-31 02:44:34  INFO      ===== Trip Aggregation Analysis Summary =====
2026-08-31 02:44:34  INFO      Trips after merge/filters: 499
2026-08-31 02:44:34  INFO      Completely processed trips: 499
2026-08-31 02:44:34  INFO      Missing trips in trip_agg: 0
2026-08-31 02:44:34  INFO      Unbroken unmatched trips: 0
2026-08-31 02:44:34  INFO      Broken unmatched trips: 11
2026-08-31 02:44:34  INFO      ----- Step Timings -----
2026-08-31 02:44:34  INFO        fetch_accounts_with_access            0.01s
2026-08-31 02:44:34  INFO        fetch_trip_agg_data                  25.95s
2026-08-31 02:44:34  INFO        get_trips_for_account                 4.72s
2026-08-31 02:44:34  INFO        prepare_dataframes                    0.03s
2026-08-31 02:44:34  INFO        analyze_trip_agg                      1.20s
2026-08-31 02:44:34  INFO        analyze_alerts                        7.55s
2026-08-31 02:44:34  INFO        total                                39.46s
2026-08-31 02:44:34  INFO      Reports written to: /root/code/algorithms/app/scripts/camera/trip_agg_analysis_script/output/2026-08-29/642689989225816064
