2026-09-10 02:58:38  INFO      === Starting analysis for account: 1205841794575630336 ===
2026-09-10 02:58:38  INFO      Account name: Chartered Speed-OSRTC
2026-09-10 02:58:38  INFO      [1/1] Fetching trip_agg for account: 1205841794575630336
2026-09-10 02:58:38  INFO      Fetching vehicle page: 1
2026-09-10 02:58:39  INFO      Fetching vehicle page: 2
2026-09-10 02:58:39  INFO      Fetching vehicle page: 3
2026-09-10 02:58:39  INFO      Total vehicles collected for account 1205841794575630336: 1184
2026-09-10 02:59:13  INFO      Total trips collected for account 1205841794575630336: 8512
2026-09-10 03:04:04  INFO        account 1205841794575630336: fetched 8646 records (87 pages)
2026-09-10 03:04:04  INFO      Total trip-agg records collected across 1 accounts: 8646
2026-09-10 03:04:36  WARNING   Alert count fetch failed for 8512/8512 trips
2026-09-10 03:04:36  INFO      Summary written to: /root/code/algorithms/app/scripts/camera/trip_agg_analysis_script/output/2026-09-08/1205841794575630336/summary.json
2026-09-10 03:04:36  INFO      ===== Trip Aggregation Analysis Summary =====
2026-09-10 03:04:36  INFO      Trips after merge/filters: 7091
2026-09-10 03:04:36  INFO      Completely processed trips: 7080
2026-09-10 03:04:36  INFO      Missing trips in trip_agg: 0
2026-09-10 03:04:36  INFO      Unbroken unmatched trips: 0
2026-09-10 03:04:36  INFO      Broken unmatched trips: 25
2026-09-10 03:04:36  INFO      ----- Step Timings -----
2026-09-10 03:04:36  INFO        fetch_accounts_with_access            0.03s
2026-09-10 03:04:36  INFO        fetch_trip_agg_data                 325.67s
2026-09-10 03:04:36  INFO        get_trips_for_account                34.70s
2026-09-10 03:04:36  INFO        prepare_dataframes                    0.20s
2026-09-10 03:04:36  INFO        analyze_trip_agg                     11.13s
2026-09-10 03:04:36  INFO        analyze_alerts                       20.62s
2026-09-10 03:04:36  INFO        total                               392.35s
2026-09-10 03:04:36  INFO      Reports written to: /root/code/algorithms/app/scripts/camera/trip_agg_analysis_script/output/2026-09-08/1205841794575630336
