2026-05-02 08:06:13  INFO      === Starting analysis for account: 632578958264631296 ===
2026-05-02 08:06:13  INFO      Account name: K M Translogistics  Pvt Ltd ( KMT)
2026-05-02 08:06:13  INFO      Fetching trip_agg page: 1
2026-05-02 08:06:13  INFO      Fetching vehicle page: 1
2026-05-02 08:06:14  INFO      Fetching vehicle page: 2
2026-05-02 08:06:14  INFO      Fetching vehicle page: 3
2026-05-02 08:06:14  INFO      Fetching vehicle page: 4
2026-05-02 08:06:15  INFO      Total vehicles collected for account 632578958264631296: 1918
2026-05-02 08:06:25  INFO      Total trips collected for account 632578958264631296: 4789
2026-05-02 08:06:37  INFO      Fetching trip_agg page: 2
2026-05-02 08:06:38  INFO      Fetching trip_agg page: 3
2026-05-02 08:06:39  INFO      Fetching trip_agg page: 4
2026-05-02 08:07:03  INFO      Fetching trip_agg page: 5
2026-05-02 08:07:05  INFO      Fetching trip_agg page: 6
2026-05-02 08:07:06  INFO      Fetching trip_agg page: 7
2026-05-02 08:07:07  INFO      Fetching trip_agg page: 8
2026-05-02 08:07:08  INFO      Fetching trip_agg page: 9
2026-05-02 08:07:09  INFO      Fetching trip_agg page: 10
2026-05-02 08:07:10  INFO      Total trip-agg records collected: 4721
2026-05-02 08:07:34  INFO      Summary written to: /root/code/algorithms/app/scripts/camera/trip_agg_analysis_script/output/2026-04-30/632578958264631296/summary.json
2026-05-02 08:07:34  INFO      ===== Trip Aggregation Analysis Summary =====
2026-05-02 08:07:34  INFO      Trips after merge/filters: 2331
2026-05-02 08:07:34  INFO      Completely processed trips: 2331
2026-05-02 08:07:34  INFO      Missing trips in trip_agg: 86
2026-05-02 08:07:34  INFO      Unbroken unmatched trips: 0
2026-05-02 08:07:34  INFO      Broken unmatched trips: 0
2026-05-02 08:07:34  INFO      Top alert mismatches:
         alert_name  mismatch_count  total_joined_trips  mismatch_pct
unscheduled_driving               8                4703          0.17
         over_speed               1                4703          0.02
         fuel_chori               1                4703          0.02
             idling               0                4703          0.00
            freerun               0                4703          0.00
2026-05-02 08:07:34  INFO      ----- Step Timings -----
2026-05-02 08:07:34  INFO        fetch_trip_agg_data                  56.80s
2026-05-02 08:07:34  INFO        get_trips_for_account                11.49s
2026-05-02 08:07:34  INFO        prepare_dataframes                    0.27s
2026-05-02 08:07:34  INFO        analyze_trip_agg                      0.15s
2026-05-02 08:07:34  INFO        analyze_alerts                       23.14s
2026-05-02 08:07:34  INFO        total                                91.84s
2026-05-02 08:07:34  INFO      Reports written to: /root/code/algorithms/app/scripts/camera/trip_agg_analysis_script/output/2026-04-30/632578958264631296
