2026-09-13 02:30:11  INFO      === Starting analysis for account: 649034868264558592 ===
2026-09-13 02:30:11  INFO      Account name: RajRatan Travels
2026-09-13 02:30:11  INFO      [1/1] Fetching trip_agg for account: 649034868264558592
2026-09-13 02:30:11  INFO      Fetching vehicle page: 1
2026-09-13 02:30:11  INFO      Total vehicles collected for account 649034868264558592: 128
2026-09-13 02:30:14  INFO      Total trips collected for account 649034868264558592: 638
2026-09-13 02:34:52  ERROR     Request failed after 3 attempts: http://internal-apis.intangles.com/trip/aggregated?account_id=649034868264558592&pnum=8&psize=100&start_time=1789084800000&end_time=1789171199000 | error: 504 Server Error: Gateway Time-out for url: http://internal-apis.intangles.com/trip/aggregated?account_id=649034868264558592&pnum=8&psize=100&start_time=1789084800000&end_time=1789171199000
2026-09-13 02:34:52  WARNING     page 8 failed (1/3 consecutive)
2026-09-13 02:37:23  INFO        account 649034868264558592: fetched 700 records (9 pages)
2026-09-13 02:37:23  INFO      Total trip-agg records collected across 1 accounts: 700
2026-09-13 02:37:24  INFO      Attempting second-pass fetch for 11 missing trips by trip_id
2026-09-13 02:37:25  INFO      Second-pass recovered 11 missing trips, 0 still missing
2026-09-13 02:37:28  WARNING   Alert count fetch failed for 638/638 trips
2026-09-13 02:37:28  INFO      Summary written to: /root/code/algorithms/app/scripts/camera/trip_agg_analysis_script/output/2026-09-11/649034868264558592/summary.json
2026-09-13 02:37:28  INFO      ===== Trip Aggregation Analysis Summary =====
2026-09-13 02:37:28  INFO      Trips after merge/filters: 318
2026-09-13 02:37:28  INFO      Completely processed trips: 317
2026-09-13 02:37:28  INFO      Missing trips in trip_agg: 0
2026-09-13 02:37:28  INFO      Unbroken unmatched trips: 0
2026-09-13 02:37:28  INFO      Broken unmatched trips: 15
2026-09-13 02:37:28  INFO      ----- Step Timings -----
2026-09-13 02:37:28  INFO        fetch_accounts_with_access            0.02s
2026-09-13 02:37:28  INFO        fetch_trip_agg_data                 431.64s
2026-09-13 02:37:28  INFO        get_trips_for_account                 2.67s
2026-09-13 02:37:28  INFO        prepare_dataframes                    0.03s
2026-09-13 02:37:28  INFO        analyze_trip_agg                      2.41s
2026-09-13 02:37:28  INFO        analyze_alerts                        2.34s
2026-09-13 02:37:28  INFO        total                               439.10s
2026-09-13 02:37:28  INFO      Reports written to: /root/code/algorithms/app/scripts/camera/trip_agg_analysis_script/output/2026-09-11/649034868264558592
