2026-07-01 08:07:29  INFO      === Starting analysis for account: 649034868264558592 ===
2026-07-01 08:07:29  INFO      Account name: RajRatan Travels
2026-07-01 08:07:29  INFO      Fetching trip_agg page: 1
2026-07-01 08:07:29  INFO      Fetching vehicle page: 1
2026-07-01 08:07:31  INFO      Total vehicles collected for account 649034868264558592: 128
2026-07-01 08:07:34  INFO      Total trips collected for account 649034868264558592: 283
2026-07-01 08:10:29  ERROR     Request failed after 3 attempts: http://internal-apis.intangles.com/trip/aggregated?account_id=649034868264558592&pnum=1&psize=500&start_time=1782671400000&end_time=1782757799000 | error: HTTPConnectionPool(host='internal-apis.intangles.com', port=80): Read timed out. (read timeout=60)
2026-07-01 08:10:29  WARNING   Skipping failed trip_agg page 1 (1/3)
2026-07-01 08:10:29  INFO      Fetching trip_agg page: 2
2026-07-01 08:10:36  INFO      Total trip-agg records collected: 0
2026-07-01 08:10:36  INFO      Summary written to: /root/code/algorithms/app/scripts/camera/trip_agg_analysis_script/output/2026-06-29/649034868264558592/summary.json
2026-07-01 08:10:36  INFO      ===== Trip Aggregation Analysis Summary =====
2026-07-01 08:10:36  INFO      Trips after merge/filters: 0
2026-07-01 08:10:36  INFO      Completely processed trips: 0
2026-07-01 08:10:36  INFO      Missing trips in trip_agg: 0
2026-07-01 08:10:36  INFO      Unbroken unmatched trips: 0
2026-07-01 08:10:36  INFO      Broken unmatched trips: 0
2026-07-01 08:10:36  INFO      ----- Step Timings -----
2026-07-01 08:10:36  INFO        fetch_trip_agg_data                 186.76s
2026-07-01 08:10:36  INFO        get_trips_for_account                 4.73s
2026-07-01 08:10:36  INFO        prepare_dataframes                    0.09s
2026-07-01 08:10:36  INFO        analyze_trip_agg                      0.00s
2026-07-01 08:10:36  INFO        analyze_alerts                        0.00s
2026-07-01 08:10:36  INFO        total                               191.58s
2026-07-01 08:10:36  INFO      Reports written to: /root/code/algorithms/app/scripts/camera/trip_agg_analysis_script/output/2026-06-29/649034868264558592
