2026-09-28 02:37:05  INFO      === Starting analysis for account: 632578958264631296 ===
2026-09-28 02:37:05  INFO      Account name: K M Translogistics  Pvt Ltd ( KMT)
2026-09-28 02:37:05  INFO      [1/1] Fetching trip_agg for account: 632578958264631296
2026-09-28 02:37:05  INFO      Fetching vehicle page: 1
2026-09-28 02:37:05  INFO      Fetching vehicle page: 2
2026-09-28 02:37:05  INFO      Fetching vehicle page: 3
2026-09-28 02:37:06  INFO      Fetching vehicle page: 4
2026-09-28 02:37:06  INFO      Fetching vehicle page: 5
2026-09-28 02:37:06  INFO      Total vehicles collected for account 632578958264631296: 2010
2026-09-28 02:40:27  INFO      Total trips collected for account 632578958264631296: 6892
2026-09-28 02:43:22  INFO        account 632578958264631296: fetched 6975 records (70 pages)
2026-09-28 02:43:22  INFO      Total trip-agg records collected across 1 accounts: 6975
2026-09-28 02:43:37  INFO      Attempting second-pass fetch for 26 missing trips by trip_id
2026-09-28 02:43:40  WARNING   Second-pass fetch returned no records for 26 missing trips
2026-09-28 02:44:05  WARNING   Alert count fetch failed for 6892/6892 trips
2026-09-28 02:44:06  INFO      Summary written to: /root/code/algorithms/app/scripts/camera/trip_agg_analysis_script/output/2026-09-26/632578958264631296/summary.json
2026-09-28 02:44:06  INFO      ===== Trip Aggregation Analysis Summary =====
2026-09-28 02:44:06  INFO      Trips after merge/filters: 3273
2026-09-28 02:44:06  INFO      Completely processed trips: 3272
2026-09-28 02:44:06  INFO      Missing trips in trip_agg: 26
2026-09-28 02:44:06  INFO      Unbroken unmatched trips: 2
2026-09-28 02:44:06  INFO      Broken unmatched trips: 0
2026-09-28 02:44:06  INFO      ----- Step Timings -----
2026-09-28 02:44:06  INFO        fetch_accounts_with_access            0.02s
2026-09-28 02:44:06  INFO        fetch_trip_agg_data                 377.39s
2026-09-28 02:44:06  INFO        get_trips_for_account               201.86s
2026-09-28 02:44:06  INFO        prepare_dataframes                    0.22s
2026-09-28 02:44:06  INFO        analyze_trip_agg                     17.93s
2026-09-28 02:44:06  INFO        analyze_alerts                       24.85s
2026-09-28 02:44:06  INFO        total                               622.27s
2026-09-28 02:44:06  INFO      Reports written to: /root/code/algorithms/app/scripts/camera/trip_agg_analysis_script/output/2026-09-26/632578958264631296
