2026-08-19 02:39:45  INFO      === Starting analysis for account: 642689989225816064 ===
2026-08-19 02:39:45  INFO      Account name: Indore Intercity
2026-08-19 02:39:45  INFO      [1/1] Fetching trip_agg for account: 642689989225816064
2026-08-19 02:39:45  INFO      Fetching vehicle page: 1
2026-08-19 02:39:45  INFO      Total vehicles collected for account 642689989225816064: 228
2026-08-19 02:39:49  INFO      Total trips collected for account 642689989225816064: 1334
2026-08-19 02:40:08  INFO        account 642689989225816064: fetched 1388 records (14 pages)
2026-08-19 02:40:08  INFO      Total trip-agg records collected across 1 accounts: 1388
2026-08-19 02:40:17  WARNING   Alert count fetch failed for 1334/1334 trips
2026-08-19 02:40:17  INFO      Summary written to: /root/code/algorithms/app/scripts/camera/trip_agg_analysis_script/output/2026-08-17/642689989225816064/summary.json
2026-08-19 02:40:17  INFO      ===== Trip Aggregation Analysis Summary =====
2026-08-19 02:40:17  INFO      Trips after merge/filters: 705
2026-08-19 02:40:17  INFO      Completely processed trips: 705
2026-08-19 02:40:17  INFO      Missing trips in trip_agg: 0
2026-08-19 02:40:17  INFO      Unbroken unmatched trips: 0
2026-08-19 02:40:17  INFO      Broken unmatched trips: 16
2026-08-19 02:40:17  INFO      ----- Step Timings -----
2026-08-19 02:40:17  INFO        fetch_accounts_with_access            0.01s
2026-08-19 02:40:17  INFO        fetch_trip_agg_data                  23.82s
2026-08-19 02:40:17  INFO        get_trips_for_account                 4.39s
2026-08-19 02:40:17  INFO        prepare_dataframes                    0.07s
2026-08-19 02:40:17  INFO        analyze_trip_agg                      1.22s
2026-08-19 02:40:17  INFO        analyze_alerts                        7.59s
2026-08-19 02:40:17  INFO        total                                37.10s
2026-08-19 02:40:17  INFO      Reports written to: /root/code/algorithms/app/scripts/camera/trip_agg_analysis_script/output/2026-08-17/642689989225816064
