2026-09-07 02:37:56  INFO      === Starting analysis for account: 632578958264631296 ===
2026-09-07 02:37:56  INFO      Account name: K M Translogistics  Pvt Ltd ( KMT)
2026-09-07 02:37:56  INFO      [1/1] Fetching trip_agg for account: 632578958264631296
2026-09-07 02:37:56  INFO      Fetching vehicle page: 1
2026-09-07 02:37:56  INFO      Fetching vehicle page: 2
2026-09-07 02:37:58  INFO      Fetching vehicle page: 3
2026-09-07 02:37:59  INFO      Fetching vehicle page: 4
2026-09-07 02:37:59  INFO      Total vehicles collected for account 632578958264631296: 1995
2026-09-07 02:38:16  INFO      Total trips collected for account 632578958264631296: 6212
2026-09-07 02:42:08  INFO        account 632578958264631296: fetched 6292 records (63 pages)
2026-09-07 02:42:08  INFO      Total trip-agg records collected across 1 accounts: 6292
2026-09-07 02:42:19  INFO      Attempting second-pass fetch for 27 missing trips by trip_id
2026-09-07 02:42:20  INFO      Second-pass recovered 27 missing trips, 0 still missing
2026-09-07 02:42:38  WARNING   Alert count fetch failed for 6212/6212 trips
2026-09-07 02:42:39  INFO      Summary written to: /root/code/algorithms/app/scripts/camera/trip_agg_analysis_script/output/2026-09-05/632578958264631296/summary.json
2026-09-07 02:42:39  INFO      ===== Trip Aggregation Analysis Summary =====
2026-09-07 02:42:39  INFO      Trips after merge/filters: 3338
2026-09-07 02:42:39  INFO      Completely processed trips: 3337
2026-09-07 02:42:39  INFO      Missing trips in trip_agg: 0
2026-09-07 02:42:39  INFO      Unbroken unmatched trips: 12
2026-09-07 02:42:39  INFO      Broken unmatched trips: 0
2026-09-07 02:42:39  INFO      ----- Step Timings -----
2026-09-07 02:42:39  INFO        fetch_accounts_with_access            0.02s
2026-09-07 02:42:39  INFO        fetch_trip_agg_data                 251.87s
2026-09-07 02:42:39  INFO        get_trips_for_account                19.72s
2026-09-07 02:42:39  INFO        prepare_dataframes                    0.19s
2026-09-07 02:42:39  INFO        analyze_trip_agg                     11.54s
2026-09-07 02:42:39  INFO        analyze_alerts                       18.63s
2026-09-07 02:42:39  INFO        total                               301.97s
2026-09-07 02:42:39  INFO      Reports written to: /root/code/algorithms/app/scripts/camera/trip_agg_analysis_script/output/2026-09-05/632578958264631296
