2026-07-09 11:20:11  INFO      === Starting analysis for account: 1205841794575630336 ===
2026-07-09 11:20:11  INFO      Account name: Chartered Speed-OSRTC
2026-07-09 11:20:11  INFO      Fetching trip_agg page: 1
2026-07-09 11:20:11  INFO      Fetching vehicle page: 1
2026-07-09 11:20:11  INFO      Fetching vehicle page: 2
2026-07-09 11:20:12  INFO      Fetching vehicle page: 3
2026-07-09 11:20:13  INFO      Fetching trip_agg page: 2
2026-07-09 11:20:13  INFO      Total vehicles collected for account 1205841794575630336: 1184
2026-07-09 11:20:16  INFO      Fetching trip_agg page: 3
2026-07-09 11:20:19  INFO      Fetching trip_agg page: 4
2026-07-09 11:20:21  INFO      Fetching trip_agg page: 5
2026-07-09 11:20:23  INFO      Fetching trip_agg page: 6
2026-07-09 11:20:26  INFO      Fetching trip_agg page: 7
2026-07-09 11:20:29  INFO      Fetching trip_agg page: 8
2026-07-09 11:20:31  INFO      Fetching trip_agg page: 9
2026-07-09 11:20:33  INFO      Fetching trip_agg page: 10
2026-07-09 11:20:35  INFO      Fetching trip_agg page: 11
2026-07-09 11:20:37  INFO      Fetching trip_agg page: 12
2026-07-09 11:20:40  INFO      Fetching trip_agg page: 13
2026-07-09 11:20:42  INFO      Fetching trip_agg page: 14
2026-07-09 11:20:44  INFO      Fetching trip_agg page: 15
2026-07-09 11:20:44  INFO      Total trips collected for account 1205841794575630336: 8353
2026-07-09 11:20:45  INFO      Fetching trip_agg page: 16
2026-07-09 11:20:46  INFO      Fetching trip_agg page: 17
2026-07-09 11:20:50  INFO      Total trip-agg records collected: 8488
2026-07-09 11:22:23  INFO      Summary written to: /root/code/algorithms/app/scripts/camera/trip_agg_analysis_script/output/2026-07-07/1205841794575630336/summary.json
2026-07-09 11:22:23  INFO      ===== Trip Aggregation Analysis Summary =====
2026-07-09 11:22:23  INFO      Trips after merge/filters: 6995
2026-07-09 11:22:23  INFO      Completely processed trips: 6987
2026-07-09 11:22:23  INFO      Missing trips in trip_agg: 0
2026-07-09 11:22:23  INFO      Unbroken unmatched trips: 0
2026-07-09 11:22:23  INFO      Broken unmatched trips: 9
2026-07-09 11:22:23  INFO      Top alert mismatches:
         alert_name  mismatch_count  total_joined_trips  mismatch_pct
 seatbelt_violation               9                8353          0.11
emergency_recording               6                8353          0.07
        eyes_closed               3                8353          0.04
 distracted_driving               2                8353          0.02
       mobile_phone               2                8353          0.02
2026-07-09 11:22:23  INFO      ----- Step Timings -----
2026-07-09 11:22:23  INFO        fetch_trip_agg_data                  39.49s
2026-07-09 11:22:23  INFO        get_trips_for_account                32.66s
2026-07-09 11:22:23  INFO        prepare_dataframes                    0.77s
2026-07-09 11:22:23  INFO        analyze_trip_agg                      2.01s
2026-07-09 11:22:23  INFO        analyze_alerts                       88.41s
2026-07-09 11:22:23  INFO        total                               163.34s
2026-07-09 11:22:23  INFO      Reports written to: /root/code/algorithms/app/scripts/camera/trip_agg_analysis_script/output/2026-07-07/1205841794575630336
