2026-07-15 02:30:18  INFO      === Starting analysis for account: 649034868264558592 ===
2026-07-15 02:30:18  INFO      Account name: RajRatan Travels
2026-07-15 02:30:18  INFO      Fetching trip_agg page: 1
2026-07-15 02:30:18  INFO      Fetching vehicle page: 1
2026-07-15 02:30:19  INFO      Total vehicles collected for account 649034868264558592: 128
2026-07-15 02:30:22  INFO      Total trips collected for account 649034868264558592: 300
2026-07-15 02:33:18  ERROR     Request failed after 3 attempts: http://internal-apis.intangles.com/trip/aggregated?account_id=649034868264558592&pnum=1&psize=500&start_time=1783900800000&end_time=1783987199000 | error: HTTPConnectionPool(host='internal-apis.intangles.com', port=80): Read timed out. (read timeout=60)
2026-07-15 02:33:18  WARNING   Skipping failed trip_agg page 1 (1/3)
2026-07-15 02:33:18  INFO      Fetching trip_agg page: 2
2026-07-15 02:33:25  INFO      Total trip-agg records collected: 0
2026-07-15 02:33:25  INFO      Summary written to: /root/code/algorithms/app/scripts/camera/trip_agg_analysis_script/output/2026-07-13/649034868264558592/summary.json
2026-07-15 02:33:25  INFO      ===== Trip Aggregation Analysis Summary =====
2026-07-15 02:33:25  INFO      Trips after merge/filters: 0
2026-07-15 02:33:25  INFO      Completely processed trips: 0
2026-07-15 02:33:25  INFO      Missing trips in trip_agg: 0
2026-07-15 02:33:25  INFO      Unbroken unmatched trips: 0
2026-07-15 02:33:25  INFO      Broken unmatched trips: 0
2026-07-15 02:33:25  INFO      ----- Step Timings -----
2026-07-15 02:33:25  INFO        fetch_trip_agg_data                 187.18s
2026-07-15 02:33:25  INFO        get_trips_for_account                 4.78s
2026-07-15 02:33:25  INFO        prepare_dataframes                    0.02s
2026-07-15 02:33:25  INFO        analyze_trip_agg                      0.00s
2026-07-15 02:33:25  INFO        analyze_alerts                        0.00s
2026-07-15 02:33:25  INFO        total                               191.98s
2026-07-15 02:33:25  INFO      Reports written to: /root/code/algorithms/app/scripts/camera/trip_agg_analysis_script/output/2026-07-13/649034868264558592
