2026-05-15 08:00:03  INFO      === Starting analysis for account: 649034868264558592 ===
2026-05-15 08:00:03  INFO      Account name: RajRatan Travels
2026-05-15 08:00:03  INFO      Fetching trip_agg page: 1
2026-05-15 08:00:03  INFO      Fetching vehicle page: 1
2026-05-15 08:00:03  INFO      Total vehicles collected for account 649034868264558592: 126
2026-05-15 08:00:04  INFO      Total trips collected for account 649034868264558592: 317
2026-05-15 08:00:24  INFO      Total trip-agg records collected: 434
2026-05-15 08:00:46  WARNING   Alert count fetch failed for 317/317 trips
2026-05-15 08:00:46  INFO      Summary written to: /root/code/algorithms/app/scripts/camera/trip_agg_analysis_script/output/2026-05-13/649034868264558592/summary.json
2026-05-15 08:00:46  INFO      ===== Trip Aggregation Analysis Summary =====
2026-05-15 08:00:46  INFO      Trips after merge/filters: 166
2026-05-15 08:00:46  INFO      Completely processed trips: 166
2026-05-15 08:00:46  INFO      Missing trips in trip_agg: 0
2026-05-15 08:00:46  INFO      Unbroken unmatched trips: 0
2026-05-15 08:00:46  INFO      Broken unmatched trips: 3
2026-05-15 08:00:46  INFO      ----- Step Timings -----
2026-05-15 08:00:46  INFO        fetch_trip_agg_data                  21.02s
2026-05-15 08:00:46  INFO        get_trips_for_account                 1.43s
2026-05-15 08:00:46  INFO        prepare_dataframes                    0.02s
2026-05-15 08:00:46  INFO        analyze_trip_agg                     20.77s
2026-05-15 08:00:46  INFO        analyze_alerts                        1.14s
2026-05-15 08:00:46  INFO        total                                44.37s
2026-05-15 08:00:46  INFO      Reports written to: /root/code/algorithms/app/scripts/camera/trip_agg_analysis_script/output/2026-05-13/649034868264558592
