2026-09-06 02:41:01  INFO      === Starting analysis for account: 1205841794575630336 ===
2026-09-06 02:41:01  INFO      Account name: Chartered Speed-OSRTC
2026-09-06 02:41:01  INFO      [1/1] Fetching trip_agg for account: 1205841794575630336
2026-09-06 02:41:01  INFO      Fetching vehicle page: 1
2026-09-06 02:41:01  INFO      Fetching vehicle page: 2
2026-09-06 02:41:02  INFO      Fetching vehicle page: 3
2026-09-06 02:41:02  INFO      Total vehicles collected for account 1205841794575630336: 1184
2026-09-06 02:41:21  INFO      Total trips collected for account 1205841794575630336: 8801
2026-09-06 02:46:56  INFO        account 1205841794575630336: fetched 8890 records (89 pages)
2026-09-06 02:46:56  INFO      Total trip-agg records collected across 1 accounts: 8890
2026-09-06 02:47:37  WARNING   Alert count fetch failed for 8801/8801 trips
2026-09-06 02:47:37  INFO      Summary written to: /root/code/algorithms/app/scripts/camera/trip_agg_analysis_script/output/2026-09-04/1205841794575630336/summary.json
2026-09-06 02:47:37  INFO      ===== Trip Aggregation Analysis Summary =====
2026-09-06 02:47:37  INFO      Trips after merge/filters: 7322
2026-09-06 02:47:37  INFO      Completely processed trips: 7315
2026-09-06 02:47:37  INFO      Missing trips in trip_agg: 0
2026-09-06 02:47:37  INFO      Unbroken unmatched trips: 0
2026-09-06 02:47:37  INFO      Broken unmatched trips: 15
2026-09-06 02:47:37  INFO      ----- Step Timings -----
2026-09-06 02:47:37  INFO        fetch_accounts_with_access            0.02s
2026-09-06 02:47:37  INFO        fetch_trip_agg_data                 354.48s
2026-09-06 02:47:37  INFO        get_trips_for_account                20.22s
2026-09-06 02:47:37  INFO        prepare_dataframes                    0.27s
2026-09-06 02:47:37  INFO        analyze_trip_agg                     11.73s
2026-09-06 02:47:37  INFO        analyze_alerts                       29.36s
2026-09-06 02:47:37  INFO        total                               416.08s
2026-09-06 02:47:37  INFO      Reports written to: /root/code/algorithms/app/scripts/camera/trip_agg_analysis_script/output/2026-09-04/1205841794575630336
