2026-09-28 02:44:10  INFO      === Starting analysis for account: 642689989225816064 ===
2026-09-28 02:44:10  INFO      Account name: Indore Intercity
2026-09-28 02:44:10  INFO      [1/1] Fetching trip_agg for account: 642689989225816064
2026-09-28 02:44:10  INFO      Fetching vehicle page: 1
2026-09-28 02:44:12  INFO      Total vehicles collected for account 642689989225816064: 230
2026-09-28 02:44:26  INFO      Total trips collected for account 642689989225816064: 462
2026-09-28 02:44:45  INFO        account 642689989225816064: fetched 526 records (6 pages)
2026-09-28 02:44:45  INFO      Total trip-agg records collected across 1 accounts: 526
2026-09-28 02:44:49  WARNING   Alert count fetch failed for 462/462 trips
2026-09-28 02:44:49  INFO      Summary written to: /root/code/algorithms/app/scripts/camera/trip_agg_analysis_script/output/2026-09-26/642689989225816064/summary.json
2026-09-28 02:44:49  INFO      ===== Trip Aggregation Analysis Summary =====
2026-09-28 02:44:49  INFO      Trips after merge/filters: 250
2026-09-28 02:44:49  INFO      Completely processed trips: 248
2026-09-28 02:44:49  INFO      Missing trips in trip_agg: 0
2026-09-28 02:44:49  INFO      Unbroken unmatched trips: 0
2026-09-28 02:44:49  INFO      Broken unmatched trips: 15
2026-09-28 02:44:49  INFO      ----- Step Timings -----
2026-09-28 02:44:49  INFO        fetch_accounts_with_access            0.02s
2026-09-28 02:44:49  INFO        fetch_trip_agg_data                  34.62s
2026-09-28 02:44:49  INFO        get_trips_for_account                15.29s
2026-09-28 02:44:49  INFO        prepare_dataframes                    0.02s
2026-09-28 02:44:49  INFO        analyze_trip_agg                      2.00s
2026-09-28 02:44:49  INFO        analyze_alerts                        2.39s
2026-09-28 02:44:49  INFO        total                                54.34s
2026-09-28 02:44:49  INFO      Reports written to: /root/code/algorithms/app/scripts/camera/trip_agg_analysis_script/output/2026-09-26/642689989225816064
