2026-08-23 02:43:40  INFO      === Starting analysis for account: 642689989225816064 ===
2026-08-23 02:43:40  INFO      Account name: Indore Intercity
2026-08-23 02:43:40  INFO      [1/1] Fetching trip_agg for account: 642689989225816064
2026-08-23 02:43:40  INFO      Fetching vehicle page: 1
2026-08-23 02:43:40  INFO      Total vehicles collected for account 642689989225816064: 228
2026-08-23 02:43:44  INFO      Total trips collected for account 642689989225816064: 1039
2026-08-23 02:44:02  INFO        account 642689989225816064: fetched 1090 records (11 pages)
2026-08-23 02:44:02  INFO      Total trip-agg records collected across 1 accounts: 1090
2026-08-23 02:44:07  WARNING   Alert count fetch failed for 1039/1039 trips
2026-08-23 02:44:07  INFO      Summary written to: /root/code/algorithms/app/scripts/camera/trip_agg_analysis_script/output/2026-08-21/642689989225816064/summary.json
2026-08-23 02:44:07  INFO      ===== Trip Aggregation Analysis Summary =====
2026-08-23 02:44:07  INFO      Trips after merge/filters: 557
2026-08-23 02:44:07  INFO      Completely processed trips: 557
2026-08-23 02:44:07  INFO      Missing trips in trip_agg: 0
2026-08-23 02:44:07  INFO      Unbroken unmatched trips: 0
2026-08-23 02:44:07  INFO      Broken unmatched trips: 20
2026-08-23 02:44:07  INFO      ----- Step Timings -----
2026-08-23 02:44:07  INFO        fetch_accounts_with_access            0.01s
2026-08-23 02:44:07  INFO        fetch_trip_agg_data                  22.02s
2026-08-23 02:44:07  INFO        get_trips_for_account                 3.79s
2026-08-23 02:44:07  INFO        prepare_dataframes                    0.04s
2026-08-23 02:44:07  INFO        analyze_trip_agg                      1.71s
2026-08-23 02:44:07  INFO        analyze_alerts                        2.91s
2026-08-23 02:44:07  INFO        total                                30.49s
2026-08-23 02:44:07  INFO      Reports written to: /root/code/algorithms/app/scripts/camera/trip_agg_analysis_script/output/2026-08-21/642689989225816064
