2026-05-17 08:00:08  INFO      === Starting analysis for account: 649034868264558592 ===
2026-05-17 08:00:08  INFO      Account name: RajRatan Travels
2026-05-17 08:00:08  INFO      Fetching trip_agg page: 1
2026-05-17 08:00:08  INFO      Fetching vehicle page: 1
2026-05-17 08:00:08  INFO      Total vehicles collected for account 649034868264558592: 126
2026-05-17 08:00:14  INFO      Total trips collected for account 649034868264558592: 291
2026-05-17 08:00:29  INFO      Total trip-agg records collected: 283
2026-05-17 08:00:32  WARNING   Alert count fetch failed for 291/291 trips
2026-05-17 08:00:32  INFO      Summary written to: /root/code/algorithms/app/scripts/camera/trip_agg_analysis_script/output/2026-05-15/649034868264558592/summary.json
2026-05-17 08:00:32  INFO      ===== Trip Aggregation Analysis Summary =====
2026-05-17 08:00:32  INFO      Trips after merge/filters: 58
2026-05-17 08:00:32  INFO      Completely processed trips: 58
2026-05-17 08:00:32  INFO      Missing trips in trip_agg: 121
2026-05-17 08:00:32  INFO      Unbroken unmatched trips: 2
2026-05-17 08:00:32  INFO      Broken unmatched trips: 2
2026-05-17 08:00:32  INFO      ----- Step Timings -----
2026-05-17 08:00:32  INFO        fetch_trip_agg_data                  21.00s
2026-05-17 08:00:32  INFO        get_trips_for_account                 6.87s
2026-05-17 08:00:32  INFO        prepare_dataframes                    0.07s
2026-05-17 08:00:32  INFO        analyze_trip_agg                      0.12s
2026-05-17 08:00:32  INFO        analyze_alerts                        3.28s
2026-05-17 08:00:32  INFO        total                                31.34s
2026-05-17 08:00:32  INFO      Reports written to: /root/code/algorithms/app/scripts/camera/trip_agg_analysis_script/output/2026-05-15/649034868264558592
