2026-08-19 02:30:06  INFO      === Starting analysis for account: 649034868264558592 ===
2026-08-19 02:30:06  INFO      Account name: RajRatan Travels
2026-08-19 02:30:06  INFO      [1/1] Fetching trip_agg for account: 649034868264558592
2026-08-19 02:30:06  INFO      Fetching vehicle page: 1
2026-08-19 02:30:06  INFO      Total vehicles collected for account 649034868264558592: 128
2026-08-19 02:30:20  INFO      Total trips collected for account 649034868264558592: 410
2026-08-19 02:33:53  ERROR     Request failed after 3 attempts: http://internal-apis.intangles.com/trip/aggregated?account_id=649034868264558592&pnum=6&psize=100&start_time=1786924800000&end_time=1787011199000 | error: 504 Server Error: Gateway Time-out for url: http://internal-apis.intangles.com/trip/aggregated?account_id=649034868264558592&pnum=6&psize=100&start_time=1786924800000&end_time=1787011199000
2026-08-19 02:33:53  WARNING     page 6 failed (1/3 consecutive)
2026-08-19 02:34:12  INFO        account 649034868264558592: fetched 500 records (7 pages)
2026-08-19 02:34:12  INFO      Total trip-agg records collected across 1 accounts: 500
2026-08-19 02:34:41  INFO      Attempting second-pass fetch for 1 missing trips by trip_id
2026-08-19 02:34:41  INFO      Second-pass recovered 1 missing trips, 0 still missing
2026-08-19 02:34:44  WARNING   Alert count fetch failed for 410/410 trips
2026-08-19 02:34:44  INFO      Summary written to: /root/code/algorithms/app/scripts/camera/trip_agg_analysis_script/output/2026-08-17/649034868264558592/summary.json
2026-08-19 02:34:44  INFO      ===== Trip Aggregation Analysis Summary =====
2026-08-19 02:34:44  INFO      Trips after merge/filters: 244
2026-08-19 02:34:44  INFO      Completely processed trips: 243
2026-08-19 02:34:44  INFO      Missing trips in trip_agg: 0
2026-08-19 02:34:44  INFO      Unbroken unmatched trips: 0
2026-08-19 02:34:44  INFO      Broken unmatched trips: 17
2026-08-19 02:34:44  INFO      ----- Step Timings -----
2026-08-19 02:34:44  INFO        fetch_accounts_with_access            0.03s
2026-08-19 02:34:44  INFO        fetch_trip_agg_data                 245.35s
2026-08-19 02:34:44  INFO        get_trips_for_account                14.03s
2026-08-19 02:34:44  INFO        prepare_dataframes                    0.03s
2026-08-19 02:34:44  INFO        analyze_trip_agg                     29.54s
2026-08-19 02:34:44  INFO        analyze_alerts                        2.42s
2026-08-19 02:34:44  INFO        total                               291.40s
2026-08-19 02:34:44  INFO      Reports written to: /root/code/algorithms/app/scripts/camera/trip_agg_analysis_script/output/2026-08-17/649034868264558592
