2026-09-29 02:30:11  INFO      === Starting analysis for account: 649034868264558592 ===
2026-09-29 02:30:11  INFO      Account name: RajRatan Travels
2026-09-29 02:30:11  INFO      [1/1] Fetching trip_agg for account: 649034868264558592
2026-09-29 02:30:11  INFO      Fetching vehicle page: 1
2026-09-29 02:30:12  INFO      Total vehicles collected for account 649034868264558592: 131
2026-09-29 02:30:15  INFO      Total trips collected for account 649034868264558592: 274
2026-09-29 02:35:00  ERROR     Request failed after 3 attempts: http://internal-apis.intangles.com/trip/aggregated?account_id=649034868264558592&pnum=5&psize=100&start_time=1790467200000&end_time=1790553599000 | error: 504 Server Error: Gateway Time-out for url: http://internal-apis.intangles.com/trip/aggregated?account_id=649034868264558592&pnum=5&psize=100&start_time=1790467200000&end_time=1790553599000
2026-09-29 02:35:00  WARNING     page 5 failed (1/3 consecutive)
2026-09-29 02:35:02  INFO        account 649034868264558592: fetched 400 records (6 pages)
2026-09-29 02:35:02  INFO      Total trip-agg records collected across 1 accounts: 400
2026-09-29 02:35:04  WARNING   Alert count fetch failed for 274/274 trips
2026-09-29 02:35:04  INFO      Summary written to: /root/code/algorithms/app/scripts/camera/trip_agg_analysis_script/output/2026-09-27/649034868264558592/summary.json
2026-09-29 02:35:04  INFO      ===== Trip Aggregation Analysis Summary =====
2026-09-29 02:35:04  INFO      Trips after merge/filters: 142
2026-09-29 02:35:04  INFO      Completely processed trips: 142
2026-09-29 02:35:04  INFO      Missing trips in trip_agg: 0
2026-09-29 02:35:04  INFO      Unbroken unmatched trips: 0
2026-09-29 02:35:04  INFO      Broken unmatched trips: 15
2026-09-29 02:35:04  INFO      ----- Step Timings -----
2026-09-29 02:35:04  INFO        fetch_accounts_with_access            0.02s
2026-09-29 02:35:04  INFO        fetch_trip_agg_data                 290.15s
2026-09-29 02:35:04  INFO        get_trips_for_account                 3.47s
2026-09-29 02:35:04  INFO        prepare_dataframes                    0.01s
2026-09-29 02:35:04  INFO        analyze_trip_agg                      1.06s
2026-09-29 02:35:04  INFO        analyze_alerts                        1.75s
2026-09-29 02:35:04  INFO        total                               296.46s
2026-09-29 02:35:04  INFO      Reports written to: /root/code/algorithms/app/scripts/camera/trip_agg_analysis_script/output/2026-09-27/649034868264558592
