2026-08-11 02:30:14  INFO      === Starting analysis for account: 649034868264558592 ===
2026-08-11 02:30:14  INFO      Account name: RajRatan Travels
2026-08-11 02:30:14  INFO      [1/1] Fetching trip_agg for account: 649034868264558592
2026-08-11 02:30:14  INFO      Fetching vehicle page: 1
2026-08-11 02:30:15  INFO      Total vehicles collected for account 649034868264558592: 128
2026-08-11 02:30:19  INFO      Total trips collected for account 649034868264558592: 323
2026-08-11 02:34:34  ERROR     Request failed after 3 attempts: http://internal-apis.intangles.com/trip/aggregated?account_id=649034868264558592&pnum=5&psize=100&start_time=1786233600000&end_time=1786319999000 | error: 504 Server Error: Gateway Time-out for url: http://internal-apis.intangles.com/trip/aggregated?account_id=649034868264558592&pnum=5&psize=100&start_time=1786233600000&end_time=1786319999000
2026-08-11 02:34:34  WARNING     page 5 failed (1/3 consecutive)
2026-08-11 02:34:44  INFO        account 649034868264558592: fetched 400 records (6 pages)
2026-08-11 02:34:44  INFO      Total trip-agg records collected across 1 accounts: 400
2026-08-11 02:34:45  INFO      Attempting second-pass fetch for 7 missing trips by trip_id
2026-08-11 02:34:46  INFO      Second-pass recovered 7 missing trips, 0 still missing
2026-08-11 02:34:48  WARNING   Alert count fetch failed for 323/323 trips
2026-08-11 02:34:48  INFO      Summary written to: /root/code/algorithms/app/scripts/camera/trip_agg_analysis_script/output/2026-08-09/649034868264558592/summary.json
2026-08-11 02:34:48  INFO      ===== Trip Aggregation Analysis Summary =====
2026-08-11 02:34:48  INFO      Trips after merge/filters: 175
2026-08-11 02:34:48  INFO      Completely processed trips: 175
2026-08-11 02:34:48  INFO      Missing trips in trip_agg: 0
2026-08-11 02:34:48  INFO      Unbroken unmatched trips: 0
2026-08-11 02:34:48  INFO      Broken unmatched trips: 11
2026-08-11 02:34:48  INFO      ----- Step Timings -----
2026-08-11 02:34:48  INFO        fetch_accounts_with_access            0.11s
2026-08-11 02:34:48  INFO        fetch_trip_agg_data                 269.89s
2026-08-11 02:34:48  INFO        get_trips_for_account                 4.49s
2026-08-11 02:34:48  INFO        prepare_dataframes                    0.02s
2026-08-11 02:34:48  INFO        analyze_trip_agg                      1.32s
2026-08-11 02:34:48  INFO        analyze_alerts                        2.04s
2026-08-11 02:34:48  INFO        total                               277.87s
2026-08-11 02:34:48  INFO      Reports written to: /root/code/algorithms/app/scripts/camera/trip_agg_analysis_script/output/2026-08-09/649034868264558592
