2026-04-09 08:06:37  INFO      === Starting analysis for account: 632578958264631296 ===
2026-04-09 08:06:37  INFO      Account name: K M Translogistics  Pvt Ltd ( KMT)
2026-04-09 08:06:37  INFO      Fetching trip_agg page: 1
2026-04-09 08:06:37  INFO      Fetching vehicle page: 1
2026-04-09 08:06:37  INFO      Fetching vehicle page: 2
2026-04-09 08:06:37  INFO      Fetching vehicle page: 3
2026-04-09 08:06:38  INFO      Fetching vehicle page: 4
2026-04-09 08:06:39  INFO      Total vehicles collected for account 632578958264631296: 1906
2026-04-09 08:06:40  INFO      Fetching trip_agg page: 2
2026-04-09 08:06:41  INFO      Fetching trip_agg page: 3
2026-04-09 08:06:49  INFO      Total trips collected for account 632578958264631296: 4816
2026-04-09 08:07:04  INFO      Fetching trip_agg page: 4
2026-04-09 08:07:05  INFO      Fetching trip_agg page: 5
2026-04-09 08:07:06  INFO      Fetching trip_agg page: 6
2026-04-09 08:07:08  INFO      Fetching trip_agg page: 7
2026-04-09 08:07:09  INFO      Fetching trip_agg page: 8
2026-04-09 08:07:10  INFO      Fetching trip_agg page: 9
2026-04-09 08:07:11  INFO      Fetching trip_agg page: 10
2026-04-09 08:07:22  INFO      Total trip-agg records collected: 4790
2026-04-09 08:07:49  INFO      Summary written to: /root/code/algorithms/app/scripts/camera/trip_agg_analysis_script/output/2026-04-07/632578958264631296/summary.json
2026-04-09 08:07:49  INFO      ===== Trip Aggregation Analysis Summary =====
2026-04-09 08:07:49  INFO      Trips after merge/filters: 2489
2026-04-09 08:07:49  INFO      Completely processed trips: 2489
2026-04-09 08:07:49  INFO      Missing trips in trip_agg: 49
2026-04-09 08:07:49  INFO      Unbroken unmatched trips: 7
2026-04-09 08:07:49  INFO      Broken unmatched trips: 0
2026-04-09 08:07:49  INFO      Top alert mismatches:
         alert_name  mismatch_count  total_joined_trips  mismatch_pct
unscheduled_driving              32                4767          0.67
             idling              28                4767          0.59
 continuous_driving               2                4767          0.04
         over_speed               1                4767          0.02
         hard_brake               1                4767          0.02
2026-04-09 08:07:49  INFO      ----- Step Timings -----
2026-04-09 08:07:49  INFO        fetch_trip_agg_data                  45.78s
2026-04-09 08:07:49  INFO        get_trips_for_account                12.24s
2026-04-09 08:07:49  INFO        prepare_dataframes                    0.29s
2026-04-09 08:07:49  INFO        analyze_trip_agg                      1.15s
2026-04-09 08:07:49  INFO        analyze_alerts                       24.81s
2026-04-09 08:07:49  INFO        total                                84.27s
2026-04-09 08:07:49  INFO      Reports written to: /root/code/algorithms/app/scripts/camera/trip_agg_analysis_script/output/2026-04-07/632578958264631296
