2026-09-20 02:30:12  INFO      === Starting analysis for account: 649034868264558592 ===
2026-09-20 02:30:12  INFO      Account name: RajRatan Travels
2026-09-20 02:30:12  INFO      [1/1] Fetching trip_agg for account: 649034868264558592
2026-09-20 02:30:12  INFO      Fetching vehicle page: 1
2026-09-20 02:30:12  INFO      Total vehicles collected for account 649034868264558592: 131
2026-09-20 02:30:15  INFO      Total trips collected for account 649034868264558592: 312
2026-09-20 02:34:05  ERROR     Request failed after 3 attempts: http://internal-apis.intangles.com/trip/aggregated?account_id=649034868264558592&pnum=5&psize=100&start_time=1789689600000&end_time=1789775999000 | error: 504 Server Error: Gateway Time-out for url: http://internal-apis.intangles.com/trip/aggregated?account_id=649034868264558592&pnum=5&psize=100&start_time=1789689600000&end_time=1789775999000
2026-09-20 02:34:05  WARNING     page 5 failed (1/3 consecutive)
2026-09-20 02:34:06  INFO        account 649034868264558592: fetched 400 records (6 pages)
2026-09-20 02:34:06  INFO      Total trip-agg records collected across 1 accounts: 400
2026-09-20 02:34:33  INFO      Attempting second-pass fetch for 2 missing trips by trip_id
2026-09-20 02:34:34  INFO      Second-pass recovered 2 missing trips, 0 still missing
2026-09-20 02:34:36  WARNING   Alert count fetch failed for 312/312 trips
2026-09-20 02:34:36  INFO      Summary written to: /root/code/algorithms/app/scripts/camera/trip_agg_analysis_script/output/2026-09-18/649034868264558592/summary.json
2026-09-20 02:34:36  INFO      ===== Trip Aggregation Analysis Summary =====
2026-09-20 02:34:36  INFO      Trips after merge/filters: 146
2026-09-20 02:34:36  INFO      Completely processed trips: 146
2026-09-20 02:34:36  INFO      Missing trips in trip_agg: 0
2026-09-20 02:34:36  INFO      Unbroken unmatched trips: 0
2026-09-20 02:34:36  INFO      Broken unmatched trips: 18
2026-09-20 02:34:36  INFO      ----- Step Timings -----
2026-09-20 02:34:36  INFO        fetch_accounts_with_access            0.04s
2026-09-20 02:34:36  INFO        fetch_trip_agg_data                 234.06s
2026-09-20 02:34:36  INFO        get_trips_for_account                 3.58s
2026-09-20 02:34:36  INFO        prepare_dataframes                    0.01s
2026-09-20 02:34:36  INFO        analyze_trip_agg                     28.65s
2026-09-20 02:34:36  INFO        analyze_alerts                        2.03s
2026-09-20 02:34:36  INFO        total                               268.37s
2026-09-20 02:34:36  INFO      Reports written to: /root/code/algorithms/app/scripts/camera/trip_agg_analysis_script/output/2026-09-18/649034868264558592
