2026-07-29 02:33:26  INFO      === Starting analysis for account: 632578958264631296 ===
2026-07-29 02:33:26  INFO      Account name: K M Translogistics  Pvt Ltd ( KMT)
2026-07-29 02:33:26  INFO      Fetching trip_agg page: 1
2026-07-29 02:33:26  INFO      Fetching vehicle page: 1
2026-07-29 02:33:27  INFO      Fetching vehicle page: 2
2026-07-29 02:33:27  INFO      Fetching vehicle page: 3
2026-07-29 02:33:27  INFO      Fetching vehicle page: 4
2026-07-29 02:33:28  INFO      Total vehicles collected for account 632578958264631296: 1982
2026-07-29 02:33:33  INFO      Fetching trip_agg page: 2
2026-07-29 02:33:36  INFO      Fetching trip_agg page: 3
2026-07-29 02:33:38  INFO      Total trips collected for account 632578958264631296: 6324
2026-07-29 02:33:39  INFO      Fetching trip_agg page: 4
2026-07-29 02:33:52  INFO      Fetching trip_agg page: 5
2026-07-29 02:33:55  INFO      Fetching trip_agg page: 6
2026-07-29 02:33:58  INFO      Fetching trip_agg page: 7
2026-07-29 02:34:01  INFO      Fetching trip_agg page: 8
2026-07-29 02:34:04  INFO      Fetching trip_agg page: 9
2026-07-29 02:34:07  INFO      Fetching trip_agg page: 10
2026-07-29 02:34:09  INFO      Fetching trip_agg page: 11
2026-07-29 02:34:12  INFO      Fetching trip_agg page: 12
2026-07-29 02:34:15  INFO      Fetching trip_agg page: 13
2026-07-29 02:34:22  INFO      Total trip-agg records collected: 6419
2026-07-29 02:34:45  INFO      Summary written to: /root/code/algorithms/app/scripts/camera/trip_agg_analysis_script/output/2026-07-27/632578958264631296/summary.json
2026-07-29 02:34:45  INFO      ===== Trip Aggregation Analysis Summary =====
2026-07-29 02:34:45  INFO      Trips after merge/filters: 3115
2026-07-29 02:34:45  INFO      Completely processed trips: 3115
2026-07-29 02:34:45  INFO      Missing trips in trip_agg: 32
2026-07-29 02:34:45  INFO      Unbroken unmatched trips: 3
2026-07-29 02:34:45  INFO      Broken unmatched trips: 0
2026-07-29 02:34:45  INFO      Top alert mismatches:
alert_name  mismatch_count  total_joined_trips  mismatch_pct
fuel_chori               4                6292          0.06
    idling               0                6292          0.00
over_speed               0                6292          0.00
   freerun               0                6292          0.00
  over_acc               0                6292          0.00
2026-07-29 02:34:45  INFO      ----- Step Timings -----
2026-07-29 02:34:45  INFO        fetch_trip_agg_data                  55.89s
2026-07-29 02:34:45  INFO        get_trips_for_account                11.46s
2026-07-29 02:34:45  INFO        prepare_dataframes                    0.15s
2026-07-29 02:34:45  INFO        analyze_trip_agg                      0.05s
2026-07-29 02:34:45  INFO        analyze_alerts                       22.09s
2026-07-29 02:34:45  INFO        total                                89.65s
2026-07-29 02:34:45  INFO      Reports written to: /root/code/algorithms/app/scripts/camera/trip_agg_analysis_script/output/2026-07-27/632578958264631296
