2026-09-02 02:36:52  INFO      === Starting analysis for account: 649034868264558592 ===
2026-09-02 02:36:52  INFO      Account name: RajRatan Travels
2026-09-02 02:36:55  INFO      [1/1] Fetching trip_agg for account: 649034868264558592
2026-09-02 02:36:55  INFO      Fetching vehicle page: 1
2026-09-02 02:36:55  INFO      Total vehicles collected for account 649034868264558592: 128
2026-09-02 02:36:59  INFO      Total trips collected for account 649034868264558592: 466
2026-09-02 02:40:56  ERROR     Request failed after 3 attempts: http://internal-apis.intangles.com/trip/aggregated?account_id=649034868264558592&pnum=6&psize=100&start_time=1788134400000&end_time=1788220799000 | error: 504 Server Error: Gateway Time-out for url: http://internal-apis.intangles.com/trip/aggregated?account_id=649034868264558592&pnum=6&psize=100&start_time=1788134400000&end_time=1788220799000
2026-09-02 02:40:56  WARNING     page 6 failed (1/3 consecutive)
2026-09-02 02:43:03  INFO        account 649034868264558592: fetched 500 records (7 pages)
2026-09-02 02:43:03  INFO      Total trip-agg records collected across 1 accounts: 500
2026-09-02 02:43:04  INFO      Attempting second-pass fetch for 16 missing trips by trip_id
2026-09-02 02:43:05  INFO      Second-pass recovered 16 missing trips, 0 still missing
2026-09-02 02:43:09  WARNING   Alert count fetch failed for 466/466 trips
2026-09-02 02:43:09  INFO      Summary written to: /root/code/algorithms/app/scripts/camera/trip_agg_analysis_script/output/2026-08-31/649034868264558592/summary.json
2026-09-02 02:43:09  INFO      ===== Trip Aggregation Analysis Summary =====
2026-09-02 02:43:09  INFO      Trips after merge/filters: 290
2026-09-02 02:43:09  INFO      Completely processed trips: 290
2026-09-02 02:43:09  INFO      Missing trips in trip_agg: 0
2026-09-02 02:43:09  INFO      Unbroken unmatched trips: 0
2026-09-02 02:43:09  INFO      Broken unmatched trips: 11
2026-09-02 02:43:09  INFO      ----- Step Timings -----
2026-09-02 02:43:09  INFO        fetch_accounts_with_access            3.03s
2026-09-02 02:43:09  INFO        fetch_trip_agg_data                 368.07s
2026-09-02 02:43:09  INFO        get_trips_for_account                 4.25s
2026-09-02 02:43:09  INFO        prepare_dataframes                    0.04s
2026-09-02 02:43:09  INFO        analyze_trip_agg                      2.33s
2026-09-02 02:43:09  INFO        analyze_alerts                        3.75s
2026-09-02 02:43:09  INFO        total                               381.47s
2026-09-02 02:43:09  INFO      Reports written to: /root/code/algorithms/app/scripts/camera/trip_agg_analysis_script/output/2026-08-31/649034868264558592
