2026-08-18 02:33:41  INFO      === Starting analysis for account: 649034868264558592 ===
2026-08-18 02:33:41  INFO      Account name: RajRatan Travels
2026-08-18 02:33:41  INFO      [1/1] Fetching trip_agg for account: 649034868264558592
2026-08-18 02:33:41  INFO      Fetching vehicle page: 1
2026-08-18 02:33:41  INFO      Total vehicles collected for account 649034868264558592: 128
2026-08-18 02:33:43  INFO      Total trips collected for account 649034868264558592: 383
2026-08-18 02:38:06  ERROR     Request failed after 3 attempts: http://internal-apis.intangles.com/trip/aggregated?account_id=649034868264558592&pnum=6&psize=100&start_time=1786838400000&end_time=1786924799000 | error: 504 Server Error: Gateway Time-out for url: http://internal-apis.intangles.com/trip/aggregated?account_id=649034868264558592&pnum=6&psize=100&start_time=1786838400000&end_time=1786924799000
2026-08-18 02:38:06  WARNING     page 6 failed (1/3 consecutive)
2026-08-18 02:38:06  INFO        account 649034868264558592: fetched 500 records (7 pages)
2026-08-18 02:38:06  INFO      Total trip-agg records collected across 1 accounts: 500
2026-08-18 02:38:09  WARNING   Alert count fetch failed for 383/383 trips
2026-08-18 02:38:10  INFO      Summary written to: /root/code/algorithms/app/scripts/camera/trip_agg_analysis_script/output/2026-08-16/649034868264558592/summary.json
2026-08-18 02:38:10  INFO      ===== Trip Aggregation Analysis Summary =====
2026-08-18 02:38:10  INFO      Trips after merge/filters: 210
2026-08-18 02:38:10  INFO      Completely processed trips: 208
2026-08-18 02:38:10  INFO      Missing trips in trip_agg: 0
2026-08-18 02:38:10  INFO      Unbroken unmatched trips: 0
2026-08-18 02:38:10  INFO      Broken unmatched trips: 18
2026-08-18 02:38:10  INFO      ----- Step Timings -----
2026-08-18 02:38:10  INFO        fetch_accounts_with_access            0.02s
2026-08-18 02:38:10  INFO        fetch_trip_agg_data                 265.39s
2026-08-18 02:38:10  INFO        get_trips_for_account                 1.93s
2026-08-18 02:38:10  INFO        prepare_dataframes                    0.02s
2026-08-18 02:38:10  INFO        analyze_trip_agg                      1.04s
2026-08-18 02:38:10  INFO        analyze_alerts                        2.03s
2026-08-18 02:38:10  INFO        total                               270.42s
2026-08-18 02:38:10  INFO      Reports written to: /root/code/algorithms/app/scripts/camera/trip_agg_analysis_script/output/2026-08-16/649034868264558592
