2026-09-27 02:37:33  INFO      === Starting analysis for account: 649034868264558592 ===
2026-09-27 02:37:33  INFO      Account name: RajRatan Travels
2026-09-27 02:37:33  INFO      [1/1] Fetching trip_agg for account: 649034868264558592
2026-09-27 02:37:33  INFO      Fetching vehicle page: 1
2026-09-27 02:37:34  INFO      Total vehicles collected for account 649034868264558592: 131
2026-09-27 02:37:40  INFO      Total trips collected for account 649034868264558592: 325
2026-09-27 02:38:30  INFO        account 649034868264558592: fetched 460 records (5 pages)
2026-09-27 02:38:30  INFO      Total trip-agg records collected across 1 accounts: 460
2026-09-27 02:38:36  WARNING   Alert count fetch failed for 325/325 trips
2026-09-27 02:38:36  INFO      Summary written to: /root/code/algorithms/app/scripts/camera/trip_agg_analysis_script/output/2026-09-25/649034868264558592/summary.json
2026-09-27 02:38:36  INFO      ===== Trip Aggregation Analysis Summary =====
2026-09-27 02:38:36  INFO      Trips after merge/filters: 159
2026-09-27 02:38:36  INFO      Completely processed trips: 159
2026-09-27 02:38:36  INFO      Missing trips in trip_agg: 0
2026-09-27 02:38:36  INFO      Unbroken unmatched trips: 0
2026-09-27 02:38:36  INFO      Broken unmatched trips: 16
2026-09-27 02:38:36  INFO      ----- Step Timings -----
2026-09-27 02:38:36  INFO        fetch_accounts_with_access            0.03s
2026-09-27 02:38:36  INFO        fetch_trip_agg_data                  56.93s
2026-09-27 02:38:36  INFO        get_trips_for_account                 6.18s
2026-09-27 02:38:36  INFO        prepare_dataframes                    0.06s
2026-09-27 02:38:36  INFO        analyze_trip_agg                      1.37s
2026-09-27 02:38:36  INFO        analyze_alerts                        4.36s
2026-09-27 02:38:36  INFO        total                                68.93s
2026-09-27 02:38:36  INFO      Reports written to: /root/code/algorithms/app/scripts/camera/trip_agg_analysis_script/output/2026-09-25/649034868264558592
