2026-07-19 02:30:45  INFO      === Starting analysis for account: 632578958264631296 ===
2026-07-19 02:30:45  INFO      Account name: K M Translogistics  Pvt Ltd ( KMT)
2026-07-19 02:30:45  INFO      Fetching trip_agg page: 1
2026-07-19 02:30:45  INFO      Fetching vehicle page: 1
2026-07-19 02:30:45  INFO      Fetching vehicle page: 2
2026-07-19 02:30:45  INFO      Fetching vehicle page: 3
2026-07-19 02:30:45  INFO      Fetching vehicle page: 4
2026-07-19 02:30:46  INFO      Total vehicles collected for account 632578958264631296: 1981
2026-07-19 02:30:55  INFO      Total trips collected for account 632578958264631296: 6288
2026-07-19 02:31:37  INFO      Fetching trip_agg page: 2
2026-07-19 02:31:39  INFO      Fetching trip_agg page: 3
2026-07-19 02:32:54  INFO      Fetching trip_agg page: 4
2026-07-19 02:32:56  INFO      Fetching trip_agg page: 5
2026-07-19 02:32:58  INFO      Fetching trip_agg page: 6
2026-07-19 02:33:00  INFO      Fetching trip_agg page: 7
2026-07-19 02:33:02  INFO      Fetching trip_agg page: 8
2026-07-19 02:33:03  INFO      Fetching trip_agg page: 9
2026-07-19 02:33:05  INFO      Fetching trip_agg page: 10
2026-07-19 02:33:06  INFO      Fetching trip_agg page: 11
2026-07-19 02:33:08  INFO      Fetching trip_agg page: 12
2026-07-19 02:33:10  INFO      Fetching trip_agg page: 13
2026-07-19 02:33:40  INFO      Total trip-agg records collected: 6374
2026-07-19 02:34:06  INFO      Summary written to: /root/code/algorithms/app/scripts/camera/trip_agg_analysis_script/output/2026-07-17/632578958264631296/summary.json
2026-07-19 02:34:06  INFO      ===== Trip Aggregation Analysis Summary =====
2026-07-19 02:34:06  INFO      Trips after merge/filters: 2954
2026-07-19 02:34:06  INFO      Completely processed trips: 2954
2026-07-19 02:34:06  INFO      Missing trips in trip_agg: 17
2026-07-19 02:34:06  INFO      Unbroken unmatched trips: 6
2026-07-19 02:34:06  INFO      Broken unmatched trips: 0
2026-07-19 02:34:06  INFO      Top alert mismatches:
alert_name  mismatch_count  total_joined_trips  mismatch_pct
fuel_chori               1                6271          0.02
    idling               0                6271          0.00
over_speed               0                6271          0.00
   freerun               0                6271          0.00
hard_brake               0                6271          0.00
2026-07-19 02:34:06  INFO      ----- Step Timings -----
2026-07-19 02:34:06  INFO        fetch_trip_agg_data                 175.47s
2026-07-19 02:34:06  INFO        get_trips_for_account                10.13s
2026-07-19 02:34:06  INFO        prepare_dataframes                    0.15s
2026-07-19 02:34:06  INFO        analyze_trip_agg                      2.22s
2026-07-19 02:34:06  INFO        analyze_alerts                       23.06s
2026-07-19 02:34:06  INFO        total                               211.03s
2026-07-19 02:34:06  INFO      Reports written to: /root/code/algorithms/app/scripts/camera/trip_agg_analysis_script/output/2026-07-17/632578958264631296
