2026-08-15 02:30:12  INFO      === Starting analysis for account: 649034868264558592 ===
2026-08-15 02:30:12  INFO      Account name: RajRatan Travels
2026-08-15 02:30:13  INFO      [1/1] Fetching trip_agg for account: 649034868264558592
2026-08-15 02:30:13  INFO      Fetching vehicle page: 1
2026-08-15 02:30:13  INFO      Total vehicles collected for account 649034868264558592: 128
2026-08-15 02:30:16  INFO      Total trips collected for account 649034868264558592: 321
2026-08-15 02:31:34  INFO        account 649034868264558592: fetched 462 records (5 pages)
2026-08-15 02:31:34  INFO      Total trip-agg records collected across 1 accounts: 462
2026-08-15 02:31:36  WARNING   Alert count fetch failed for 321/321 trips
2026-08-15 02:31:36  INFO      Summary written to: /root/code/algorithms/app/scripts/camera/trip_agg_analysis_script/output/2026-08-13/649034868264558592/summary.json
2026-08-15 02:31:36  INFO      ===== Trip Aggregation Analysis Summary =====
2026-08-15 02:31:36  INFO      Trips after merge/filters: 185
2026-08-15 02:31:36  INFO      Completely processed trips: 185
2026-08-15 02:31:36  INFO      Missing trips in trip_agg: 0
2026-08-15 02:31:36  INFO      Unbroken unmatched trips: 0
2026-08-15 02:31:36  INFO      Broken unmatched trips: 18
2026-08-15 02:31:36  INFO      ----- Step Timings -----
2026-08-15 02:31:36  INFO        fetch_accounts_with_access            0.43s
2026-08-15 02:31:36  INFO        fetch_trip_agg_data                  81.30s
2026-08-15 02:31:36  INFO        get_trips_for_account                 3.53s
2026-08-15 02:31:36  INFO        prepare_dataframes                    0.03s
2026-08-15 02:31:36  INFO        analyze_trip_agg                      0.54s
2026-08-15 02:31:36  INFO        analyze_alerts                        2.03s
2026-08-15 02:31:36  INFO        total                                87.85s
2026-08-15 02:31:36  INFO      Reports written to: /root/code/algorithms/app/scripts/camera/trip_agg_analysis_script/output/2026-08-13/649034868264558592
