2026-09-22 02:43:56  INFO      === Starting analysis for account: 642689989225816064 ===
2026-09-22 02:43:56  INFO      Account name: Indore Intercity
2026-09-22 02:43:56  INFO      [1/1] Fetching trip_agg for account: 642689989225816064
2026-09-22 02:43:56  INFO      Fetching vehicle page: 1
2026-09-22 02:43:56  INFO      Total vehicles collected for account 642689989225816064: 230
2026-09-22 02:43:59  INFO      Total trips collected for account 642689989225816064: 684
2026-09-22 02:44:24  INFO        account 642689989225816064: fetched 745 records (8 pages)
2026-09-22 02:44:24  INFO      Total trip-agg records collected across 1 accounts: 745
2026-09-22 02:44:28  WARNING   Alert count fetch failed for 684/684 trips
2026-09-22 02:44:28  INFO      Summary written to: /root/code/algorithms/app/scripts/camera/trip_agg_analysis_script/output/2026-09-20/642689989225816064/summary.json
2026-09-22 02:44:28  INFO      ===== Trip Aggregation Analysis Summary =====
2026-09-22 02:44:28  INFO      Trips after merge/filters: 312
2026-09-22 02:44:28  INFO      Completely processed trips: 312
2026-09-22 02:44:28  INFO      Missing trips in trip_agg: 0
2026-09-22 02:44:28  INFO      Unbroken unmatched trips: 0
2026-09-22 02:44:28  INFO      Broken unmatched trips: 13
2026-09-22 02:44:28  INFO      ----- Step Timings -----
2026-09-22 02:44:28  INFO        fetch_accounts_with_access            0.01s
2026-09-22 02:44:28  INFO        fetch_trip_agg_data                  28.25s
2026-09-22 02:44:28  INFO        get_trips_for_account                 3.04s
2026-09-22 02:44:28  INFO        prepare_dataframes                    0.02s
2026-09-22 02:44:28  INFO        analyze_trip_agg                      1.64s
2026-09-22 02:44:28  INFO        analyze_alerts                        2.32s
2026-09-22 02:44:28  INFO        total                                35.28s
2026-09-22 02:44:28  INFO      Reports written to: /root/code/algorithms/app/scripts/camera/trip_agg_analysis_script/output/2026-09-20/642689989225816064
