2026-08-28 02:38:18  INFO      === Starting analysis for account: 642689989225816064 ===
2026-08-28 02:38:18  INFO      Account name: Indore Intercity
2026-08-28 02:38:18  INFO      [1/1] Fetching trip_agg for account: 642689989225816064
2026-08-28 02:38:18  INFO      Fetching vehicle page: 1
2026-08-28 02:38:18  INFO      Total vehicles collected for account 642689989225816064: 230
2026-08-28 02:38:23  INFO      Total trips collected for account 642689989225816064: 1030
2026-08-28 02:38:52  INFO        account 642689989225816064: fetched 1103 records (12 pages)
2026-08-28 02:38:52  INFO      Total trip-agg records collected across 1 accounts: 1103
2026-08-28 02:38:54  INFO      Attempting second-pass fetch for 4 missing trips by trip_id
2026-08-28 02:38:54  WARNING   Second-pass fetch returned no records for 4 missing trips
2026-08-28 02:38:57  WARNING   Alert count fetch failed for 1030/1030 trips
2026-08-28 02:38:57  INFO      Summary written to: /root/code/algorithms/app/scripts/camera/trip_agg_analysis_script/output/2026-08-26/642689989225816064/summary.json
2026-08-28 02:38:57  INFO      ===== Trip Aggregation Analysis Summary =====
2026-08-28 02:38:57  INFO      Trips after merge/filters: 576
2026-08-28 02:38:57  INFO      Completely processed trips: 576
2026-08-28 02:38:57  INFO      Missing trips in trip_agg: 4
2026-08-28 02:38:57  INFO      Unbroken unmatched trips: 0
2026-08-28 02:38:57  INFO      Broken unmatched trips: 25
2026-08-28 02:38:57  INFO      ----- Step Timings -----
2026-08-28 02:38:57  INFO        fetch_accounts_with_access            0.02s
2026-08-28 02:38:57  INFO        fetch_trip_agg_data                  34.01s
2026-08-28 02:38:57  INFO        get_trips_for_account                 5.43s
2026-08-28 02:38:57  INFO        prepare_dataframes                    0.03s
2026-08-28 02:38:57  INFO        analyze_trip_agg                      2.05s
2026-08-28 02:38:57  INFO        analyze_alerts                        3.29s
2026-08-28 02:38:57  INFO        total                                44.83s
2026-08-28 02:38:57  INFO      Reports written to: /root/code/algorithms/app/scripts/camera/trip_agg_analysis_script/output/2026-08-26/642689989225816064
