2026-07-22 02:42:56  INFO      === Starting analysis for account: 642689989225816064 ===
2026-07-22 02:42:56  INFO      Account name: Indore Intercity
2026-07-22 02:42:56  INFO      Fetching trip_agg page: 1
2026-07-22 02:42:56  INFO      Fetching vehicle page: 1
2026-07-22 02:42:56  INFO      Total vehicles collected for account 642689989225816064: 229
2026-07-22 02:43:02  INFO      Fetching trip_agg page: 2
2026-07-22 02:43:05  INFO      Total trips collected for account 642689989225816064: 1203
2026-07-22 02:43:07  INFO      Fetching trip_agg page: 3
2026-07-22 02:43:12  INFO      Total trip-agg records collected: 1260
2026-07-22 02:43:31  INFO      Summary written to: /root/code/algorithms/app/scripts/camera/trip_agg_analysis_script/output/2026-07-20/642689989225816064/summary.json
2026-07-22 02:43:31  INFO      ===== Trip Aggregation Analysis Summary =====
2026-07-22 02:43:31  INFO      Trips after merge/filters: 489
2026-07-22 02:43:31  INFO      Completely processed trips: 489
2026-07-22 02:43:31  INFO      Missing trips in trip_agg: 3
2026-07-22 02:43:31  INFO      Unbroken unmatched trips: 2
2026-07-22 02:43:31  INFO      Broken unmatched trips: 18
2026-07-22 02:43:31  INFO      Top alert mismatches:
         alert_name  mismatch_count  total_joined_trips  mismatch_pct
       mobile_phone               2                1200          0.17
 distracted_driving               0                1200          0.00
         drowsiness               0                1200          0.00
emergency_recording               0                1200          0.00
        eyes_closed               0                1200          0.00
2026-07-22 02:43:31  INFO      ----- Step Timings -----
2026-07-22 02:43:31  INFO        fetch_trip_agg_data                  16.55s
2026-07-22 02:43:31  INFO        get_trips_for_account                 9.35s
2026-07-22 02:43:31  INFO        prepare_dataframes                    0.13s
2026-07-22 02:43:31  INFO        analyze_trip_agg                      1.40s
2026-07-22 02:43:31  INFO        analyze_alerts                       17.02s
2026-07-22 02:43:31  INFO        total                                44.46s
2026-07-22 02:43:31  INFO      Reports written to: /root/code/algorithms/app/scripts/camera/trip_agg_analysis_script/output/2026-07-20/642689989225816064
