2026-07-09 11:17:35  INFO      === Starting analysis for account: 632578958264631296 ===
2026-07-09 11:17:35  INFO      Account name: K M Translogistics  Pvt Ltd ( KMT)
2026-07-09 11:17:35  INFO      Fetching trip_agg page: 1
2026-07-09 11:17:35  INFO      Fetching vehicle page: 1
2026-07-09 11:17:35  INFO      Fetching vehicle page: 2
2026-07-09 11:17:36  INFO      Fetching vehicle page: 3
2026-07-09 11:17:37  INFO      Fetching vehicle page: 4
2026-07-09 11:17:37  INFO      Fetching trip_agg page: 2
2026-07-09 11:17:38  INFO      Total vehicles collected for account 632578958264631296: 1980
2026-07-09 11:17:39  INFO      Fetching trip_agg page: 3
2026-07-09 11:17:42  INFO      Fetching trip_agg page: 4
2026-07-09 11:17:45  INFO      Fetching trip_agg page: 5
2026-07-09 11:17:47  INFO      Fetching trip_agg page: 6
2026-07-09 11:17:51  INFO      Fetching trip_agg page: 7
2026-07-09 11:17:53  INFO      Fetching trip_agg page: 8
2026-07-09 11:17:55  INFO      Fetching trip_agg page: 9
2026-07-09 11:17:58  INFO      Fetching trip_agg page: 10
2026-07-09 11:17:59  INFO      Fetching trip_agg page: 11
2026-07-09 11:18:03  INFO      Fetching trip_agg page: 12
2026-07-09 11:18:06  INFO      Fetching trip_agg page: 13
2026-07-09 11:18:07  INFO      Total trips collected for account 632578958264631296: 6005
2026-07-09 11:18:10  INFO      Total trip-agg records collected: 6049
2026-07-09 11:19:14  INFO      Summary written to: /root/code/algorithms/app/scripts/camera/trip_agg_analysis_script/output/2026-07-07/632578958264631296/summary.json
2026-07-09 11:19:14  INFO      ===== Trip Aggregation Analysis Summary =====
2026-07-09 11:19:14  INFO      Trips after merge/filters: 2887
2026-07-09 11:19:14  INFO      Completely processed trips: 2886
2026-07-09 11:19:14  INFO      Missing trips in trip_agg: 46
2026-07-09 11:19:14  INFO      Unbroken unmatched trips: 0
2026-07-09 11:19:14  INFO      Broken unmatched trips: 0
2026-07-09 11:19:14  INFO      Top alert mismatches:
alert_name  mismatch_count  total_joined_trips  mismatch_pct
fuel_chori               2                5959          0.03
    idling               0                5959          0.00
over_speed               0                5959          0.00
   freerun               0                5959          0.00
  over_acc               0                5959          0.00
2026-07-09 11:19:14  INFO      ----- Step Timings -----
2026-07-09 11:19:14  INFO        fetch_trip_agg_data                  35.24s
2026-07-09 11:19:14  INFO        get_trips_for_account                31.87s
2026-07-09 11:19:14  INFO        prepare_dataframes                    0.48s
2026-07-09 11:19:14  INFO        analyze_trip_agg                      3.07s
2026-07-09 11:19:14  INFO        analyze_alerts                       59.66s
2026-07-09 11:19:14  INFO        total                               130.31s
2026-07-09 11:19:14  INFO      Reports written to: /root/code/algorithms/app/scripts/camera/trip_agg_analysis_script/output/2026-07-07/632578958264631296
