2026-08-31 02:37:12  INFO      === Starting analysis for account: 649034868264558592 ===
2026-08-31 02:37:12  INFO      Account name: RajRatan Travels
2026-08-31 02:37:12  INFO      [1/1] Fetching trip_agg for account: 649034868264558592
2026-08-31 02:37:12  INFO      Fetching vehicle page: 1
2026-08-31 02:37:13  INFO      Total vehicles collected for account 649034868264558592: 128
2026-08-31 02:37:15  INFO      Total trips collected for account 649034868264558592: 378
2026-08-31 02:39:18  INFO        account 649034868264558592: fetched 506 records (6 pages)
2026-08-31 02:39:18  INFO      Total trip-agg records collected across 1 accounts: 506
2026-08-31 02:39:24  WARNING   Alert count fetch failed for 378/378 trips
2026-08-31 02:39:24  INFO      Summary written to: /root/code/algorithms/app/scripts/camera/trip_agg_analysis_script/output/2026-08-29/649034868264558592/summary.json
2026-08-31 02:39:24  INFO      ===== Trip Aggregation Analysis Summary =====
2026-08-31 02:39:24  INFO      Trips after merge/filters: 251
2026-08-31 02:39:24  INFO      Completely processed trips: 250
2026-08-31 02:39:24  INFO      Missing trips in trip_agg: 0
2026-08-31 02:39:24  INFO      Unbroken unmatched trips: 0
2026-08-31 02:39:24  INFO      Broken unmatched trips: 11
2026-08-31 02:39:24  INFO      ----- Step Timings -----
2026-08-31 02:39:24  INFO        fetch_accounts_with_access            0.10s
2026-08-31 02:39:24  INFO        fetch_trip_agg_data                 125.97s
2026-08-31 02:39:24  INFO        get_trips_for_account                 2.69s
2026-08-31 02:39:24  INFO        prepare_dataframes                    0.02s
2026-08-31 02:39:24  INFO        analyze_trip_agg                      0.48s
2026-08-31 02:39:24  INFO        analyze_alerts                        5.07s
2026-08-31 02:39:24  INFO        total                               134.33s
2026-08-31 02:39:24  INFO      Reports written to: /root/code/algorithms/app/scripts/camera/trip_agg_analysis_script/output/2026-08-29/649034868264558592
