2026-03-15 11:35:15  INFO      === Starting analysis for account: 649034868264558592 ===
2026-03-15 11:35:15  INFO      Account name: RajRatan Travels
2026-03-15 11:35:15  INFO      Fetching trip_agg page: 1
2026-03-15 11:35:15  INFO      Fetching vehicle page: 1
2026-03-15 11:35:16  INFO      Total vehicles collected for account 649034868264558592: 117
2026-03-15 11:35:27  INFO      Total trip-agg records collected: 408
2026-03-15 11:35:32  INFO      Total trips collected for account 649034868264558592: 283
2026-03-15 11:35:32  WARNING   Excluding 6 trips with missing end_time from comparison
2026-03-15 11:35:57  INFO      Summary written to: /Users/satyamsaurav/Intangles/algorithms/trip_agg_analysis_script/output/2026-03-14/649034868264558592/summary.json
2026-03-15 11:35:57  INFO      ===== Trip Aggregation Analysis Summary =====
2026-03-15 11:35:57  INFO      Trips after merge/filters: 113
2026-03-15 11:35:57  INFO      Completely processed trips: 113
2026-03-15 11:35:57  INFO      Missing trips in trip_agg: 0
2026-03-15 11:35:57  INFO      Unbroken unmatched trips: 0
2026-03-15 11:35:57  INFO      Broken unmatched trips: 3
2026-03-15 11:35:57  INFO      Top alert mismatches:
        alert_name  mismatch_count  total_joined_trips  mismatch_pct
            idling              19                 277          6.86
               fcw               8                 277          2.89
       eyes_closed               6                 277          2.17
distracted_driving               5                 277          1.81
      mobile_phone               3                 277          1.08
2026-03-15 11:35:57  INFO      ----- Step Timings -----
2026-03-15 11:35:57  INFO        fetch_trip_agg_data                  11.71s
2026-03-15 11:35:57  INFO        get_trips_for_account                16.63s
2026-03-15 11:35:57  INFO        prepare_dataframes                    0.03s
2026-03-15 11:35:57  INFO        analyze_trip_agg                      9.08s
2026-03-15 11:35:57  INFO        analyze_alerts                       15.54s
2026-03-15 11:35:57  INFO        total                                52.98s
2026-03-15 11:35:57  INFO      Reports written to: /Users/satyamsaurav/Intangles/algorithms/trip_agg_analysis_script/output/2026-03-14/649034868264558592
