2026-09-23 02:46:38  INFO      === Starting analysis for account: 642689989225816064 ===
2026-09-23 02:46:38  INFO      Account name: Indore Intercity
2026-09-23 02:46:38  INFO      [1/1] Fetching trip_agg for account: 642689989225816064
2026-09-23 02:46:38  INFO      Fetching vehicle page: 1
2026-09-23 02:46:39  INFO      Total vehicles collected for account 642689989225816064: 230
2026-09-23 02:46:50  INFO      Total trips collected for account 642689989225816064: 729
2026-09-23 02:47:13  INFO        account 642689989225816064: fetched 782 records (8 pages)
2026-09-23 02:47:13  INFO      Total trip-agg records collected across 1 accounts: 782
2026-09-23 02:47:22  WARNING   Alert count fetch failed for 729/729 trips
2026-09-23 02:47:22  INFO      Summary written to: /root/code/algorithms/app/scripts/camera/trip_agg_analysis_script/output/2026-09-21/642689989225816064/summary.json
2026-09-23 02:47:22  INFO      ===== Trip Aggregation Analysis Summary =====
2026-09-23 02:47:22  INFO      Trips after merge/filters: 323
2026-09-23 02:47:22  INFO      Completely processed trips: 323
2026-09-23 02:47:22  INFO      Missing trips in trip_agg: 0
2026-09-23 02:47:22  INFO      Unbroken unmatched trips: 0
2026-09-23 02:47:22  INFO      Broken unmatched trips: 16
2026-09-23 02:47:22  INFO      ----- Step Timings -----
2026-09-23 02:47:22  INFO        fetch_accounts_with_access            0.02s
2026-09-23 02:47:22  INFO        fetch_trip_agg_data                  35.14s
2026-09-23 02:47:22  INFO        get_trips_for_account                11.78s
2026-09-23 02:47:22  INFO        prepare_dataframes                    0.08s
2026-09-23 02:47:22  INFO        analyze_trip_agg                      2.53s
2026-09-23 02:47:22  INFO        analyze_alerts                        5.98s
2026-09-23 02:47:22  INFO        total                                55.53s
2026-09-23 02:47:22  INFO      Reports written to: /root/code/algorithms/app/scripts/camera/trip_agg_analysis_script/output/2026-09-21/642689989225816064
