2026-07-25 02:36:14  INFO      === Starting analysis for account: 1205841794575630336 ===
2026-07-25 02:36:14  INFO      Account name: Chartered Speed-OSRTC
2026-07-25 02:36:14  INFO      Fetching trip_agg page: 1
2026-07-25 02:36:14  INFO      Fetching vehicle page: 1
2026-07-25 02:36:15  INFO      Fetching vehicle page: 2
2026-07-25 02:36:15  INFO      Fetching vehicle page: 3
2026-07-25 02:36:15  INFO      Total vehicles collected for account 1205841794575630336: 1184
2026-07-25 02:36:20  INFO      Fetching trip_agg page: 2
2026-07-25 02:36:22  INFO      Fetching trip_agg page: 3
2026-07-25 02:36:25  INFO      Fetching trip_agg page: 4
2026-07-25 02:36:25  INFO      Total trips collected for account 1205841794575630336: 8697
2026-07-25 02:36:26  INFO      Fetching trip_agg page: 5
2026-07-25 02:36:27  INFO      Fetching trip_agg page: 6
2026-07-25 02:36:28  INFO      Fetching trip_agg page: 7
2026-07-25 02:36:29  INFO      Fetching trip_agg page: 8
2026-07-25 02:36:30  INFO      Fetching trip_agg page: 9
2026-07-25 02:36:31  INFO      Fetching trip_agg page: 10
2026-07-25 02:36:32  INFO      Fetching trip_agg page: 11
2026-07-25 02:36:39  INFO      Fetching trip_agg page: 12
2026-07-25 02:36:41  INFO      Fetching trip_agg page: 13
2026-07-25 02:36:43  INFO      Fetching trip_agg page: 14
2026-07-25 02:36:45  INFO      Fetching trip_agg page: 15
2026-07-25 02:36:46  INFO      Fetching trip_agg page: 16
2026-07-25 02:36:48  INFO      Fetching trip_agg page: 17
2026-07-25 02:36:50  INFO      Fetching trip_agg page: 18
2026-07-25 02:37:04  INFO      Total trip-agg records collected: 8810
2026-07-25 02:37:41  INFO      Summary written to: /root/code/algorithms/app/scripts/camera/trip_agg_analysis_script/output/2026-07-23/1205841794575630336/summary.json
2026-07-25 02:37:41  INFO      ===== Trip Aggregation Analysis Summary =====
2026-07-25 02:37:41  INFO      Trips after merge/filters: 7246
2026-07-25 02:37:41  INFO      Completely processed trips: 7224
2026-07-25 02:37:41  INFO      Missing trips in trip_agg: 0
2026-07-25 02:37:41  INFO      Unbroken unmatched trips: 1
2026-07-25 02:37:41  INFO      Broken unmatched trips: 19
2026-07-25 02:37:41  INFO      Top alert mismatches:
        alert_name  mismatch_count  total_joined_trips  mismatch_pct
seatbelt_violation               2                8697          0.02
       eyes_closed               1                8697          0.01
          over_acc               1                8697          0.01
        hard_brake               1                8697          0.01
        fuel_chori               1                8697          0.01
2026-07-25 02:37:41  INFO      ----- Step Timings -----
2026-07-25 02:37:41  INFO        fetch_trip_agg_data                  49.54s
2026-07-25 02:37:41  INFO        get_trips_for_account                10.86s
2026-07-25 02:37:41  INFO        prepare_dataframes                    0.19s
2026-07-25 02:37:41  INFO        analyze_trip_agg                      5.89s
2026-07-25 02:37:41  INFO        analyze_alerts                       30.29s
2026-07-25 02:37:41  INFO        total                                96.76s
2026-07-25 02:37:41  INFO      Reports written to: /root/code/algorithms/app/scripts/camera/trip_agg_analysis_script/output/2026-07-23/1205841794575630336
