2026-07-18 02:36:11  INFO      === Starting analysis for account: 632578958264631296 ===
2026-07-18 02:36:11  INFO      Account name: K M Translogistics  Pvt Ltd ( KMT)
2026-07-18 02:36:11  INFO      Fetching trip_agg page: 1
2026-07-18 02:36:11  INFO      Fetching vehicle page: 1
2026-07-18 02:36:12  INFO      Fetching vehicle page: 2
2026-07-18 02:36:12  INFO      Fetching vehicle page: 3
2026-07-18 02:36:12  INFO      Fetching vehicle page: 4
2026-07-18 02:36:13  INFO      Total vehicles collected for account 632578958264631296: 1981
2026-07-18 02:36:47  INFO      Total trips collected for account 632578958264631296: 5745
2026-07-18 02:37:02  INFO      Fetching trip_agg page: 2
2026-07-18 02:37:56  INFO      Fetching trip_agg page: 3
2026-07-18 02:37:58  INFO      Fetching trip_agg page: 4
2026-07-18 02:38:00  INFO      Fetching trip_agg page: 5
2026-07-18 02:38:02  INFO      Fetching trip_agg page: 6
2026-07-18 02:38:04  INFO      Fetching trip_agg page: 7
2026-07-18 02:38:05  INFO      Fetching trip_agg page: 8
2026-07-18 02:38:07  INFO      Fetching trip_agg page: 9
2026-07-18 02:38:09  INFO      Fetching trip_agg page: 10
2026-07-18 02:38:10  INFO      Fetching trip_agg page: 11
2026-07-18 02:38:11  INFO      Fetching trip_agg page: 12
2026-07-18 02:38:13  INFO      Total trip-agg records collected: 5814
2026-07-18 02:40:01  INFO      Summary written to: /root/code/algorithms/app/scripts/camera/trip_agg_analysis_script/output/2026-07-16/632578958264631296/summary.json
2026-07-18 02:40:01  INFO      ===== Trip Aggregation Analysis Summary =====
2026-07-18 02:40:01  INFO      Trips after merge/filters: 2835
2026-07-18 02:40:01  INFO      Completely processed trips: 2835
2026-07-18 02:40:01  INFO      Missing trips in trip_agg: 20
2026-07-18 02:40:01  INFO      Unbroken unmatched trips: 2
2026-07-18 02:40:01  INFO      Broken unmatched trips: 0
2026-07-18 02:40:01  INFO      Top alert mismatches:
  alert_name  mismatch_count  total_joined_trips  mismatch_pct
slow_running               1                5725          0.02
  fuel_chori               1                5725          0.02
      idling               0                5725          0.00
  over_speed               0                5725          0.00
     freerun               0                5725          0.00
2026-07-18 02:40:01  INFO      ----- Step Timings -----
2026-07-18 02:40:01  INFO        fetch_trip_agg_data                 121.31s
2026-07-18 02:40:01  INFO        get_trips_for_account                35.57s
2026-07-18 02:40:01  INFO        prepare_dataframes                    0.51s
2026-07-18 02:40:01  INFO        analyze_trip_agg                      0.20s
2026-07-18 02:40:01  INFO        analyze_alerts                      107.06s
2026-07-18 02:40:01  INFO        total                               264.66s
2026-07-18 02:40:01  INFO      Reports written to: /root/code/algorithms/app/scripts/camera/trip_agg_analysis_script/output/2026-07-16/632578958264631296
