2026-07-26 02:32:15  INFO      === Starting analysis for account: 632578958264631296 ===
2026-07-26 02:32:15  INFO      Account name: K M Translogistics  Pvt Ltd ( KMT)
2026-07-26 02:32:15  INFO      Fetching trip_agg page: 1
2026-07-26 02:32:15  INFO      Fetching vehicle page: 1
2026-07-26 02:32:15  INFO      Fetching vehicle page: 2
2026-07-26 02:32:15  INFO      Fetching vehicle page: 3
2026-07-26 02:32:15  INFO      Fetching vehicle page: 4
2026-07-26 02:32:16  INFO      Total vehicles collected for account 632578958264631296: 1981
2026-07-26 02:32:37  INFO      Total trips collected for account 632578958264631296: 6347
2026-07-26 02:33:11  INFO      Fetching trip_agg page: 2
2026-07-26 02:34:05  INFO      Fetching trip_agg page: 3
2026-07-26 02:34:09  INFO      Fetching trip_agg page: 4
2026-07-26 02:34:12  INFO      Fetching trip_agg page: 5
2026-07-26 02:34:15  INFO      Fetching trip_agg page: 6
2026-07-26 02:34:18  INFO      Fetching trip_agg page: 7
2026-07-26 02:34:21  INFO      Fetching trip_agg page: 8
2026-07-26 02:34:24  INFO      Fetching trip_agg page: 9
2026-07-26 02:34:27  INFO      Fetching trip_agg page: 10
2026-07-26 02:34:35  INFO      Fetching trip_agg page: 11
2026-07-26 02:34:38  INFO      Fetching trip_agg page: 12
2026-07-26 02:34:40  INFO      Fetching trip_agg page: 13
2026-07-26 02:35:14  INFO      Total trip-agg records collected: 6425
2026-07-26 02:35:56  INFO      Summary written to: /root/code/algorithms/app/scripts/camera/trip_agg_analysis_script/output/2026-07-24/632578958264631296/summary.json
2026-07-26 02:35:56  INFO      ===== Trip Aggregation Analysis Summary =====
2026-07-26 02:35:56  INFO      Trips after merge/filters: 3109
2026-07-26 02:35:56  INFO      Completely processed trips: 3108
2026-07-26 02:35:56  INFO      Missing trips in trip_agg: 19
2026-07-26 02:35:56  INFO      Unbroken unmatched trips: 3
2026-07-26 02:35:56  INFO      Broken unmatched trips: 0
2026-07-26 02:35:56  INFO      Top alert mismatches:
         alert_name  mismatch_count  total_joined_trips  mismatch_pct
unscheduled_driving               2                6328          0.03
       slow_running               1                6328          0.02
         fuel_chori               1                6328          0.02
             idling               0                6328          0.00
         over_speed               0                6328          0.00
2026-07-26 02:35:56  INFO      ----- Step Timings -----
2026-07-26 02:35:56  INFO        fetch_trip_agg_data                 178.98s
2026-07-26 02:35:56  INFO        get_trips_for_account                22.10s
2026-07-26 02:35:56  INFO        prepare_dataframes                    0.32s
2026-07-26 02:35:56  INFO        analyze_trip_agg                      8.97s
2026-07-26 02:35:56  INFO        analyze_alerts                       32.67s
2026-07-26 02:35:56  INFO        total                               243.05s
2026-07-26 02:35:56  INFO      Reports written to: /root/code/algorithms/app/scripts/camera/trip_agg_analysis_script/output/2026-07-24/632578958264631296
