2026-09-28 02:32:08  INFO      === Starting analysis for account: 649034868264558592 ===
2026-09-28 02:32:08  INFO      Account name: RajRatan Travels
2026-09-28 02:32:09  INFO      [1/1] Fetching trip_agg for account: 649034868264558592
2026-09-28 02:32:09  INFO      Fetching vehicle page: 1
2026-09-28 02:32:09  INFO      Total vehicles collected for account 649034868264558592: 131
2026-09-28 02:32:13  INFO      Total trips collected for account 649034868264558592: 288
2026-09-28 02:36:56  ERROR     Request failed after 3 attempts: http://internal-apis.intangles.com/trip/aggregated?account_id=649034868264558592&pnum=5&psize=100&start_time=1790380800000&end_time=1790467199000 | error: 504 Server Error: Gateway Time-out for url: http://internal-apis.intangles.com/trip/aggregated?account_id=649034868264558592&pnum=5&psize=100&start_time=1790380800000&end_time=1790467199000
2026-09-28 02:36:56  WARNING     page 5 failed (1/3 consecutive)
2026-09-28 02:36:57  INFO        account 649034868264558592: fetched 400 records (6 pages)
2026-09-28 02:36:57  INFO      Total trip-agg records collected across 1 accounts: 400
2026-09-28 02:37:00  WARNING   Alert count fetch failed for 288/288 trips
2026-09-28 02:37:00  INFO      Summary written to: /root/code/algorithms/app/scripts/camera/trip_agg_analysis_script/output/2026-09-26/649034868264558592/summary.json
2026-09-28 02:37:00  INFO      ===== Trip Aggregation Analysis Summary =====
2026-09-28 02:37:00  INFO      Trips after merge/filters: 145
2026-09-28 02:37:00  INFO      Completely processed trips: 145
2026-09-28 02:37:00  INFO      Missing trips in trip_agg: 0
2026-09-28 02:37:00  INFO      Unbroken unmatched trips: 0
2026-09-28 02:37:00  INFO      Broken unmatched trips: 14
2026-09-28 02:37:00  INFO      ----- Step Timings -----
2026-09-28 02:37:00  INFO        fetch_accounts_with_access            0.02s
2026-09-28 02:37:00  INFO        fetch_trip_agg_data                 288.72s
2026-09-28 02:37:00  INFO        get_trips_for_account                 4.47s
2026-09-28 02:37:00  INFO        prepare_dataframes                    0.02s
2026-09-28 02:37:00  INFO        analyze_trip_agg                      1.09s
2026-09-28 02:37:00  INFO        analyze_alerts                        2.03s
2026-09-28 02:37:00  INFO        total                               296.34s
2026-09-28 02:37:00  INFO      Reports written to: /root/code/algorithms/app/scripts/camera/trip_agg_analysis_script/output/2026-09-26/649034868264558592
