2026-07-13 02:30:12  INFO      === Starting analysis for account: 649034868264558592 ===
2026-07-13 02:30:12  INFO      Account name: RajRatan Travels
2026-07-13 02:30:12  INFO      Fetching trip_agg page: 1
2026-07-13 02:30:12  INFO      Fetching vehicle page: 1
2026-07-13 02:30:14  INFO      Total vehicles collected for account 649034868264558592: 128
2026-07-13 02:30:20  INFO      Total trips collected for account 649034868264558592: 290
2026-07-13 02:33:13  ERROR     Request failed after 3 attempts: http://internal-apis.intangles.com/trip/aggregated?account_id=649034868264558592&pnum=1&psize=500&start_time=1783728000000&end_time=1783814399000 | error: HTTPConnectionPool(host='internal-apis.intangles.com', port=80): Read timed out. (read timeout=60)
2026-07-13 02:33:13  WARNING   Skipping failed trip_agg page 1 (1/3)
2026-07-13 02:33:13  INFO      Fetching trip_agg page: 2
2026-07-13 02:33:19  INFO      Total trip-agg records collected: 0
2026-07-13 02:33:20  INFO      Summary written to: /root/code/algorithms/app/scripts/camera/trip_agg_analysis_script/output/2026-07-11/649034868264558592/summary.json
2026-07-13 02:33:20  INFO      ===== Trip Aggregation Analysis Summary =====
2026-07-13 02:33:20  INFO      Trips after merge/filters: 0
2026-07-13 02:33:20  INFO      Completely processed trips: 0
2026-07-13 02:33:20  INFO      Missing trips in trip_agg: 0
2026-07-13 02:33:20  INFO      Unbroken unmatched trips: 0
2026-07-13 02:33:20  INFO      Broken unmatched trips: 0
2026-07-13 02:33:20  INFO      ----- Step Timings -----
2026-07-13 02:33:20  INFO        fetch_trip_agg_data                 187.06s
2026-07-13 02:33:20  INFO        get_trips_for_account                 8.02s
2026-07-13 02:33:20  INFO        prepare_dataframes                    0.02s
2026-07-13 02:33:20  INFO        analyze_trip_agg                      0.00s
2026-07-13 02:33:20  INFO        analyze_alerts                        0.00s
2026-07-13 02:33:20  INFO        total                               195.11s
2026-07-13 02:33:20  INFO      Reports written to: /root/code/algorithms/app/scripts/camera/trip_agg_analysis_script/output/2026-07-11/649034868264558592
