2026-05-10 08:09:46  INFO      === Starting analysis for account: 649034868264558592 ===
2026-05-10 08:09:46  INFO      Account name: RajRatan Travels
2026-05-10 08:09:46  INFO      Fetching trip_agg page: 1
2026-05-10 08:09:46  INFO      Fetching vehicle page: 1
2026-05-10 08:09:46  INFO      Total vehicles collected for account 649034868264558592: 126
2026-05-10 08:09:47  INFO      Total trips collected for account 649034868264558592: 312
2026-05-10 08:10:06  INFO      Total trip-agg records collected: 443
2026-05-10 08:10:07  WARNING   Alert count fetch failed for 312/312 trips
2026-05-10 08:10:07  INFO      Summary written to: /root/code/algorithms/app/scripts/camera/trip_agg_analysis_script/output/2026-05-08/649034868264558592/summary.json
2026-05-10 08:10:07  INFO      ===== Trip Aggregation Analysis Summary =====
2026-05-10 08:10:07  INFO      Trips after merge/filters: 170
2026-05-10 08:10:07  INFO      Completely processed trips: 170
2026-05-10 08:10:07  INFO      Missing trips in trip_agg: 0
2026-05-10 08:10:07  INFO      Unbroken unmatched trips: 0
2026-05-10 08:10:07  INFO      Broken unmatched trips: 3
2026-05-10 08:10:07  INFO      ----- Step Timings -----
2026-05-10 08:10:07  INFO        fetch_trip_agg_data                  19.81s
2026-05-10 08:10:07  INFO        get_trips_for_account                 1.19s
2026-05-10 08:10:07  INFO        prepare_dataframes                    0.02s
2026-05-10 08:10:07  INFO        analyze_trip_agg                      0.43s
2026-05-10 08:10:07  INFO        analyze_alerts                        1.11s
2026-05-10 08:10:07  INFO        total                                22.56s
2026-05-10 08:10:07  INFO      Reports written to: /root/code/algorithms/app/scripts/camera/trip_agg_analysis_script/output/2026-05-08/649034868264558592
