2026-07-09 11:17:15  INFO      === Starting analysis for account: 649034868264558592 ===
2026-07-09 11:17:15  INFO      Account name: RajRatan Travels
2026-07-09 11:17:15  INFO      Fetching trip_agg page: 1
2026-07-09 11:17:15  INFO      Fetching vehicle page: 1
2026-07-09 11:17:16  INFO      Total vehicles collected for account 649034868264558592: 128
2026-07-09 11:17:19  INFO      Total trips collected for account 649034868264558592: 318
2026-07-09 11:17:20  INFO      Total trip-agg records collected: 442
2026-07-09 11:17:24  INFO      Summary written to: /root/code/algorithms/app/scripts/camera/trip_agg_analysis_script/output/2026-07-07/649034868264558592/summary.json
2026-07-09 11:17:24  INFO      ===== Trip Aggregation Analysis Summary =====
2026-07-09 11:17:24  INFO      Trips after merge/filters: 160
2026-07-09 11:17:24  INFO      Completely processed trips: 160
2026-07-09 11:17:24  INFO      Missing trips in trip_agg: 0
2026-07-09 11:17:24  INFO      Unbroken unmatched trips: 0
2026-07-09 11:17:24  INFO      Broken unmatched trips: 7
2026-07-09 11:17:24  INFO      Top alert mismatches:
         alert_name  mismatch_count  total_joined_trips  mismatch_pct
 distracted_driving               0                 318           0.0
         drowsiness               0                 318           0.0
emergency_recording               0                 318           0.0
        eyes_closed               0                 318           0.0
                fcw               0                 318           0.0
2026-07-09 11:17:24  INFO      ----- Step Timings -----
2026-07-09 11:17:24  INFO        fetch_trip_agg_data                   4.73s
2026-07-09 11:17:24  INFO        get_trips_for_account                 3.82s
2026-07-09 11:17:24  INFO        prepare_dataframes                    0.05s
2026-07-09 11:17:24  INFO        analyze_trip_agg                      0.83s
2026-07-09 11:17:24  INFO        analyze_alerts                        3.60s
2026-07-09 11:17:24  INFO        total                                13.02s
2026-07-09 11:17:24  INFO      Reports written to: /root/code/algorithms/app/scripts/camera/trip_agg_analysis_script/output/2026-07-07/649034868264558592
