2026-09-07 02:42:42  INFO      === Starting analysis for account: 642689989225816064 ===
2026-09-07 02:42:42  INFO      Account name: Indore Intercity
2026-09-07 02:42:42  INFO      [1/1] Fetching trip_agg for account: 642689989225816064
2026-09-07 02:42:42  INFO      Fetching vehicle page: 1
2026-09-07 02:42:43  INFO      Total vehicles collected for account 642689989225816064: 230
2026-09-07 02:42:46  INFO      Total trips collected for account 642689989225816064: 746
2026-09-07 02:43:05  INFO        account 642689989225816064: fetched 799 records (8 pages)
2026-09-07 02:43:05  INFO      Total trip-agg records collected across 1 accounts: 799
2026-09-07 02:43:09  WARNING   Alert count fetch failed for 746/746 trips
2026-09-07 02:43:09  INFO      Summary written to: /root/code/algorithms/app/scripts/camera/trip_agg_analysis_script/output/2026-09-05/642689989225816064/summary.json
2026-09-07 02:43:09  INFO      ===== Trip Aggregation Analysis Summary =====
2026-09-07 02:43:09  INFO      Trips after merge/filters: 319
2026-09-07 02:43:09  INFO      Completely processed trips: 319
2026-09-07 02:43:09  INFO      Missing trips in trip_agg: 0
2026-09-07 02:43:09  INFO      Unbroken unmatched trips: 0
2026-09-07 02:43:09  INFO      Broken unmatched trips: 13
2026-09-07 02:43:09  INFO      ----- Step Timings -----
2026-09-07 02:43:09  INFO        fetch_accounts_with_access            0.01s
2026-09-07 02:43:09  INFO        fetch_trip_agg_data                  23.17s
2026-09-07 02:43:09  INFO        get_trips_for_account                 3.76s
2026-09-07 02:43:09  INFO        prepare_dataframes                    0.02s
2026-09-07 02:43:09  INFO        analyze_trip_agg                      1.29s
2026-09-07 02:43:09  INFO        analyze_alerts                        2.12s
2026-09-07 02:43:09  INFO        total                                30.38s
2026-09-07 02:43:09  INFO      Reports written to: /root/code/algorithms/app/scripts/camera/trip_agg_analysis_script/output/2026-09-05/642689989225816064
