2026-08-06 02:40:29  INFO      === Starting analysis for account: 642689989225816064 ===
2026-08-06 02:40:29  INFO      Account name: Indore Intercity
2026-08-06 02:40:29  INFO      Resolved 7 accounts_with_access for 642689989225816064
2026-08-06 02:40:29  INFO      [1/7] Fetching trip_agg for account: 475691480292397056
2026-08-06 02:40:29  INFO      Fetching vehicle page: 1
2026-08-06 02:40:45  INFO        account 475691480292397056: fetched 0 records (1 pages)
2026-08-06 02:40:45  INFO      [2/7] Fetching trip_agg for account: 642689989225816064
2026-08-06 02:40:46  INFO      Total vehicles collected for account 642689989225816064: 229
2026-08-06 02:41:46  INFO      Total trips collected for account 642689989225816064: 820
2026-08-06 02:42:12  INFO        account 642689989225816064: fetched 866 records (9 pages)
2026-08-06 02:42:12  INFO      [3/7] Fetching trip_agg for account: 907977166128414720
2026-08-06 02:42:13  INFO        account 907977166128414720: fetched 0 records (1 pages)
2026-08-06 02:42:13  INFO      [4/7] Fetching trip_agg for account: 1128685188746838016
2026-08-06 02:42:13  INFO        account 1128685188746838016: fetched 0 records (1 pages)
2026-08-06 02:42:13  INFO      [5/7] Fetching trip_agg for account: 1520500634065829888
2026-08-06 02:42:13  INFO        account 1520500634065829888: fetched 0 records (1 pages)
2026-08-06 02:42:13  INFO      [6/7] Fetching trip_agg for account: 1520501245561798656
2026-08-06 02:42:17  INFO        account 1520501245561798656: fetched 0 records (1 pages)
2026-08-06 02:42:17  INFO      [7/7] Fetching trip_agg for account: 1536063812182999040
2026-08-06 02:42:17  INFO        account 1536063812182999040: fetched 0 records (1 pages)
2026-08-06 02:42:17  INFO      Total trip-agg records collected across 7 accounts: 866
2026-08-06 02:42:19  INFO      Attempting second-pass fetch for 19 missing trips by trip_id
2026-08-06 02:42:19  INFO      Second-pass recovered 19 missing trips, 0 still missing
2026-08-06 02:42:22  INFO      Summary written to: /root/code/algorithms/app/scripts/camera/trip_agg_analysis_script/output/2026-08-04/642689989225816064/summary.json
2026-08-06 02:42:22  INFO      ===== Trip Aggregation Analysis Summary =====
2026-08-06 02:42:22  INFO      Trips after merge/filters: 395
2026-08-06 02:42:22  INFO      Completely processed trips: 395
2026-08-06 02:42:22  INFO      Missing trips in trip_agg: 0
2026-08-06 02:42:22  INFO      Unbroken unmatched trips: 0
2026-08-06 02:42:22  INFO      Broken unmatched trips: 23
2026-08-06 02:42:22  INFO      Top alert mismatches:
         alert_name  mismatch_count  total_joined_trips  mismatch_pct
                fcw               1                 820          0.12
 distracted_driving               0                 820          0.00
         drowsiness               0                 820          0.00
emergency_recording               0                 820          0.00
        eyes_closed               0                 820          0.00
2026-08-06 02:42:22  INFO      ----- Step Timings -----
2026-08-06 02:42:22  INFO        fetch_accounts_with_access            0.02s
2026-08-06 02:42:22  INFO        fetch_trip_agg_data                 107.98s
2026-08-06 02:42:22  INFO        get_trips_for_account                76.63s
2026-08-06 02:42:22  INFO        prepare_dataframes                    0.03s
2026-08-06 02:42:22  INFO        analyze_trip_agg                      1.31s
2026-08-06 02:42:22  INFO        analyze_alerts                        3.03s
2026-08-06 02:42:22  INFO        total                               189.00s
2026-08-06 02:42:22  INFO      Reports written to: /root/code/algorithms/app/scripts/camera/trip_agg_analysis_script/output/2026-08-04/642689989225816064
