2026-09-12 03:08:10  INFO      === Starting analysis for account: 649034868264558592 ===
2026-09-12 03:08:10  INFO      Account name: RajRatan Travels
2026-09-12 03:08:10  INFO      [1/1] Fetching trip_agg for account: 649034868264558592
2026-09-12 03:08:10  INFO      Fetching vehicle page: 1
2026-09-12 03:08:10  INFO      Total vehicles collected for account 649034868264558592: 128
2026-09-12 03:09:09  INFO      Total trips collected for account 649034868264558592: 588
2026-09-12 03:10:15  INFO        account 649034868264558592: fetched 752 records (8 pages)
2026-09-12 03:10:15  INFO      Total trip-agg records collected across 1 accounts: 752
2026-09-12 03:10:18  WARNING   Alert count fetch failed for 588/588 trips
2026-09-12 03:10:18  INFO      Summary written to: /root/code/algorithms/app/scripts/camera/trip_agg_analysis_script/output/2026-09-10/649034868264558592/summary.json
2026-09-12 03:10:18  INFO      ===== Trip Aggregation Analysis Summary =====
2026-09-12 03:10:18  INFO      Trips after merge/filters: 315
2026-09-12 03:10:18  INFO      Completely processed trips: 315
2026-09-12 03:10:18  INFO      Missing trips in trip_agg: 0
2026-09-12 03:10:18  INFO      Unbroken unmatched trips: 0
2026-09-12 03:10:18  INFO      Broken unmatched trips: 21
2026-09-12 03:10:18  INFO      ----- Step Timings -----
2026-09-12 03:10:18  INFO        fetch_accounts_with_access            0.05s
2026-09-12 03:10:18  INFO        fetch_trip_agg_data                 125.76s
2026-09-12 03:10:18  INFO        get_trips_for_account                59.72s
2026-09-12 03:10:18  INFO        prepare_dataframes                    0.02s
2026-09-12 03:10:18  INFO        analyze_trip_agg                      1.03s
2026-09-12 03:10:18  INFO        analyze_alerts                        2.02s
2026-09-12 03:10:18  INFO        total                               188.60s
2026-09-12 03:10:18  INFO      Reports written to: /root/code/algorithms/app/scripts/camera/trip_agg_analysis_script/output/2026-09-10/649034868264558592
