2026-05-05 08:02:12  INFO      === Starting analysis for account: 649034868264558592 ===
2026-05-05 08:02:12  INFO      Account name: RajRatan Travels
2026-05-05 08:02:12  INFO      Fetching trip_agg page: 1
2026-05-05 08:02:12  INFO      Fetching vehicle page: 1
2026-05-05 08:02:12  INFO      Total vehicles collected for account 649034868264558592: 122
2026-05-05 08:02:14  INFO      Total trips collected for account 649034868264558592: 271
2026-05-05 08:04:00  INFO      Total trip-agg records collected: 388
2026-05-05 08:04:03  INFO      Summary written to: /root/code/algorithms/app/scripts/camera/trip_agg_analysis_script/output/2026-05-03/649034868264558592/summary.json
2026-05-05 08:04:03  INFO      ===== Trip Aggregation Analysis Summary =====
2026-05-05 08:04:03  INFO      Trips after merge/filters: 145
2026-05-05 08:04:03  INFO      Completely processed trips: 145
2026-05-05 08:04:03  INFO      Missing trips in trip_agg: 0
2026-05-05 08:04:03  INFO      Unbroken unmatched trips: 0
2026-05-05 08:04:03  INFO      Broken unmatched trips: 1
2026-05-05 08:04:03  INFO      Top alert mismatches:
         alert_name  mismatch_count  total_joined_trips  mismatch_pct
         over_speed               2                 271          0.74
 distracted_driving               0                 271          0.00
         drowsiness               0                 271          0.00
emergency_recording               0                 271          0.00
        eyes_closed               0                 271          0.00
2026-05-05 08:04:03  INFO      ----- Step Timings -----
2026-05-05 08:04:03  INFO        fetch_trip_agg_data                 108.67s
2026-05-05 08:04:03  INFO        get_trips_for_account                 2.67s
2026-05-05 08:04:03  INFO        prepare_dataframes                    0.02s
2026-05-05 08:04:03  INFO        analyze_trip_agg                      0.38s
2026-05-05 08:04:03  INFO        analyze_alerts                        2.60s
2026-05-05 08:04:03  INFO        total                               114.34s
2026-05-05 08:04:03  INFO      Reports written to: /root/code/algorithms/app/scripts/camera/trip_agg_analysis_script/output/2026-05-03/649034868264558592
