2026-08-31 02:44:38  INFO      === Starting analysis for account: 1205841794575630336 ===
2026-08-31 02:44:38  INFO      Account name: Chartered Speed-OSRTC
2026-08-31 02:44:38  INFO      [1/1] Fetching trip_agg for account: 1205841794575630336
2026-08-31 02:44:38  INFO      Fetching vehicle page: 1
2026-08-31 02:44:38  INFO      Fetching vehicle page: 2
2026-08-31 02:44:38  INFO      Fetching vehicle page: 3
2026-08-31 02:44:38  INFO      Total vehicles collected for account 1205841794575630336: 1184
2026-08-31 02:44:50  INFO      Total trips collected for account 1205841794575630336: 8430
2026-08-31 02:49:15  INFO        account 1205841794575630336: fetched 8558 records (86 pages)
2026-08-31 02:49:15  INFO      Total trip-agg records collected across 1 accounts: 8558
2026-08-31 02:50:17  WARNING   Alert count fetch failed for 8430/8430 trips
2026-08-31 02:50:18  INFO      Summary written to: /root/code/algorithms/app/scripts/camera/trip_agg_analysis_script/output/2026-08-29/1205841794575630336/summary.json
2026-08-31 02:50:18  INFO      ===== Trip Aggregation Analysis Summary =====
2026-08-31 02:50:18  INFO      Trips after merge/filters: 7012
2026-08-31 02:50:18  INFO      Completely processed trips: 7007
2026-08-31 02:50:18  INFO      Missing trips in trip_agg: 0
2026-08-31 02:50:18  INFO      Unbroken unmatched trips: 0
2026-08-31 02:50:18  INFO      Broken unmatched trips: 20
2026-08-31 02:50:18  INFO      ----- Step Timings -----
2026-08-31 02:50:18  INFO        fetch_accounts_with_access            0.01s
2026-08-31 02:50:18  INFO        fetch_trip_agg_data                 277.59s
2026-08-31 02:50:18  INFO        get_trips_for_account                12.74s
2026-08-31 02:50:18  INFO        prepare_dataframes                    0.28s
2026-08-31 02:50:18  INFO        analyze_trip_agg                     10.89s
2026-08-31 02:50:18  INFO        analyze_alerts                       50.93s
2026-08-31 02:50:18  INFO        total                               352.45s
2026-08-31 02:50:18  INFO      Reports written to: /root/code/algorithms/app/scripts/camera/trip_agg_analysis_script/output/2026-08-29/1205841794575630336
