2026-06-29 13:45:58  INFO      === Starting analysis for account: 649034868264558592 ===
2026-06-29 13:45:58  INFO      Account name: RajRatan Travels
2026-06-29 13:45:58  INFO      Fetching trip_agg page: 1
2026-06-29 13:45:58  INFO      Fetching vehicle page: 1
2026-06-29 13:45:59  INFO      Total vehicles collected for account 649034868264558592: 128
2026-06-29 13:46:00  INFO      Total trips collected for account 649034868264558592: 323
2026-06-29 13:48:58  ERROR     Request failed after 3 attempts: http://internal-apis.intangles.com/trip/aggregated?account_id=649034868264558592&pnum=1&psize=500&start_time=1782498600000&end_time=1782584999000 | error: HTTPConnectionPool(host='internal-apis.intangles.com', port=80): Read timed out. (read timeout=60)
2026-06-29 13:48:58  WARNING   Skipping failed trip_agg page 1 (1/3)
2026-06-29 13:48:58  INFO      Fetching trip_agg page: 2
2026-06-29 13:48:58  INFO      Total trip-agg records collected: 0
2026-06-29 13:48:58  INFO      Summary written to: /root/code/algorithms/app/scripts/camera/trip_agg_analysis_script/output/2026-06-27/649034868264558592/summary.json
2026-06-29 13:48:58  INFO      ===== Trip Aggregation Analysis Summary =====
2026-06-29 13:48:58  INFO      Trips after merge/filters: 0
2026-06-29 13:48:58  INFO      Completely processed trips: 0
2026-06-29 13:48:58  INFO      Missing trips in trip_agg: 0
2026-06-29 13:48:58  INFO      Unbroken unmatched trips: 0
2026-06-29 13:48:58  INFO      Broken unmatched trips: 0
2026-06-29 13:48:58  INFO      ----- Step Timings -----
2026-06-29 13:48:58  INFO        fetch_trip_agg_data                 180.59s
2026-06-29 13:48:58  INFO        get_trips_for_account                 2.23s
2026-06-29 13:48:58  INFO        prepare_dataframes                    0.01s
2026-06-29 13:48:58  INFO        analyze_trip_agg                      0.00s
2026-06-29 13:48:58  INFO        analyze_alerts                        0.00s
2026-06-29 13:48:58  INFO        total                               182.82s
2026-06-29 13:48:58  INFO      Reports written to: /root/code/algorithms/app/scripts/camera/trip_agg_analysis_script/output/2026-06-27/649034868264558592
