2026-09-13 02:42:26  INFO      === Starting analysis for account: 642689989225816064 ===
2026-09-13 02:42:26  INFO      Account name: Indore Intercity
2026-09-13 02:42:26  INFO      [1/1] Fetching trip_agg for account: 642689989225816064
2026-09-13 02:42:26  INFO      Fetching vehicle page: 1
2026-09-13 02:42:26  INFO      Total vehicles collected for account 642689989225816064: 230
2026-09-13 02:42:41  INFO      Total trips collected for account 642689989225816064: 607
2026-09-13 02:42:49  INFO        account 642689989225816064: fetched 651 records (7 pages)
2026-09-13 02:42:49  INFO      Total trip-agg records collected across 1 accounts: 651
2026-09-13 02:42:53  WARNING   Alert count fetch failed for 607/607 trips
2026-09-13 02:42:53  INFO      Summary written to: /root/code/algorithms/app/scripts/camera/trip_agg_analysis_script/output/2026-09-11/642689989225816064/summary.json
2026-09-13 02:42:53  INFO      ===== Trip Aggregation Analysis Summary =====
2026-09-13 02:42:53  INFO      Trips after merge/filters: 285
2026-09-13 02:42:53  INFO      Completely processed trips: 285
2026-09-13 02:42:53  INFO      Missing trips in trip_agg: 0
2026-09-13 02:42:53  INFO      Unbroken unmatched trips: 0
2026-09-13 02:42:53  INFO      Broken unmatched trips: 10
2026-09-13 02:42:53  INFO      ----- Step Timings -----
2026-09-13 02:42:53  INFO        fetch_accounts_with_access            0.01s
2026-09-13 02:42:53  INFO        fetch_trip_agg_data                  22.82s
2026-09-13 02:42:53  INFO        get_trips_for_account                14.99s
2026-09-13 02:42:53  INFO        prepare_dataframes                    0.03s
2026-09-13 02:42:53  INFO        analyze_trip_agg                      1.46s
2026-09-13 02:42:53  INFO        analyze_alerts                        3.03s
2026-09-13 02:42:53  INFO        total                                42.35s
2026-09-13 02:42:53  INFO      Reports written to: /root/code/algorithms/app/scripts/camera/trip_agg_analysis_script/output/2026-09-11/642689989225816064
