2026-09-23 02:33:52  INFO      === Starting analysis for account: 649034868264558592 ===
2026-09-23 02:33:52  INFO      Account name: RajRatan Travels
2026-09-23 02:33:52  INFO      [1/1] Fetching trip_agg for account: 649034868264558592
2026-09-23 02:33:52  INFO      Fetching vehicle page: 1
2026-09-23 02:33:53  INFO      Total vehicles collected for account 649034868264558592: 131
2026-09-23 02:34:07  INFO      Total trips collected for account 649034868264558592: 335
2026-09-23 02:38:38  ERROR     Request failed after 3 attempts: http://internal-apis.intangles.com/trip/aggregated?account_id=649034868264558592&pnum=5&psize=100&start_time=1789948800000&end_time=1790035199000 | error: 504 Server Error: Gateway Time-out for url: http://internal-apis.intangles.com/trip/aggregated?account_id=649034868264558592&pnum=5&psize=100&start_time=1789948800000&end_time=1790035199000
2026-09-23 02:38:38  WARNING     page 5 failed (1/3 consecutive)
2026-09-23 02:40:47  INFO        account 649034868264558592: fetched 400 records (6 pages)
2026-09-23 02:40:47  INFO      Total trip-agg records collected across 1 accounts: 400
2026-09-23 02:40:49  INFO      Attempting second-pass fetch for 4 missing trips by trip_id
2026-09-23 02:40:50  INFO      Second-pass recovered 4 missing trips, 0 still missing
2026-09-23 02:40:52  WARNING   Alert count fetch failed for 335/335 trips
2026-09-23 02:40:52  INFO      Summary written to: /root/code/algorithms/app/scripts/camera/trip_agg_analysis_script/output/2026-09-21/649034868264558592/summary.json
2026-09-23 02:40:52  INFO      ===== Trip Aggregation Analysis Summary =====
2026-09-23 02:40:52  INFO      Trips after merge/filters: 154
2026-09-23 02:40:52  INFO      Completely processed trips: 154
2026-09-23 02:40:52  INFO      Missing trips in trip_agg: 0
2026-09-23 02:40:52  INFO      Unbroken unmatched trips: 0
2026-09-23 02:40:52  INFO      Broken unmatched trips: 12
2026-09-23 02:40:52  INFO      ----- Step Timings -----
2026-09-23 02:40:52  INFO        fetch_accounts_with_access            0.03s
2026-09-23 02:40:52  INFO        fetch_trip_agg_data                 414.37s
2026-09-23 02:40:52  INFO        get_trips_for_account                14.63s
2026-09-23 02:40:52  INFO        prepare_dataframes                    0.04s
2026-09-23 02:40:52  INFO        analyze_trip_agg                      3.08s
2026-09-23 02:40:52  INFO        analyze_alerts                        2.49s
2026-09-23 02:40:52  INFO        total                               434.65s
2026-09-23 02:40:52  INFO      Reports written to: /root/code/algorithms/app/scripts/camera/trip_agg_analysis_script/output/2026-09-21/649034868264558592
