2026-09-14 02:41:53  INFO      === Starting analysis for account: 1205841794575630336 ===
2026-09-14 02:41:53  INFO      Account name: Chartered Speed-OSRTC
2026-09-14 02:41:53  INFO      [1/1] Fetching trip_agg for account: 1205841794575630336
2026-09-14 02:41:53  INFO      Fetching vehicle page: 1
2026-09-14 02:41:53  INFO      Fetching vehicle page: 2
2026-09-14 02:41:55  INFO      Fetching vehicle page: 3
2026-09-14 02:41:55  INFO      Total vehicles collected for account 1205841794575630336: 1184
2026-09-14 02:42:09  INFO      Total trips collected for account 1205841794575630336: 8220
2026-09-14 02:47:30  INFO        account 1205841794575630336: fetched 8314 records (84 pages)
2026-09-14 02:47:30  INFO      Total trip-agg records collected across 1 accounts: 8314
2026-09-14 02:48:07  WARNING   Alert count fetch failed for 8220/8220 trips
2026-09-14 02:48:07  INFO      Summary written to: /root/code/algorithms/app/scripts/camera/trip_agg_analysis_script/output/2026-09-12/1205841794575630336/summary.json
2026-09-14 02:48:07  INFO      ===== Trip Aggregation Analysis Summary =====
2026-09-14 02:48:07  INFO      Trips after merge/filters: 6818
2026-09-14 02:48:07  INFO      Completely processed trips: 6813
2026-09-14 02:48:07  INFO      Missing trips in trip_agg: 0
2026-09-14 02:48:07  INFO      Unbroken unmatched trips: 0
2026-09-14 02:48:07  INFO      Broken unmatched trips: 23
2026-09-14 02:48:07  INFO      ----- Step Timings -----
2026-09-14 02:48:07  INFO        fetch_accounts_with_access            0.01s
2026-09-14 02:48:07  INFO        fetch_trip_agg_data                 336.95s
2026-09-14 02:48:07  INFO        get_trips_for_account                16.00s
2026-09-14 02:48:07  INFO        prepare_dataframes                    0.22s
2026-09-14 02:48:07  INFO        analyze_trip_agg                     11.73s
2026-09-14 02:48:07  INFO        analyze_alerts                       24.89s
2026-09-14 02:48:07  INFO        total                               389.81s
2026-09-14 02:48:07  INFO      Reports written to: /root/code/algorithms/app/scripts/camera/trip_agg_analysis_script/output/2026-09-12/1205841794575630336
