2026-09-08 02:31:11  INFO      === Starting analysis for account: 649034868264558592 ===
2026-09-08 02:31:11  INFO      Account name: RajRatan Travels
2026-09-08 02:31:11  INFO      [1/1] Fetching trip_agg for account: 649034868264558592
2026-09-08 02:31:11  INFO      Fetching vehicle page: 1
2026-09-08 02:31:11  INFO      Total vehicles collected for account 649034868264558592: 128
2026-09-08 02:31:15  INFO      Total trips collected for account 649034868264558592: 312
2026-09-08 02:35:48  ERROR     Request failed after 3 attempts: http://internal-apis.intangles.com/trip/aggregated?account_id=649034868264558592&pnum=5&psize=100&start_time=1788652800000&end_time=1788739199000 | error: 504 Server Error: Gateway Time-out for url: http://internal-apis.intangles.com/trip/aggregated?account_id=649034868264558592&pnum=5&psize=100&start_time=1788652800000&end_time=1788739199000
2026-09-08 02:35:48  WARNING     page 5 failed (1/3 consecutive)
2026-09-08 02:35:49  INFO        account 649034868264558592: fetched 400 records (6 pages)
2026-09-08 02:35:49  INFO      Total trip-agg records collected across 1 accounts: 400
2026-09-08 02:35:54  WARNING   Alert count fetch failed for 312/312 trips
2026-09-08 02:35:54  INFO      Summary written to: /root/code/algorithms/app/scripts/camera/trip_agg_analysis_script/output/2026-09-06/649034868264558592/summary.json
2026-09-08 02:35:54  INFO      ===== Trip Aggregation Analysis Summary =====
2026-09-08 02:35:54  INFO      Trips after merge/filters: 173
2026-09-08 02:35:54  INFO      Completely processed trips: 172
2026-09-08 02:35:54  INFO      Missing trips in trip_agg: 0
2026-09-08 02:35:54  INFO      Unbroken unmatched trips: 0
2026-09-08 02:35:54  INFO      Broken unmatched trips: 13
2026-09-08 02:35:54  INFO      ----- Step Timings -----
2026-09-08 02:35:54  INFO        fetch_accounts_with_access            0.02s
2026-09-08 02:35:54  INFO        fetch_trip_agg_data                 278.93s
2026-09-08 02:35:54  INFO        get_trips_for_account                 4.86s
2026-09-08 02:35:54  INFO        prepare_dataframes                    0.01s
2026-09-08 02:35:54  INFO        analyze_trip_agg                      1.19s
2026-09-08 02:35:54  INFO        analyze_alerts                        3.04s
2026-09-08 02:35:54  INFO        total                               288.05s
2026-09-08 02:35:54  INFO      Reports written to: /root/code/algorithms/app/scripts/camera/trip_agg_analysis_script/output/2026-09-06/649034868264558592
