2026-04-14 08:06:16  INFO      === Starting analysis for account: 632578958264631296 ===
2026-04-14 08:06:16  INFO      Account name: K M Translogistics  Pvt Ltd ( KMT)
2026-04-14 08:06:16  INFO      Fetching trip_agg page: 1
2026-04-14 08:06:16  INFO      Fetching vehicle page: 1
2026-04-14 08:06:16  INFO      Fetching vehicle page: 2
2026-04-14 08:06:16  INFO      Fetching vehicle page: 3
2026-04-14 08:06:17  INFO      Fetching vehicle page: 4
2026-04-14 08:06:18  INFO      Total vehicles collected for account 632578958264631296: 1906
2026-04-14 08:06:18  INFO      Fetching trip_agg page: 2
2026-04-14 08:06:21  INFO      Fetching trip_agg page: 3
2026-04-14 08:06:22  INFO      Fetching trip_agg page: 4
2026-04-14 08:06:22  INFO      Fetching trip_agg page: 5
2026-04-14 08:06:23  INFO      Fetching trip_agg page: 6
2026-04-14 08:06:24  INFO      Fetching trip_agg page: 7
2026-04-14 08:06:25  INFO      Fetching trip_agg page: 8
2026-04-14 08:06:27  INFO      Fetching trip_agg page: 9
2026-04-14 08:06:28  INFO      Fetching trip_agg page: 10
2026-04-14 08:06:30  INFO      Total trip-agg records collected: 4593
2026-04-14 08:06:51  INFO      Total trips collected for account 632578958264631296: 4600
2026-04-14 08:07:31  INFO      Summary written to: /root/code/algorithms/app/scripts/camera/trip_agg_analysis_script/output/2026-04-12/632578958264631296/summary.json
2026-04-14 08:07:31  INFO      ===== Trip Aggregation Analysis Summary =====
2026-04-14 08:07:31  INFO      Trips after merge/filters: 2353
2026-04-14 08:07:31  INFO      Completely processed trips: 2353
2026-04-14 08:07:31  INFO      Missing trips in trip_agg: 38
2026-04-14 08:07:31  INFO      Unbroken unmatched trips: 0
2026-04-14 08:07:31  INFO      Broken unmatched trips: 0
2026-04-14 08:07:31  INFO      Top alert mismatches:
         alert_name  mismatch_count  total_joined_trips  mismatch_pct
unscheduled_driving               5                4562          0.11
         fuel_chori               3                4562          0.07
             idling               1                4562          0.02
         over_speed               1                4562          0.02
            freerun               0                4562          0.00
2026-04-14 08:07:31  INFO      ----- Step Timings -----
2026-04-14 08:07:31  INFO        fetch_trip_agg_data                  14.73s
2026-04-14 08:07:31  INFO        get_trips_for_account                35.46s
2026-04-14 08:07:31  INFO        prepare_dataframes                    0.26s
2026-04-14 08:07:31  INFO        analyze_trip_agg                      0.12s
2026-04-14 08:07:31  INFO        analyze_alerts                       39.08s
2026-04-14 08:07:31  INFO        total                                89.65s
2026-04-14 08:07:31  INFO      Reports written to: /root/code/algorithms/app/scripts/camera/trip_agg_analysis_script/output/2026-04-12/632578958264631296
