2026-09-29 02:43:47  INFO      === Starting analysis for account: 1205841794575630336 ===
2026-09-29 02:43:47  INFO      Account name: Chartered Speed-OSRTC
2026-09-29 02:43:47  INFO      [1/1] Fetching trip_agg for account: 1205841794575630336
2026-09-29 02:43:47  INFO      Fetching vehicle page: 1
2026-09-29 02:43:48  INFO      Fetching vehicle page: 2
2026-09-29 02:43:48  INFO      Fetching vehicle page: 3
2026-09-29 02:43:48  INFO      Total vehicles collected for account 1205841794575630336: 1184
2026-09-29 02:44:21  INFO      Total trips collected for account 1205841794575630336: 7956
2026-09-29 02:50:33  INFO        account 1205841794575630336: fetched 8046 records (81 pages)
2026-09-29 02:50:33  INFO      Total trip-agg records collected across 1 accounts: 8046
2026-09-29 02:51:14  WARNING   Alert count fetch failed for 7956/7956 trips
2026-09-29 02:51:14  INFO      Summary written to: /root/code/algorithms/app/scripts/camera/trip_agg_analysis_script/output/2026-09-27/1205841794575630336/summary.json
2026-09-29 02:51:14  INFO      ===== Trip Aggregation Analysis Summary =====
2026-09-29 02:51:14  INFO      Trips after merge/filters: 6704
2026-09-29 02:51:14  INFO      Completely processed trips: 6694
2026-09-29 02:51:14  INFO      Missing trips in trip_agg: 0
2026-09-29 02:51:14  INFO      Unbroken unmatched trips: 0
2026-09-29 02:51:14  INFO      Broken unmatched trips: 11
2026-09-29 02:51:14  INFO      ----- Step Timings -----
2026-09-29 02:51:14  INFO        fetch_accounts_with_access            0.01s
2026-09-29 02:51:14  INFO        fetch_trip_agg_data                 405.96s
2026-09-29 02:51:14  INFO        get_trips_for_account                33.61s
2026-09-29 02:51:14  INFO        prepare_dataframes                    0.21s
2026-09-29 02:51:14  INFO        analyze_trip_agg                     14.49s
2026-09-29 02:51:14  INFO        analyze_alerts                       26.13s
2026-09-29 02:51:14  INFO        total                               480.41s
2026-09-29 02:51:14  INFO      Reports written to: /root/code/algorithms/app/scripts/camera/trip_agg_analysis_script/output/2026-09-27/1205841794575630336
