2026-08-21 02:30:05  INFO      === Starting analysis for account: 649034868264558592 ===
2026-08-21 02:30:05  INFO      Account name: RajRatan Travels
2026-08-21 02:30:05  INFO      [1/1] Fetching trip_agg for account: 649034868264558592
2026-08-21 02:30:05  INFO      Fetching vehicle page: 1
2026-08-21 02:30:05  INFO      Total vehicles collected for account 649034868264558592: 128
2026-08-21 02:30:07  INFO      Total trips collected for account 649034868264558592: 381
2026-08-21 02:31:33  INFO        account 649034868264558592: fetched 522 records (6 pages)
2026-08-21 02:31:33  INFO      Total trip-agg records collected across 1 accounts: 522
2026-08-21 02:31:36  WARNING   Alert count fetch failed for 381/381 trips
2026-08-21 02:31:36  INFO      Summary written to: /root/code/algorithms/app/scripts/camera/trip_agg_analysis_script/output/2026-08-19/649034868264558592/summary.json
2026-08-21 02:31:36  INFO      ===== Trip Aggregation Analysis Summary =====
2026-08-21 02:31:36  INFO      Trips after merge/filters: 216
2026-08-21 02:31:36  INFO      Completely processed trips: 216
2026-08-21 02:31:36  INFO      Missing trips in trip_agg: 0
2026-08-21 02:31:36  INFO      Unbroken unmatched trips: 0
2026-08-21 02:31:36  INFO      Broken unmatched trips: 16
2026-08-21 02:31:36  INFO      ----- Step Timings -----
2026-08-21 02:31:36  INFO        fetch_accounts_with_access            0.02s
2026-08-21 02:31:36  INFO        fetch_trip_agg_data                  87.49s
2026-08-21 02:31:36  INFO        get_trips_for_account                 1.78s
2026-08-21 02:31:36  INFO        prepare_dataframes                    0.03s
2026-08-21 02:31:36  INFO        analyze_trip_agg                      1.12s
2026-08-21 02:31:36  INFO        analyze_alerts                        1.95s
2026-08-21 02:31:36  INFO        total                                92.40s
2026-08-21 02:31:36  INFO      Reports written to: /root/code/algorithms/app/scripts/camera/trip_agg_analysis_script/output/2026-08-19/649034868264558592
