2026-04-05 08:10:45  INFO      === Starting analysis for account: 649034868264558592 ===
2026-04-05 08:10:45  INFO      Account name: RajRatan Travels
2026-04-05 08:10:45  INFO      Fetching trip_agg page: 1
2026-04-05 08:10:45  INFO      Fetching vehicle page: 1
2026-04-05 08:10:46  INFO      Total vehicles collected for account 649034868264558592: 118
2026-04-05 08:10:47  INFO      Total trips collected for account 649034868264558592: 297
2026-04-05 08:10:59  INFO      Total trip-agg records collected: 393
2026-04-05 08:11:01  INFO      Summary written to: /root/code/algorithms/app/scripts/camera/trip_agg_analysis_script/output/2026-04-03/649034868264558592/summary.json
2026-04-05 08:11:01  INFO      ===== Trip Aggregation Analysis Summary =====
2026-04-05 08:11:01  INFO      Trips after merge/filters: 168
2026-04-05 08:11:01  INFO      Completely processed trips: 168
2026-04-05 08:11:01  INFO      Missing trips in trip_agg: 0
2026-04-05 08:11:01  INFO      Unbroken unmatched trips: 0
2026-04-05 08:11:01  INFO      Broken unmatched trips: 3
2026-04-05 08:11:01  INFO      Top alert mismatches:
        alert_name  mismatch_count  total_joined_trips  mismatch_pct
            idling               4                 297          1.35
        over_speed               1                 297          0.34
        fuel_chori               1                 297          0.34
distracted_driving               0                 297          0.00
        drowsiness               0                 297          0.00
2026-04-05 08:11:01  INFO      ----- Step Timings -----
2026-04-05 08:11:01  INFO        fetch_trip_agg_data                  13.54s
2026-04-05 08:11:01  INFO        get_trips_for_account                 1.78s
2026-04-05 08:11:01  INFO        prepare_dataframes                    0.11s
2026-04-05 08:11:01  INFO        analyze_trip_agg                      0.55s
2026-04-05 08:11:01  INFO        analyze_alerts                        1.59s
2026-04-05 08:11:01  INFO        total                                17.58s
2026-04-05 08:11:01  INFO      Reports written to: /root/code/algorithms/app/scripts/camera/trip_agg_analysis_script/output/2026-04-03/649034868264558592
