2026-04-16 08:07:45  INFO      === Starting analysis for account: 632578958264631296 ===
2026-04-16 08:07:45  INFO      Account name: K M Translogistics  Pvt Ltd ( KMT)
2026-04-16 08:07:45  INFO      Fetching trip_agg page: 1
2026-04-16 08:07:45  INFO      Fetching vehicle page: 1
2026-04-16 08:07:46  INFO      Fetching vehicle page: 2
2026-04-16 08:07:48  INFO      Fetching trip_agg page: 2
2026-04-16 08:07:49  INFO      Fetching vehicle page: 3
2026-04-16 08:07:49  INFO      Fetching vehicle page: 4
2026-04-16 08:07:50  INFO      Total vehicles collected for account 632578958264631296: 1906
2026-04-16 08:07:51  INFO      Fetching trip_agg page: 3
2026-04-16 08:07:52  INFO      Fetching trip_agg page: 4
2026-04-16 08:07:53  INFO      Fetching trip_agg page: 5
2026-04-16 08:07:54  INFO      Fetching trip_agg page: 6
2026-04-16 08:07:55  INFO      Fetching trip_agg page: 7
2026-04-16 08:07:59  INFO      Fetching trip_agg page: 8
2026-04-16 08:08:00  INFO      Fetching trip_agg page: 9
2026-04-16 08:08:03  INFO      Fetching trip_agg page: 10
2026-04-16 08:08:06  INFO      Total trip-agg records collected: 4773
2026-04-16 08:08:31  INFO      Total trips collected for account 632578958264631296: 4791
2026-04-16 08:09:38  INFO      Summary written to: /root/code/algorithms/app/scripts/camera/trip_agg_analysis_script/output/2026-04-14/632578958264631296/summary.json
2026-04-16 08:09:38  INFO      ===== Trip Aggregation Analysis Summary =====
2026-04-16 08:09:38  INFO      Trips after merge/filters: 2366
2026-04-16 08:09:38  INFO      Completely processed trips: 2366
2026-04-16 08:09:38  INFO      Missing trips in trip_agg: 43
2026-04-16 08:09:38  INFO      Unbroken unmatched trips: 12
2026-04-16 08:09:38  INFO      Broken unmatched trips: 0
2026-04-16 08:09:38  INFO      Top alert mismatches:
         alert_name  mismatch_count  total_joined_trips  mismatch_pct
             idling              84                4748          1.77
unscheduled_driving              10                4748          0.21
         fuel_chori               3                4748          0.06
       slow_running               1                4748          0.02
         over_speed               0                4748          0.00
2026-04-16 08:09:38  INFO      ----- Step Timings -----
2026-04-16 08:09:38  INFO        fetch_trip_agg_data                  20.33s
2026-04-16 08:09:38  INFO        get_trips_for_account                45.08s
2026-04-16 08:09:38  INFO        prepare_dataframes                    0.49s
2026-04-16 08:09:38  INFO        analyze_trip_agg                      0.28s
2026-04-16 08:09:38  INFO        analyze_alerts                       66.22s
2026-04-16 08:09:38  INFO        total                               132.41s
2026-04-16 08:09:38  INFO      Reports written to: /root/code/algorithms/app/scripts/camera/trip_agg_analysis_script/output/2026-04-14/632578958264631296
