2026-03-15 11:52:53  INFO      === Starting analysis for account: 632578958264631296 ===
2026-03-15 11:52:53  INFO      Account name: K M Translogistics  Pvt Ltd ( KMT)
2026-03-15 11:52:53  INFO      Fetching trip_agg page: 1
2026-03-15 11:52:53  INFO      Fetching vehicle page: 1
2026-03-15 11:52:55  INFO      Fetching vehicle page: 2
2026-03-15 11:52:56  INFO      Fetching vehicle page: 3
2026-03-15 11:52:58  INFO      Fetching vehicle page: 4
2026-03-15 11:52:59  INFO      Total vehicles collected for account 632578958264631296: 1850
2026-03-15 11:53:05  INFO      Fetching trip_agg page: 2
2026-03-15 11:53:08  INFO      Fetching trip_agg page: 3
2026-03-15 11:53:20  INFO      Fetching trip_agg page: 4
2026-03-15 11:53:21  INFO      Fetching trip_agg page: 5
2026-03-15 11:53:23  INFO      Fetching trip_agg page: 6
2026-03-15 11:53:26  INFO      Fetching trip_agg page: 7
2026-03-15 11:53:28  INFO      Fetching trip_agg page: 8
2026-03-15 11:53:32  INFO      Fetching trip_agg page: 9
2026-03-15 11:53:36  INFO      Fetching trip_agg page: 10
2026-03-15 11:53:39  INFO      Fetching trip_agg page: 11
2026-03-15 11:53:46  INFO      Total trip-agg records collected: 5344
2026-03-15 11:54:37  INFO      Total trips collected for account 632578958264631296: 5345
2026-03-15 11:54:37  WARNING   Excluding 1 trips with missing end_time from comparison
2026-03-15 11:56:50  INFO      Summary written to: /Users/satyamsaurav/Intangles/algorithms/trip_agg_analysis_script/output/2026-03-14/632578958264631296/summary.json
2026-03-15 11:56:50  INFO      ===== Trip Aggregation Analysis Summary =====
2026-03-15 11:56:50  INFO      Trips after merge/filters: 2713
2026-03-15 11:56:50  INFO      Completely processed trips: 2713
2026-03-15 11:56:50  INFO      Missing trips in trip_agg: 38
2026-03-15 11:56:50  INFO      Unbroken unmatched trips: 11
2026-03-15 11:56:50  INFO      Broken unmatched trips: 0
2026-03-15 11:56:50  INFO      Top alert mismatches:
         alert_name  mismatch_count  total_joined_trips  mismatch_pct
             idling              66                5306          1.24
unscheduled_driving              11                5306          0.21
       slow_running               3                5306          0.06
         over_speed               1                5306          0.02
         fuel_chori               1                5306          0.02
2026-03-15 11:56:50  INFO      ----- Step Timings -----
2026-03-15 11:56:50  INFO        fetch_trip_agg_data                  52.81s
2026-03-15 11:56:50  INFO        get_trips_for_account               103.80s
2026-03-15 11:56:50  INFO        prepare_dataframes                    0.15s
2026-03-15 11:56:50  INFO        analyze_trip_agg                      0.04s
2026-03-15 11:56:50  INFO        analyze_alerts                      132.79s
2026-03-15 11:56:50  INFO        total                               289.59s
2026-03-15 11:56:50  INFO      Reports written to: /Users/satyamsaurav/Intangles/algorithms/trip_agg_analysis_script/output/2026-03-14/632578958264631296
