2026-05-01 08:05:04  INFO      === Starting analysis for account: 649034868264558592 ===
2026-05-01 08:05:04  INFO      Account name: RajRatan Travels
2026-05-01 08:05:04  INFO      Fetching trip_agg page: 1
2026-05-01 08:05:04  INFO      Fetching vehicle page: 1
2026-05-01 08:05:04  INFO      Total vehicles collected for account 649034868264558592: 122
2026-05-01 08:05:06  INFO      Total trips collected for account 649034868264558592: 272
2026-05-01 08:05:22  INFO      Total trip-agg records collected: 315
2026-05-01 08:05:24  INFO      Summary written to: /root/code/algorithms/app/scripts/camera/trip_agg_analysis_script/output/2026-04-29/649034868264558592/summary.json
2026-05-01 08:05:24  INFO      ===== Trip Aggregation Analysis Summary =====
2026-05-01 08:05:24  INFO      Trips after merge/filters: 107
2026-05-01 08:05:24  INFO      Completely processed trips: 107
2026-05-01 08:05:24  INFO      Missing trips in trip_agg: 78
2026-05-01 08:05:24  INFO      Unbroken unmatched trips: 0
2026-05-01 08:05:24  INFO      Broken unmatched trips: 1
2026-05-01 08:05:24  INFO      Top alert mismatches:
        alert_name  mismatch_count  total_joined_trips  mismatch_pct
            idling               9                 194          4.64
       eyes_closed               1                 194          0.52
               fcw               1                 194          0.52
distracted_driving               0                 194          0.00
        drowsiness               0                 194          0.00
2026-05-01 08:05:24  INFO      ----- Step Timings -----
2026-05-01 08:05:24  INFO        fetch_trip_agg_data                  17.79s
2026-05-01 08:05:24  INFO        get_trips_for_account                 2.46s
2026-05-01 08:05:24  INFO        prepare_dataframes                    0.02s
2026-05-01 08:05:24  INFO        analyze_trip_agg                      0.53s
2026-05-01 08:05:24  INFO        analyze_alerts                        1.69s
2026-05-01 08:05:24  INFO        total                                22.49s
2026-05-01 08:05:24  INFO      Reports written to: /root/code/algorithms/app/scripts/camera/trip_agg_analysis_script/output/2026-04-29/649034868264558592
