2026-08-29 02:39:22  INFO      === Starting analysis for account: 1205841794575630336 ===
2026-08-29 02:39:22  INFO      Account name: Chartered Speed-OSRTC
2026-08-29 02:39:22  INFO      [1/1] Fetching trip_agg for account: 1205841794575630336
2026-08-29 02:39:22  INFO      Fetching vehicle page: 1
2026-08-29 02:39:22  INFO      Fetching vehicle page: 2
2026-08-29 02:39:22  INFO      Fetching vehicle page: 3
2026-08-29 02:39:23  INFO      Total vehicles collected for account 1205841794575630336: 1184
2026-08-29 02:40:13  INFO      Total trips collected for account 1205841794575630336: 8359
2026-08-29 02:44:15  INFO        account 1205841794575630336: fetched 8457 records (85 pages)
2026-08-29 02:44:15  INFO      Total trip-agg records collected across 1 accounts: 8457
2026-08-29 02:45:39  WARNING   Alert count fetch failed for 8359/8359 trips
2026-08-29 02:45:40  INFO      Summary written to: /root/code/algorithms/app/scripts/camera/trip_agg_analysis_script/output/2026-08-27/1205841794575630336/summary.json
2026-08-29 02:45:40  INFO      ===== Trip Aggregation Analysis Summary =====
2026-08-29 02:45:40  INFO      Trips after merge/filters: 7087
2026-08-29 02:45:40  INFO      Completely processed trips: 7080
2026-08-29 02:45:40  INFO      Missing trips in trip_agg: 0
2026-08-29 02:45:40  INFO      Unbroken unmatched trips: 0
2026-08-29 02:45:40  INFO      Broken unmatched trips: 21
2026-08-29 02:45:40  INFO      ----- Step Timings -----
2026-08-29 02:45:40  INFO        fetch_accounts_with_access            0.02s
2026-08-29 02:45:40  INFO        fetch_trip_agg_data                 293.13s
2026-08-29 02:45:40  INFO        get_trips_for_account                51.71s
2026-08-29 02:45:40  INFO        prepare_dataframes                    0.65s
2026-08-29 02:45:40  INFO        analyze_trip_agg                     10.73s
2026-08-29 02:45:40  INFO        analyze_alerts                       72.37s
2026-08-29 02:45:40  INFO        total                               428.60s
2026-08-29 02:45:40  INFO      Reports written to: /root/code/algorithms/app/scripts/camera/trip_agg_analysis_script/output/2026-08-27/1205841794575630336
