2026-09-04 02:41:16  INFO      === Starting analysis for account: 1205841794575630336 ===
2026-09-04 02:41:16  INFO      Account name: Chartered Speed-OSRTC
2026-09-04 02:41:16  INFO      [1/1] Fetching trip_agg for account: 1205841794575630336
2026-09-04 02:41:16  INFO      Fetching vehicle page: 1
2026-09-04 02:41:16  INFO      Fetching vehicle page: 2
2026-09-04 02:41:17  INFO      Fetching vehicle page: 3
2026-09-04 02:41:17  INFO      Total vehicles collected for account 1205841794575630336: 1184
2026-09-04 02:41:31  INFO      Total trips collected for account 1205841794575630336: 8628
2026-09-04 02:46:17  INFO        account 1205841794575630336: fetched 8777 records (88 pages)
2026-09-04 02:46:17  INFO      Total trip-agg records collected across 1 accounts: 8777
2026-09-04 02:46:59  WARNING   Alert count fetch failed for 8628/8628 trips
2026-09-04 02:47:00  INFO      Summary written to: /root/code/algorithms/app/scripts/camera/trip_agg_analysis_script/output/2026-09-02/1205841794575630336/summary.json
2026-09-04 02:47:00  INFO      ===== Trip Aggregation Analysis Summary =====
2026-09-04 02:47:00  INFO      Trips after merge/filters: 7041
2026-09-04 02:47:00  INFO      Completely processed trips: 7037
2026-09-04 02:47:00  INFO      Missing trips in trip_agg: 0
2026-09-04 02:47:00  INFO      Unbroken unmatched trips: 0
2026-09-04 02:47:00  INFO      Broken unmatched trips: 28
2026-09-04 02:47:00  INFO      ----- Step Timings -----
2026-09-04 02:47:00  INFO        fetch_accounts_with_access            0.01s
2026-09-04 02:47:00  INFO        fetch_trip_agg_data                 300.96s
2026-09-04 02:47:00  INFO        get_trips_for_account                15.23s
2026-09-04 02:47:00  INFO        prepare_dataframes                    0.34s
2026-09-04 02:47:00  INFO        analyze_trip_agg                     10.11s
2026-09-04 02:47:00  INFO        analyze_alerts                       31.83s
2026-09-04 02:47:00  INFO        total                               358.49s
2026-09-04 02:47:00  INFO      Reports written to: /root/code/algorithms/app/scripts/camera/trip_agg_analysis_script/output/2026-09-02/1205841794575630336
