2026-04-26 08:03:16  INFO      === Starting analysis for account: 632578958264631296 ===
2026-04-26 08:03:16  INFO      Account name: K M Translogistics  Pvt Ltd ( KMT)
2026-04-26 08:03:16  INFO      Fetching trip_agg page: 1
2026-04-26 08:03:16  INFO      Fetching vehicle page: 1
2026-04-26 08:03:17  INFO      Fetching vehicle page: 2
2026-04-26 08:03:17  INFO      Fetching vehicle page: 3
2026-04-26 08:03:17  INFO      Fetching vehicle page: 4
2026-04-26 08:03:18  INFO      Total vehicles collected for account 632578958264631296: 1918
2026-04-26 08:03:32  INFO      Total trips collected for account 632578958264631296: 4646
2026-04-26 08:03:47  INFO      Fetching trip_agg page: 2
2026-04-26 08:03:49  INFO      Fetching trip_agg page: 3
2026-04-26 08:03:50  INFO      Fetching trip_agg page: 4
2026-04-26 08:03:51  INFO      Fetching trip_agg page: 5
2026-04-26 08:03:52  INFO      Fetching trip_agg page: 6
2026-04-26 08:04:14  INFO      Fetching trip_agg page: 7
2026-04-26 08:04:15  INFO      Fetching trip_agg page: 8
2026-04-26 08:04:16  INFO      Fetching trip_agg page: 9
2026-04-26 08:04:17  INFO      Fetching trip_agg page: 10
2026-04-26 08:04:29  INFO      Total trip-agg records collected: 4663
2026-04-26 08:04:59  INFO      Summary written to: /root/code/algorithms/app/scripts/camera/trip_agg_analysis_script/output/2026-04-24/632578958264631296/summary.json
2026-04-26 08:04:59  INFO      ===== Trip Aggregation Analysis Summary =====
2026-04-26 08:04:59  INFO      Trips after merge/filters: 2364
2026-04-26 08:04:59  INFO      Completely processed trips: 2364
2026-04-26 08:04:59  INFO      Missing trips in trip_agg: 22
2026-04-26 08:04:59  INFO      Unbroken unmatched trips: 4
2026-04-26 08:04:59  INFO      Broken unmatched trips: 0
2026-04-26 08:04:59  INFO      Top alert mismatches:
         alert_name  mismatch_count  total_joined_trips  mismatch_pct
             idling              53                4624          1.15
unscheduled_driving               9                4624          0.19
         over_speed               1                4624          0.02
         hard_brake               1                4624          0.02
       slow_running               1                4624          0.02
2026-04-26 08:04:59  INFO      ----- Step Timings -----
2026-04-26 08:04:59  INFO        fetch_trip_agg_data                  73.01s
2026-04-26 08:04:59  INFO        get_trips_for_account                15.78s
2026-04-26 08:04:59  INFO        prepare_dataframes                    0.19s
2026-04-26 08:04:59  INFO        analyze_trip_agg                      0.09s
2026-04-26 08:04:59  INFO        analyze_alerts                       29.48s
2026-04-26 08:04:59  INFO        total                               118.55s
2026-04-26 08:04:59  INFO      Reports written to: /root/code/algorithms/app/scripts/camera/trip_agg_analysis_script/output/2026-04-24/632578958264631296
