2026-09-06 02:31:57  INFO      === Starting analysis for account: 632578958264631296 ===
2026-09-06 02:31:57  INFO      Account name: K M Translogistics  Pvt Ltd ( KMT)
2026-09-06 02:31:58  INFO      [1/1] Fetching trip_agg for account: 632578958264631296
2026-09-06 02:31:58  INFO      Fetching vehicle page: 1
2026-09-06 02:31:58  INFO      Fetching vehicle page: 2
2026-09-06 02:31:58  INFO      Fetching vehicle page: 3
2026-09-06 02:31:58  INFO      Fetching vehicle page: 4
2026-09-06 02:31:59  INFO      Total vehicles collected for account 632578958264631296: 1995
2026-09-06 02:32:10  INFO      Total trips collected for account 632578958264631296: 6070
2026-09-06 02:39:44  INFO        account 632578958264631296: fetched 6150 records (62 pages)
2026-09-06 02:39:44  INFO      Total trip-agg records collected across 1 accounts: 6150
2026-09-06 02:39:56  INFO      Attempting second-pass fetch for 35 missing trips by trip_id
2026-09-06 02:39:56  INFO      Second-pass recovered 35 missing trips, 0 still missing
2026-09-06 02:40:14  WARNING   Alert count fetch failed for 6070/6070 trips
2026-09-06 02:40:15  INFO      Summary written to: /root/code/algorithms/app/scripts/camera/trip_agg_analysis_script/output/2026-09-04/632578958264631296/summary.json
2026-09-06 02:40:15  INFO      ===== Trip Aggregation Analysis Summary =====
2026-09-06 02:40:15  INFO      Trips after merge/filters: 3197
2026-09-06 02:40:15  INFO      Completely processed trips: 3196
2026-09-06 02:40:15  INFO      Missing trips in trip_agg: 0
2026-09-06 02:40:15  INFO      Unbroken unmatched trips: 9
2026-09-06 02:40:15  INFO      Broken unmatched trips: 0
2026-09-06 02:40:15  INFO      ----- Step Timings -----
2026-09-06 02:40:15  INFO        fetch_accounts_with_access            0.02s
2026-09-06 02:40:15  INFO        fetch_trip_agg_data                 466.12s
2026-09-06 02:40:15  INFO        get_trips_for_account                12.82s
2026-09-06 02:40:15  INFO        prepare_dataframes                    0.20s
2026-09-06 02:40:15  INFO        analyze_trip_agg                     12.52s
2026-09-06 02:40:15  INFO        analyze_alerts                       17.97s
2026-09-06 02:40:15  INFO        total                               509.65s
2026-09-06 02:40:15  INFO      Reports written to: /root/code/algorithms/app/scripts/camera/trip_agg_analysis_script/output/2026-09-04/632578958264631296
