2026-09-11 02:31:11  INFO      === Starting analysis for account: 649034868264558592 ===
2026-09-11 02:31:11  INFO      Account name: RajRatan Travels
2026-09-11 02:31:11  INFO      [1/1] Fetching trip_agg for account: 649034868264558592
2026-09-11 02:31:11  INFO      Fetching vehicle page: 1
2026-09-11 02:31:11  INFO      Total vehicles collected for account 649034868264558592: 128
2026-09-11 02:31:16  INFO      Total trips collected for account 649034868264558592: 293
2026-09-11 02:32:52  INFO        account 649034868264558592: fetched 455 records (5 pages)
2026-09-11 02:32:52  INFO      Total trip-agg records collected across 1 accounts: 455
2026-09-11 02:32:55  WARNING   Alert count fetch failed for 293/293 trips
2026-09-11 02:32:55  INFO      Summary written to: /root/code/algorithms/app/scripts/camera/trip_agg_analysis_script/output/2026-09-09/649034868264558592/summary.json
2026-09-11 02:32:55  INFO      ===== Trip Aggregation Analysis Summary =====
2026-09-11 02:32:55  INFO      Trips after merge/filters: 173
2026-09-11 02:32:55  INFO      Completely processed trips: 173
2026-09-11 02:32:55  INFO      Missing trips in trip_agg: 0
2026-09-11 02:32:55  INFO      Unbroken unmatched trips: 0
2026-09-11 02:32:55  INFO      Broken unmatched trips: 10
2026-09-11 02:32:55  INFO      ----- Step Timings -----
2026-09-11 02:32:55  INFO        fetch_accounts_with_access            0.02s
2026-09-11 02:32:55  INFO        fetch_trip_agg_data                 101.24s
2026-09-11 02:32:55  INFO        get_trips_for_account                 4.72s
2026-09-11 02:32:55  INFO        prepare_dataframes                    0.08s
2026-09-11 02:32:55  INFO        analyze_trip_agg                      1.21s
2026-09-11 02:32:55  INFO        analyze_alerts                        2.02s
2026-09-11 02:32:55  INFO        total                               109.28s
2026-09-11 02:32:55  INFO      Reports written to: /root/code/algorithms/app/scripts/camera/trip_agg_analysis_script/output/2026-09-09/649034868264558592
