2026-09-19 02:43:31  INFO      === Starting analysis for account: 1205841794575630336 ===
2026-09-19 02:43:31  INFO      Account name: Chartered Speed-OSRTC
2026-09-19 02:43:31  INFO      [1/1] Fetching trip_agg for account: 1205841794575630336
2026-09-19 02:43:31  INFO      Fetching vehicle page: 1
2026-09-19 02:43:31  INFO      Fetching vehicle page: 2
2026-09-19 02:43:31  INFO      Fetching vehicle page: 3
2026-09-19 02:43:31  INFO      Total vehicles collected for account 1205841794575630336: 1184
2026-09-19 02:43:43  INFO      Total trips collected for account 1205841794575630336: 8059
2026-09-19 02:49:43  INFO        account 1205841794575630336: fetched 8155 records (82 pages)
2026-09-19 02:49:43  INFO      Total trip-agg records collected across 1 accounts: 8155
2026-09-19 02:50:14  WARNING   Alert count fetch failed for 8059/8059 trips
2026-09-19 02:50:14  INFO      Summary written to: /root/code/algorithms/app/scripts/camera/trip_agg_analysis_script/output/2026-09-17/1205841794575630336/summary.json
2026-09-19 02:50:14  INFO      ===== Trip Aggregation Analysis Summary =====
2026-09-19 02:50:14  INFO      Trips after merge/filters: 6683
2026-09-19 02:50:14  INFO      Completely processed trips: 6680
2026-09-19 02:50:14  INFO      Missing trips in trip_agg: 0
2026-09-19 02:50:14  INFO      Unbroken unmatched trips: 0
2026-09-19 02:50:14  INFO      Broken unmatched trips: 14
2026-09-19 02:50:14  INFO      ----- Step Timings -----
2026-09-19 02:50:14  INFO        fetch_accounts_with_access            0.02s
2026-09-19 02:50:14  INFO        fetch_trip_agg_data                 372.30s
2026-09-19 02:50:14  INFO        get_trips_for_account                12.07s
2026-09-19 02:50:14  INFO        prepare_dataframes                    0.23s
2026-09-19 02:50:14  INFO        analyze_trip_agg                     10.23s
2026-09-19 02:50:14  INFO        analyze_alerts                       20.40s
2026-09-19 02:50:14  INFO        total                               415.25s
2026-09-19 02:50:14  INFO      Reports written to: /root/code/algorithms/app/scripts/camera/trip_agg_analysis_script/output/2026-09-17/1205841794575630336
