2026-08-17 02:40:38  INFO      === Starting analysis for account: 1205841794575630336 ===
2026-08-17 02:40:38  INFO      Account name: Chartered Speed-OSRTC
2026-08-17 02:40:38  INFO      [1/1] Fetching trip_agg for account: 1205841794575630336
2026-08-17 02:40:38  INFO      Fetching vehicle page: 1
2026-08-17 02:40:38  INFO      Fetching vehicle page: 2
2026-08-17 02:40:38  INFO      Fetching vehicle page: 3
2026-08-17 02:40:38  INFO      Total vehicles collected for account 1205841794575630336: 1184
2026-08-17 02:40:51  INFO      Total trips collected for account 1205841794575630336: 8700
2026-08-17 02:45:03  INFO        account 1205841794575630336: fetched 8816 records (89 pages)
2026-08-17 02:45:03  INFO      Total trip-agg records collected across 1 accounts: 8816
2026-08-17 02:45:40  WARNING   Alert count fetch failed for 8700/8700 trips
2026-08-17 02:45:40  INFO      Summary written to: /root/code/algorithms/app/scripts/camera/trip_agg_analysis_script/output/2026-08-15/1205841794575630336/summary.json
2026-08-17 02:45:40  INFO      ===== Trip Aggregation Analysis Summary =====
2026-08-17 02:45:40  INFO      Trips after merge/filters: 7274
2026-08-17 02:45:40  INFO      Completely processed trips: 7270
2026-08-17 02:45:40  INFO      Missing trips in trip_agg: 0
2026-08-17 02:45:40  INFO      Unbroken unmatched trips: 0
2026-08-17 02:45:40  INFO      Broken unmatched trips: 25
2026-08-17 02:45:40  INFO      ----- Step Timings -----
2026-08-17 02:45:40  INFO        fetch_accounts_with_access            0.02s
2026-08-17 02:45:40  INFO        fetch_trip_agg_data                 265.59s
2026-08-17 02:45:40  INFO        get_trips_for_account                13.69s
2026-08-17 02:45:40  INFO        prepare_dataframes                    0.20s
2026-08-17 02:45:40  INFO        analyze_trip_agg                      9.17s
2026-08-17 02:45:40  INFO        analyze_alerts                       27.13s
2026-08-17 02:45:40  INFO        total                               315.80s
2026-08-17 02:45:40  INFO      Reports written to: /root/code/algorithms/app/scripts/camera/trip_agg_analysis_script/output/2026-08-15/1205841794575630336
