2026-09-30 02:44:47  INFO      === Starting analysis for account: 1205841794575630336 ===
2026-09-30 02:44:47  INFO      Account name: Chartered Speed-OSRTC
2026-09-30 02:44:47  INFO      [1/1] Fetching trip_agg for account: 1205841794575630336
2026-09-30 02:44:47  INFO      Fetching vehicle page: 1
2026-09-30 02:44:48  INFO      Fetching vehicle page: 2
2026-09-30 02:44:48  INFO      Fetching vehicle page: 3
2026-09-30 02:44:48  INFO      Total vehicles collected for account 1205841794575630336: 1184
2026-09-30 02:46:55  INFO      Total trips collected for account 1205841794575630336: 8052
2026-09-30 02:51:59  INFO        account 1205841794575630336: fetched 8154 records (82 pages)
2026-09-30 02:51:59  INFO      Total trip-agg records collected across 1 accounts: 8154
2026-09-30 02:53:02  WARNING   Alert count fetch failed for 8052/8052 trips
2026-09-30 02:53:03  INFO      Summary written to: /root/code/algorithms/app/scripts/camera/trip_agg_analysis_script/output/2026-09-28/1205841794575630336/summary.json
2026-09-30 02:53:03  INFO      ===== Trip Aggregation Analysis Summary =====
2026-09-30 02:53:03  INFO      Trips after merge/filters: 6647
2026-09-30 02:53:03  INFO      Completely processed trips: 6639
2026-09-30 02:53:03  INFO      Missing trips in trip_agg: 0
2026-09-30 02:53:03  INFO      Unbroken unmatched trips: 0
2026-09-30 02:53:03  INFO      Broken unmatched trips: 23
2026-09-30 02:53:03  INFO      ----- Step Timings -----
2026-09-30 02:53:03  INFO        fetch_accounts_with_access            0.01s
2026-09-30 02:53:03  INFO        fetch_trip_agg_data                 431.93s
2026-09-30 02:53:03  INFO        get_trips_for_account               127.65s
2026-09-30 02:53:03  INFO        prepare_dataframes                    0.40s
2026-09-30 02:53:03  INFO        analyze_trip_agg                     14.74s
2026-09-30 02:53:03  INFO        analyze_alerts                       48.00s
2026-09-30 02:53:03  INFO        total                               622.73s
2026-09-30 02:53:03  INFO      Reports written to: /root/code/algorithms/app/scripts/camera/trip_agg_analysis_script/output/2026-09-28/1205841794575630336
