2026-10-02 02:44:13  INFO      === Starting analysis for account: 642689989225816064 ===
2026-10-02 02:44:13  INFO      Account name: Indore Intercity
2026-10-02 02:44:13  INFO      [1/1] Fetching trip_agg for account: 642689989225816064
2026-10-02 02:44:13  INFO      Fetching vehicle page: 1
2026-10-02 02:44:13  INFO      Total vehicles collected for account 642689989225816064: 229
2026-10-02 02:44:18  INFO      Total trips collected for account 642689989225816064: 549
2026-10-02 02:46:10  INFO        account 642689989225816064: fetched 596 records (6 pages)
2026-10-02 02:46:10  INFO      Total trip-agg records collected across 1 accounts: 596
2026-10-02 02:46:16  WARNING   Alert count fetch failed for 549/549 trips
2026-10-02 02:46:16  INFO      Summary written to: /root/code/algorithms/app/scripts/camera/trip_agg_analysis_script/output/2026-09-30/642689989225816064/summary.json
2026-10-02 02:46:16  INFO      ===== Trip Aggregation Analysis Summary =====
2026-10-02 02:46:16  INFO      Trips after merge/filters: 285
2026-10-02 02:46:16  INFO      Completely processed trips: 285
2026-10-02 02:46:16  INFO      Missing trips in trip_agg: 0
2026-10-02 02:46:16  INFO      Unbroken unmatched trips: 0
2026-10-02 02:46:16  INFO      Broken unmatched trips: 17
2026-10-02 02:46:16  INFO      ----- Step Timings -----
2026-10-02 02:46:16  INFO        fetch_accounts_with_access            0.01s
2026-10-02 02:46:16  INFO        fetch_trip_agg_data                 117.50s
2026-10-02 02:46:16  INFO        get_trips_for_account                 5.13s
2026-10-02 02:46:16  INFO        prepare_dataframes                    0.02s
2026-10-02 02:46:16  INFO        analyze_trip_agg                      3.22s
2026-10-02 02:46:16  INFO        analyze_alerts                        2.02s
2026-10-02 02:46:16  INFO        total                               127.89s
2026-10-02 02:46:16  INFO      Reports written to: /root/code/algorithms/app/scripts/camera/trip_agg_analysis_script/output/2026-09-30/642689989225816064
