2026-04-13 08:05:32  INFO      === Starting analysis for account: 632578958264631296 ===
2026-04-13 08:05:32  INFO      Account name: K M Translogistics  Pvt Ltd ( KMT)
2026-04-13 08:05:32  INFO      Fetching trip_agg page: 1
2026-04-13 08:05:32  INFO      Fetching vehicle page: 1
2026-04-13 08:05:33  INFO      Fetching vehicle page: 2
2026-04-13 08:05:33  INFO      Fetching vehicle page: 3
2026-04-13 08:05:34  INFO      Fetching vehicle page: 4
2026-04-13 08:05:35  INFO      Total vehicles collected for account 632578958264631296: 1906
2026-04-13 08:05:35  INFO      Fetching trip_agg page: 2
2026-04-13 08:05:36  INFO      Fetching trip_agg page: 3
2026-04-13 08:05:55  INFO      Fetching trip_agg page: 4
2026-04-13 08:05:56  INFO      Fetching trip_agg page: 5
2026-04-13 08:05:57  INFO      Fetching trip_agg page: 6
2026-04-13 08:05:58  INFO      Fetching trip_agg page: 7
2026-04-13 08:06:00  INFO      Fetching trip_agg page: 8
2026-04-13 08:06:01  INFO      Fetching trip_agg page: 9
2026-04-13 08:06:10  INFO      Fetching trip_agg page: 10
2026-04-13 08:06:11  INFO      Fetching trip_agg page: 11
2026-04-13 08:06:14  INFO      Total trip-agg records collected: 5075
2026-04-13 08:06:27  INFO      Total trips collected for account 632578958264631296: 5083
2026-04-13 08:07:20  INFO      Summary written to: /root/code/algorithms/app/scripts/camera/trip_agg_analysis_script/output/2026-04-11/632578958264631296/summary.json
2026-04-13 08:07:20  INFO      ===== Trip Aggregation Analysis Summary =====
2026-04-13 08:07:20  INFO      Trips after merge/filters: 2447
2026-04-13 08:07:20  INFO      Completely processed trips: 2447
2026-04-13 08:07:20  INFO      Missing trips in trip_agg: 44
2026-04-13 08:07:20  INFO      Unbroken unmatched trips: 0
2026-04-13 08:07:20  INFO      Broken unmatched trips: 0
2026-04-13 08:07:20  INFO      Top alert mismatches:
         alert_name  mismatch_count  total_joined_trips  mismatch_pct
unscheduled_driving              11                5039          0.22
       slow_running               3                5039          0.06
         over_speed               1                5039          0.02
         fuel_chori               1                5039          0.02
             idling               0                5039          0.00
2026-04-13 08:07:20  INFO      ----- Step Timings -----
2026-04-13 08:07:20  INFO        fetch_trip_agg_data                  41.07s
2026-04-13 08:07:20  INFO        get_trips_for_account                54.29s
2026-04-13 08:07:20  INFO        prepare_dataframes                    0.32s
2026-04-13 08:07:20  INFO        analyze_trip_agg                      1.40s
2026-04-13 08:07:20  INFO        analyze_alerts                       51.20s
2026-04-13 08:07:20  INFO        total                               148.27s
2026-04-13 08:07:20  INFO      Reports written to: /root/code/algorithms/app/scripts/camera/trip_agg_analysis_script/output/2026-04-11/632578958264631296
