2026-03-28 08:06:52  INFO      === Starting analysis for account: 649034868264558592 ===
2026-03-28 08:06:52  INFO      Account name: RajRatan Travels
2026-03-28 08:06:52  INFO      Fetching trip_agg page: 1
2026-03-28 08:06:52  INFO      Fetching vehicle page: 1
2026-03-28 08:06:52  INFO      Total vehicles collected for account 649034868264558592: 118
2026-03-28 08:07:05  INFO      Total trip-agg records collected: 397
2026-03-28 08:07:18  INFO      Total trips collected for account 649034868264558592: 311
2026-03-28 08:07:50  INFO      Summary written to: /root/code/algorithms/app/scripts/camera/trip_agg_analysis_script/output/2026-03-26/649034868264558592/summary.json
2026-03-28 08:07:50  INFO      ===== Trip Aggregation Analysis Summary =====
2026-03-28 08:07:50  INFO      Trips after merge/filters: 163
2026-03-28 08:07:50  INFO      Completely processed trips: 163
2026-03-28 08:07:50  INFO      Missing trips in trip_agg: 0
2026-03-28 08:07:50  INFO      Unbroken unmatched trips: 0
2026-03-28 08:07:50  INFO      Broken unmatched trips: 1
2026-03-28 08:07:50  INFO      Top alert mismatches:
        alert_name  mismatch_count  total_joined_trips  mismatch_pct
               fcw              49                 311         15.76
       eyes_closed              38                 311         12.22
distracted_driving              28                 311          9.00
      mobile_phone              25                 311          8.04
        drowsiness               9                 311          2.89
2026-03-28 08:07:50  INFO      ----- Step Timings -----
2026-03-28 08:07:50  INFO        fetch_trip_agg_data                  13.98s
2026-03-28 08:07:50  INFO        get_trips_for_account                26.54s
2026-03-28 08:07:50  INFO        prepare_dataframes                    0.53s
2026-03-28 08:07:50  INFO        analyze_trip_agg                     12.14s
2026-03-28 08:07:50  INFO        analyze_alerts                       18.31s
2026-03-28 08:07:50  INFO        total                                71.51s
2026-03-28 08:07:50  INFO      Reports written to: /root/code/algorithms/app/scripts/camera/trip_agg_analysis_script/output/2026-03-26/649034868264558592
