2026-07-04 08:00:02  INFO      === Starting analysis for account: 649034868264558592 ===
2026-07-04 08:00:02  INFO      Account name: RajRatan Travels
2026-07-04 08:00:02  INFO      Fetching trip_agg page: 1
2026-07-04 08:00:02  INFO      Fetching vehicle page: 1
2026-07-04 08:00:03  INFO      Total vehicles collected for account 649034868264558592: 128
2026-07-04 08:00:05  INFO      Total trips collected for account 649034868264558592: 301
2026-07-04 08:00:32  INFO      Total trip-agg records collected: 461
2026-07-04 08:00:35  INFO      Summary written to: /root/code/algorithms/app/scripts/camera/trip_agg_analysis_script/output/2026-07-02/649034868264558592/summary.json
2026-07-04 08:00:35  INFO      ===== Trip Aggregation Analysis Summary =====
2026-07-04 08:00:35  INFO      Trips after merge/filters: 172
2026-07-04 08:00:35  INFO      Completely processed trips: 172
2026-07-04 08:00:35  INFO      Missing trips in trip_agg: 0
2026-07-04 08:00:35  INFO      Unbroken unmatched trips: 0
2026-07-04 08:00:35  INFO      Broken unmatched trips: 2
2026-07-04 08:00:35  INFO      Top alert mismatches:
         alert_name  mismatch_count  total_joined_trips  mismatch_pct
 distracted_driving               0                 301           0.0
         drowsiness               0                 301           0.0
emergency_recording               0                 301           0.0
        eyes_closed               0                 301           0.0
                fcw               0                 301           0.0
2026-07-04 08:00:35  INFO      ----- Step Timings -----
2026-07-04 08:00:35  INFO        fetch_trip_agg_data                  30.24s
2026-07-04 08:00:35  INFO        get_trips_for_account                 3.08s
2026-07-04 08:00:35  INFO        prepare_dataframes                    0.03s
2026-07-04 08:00:35  INFO        analyze_trip_agg                      0.70s
2026-07-04 08:00:35  INFO        analyze_alerts                        1.77s
2026-07-04 08:00:35  INFO        total                                35.82s
2026-07-04 08:00:35  INFO      Reports written to: /root/code/algorithms/app/scripts/camera/trip_agg_analysis_script/output/2026-07-02/649034868264558592
