2026-08-29 02:31:54  INFO      === Starting analysis for account: 632578958264631296 ===
2026-08-29 02:31:54  INFO      Account name: K M Translogistics  Pvt Ltd ( KMT)
2026-08-29 02:31:54  INFO      [1/1] Fetching trip_agg for account: 632578958264631296
2026-08-29 02:31:54  INFO      Fetching vehicle page: 1
2026-08-29 02:31:55  INFO      Fetching vehicle page: 2
2026-08-29 02:31:55  INFO      Fetching vehicle page: 3
2026-08-29 02:31:56  INFO      Fetching vehicle page: 4
2026-08-29 02:31:56  INFO      Total vehicles collected for account 632578958264631296: 1993
2026-08-29 02:32:19  INFO      Total trips collected for account 632578958264631296: 6367
2026-08-29 02:37:21  INFO        account 632578958264631296: fetched 6447 records (65 pages)
2026-08-29 02:37:21  INFO      Total trip-agg records collected across 1 accounts: 6447
2026-08-29 02:37:32  INFO      Attempting second-pass fetch for 25 missing trips by trip_id
2026-08-29 02:37:32  INFO      Second-pass recovered 25 missing trips, 0 still missing
2026-08-29 02:38:22  WARNING   Alert count fetch failed for 6367/6367 trips
2026-08-29 02:38:23  INFO      Summary written to: /root/code/algorithms/app/scripts/camera/trip_agg_analysis_script/output/2026-08-27/632578958264631296/summary.json
2026-08-29 02:38:23  INFO      ===== Trip Aggregation Analysis Summary =====
2026-08-29 02:38:23  INFO      Trips after merge/filters: 3002
2026-08-29 02:38:23  INFO      Completely processed trips: 3001
2026-08-29 02:38:23  INFO      Missing trips in trip_agg: 0
2026-08-29 02:38:23  INFO      Unbroken unmatched trips: 1
2026-08-29 02:38:23  INFO      Broken unmatched trips: 0
2026-08-29 02:38:23  INFO      ----- Step Timings -----
2026-08-29 02:38:23  INFO        fetch_accounts_with_access            0.02s
2026-08-29 02:38:23  INFO        fetch_trip_agg_data                 326.66s
2026-08-29 02:38:23  INFO        get_trips_for_account                24.60s
2026-08-29 02:38:23  INFO        prepare_dataframes                    0.44s
2026-08-29 02:38:23  INFO        analyze_trip_agg                     10.66s
2026-08-29 02:38:23  INFO        analyze_alerts                       49.78s
2026-08-29 02:38:23  INFO        total                               412.17s
2026-08-29 02:38:23  INFO      Reports written to: /root/code/algorithms/app/scripts/camera/trip_agg_analysis_script/output/2026-08-27/632578958264631296
