2026-04-28 08:06:48  INFO      === Starting analysis for account: 632578958264631296 ===
2026-04-28 08:06:48  INFO      Account name: K M Translogistics  Pvt Ltd ( KMT)
2026-04-28 08:06:48  INFO      Fetching trip_agg page: 1
2026-04-28 08:06:48  INFO      Fetching vehicle page: 1
2026-04-28 08:06:48  INFO      Fetching vehicle page: 2
2026-04-28 08:06:49  INFO      Fetching vehicle page: 3
2026-04-28 08:06:49  INFO      Fetching vehicle page: 4
2026-04-28 08:06:50  INFO      Total vehicles collected for account 632578958264631296: 1918
2026-04-28 08:06:51  INFO      Fetching trip_agg page: 2
2026-04-28 08:07:23  INFO      Fetching trip_agg page: 3
2026-04-28 08:07:26  INFO      Fetching trip_agg page: 4
2026-04-28 08:07:29  INFO      Fetching trip_agg page: 5
2026-04-28 08:07:29  INFO      Total trips collected for account 632578958264631296: 4316
2026-04-28 08:07:30  INFO      Fetching trip_agg page: 6
2026-04-28 08:07:31  INFO      Fetching trip_agg page: 7
2026-04-28 08:07:32  INFO      Fetching trip_agg page: 8
2026-04-28 08:07:33  INFO      Fetching trip_agg page: 9
2026-04-28 08:07:36  INFO      Total trip-agg records collected: 4330
2026-04-28 08:09:47  INFO      Summary written to: /root/code/algorithms/app/scripts/camera/trip_agg_analysis_script/output/2026-04-26/632578958264631296/summary.json
2026-04-28 08:09:47  INFO      ===== Trip Aggregation Analysis Summary =====
2026-04-28 08:09:47  INFO      Trips after merge/filters: 2175
2026-04-28 08:09:47  INFO      Completely processed trips: 2175
2026-04-28 08:09:47  INFO      Missing trips in trip_agg: 18
2026-04-28 08:09:47  INFO      Unbroken unmatched trips: 0
2026-04-28 08:09:47  INFO      Broken unmatched trips: 0
2026-04-28 08:09:47  INFO      Top alert mismatches:
         alert_name  mismatch_count  total_joined_trips  mismatch_pct
unscheduled_driving              11                4298          0.26
         fuel_chori               3                4298          0.07
         over_speed               1                4298          0.02
       slow_running               1                4298          0.02
             idling               0                4298          0.00
2026-04-28 08:09:47  INFO      ----- Step Timings -----
2026-04-28 08:09:47  INFO        fetch_trip_agg_data                  47.71s
2026-04-28 08:09:47  INFO        get_trips_for_account                41.00s
2026-04-28 08:09:47  INFO        prepare_dataframes                    0.57s
2026-04-28 08:09:47  INFO        analyze_trip_agg                      1.91s
2026-04-28 08:09:47  INFO        analyze_alerts                      128.05s
2026-04-28 08:09:47  INFO        total                               219.23s
2026-04-28 08:09:47  INFO      Reports written to: /root/code/algorithms/app/scripts/camera/trip_agg_analysis_script/output/2026-04-26/632578958264631296
