2026-09-01 02:45:38  INFO      === Starting analysis for account: 1205841794575630336 ===
2026-09-01 02:45:38  INFO      Account name: Chartered Speed-OSRTC
2026-09-01 02:45:38  INFO      [1/1] Fetching trip_agg for account: 1205841794575630336
2026-09-01 02:45:38  INFO      Fetching vehicle page: 1
2026-09-01 02:45:38  INFO      Fetching vehicle page: 2
2026-09-01 02:45:39  INFO      Fetching vehicle page: 3
2026-09-01 02:45:39  INFO      Total vehicles collected for account 1205841794575630336: 1184
2026-09-01 02:45:49  INFO      Total trips collected for account 1205841794575630336: 8256
2026-09-01 02:50:49  INFO        account 1205841794575630336: fetched 8345 records (84 pages)
2026-09-01 02:50:49  INFO      Total trip-agg records collected across 1 accounts: 8345
2026-09-01 02:51:39  WARNING   Alert count fetch failed for 8256/8256 trips
2026-09-01 02:51:39  INFO      Summary written to: /root/code/algorithms/app/scripts/camera/trip_agg_analysis_script/output/2026-08-30/1205841794575630336/summary.json
2026-09-01 02:51:39  INFO      ===== Trip Aggregation Analysis Summary =====
2026-09-01 02:51:39  INFO      Trips after merge/filters: 7069
2026-09-01 02:51:39  INFO      Completely processed trips: 7067
2026-09-01 02:51:39  INFO      Missing trips in trip_agg: 0
2026-09-01 02:51:39  INFO      Unbroken unmatched trips: 0
2026-09-01 02:51:39  INFO      Broken unmatched trips: 14
2026-09-01 02:51:39  INFO      ----- Step Timings -----
2026-09-01 02:51:39  INFO        fetch_accounts_with_access            0.01s
2026-09-01 02:51:39  INFO        fetch_trip_agg_data                 310.70s
2026-09-01 02:51:39  INFO        get_trips_for_account                10.94s
2026-09-01 02:51:39  INFO        prepare_dataframes                    0.18s
2026-09-01 02:51:39  INFO        analyze_trip_agg                      9.33s
2026-09-01 02:51:39  INFO        analyze_alerts                       40.16s
2026-09-01 02:51:39  INFO        total                               371.33s
2026-09-01 02:51:39  INFO      Reports written to: /root/code/algorithms/app/scripts/camera/trip_agg_analysis_script/output/2026-08-30/1205841794575630336
