2026-09-09 02:41:59  INFO      === Starting analysis for account: 632578958264631296 ===
2026-09-09 02:41:59  INFO      Account name: K M Translogistics  Pvt Ltd ( KMT)
2026-09-09 02:41:59  INFO      [1/1] Fetching trip_agg for account: 632578958264631296
2026-09-09 02:41:59  INFO      Fetching vehicle page: 1
2026-09-09 02:41:59  INFO      Fetching vehicle page: 2
2026-09-09 02:42:00  INFO      Fetching vehicle page: 3
2026-09-09 02:42:00  INFO      Fetching vehicle page: 4
2026-09-09 02:42:01  INFO      Total vehicles collected for account 632578958264631296: 1995
2026-09-09 02:42:44  INFO      Total trips collected for account 632578958264631296: 6200
2026-09-09 02:46:22  INFO        account 632578958264631296: fetched 6272 records (63 pages)
2026-09-09 02:46:22  INFO      Total trip-agg records collected across 1 accounts: 6272
2026-09-09 02:46:32  INFO      Attempting second-pass fetch for 22 missing trips by trip_id
2026-09-09 02:46:33  INFO      Second-pass recovered 9 missing trips, 13 still missing
2026-09-09 02:47:43  WARNING   Alert count fetch failed for 6200/6200 trips
2026-09-09 02:47:44  INFO      Summary written to: /root/code/algorithms/app/scripts/camera/trip_agg_analysis_script/output/2026-09-07/632578958264631296/summary.json
2026-09-09 02:47:44  INFO      ===== Trip Aggregation Analysis Summary =====
2026-09-09 02:47:44  INFO      Trips after merge/filters: 3131
2026-09-09 02:47:44  INFO      Completely processed trips: 3128
2026-09-09 02:47:44  INFO      Missing trips in trip_agg: 13
2026-09-09 02:47:44  INFO      Unbroken unmatched trips: 4
2026-09-09 02:47:44  INFO      Broken unmatched trips: 0
2026-09-09 02:47:44  INFO      ----- Step Timings -----
2026-09-09 02:47:44  INFO        fetch_accounts_with_access            0.03s
2026-09-09 02:47:44  INFO        fetch_trip_agg_data                 263.16s
2026-09-09 02:47:44  INFO        get_trips_for_account                45.47s
2026-09-09 02:47:44  INFO        prepare_dataframes                    0.64s
2026-09-09 02:47:44  INFO        analyze_trip_agg                     11.10s
2026-09-09 02:47:44  INFO        analyze_alerts                       69.71s
2026-09-09 02:47:44  INFO        total                               390.11s
2026-09-09 02:47:44  INFO      Reports written to: /root/code/algorithms/app/scripts/camera/trip_agg_analysis_script/output/2026-09-07/632578958264631296
