2026-08-08 02:37:33  INFO      === Starting analysis for account: 1205841794575630336 ===
2026-08-08 02:37:33  INFO      Account name: Chartered Speed-OSRTC
2026-08-08 02:37:33  INFO      [1/1] Fetching trip_agg for account: 1205841794575630336
2026-08-08 02:37:33  INFO      Fetching vehicle page: 1
2026-08-08 02:37:34  INFO      Fetching vehicle page: 2
2026-08-08 02:37:34  INFO      Fetching vehicle page: 3
2026-08-08 02:37:34  INFO      Total vehicles collected for account 1205841794575630336: 1184
2026-08-08 02:37:44  INFO      Total trips collected for account 1205841794575630336: 8370
2026-08-08 02:40:08  INFO        account 1205841794575630336: fetched 8489 records (85 pages)
2026-08-08 02:40:08  INFO      Total trip-agg records collected across 1 accounts: 8489
2026-08-08 02:40:38  WARNING   Alert count fetch failed for 8370/8370 trips
2026-08-08 02:40:38  INFO      Summary written to: /root/code/algorithms/app/scripts/camera/trip_agg_analysis_script/output/2026-08-06/1205841794575630336/summary.json
2026-08-08 02:40:38  INFO      ===== Trip Aggregation Analysis Summary =====
2026-08-08 02:40:38  INFO      Trips after merge/filters: 7045
2026-08-08 02:40:38  INFO      Completely processed trips: 7041
2026-08-08 02:40:38  INFO      Missing trips in trip_agg: 0
2026-08-08 02:40:38  INFO      Unbroken unmatched trips: 0
2026-08-08 02:40:38  INFO      Broken unmatched trips: 18
2026-08-08 02:40:38  INFO      ----- Step Timings -----
2026-08-08 02:40:38  INFO        fetch_accounts_with_access            0.03s
2026-08-08 02:40:38  INFO        fetch_trip_agg_data                 154.25s
2026-08-08 02:40:38  INFO        get_trips_for_account                10.59s
2026-08-08 02:40:38  INFO        prepare_dataframes                    0.28s
2026-08-08 02:40:38  INFO        analyze_trip_agg                      8.20s
2026-08-08 02:40:38  INFO        analyze_alerts                       21.76s
2026-08-08 02:40:38  INFO        total                               195.11s
2026-08-08 02:40:38  INFO      Reports written to: /root/code/algorithms/app/scripts/camera/trip_agg_analysis_script/output/2026-08-06/1205841794575630336
