2026-07-22 02:36:01  INFO      === Starting analysis for account: 649034868264558592 ===
2026-07-22 02:36:01  INFO      Account name: RajRatan Travels
2026-07-22 02:36:01  INFO      Fetching trip_agg page: 1
2026-07-22 02:36:01  INFO      Fetching vehicle page: 1
2026-07-22 02:36:01  INFO      Total vehicles collected for account 649034868264558592: 128
2026-07-22 02:36:04  INFO      Total trips collected for account 649034868264558592: 302
2026-07-22 02:39:01  ERROR     Request failed after 3 attempts: http://internal-apis.intangles.com/trip/aggregated?account_id=649034868264558592&pnum=1&psize=500&start_time=1784505600000&end_time=1784591999000 | error: HTTPConnectionPool(host='internal-apis.intangles.com', port=80): Read timed out. (read timeout=60)
2026-07-22 02:39:01  WARNING   Skipping failed trip_agg page 1 (1/3)
2026-07-22 02:39:01  INFO      Fetching trip_agg page: 2
2026-07-22 02:39:26  INFO      Total trip-agg records collected: 0
2026-07-22 02:39:26  INFO      Summary written to: /root/code/algorithms/app/scripts/camera/trip_agg_analysis_script/output/2026-07-20/649034868264558592/summary.json
2026-07-22 02:39:26  INFO      ===== Trip Aggregation Analysis Summary =====
2026-07-22 02:39:26  INFO      Trips after merge/filters: 0
2026-07-22 02:39:26  INFO      Completely processed trips: 0
2026-07-22 02:39:26  INFO      Missing trips in trip_agg: 0
2026-07-22 02:39:26  INFO      Unbroken unmatched trips: 0
2026-07-22 02:39:26  INFO      Broken unmatched trips: 0
2026-07-22 02:39:26  INFO      ----- Step Timings -----
2026-07-22 02:39:26  INFO        fetch_trip_agg_data                 205.27s
2026-07-22 02:39:26  INFO        get_trips_for_account                 3.23s
2026-07-22 02:39:26  INFO        prepare_dataframes                    0.02s
2026-07-22 02:39:26  INFO        analyze_trip_agg                      0.00s
2026-07-22 02:39:26  INFO        analyze_alerts                        0.00s
2026-07-22 02:39:26  INFO        total                               208.52s
2026-07-22 02:39:26  INFO      Reports written to: /root/code/algorithms/app/scripts/camera/trip_agg_analysis_script/output/2026-07-20/649034868264558592
