2026-07-04 08:00:37  INFO      === Starting analysis for account: 632578958264631296 ===
2026-07-04 08:00:37  INFO      Account name: K M Translogistics  Pvt Ltd ( KMT)
2026-07-04 08:00:37  INFO      Fetching trip_agg page: 1
2026-07-04 08:00:37  INFO      Fetching vehicle page: 1
2026-07-04 08:00:37  INFO      Fetching vehicle page: 2
2026-07-04 08:00:38  INFO      Fetching vehicle page: 3
2026-07-04 08:00:39  INFO      Fetching vehicle page: 4
2026-07-04 08:00:40  INFO      Total vehicles collected for account 632578958264631296: 1980
2026-07-04 08:01:05  INFO      Total trips collected for account 632578958264631296: 6110
2026-07-04 08:01:42  INFO      Fetching trip_agg page: 2
2026-07-04 08:02:28  INFO      Fetching trip_agg page: 3
2026-07-04 08:02:29  INFO      Fetching trip_agg page: 4
2026-07-04 08:02:31  INFO      Fetching trip_agg page: 5
2026-07-04 08:02:32  INFO      Fetching trip_agg page: 6
2026-07-04 08:02:35  INFO      Fetching trip_agg page: 7
2026-07-04 08:02:36  INFO      Fetching trip_agg page: 8
2026-07-04 08:02:37  INFO      Fetching trip_agg page: 9
2026-07-04 08:02:38  INFO      Fetching trip_agg page: 10
2026-07-04 08:02:39  INFO      Fetching trip_agg page: 11
2026-07-04 08:02:40  INFO      Fetching trip_agg page: 12
2026-07-04 08:02:43  INFO      Fetching trip_agg page: 13
2026-07-04 08:02:44  INFO      Total trip-agg records collected: 6119
2026-07-04 08:02:44  WARNING   Excluding 1 trips with missing end_time from comparison
2026-07-04 08:03:29  INFO      Summary written to: /root/code/algorithms/app/scripts/camera/trip_agg_analysis_script/output/2026-07-02/632578958264631296/summary.json
2026-07-04 08:03:29  INFO      ===== Trip Aggregation Analysis Summary =====
2026-07-04 08:03:29  INFO      Trips after merge/filters: 2931
2026-07-04 08:03:29  INFO      Completely processed trips: 2931
2026-07-04 08:03:29  INFO      Missing trips in trip_agg: 24
2026-07-04 08:03:29  INFO      Unbroken unmatched trips: 0
2026-07-04 08:03:29  INFO      Broken unmatched trips: 0
2026-07-04 08:03:29  INFO      Top alert mismatches:
alert_name  mismatch_count  total_joined_trips  mismatch_pct
fuel_chori               1                6085          0.02
    idling               0                6085          0.00
over_speed               0                6085          0.00
   freerun               0                6085          0.00
  over_acc               0                6085          0.00
2026-07-04 08:03:29  INFO      ----- Step Timings -----
2026-07-04 08:03:29  INFO        fetch_trip_agg_data                 127.09s
2026-07-04 08:03:29  INFO        get_trips_for_account                28.52s
2026-07-04 08:03:29  INFO        prepare_dataframes                    0.37s
2026-07-04 08:03:29  INFO        analyze_trip_agg                      0.18s
2026-07-04 08:03:29  INFO        analyze_alerts                       44.13s
2026-07-04 08:03:29  INFO        total                               200.29s
2026-07-04 08:03:29  INFO      Reports written to: /root/code/algorithms/app/scripts/camera/trip_agg_analysis_script/output/2026-07-02/632578958264631296
