2026-10-03 02:32:08  INFO      === Starting analysis for account: 649034868264558592 ===
2026-10-03 02:32:08  INFO      Account name: RajRatan Travels
2026-10-03 02:32:08  INFO      [1/1] Fetching trip_agg for account: 649034868264558592
2026-10-03 02:32:08  INFO      Fetching vehicle page: 1
2026-10-03 02:32:09  INFO      Total vehicles collected for account 649034868264558592: 131
2026-10-03 02:32:10  INFO      Total trips collected for account 649034868264558592: 301
2026-10-03 02:33:55  INFO        account 649034868264558592: fetched 435 records (5 pages)
2026-10-03 02:33:55  INFO      Total trip-agg records collected across 1 accounts: 435
2026-10-03 02:34:00  WARNING   Alert count fetch failed for 301/301 trips
2026-10-03 02:34:00  INFO      Summary written to: /root/code/algorithms/app/scripts/camera/trip_agg_analysis_script/output/2026-10-01/649034868264558592/summary.json
2026-10-03 02:34:00  INFO      ===== Trip Aggregation Analysis Summary =====
2026-10-03 02:34:00  INFO      Trips after merge/filters: 156
2026-10-03 02:34:00  INFO      Completely processed trips: 156
2026-10-03 02:34:00  INFO      Missing trips in trip_agg: 0
2026-10-03 02:34:00  INFO      Unbroken unmatched trips: 0
2026-10-03 02:34:00  INFO      Broken unmatched trips: 12
2026-10-03 02:34:00  INFO      ----- Step Timings -----
2026-10-03 02:34:00  INFO        fetch_accounts_with_access            0.01s
2026-10-03 02:34:00  INFO        fetch_trip_agg_data                 106.71s
2026-10-03 02:34:00  INFO        get_trips_for_account                 1.86s
2026-10-03 02:34:00  INFO        prepare_dataframes                    0.02s
2026-10-03 02:34:00  INFO        analyze_trip_agg                      1.19s
2026-10-03 02:34:00  INFO        analyze_alerts                        4.02s
2026-10-03 02:34:00  INFO        total                               113.81s
2026-10-03 02:34:00  INFO      Reports written to: /root/code/algorithms/app/scripts/camera/trip_agg_analysis_script/output/2026-10-01/649034868264558592
