2026-08-25 02:42:17  INFO      === Starting analysis for account: 632578958264631296 ===
2026-08-25 02:42:17  INFO      Account name: K M Translogistics  Pvt Ltd ( KMT)
2026-08-25 02:42:17  INFO      [1/1] Fetching trip_agg for account: 632578958264631296
2026-08-25 02:42:17  INFO      Fetching vehicle page: 1
2026-08-25 02:42:17  INFO      Fetching vehicle page: 2
2026-08-25 02:42:18  INFO      Fetching vehicle page: 3
2026-08-25 02:42:18  INFO      Fetching vehicle page: 4
2026-08-25 02:42:18  INFO      Total vehicles collected for account 632578958264631296: 1983
2026-08-25 02:42:42  INFO      Total trips collected for account 632578958264631296: 5953
2026-08-25 02:45:53  INFO        account 632578958264631296: fetched 6028 records (61 pages)
2026-08-25 02:45:53  INFO      Total trip-agg records collected across 1 accounts: 6028
2026-08-25 02:46:04  INFO      Attempting second-pass fetch for 33 missing trips by trip_id
2026-08-25 02:46:05  INFO      Second-pass recovered 33 missing trips, 0 still missing
2026-08-25 02:46:27  WARNING   Alert count fetch failed for 5953/5953 trips
2026-08-25 02:46:28  INFO      Summary written to: /root/code/algorithms/app/scripts/camera/trip_agg_analysis_script/output/2026-08-23/632578958264631296/summary.json
2026-08-25 02:46:28  INFO      ===== Trip Aggregation Analysis Summary =====
2026-08-25 02:46:28  INFO      Trips after merge/filters: 3061
2026-08-25 02:46:28  INFO      Completely processed trips: 3059
2026-08-25 02:46:28  INFO      Missing trips in trip_agg: 0
2026-08-25 02:46:28  INFO      Unbroken unmatched trips: 4
2026-08-25 02:46:28  INFO      Broken unmatched trips: 0
2026-08-25 02:46:28  INFO      ----- Step Timings -----
2026-08-25 02:46:28  INFO        fetch_accounts_with_access            0.02s
2026-08-25 02:46:28  INFO        fetch_trip_agg_data                 216.21s
2026-08-25 02:46:28  INFO        get_trips_for_account                24.43s
2026-08-25 02:46:28  INFO        prepare_dataframes                    0.21s
2026-08-25 02:46:28  INFO        analyze_trip_agg                     10.89s
2026-08-25 02:46:28  INFO        analyze_alerts                       22.70s
2026-08-25 02:46:28  INFO        total                               274.46s
2026-08-25 02:46:28  INFO      Reports written to: /root/code/algorithms/app/scripts/camera/trip_agg_analysis_script/output/2026-08-23/632578958264631296
