2026-08-24 02:31:47  INFO      === Starting analysis for account: 649034868264558592 ===
2026-08-24 02:31:47  INFO      Account name: RajRatan Travels
2026-08-24 02:31:47  INFO      [1/1] Fetching trip_agg for account: 649034868264558592
2026-08-24 02:31:47  INFO      Fetching vehicle page: 1
2026-08-24 02:31:47  INFO      Total vehicles collected for account 649034868264558592: 128
2026-08-24 02:31:48  INFO      Total trips collected for account 649034868264558592: 400
2026-08-24 02:36:16  ERROR     Request failed after 3 attempts: http://internal-apis.intangles.com/trip/aggregated?account_id=649034868264558592&pnum=6&psize=100&start_time=1787356800000&end_time=1787443199000 | error: 504 Server Error: Gateway Time-out for url: http://internal-apis.intangles.com/trip/aggregated?account_id=649034868264558592&pnum=6&psize=100&start_time=1787356800000&end_time=1787443199000
2026-08-24 02:36:16  WARNING     page 6 failed (1/3 consecutive)
2026-08-24 02:36:41  INFO        account 649034868264558592: fetched 500 records (7 pages)
2026-08-24 02:36:41  INFO      Total trip-agg records collected across 1 accounts: 500
2026-08-24 02:36:47  WARNING   Alert count fetch failed for 400/400 trips
2026-08-24 02:36:47  INFO      Summary written to: /root/code/algorithms/app/scripts/camera/trip_agg_analysis_script/output/2026-08-22/649034868264558592/summary.json
2026-08-24 02:36:47  INFO      ===== Trip Aggregation Analysis Summary =====
2026-08-24 02:36:47  INFO      Trips after merge/filters: 258
2026-08-24 02:36:47  INFO      Completely processed trips: 258
2026-08-24 02:36:47  INFO      Missing trips in trip_agg: 0
2026-08-24 02:36:47  INFO      Unbroken unmatched trips: 0
2026-08-24 02:36:47  INFO      Broken unmatched trips: 18
2026-08-24 02:36:47  INFO      ----- Step Timings -----
2026-08-24 02:36:47  INFO        fetch_accounts_with_access            0.02s
2026-08-24 02:36:47  INFO        fetch_trip_agg_data                 294.53s
2026-08-24 02:36:47  INFO        get_trips_for_account                 1.51s
2026-08-24 02:36:47  INFO        prepare_dataframes                    0.02s
2026-08-24 02:36:47  INFO        analyze_trip_agg                      1.17s
2026-08-24 02:36:47  INFO        analyze_alerts                        4.02s
2026-08-24 02:36:47  INFO        total                               301.27s
2026-08-24 02:36:47  INFO      Reports written to: /root/code/algorithms/app/scripts/camera/trip_agg_analysis_script/output/2026-08-22/649034868264558592
