2026-07-18 02:40:21  INFO      === Starting analysis for account: 642689989225816064 ===
2026-07-18 02:40:21  INFO      Account name: Indore Intercity
2026-07-18 02:40:21  INFO      Fetching trip_agg page: 1
2026-07-18 02:40:21  INFO      Fetching vehicle page: 1
2026-07-18 02:40:21  INFO      Total vehicles collected for account 642689989225816064: 229
2026-07-18 02:40:35  INFO      Fetching trip_agg page: 2
2026-07-18 02:40:45  INFO      Total trips collected for account 642689989225816064: 1140
2026-07-18 02:40:47  INFO      Fetching trip_agg page: 3
2026-07-18 02:40:48  INFO      Total trip-agg records collected: 1206
2026-07-18 02:41:08  INFO      Summary written to: /root/code/algorithms/app/scripts/camera/trip_agg_analysis_script/output/2026-07-16/642689989225816064/summary.json
2026-07-18 02:41:08  INFO      ===== Trip Aggregation Analysis Summary =====
2026-07-18 02:41:08  INFO      Trips after merge/filters: 428
2026-07-18 02:41:08  INFO      Completely processed trips: 428
2026-07-18 02:41:08  INFO      Missing trips in trip_agg: 2
2026-07-18 02:41:08  INFO      Unbroken unmatched trips: 6
2026-07-18 02:41:08  INFO      Broken unmatched trips: 25
2026-07-18 02:41:08  INFO      Top alert mismatches:
         alert_name  mismatch_count  total_joined_trips  mismatch_pct
 distracted_driving               0                1138           0.0
         drowsiness               0                1138           0.0
emergency_recording               0                1138           0.0
        eyes_closed               0                1138           0.0
                fcw               0                1138           0.0
2026-07-18 02:41:08  INFO      ----- Step Timings -----
2026-07-18 02:41:08  INFO        fetch_trip_agg_data                  27.44s
2026-07-18 02:41:08  INFO        get_trips_for_account                24.83s
2026-07-18 02:41:08  INFO        prepare_dataframes                    0.14s
2026-07-18 02:41:08  INFO        analyze_trip_agg                      1.72s
2026-07-18 02:41:08  INFO        analyze_alerts                       17.72s
2026-07-18 02:41:08  INFO        total                                71.85s
2026-07-18 02:41:08  INFO      Reports written to: /root/code/algorithms/app/scripts/camera/trip_agg_analysis_script/output/2026-07-16/642689989225816064
