2026-07-20 02:36:03  INFO      === Starting analysis for account: 649034868264558592 ===
2026-07-20 02:36:03  INFO      Account name: RajRatan Travels
2026-07-20 02:36:03  INFO      Fetching trip_agg page: 1
2026-07-20 02:36:03  INFO      Fetching vehicle page: 1
2026-07-20 02:36:03  INFO      Total vehicles collected for account 649034868264558592: 128
2026-07-20 02:36:05  INFO      Total trips collected for account 649034868264558592: 296
2026-07-20 02:39:03  ERROR     Request failed after 3 attempts: http://internal-apis.intangles.com/trip/aggregated?account_id=649034868264558592&pnum=1&psize=500&start_time=1784332800000&end_time=1784419199000 | error: HTTPConnectionPool(host='internal-apis.intangles.com', port=80): Read timed out. (read timeout=60)
2026-07-20 02:39:03  WARNING   Skipping failed trip_agg page 1 (1/3)
2026-07-20 02:39:03  INFO      Fetching trip_agg page: 2
2026-07-20 02:39:11  INFO      Total trip-agg records collected: 0
2026-07-20 02:39:11  INFO      Summary written to: /root/code/algorithms/app/scripts/camera/trip_agg_analysis_script/output/2026-07-18/649034868264558592/summary.json
2026-07-20 02:39:11  INFO      ===== Trip Aggregation Analysis Summary =====
2026-07-20 02:39:11  INFO      Trips after merge/filters: 0
2026-07-20 02:39:11  INFO      Completely processed trips: 0
2026-07-20 02:39:11  INFO      Missing trips in trip_agg: 0
2026-07-20 02:39:11  INFO      Unbroken unmatched trips: 0
2026-07-20 02:39:11  INFO      Broken unmatched trips: 0
2026-07-20 02:39:11  INFO      ----- Step Timings -----
2026-07-20 02:39:11  INFO        fetch_trip_agg_data                 188.13s
2026-07-20 02:39:11  INFO        get_trips_for_account                 2.80s
2026-07-20 02:39:11  INFO        prepare_dataframes                    0.12s
2026-07-20 02:39:11  INFO        analyze_trip_agg                      0.00s
2026-07-20 02:39:11  INFO        analyze_alerts                        0.00s
2026-07-20 02:39:11  INFO        total                               191.05s
2026-07-20 02:39:11  INFO      Reports written to: /root/code/algorithms/app/scripts/camera/trip_agg_analysis_script/output/2026-07-18/649034868264558592
