2026-05-11 08:04:04  INFO      === Starting analysis for account: 649034868264558592 ===
2026-05-11 08:04:04  INFO      Account name: RajRatan Travels
2026-05-11 08:04:04  INFO      Fetching trip_agg page: 1
2026-05-11 08:04:04  INFO      Fetching vehicle page: 1
2026-05-11 08:04:04  INFO      Total vehicles collected for account 649034868264558592: 126
2026-05-11 08:04:07  INFO      Total trips collected for account 649034868264558592: 311
2026-05-11 08:06:06  INFO      Total trip-agg records collected: 441
2026-05-11 08:06:23  WARNING   Alert count fetch failed for 311/311 trips
2026-05-11 08:06:23  INFO      Summary written to: /root/code/algorithms/app/scripts/camera/trip_agg_analysis_script/output/2026-05-09/649034868264558592/summary.json
2026-05-11 08:06:23  INFO      ===== Trip Aggregation Analysis Summary =====
2026-05-11 08:06:23  INFO      Trips after merge/filters: 161
2026-05-11 08:06:23  INFO      Completely processed trips: 161
2026-05-11 08:06:23  INFO      Missing trips in trip_agg: 0
2026-05-11 08:06:23  INFO      Unbroken unmatched trips: 0
2026-05-11 08:06:23  INFO      Broken unmatched trips: 1
2026-05-11 08:06:23  INFO      ----- Step Timings -----
2026-05-11 08:06:23  INFO        fetch_trip_agg_data                 122.58s
2026-05-11 08:06:23  INFO        get_trips_for_account                 3.09s
2026-05-11 08:06:23  INFO        prepare_dataframes                    0.09s
2026-05-11 08:06:23  INFO        analyze_trip_agg                     11.05s
2026-05-11 08:06:23  INFO        analyze_alerts                        5.14s
2026-05-11 08:06:23  INFO        total                               141.96s
2026-05-11 08:06:23  INFO      Reports written to: /root/code/algorithms/app/scripts/camera/trip_agg_analysis_script/output/2026-05-09/649034868264558592
