2026-05-17 08:00:37  INFO      === Starting analysis for account: 632578958264631296 ===
2026-05-17 08:00:37  INFO      Account name: K M Translogistics  Pvt Ltd ( KMT)
2026-05-17 08:00:37  INFO      Fetching trip_agg page: 1
2026-05-17 08:00:37  INFO      Fetching vehicle page: 1
2026-05-17 08:00:38  INFO      Fetching vehicle page: 2
2026-05-17 08:00:38  INFO      Fetching vehicle page: 3
2026-05-17 08:00:39  INFO      Fetching vehicle page: 4
2026-05-17 08:00:40  INFO      Total vehicles collected for account 632578958264631296: 1922
2026-05-17 08:01:07  INFO      Total trips collected for account 632578958264631296: 5423
2026-05-17 08:01:17  INFO      Fetching trip_agg page: 2
2026-05-17 08:01:46  INFO      Fetching trip_agg page: 3
2026-05-17 08:01:48  INFO      Fetching trip_agg page: 4
2026-05-17 08:01:49  INFO      Fetching trip_agg page: 5
2026-05-17 08:01:50  INFO      Fetching trip_agg page: 6
2026-05-17 08:01:52  INFO      Fetching trip_agg page: 7
2026-05-17 08:01:53  INFO      Fetching trip_agg page: 8
2026-05-17 08:01:54  INFO      Fetching trip_agg page: 9
2026-05-17 08:02:11  INFO      Total trip-agg records collected: 4158
2026-05-17 08:02:11  WARNING   Excluding 1 trips with missing end_time from comparison
2026-05-17 08:03:22  WARNING   Alert count fetch failed for 5423/5423 trips
2026-05-17 08:03:23  INFO      Summary written to: /root/code/algorithms/app/scripts/camera/trip_agg_analysis_script/output/2026-05-15/632578958264631296/summary.json
2026-05-17 08:03:23  INFO      ===== Trip Aggregation Analysis Summary =====
2026-05-17 08:03:23  INFO      Trips after merge/filters: 2028
2026-05-17 08:03:23  INFO      Completely processed trips: 2028
2026-05-17 08:03:23  INFO      Missing trips in trip_agg: 1301
2026-05-17 08:03:23  INFO      Unbroken unmatched trips: 7
2026-05-17 08:03:23  INFO      Broken unmatched trips: 0
2026-05-17 08:03:23  INFO      ----- Step Timings -----
2026-05-17 08:03:23  INFO        fetch_trip_agg_data                  93.11s
2026-05-17 08:03:23  INFO        get_trips_for_account                29.66s
2026-05-17 08:03:23  INFO        prepare_dataframes                    0.52s
2026-05-17 08:03:23  INFO        analyze_trip_agg                      0.21s
2026-05-17 08:03:23  INFO        analyze_alerts                       71.05s
2026-05-17 08:03:23  INFO        total                               194.55s
2026-05-17 08:03:23  INFO      Reports written to: /root/code/algorithms/app/scripts/camera/trip_agg_analysis_script/output/2026-05-15/632578958264631296
