2026-09-16 02:30:10  INFO      === Starting analysis for account: 649034868264558592 ===
2026-09-16 02:30:10  INFO      Account name: RajRatan Travels
2026-09-16 02:30:10  INFO      [1/1] Fetching trip_agg for account: 649034868264558592
2026-09-16 02:30:10  INFO      Fetching vehicle page: 1
2026-09-16 02:30:11  INFO      Total vehicles collected for account 649034868264558592: 128
2026-09-16 02:30:20  INFO      Total trips collected for account 649034868264558592: 317
2026-09-16 02:34:51  ERROR     Request failed after 3 attempts: http://internal-apis.intangles.com/trip/aggregated?account_id=649034868264558592&pnum=5&psize=100&start_time=1789344000000&end_time=1789430399000 | error: 504 Server Error: Gateway Time-out for url: http://internal-apis.intangles.com/trip/aggregated?account_id=649034868264558592&pnum=5&psize=100&start_time=1789344000000&end_time=1789430399000
2026-09-16 02:34:51  WARNING     page 5 failed (1/3 consecutive)
2026-09-16 02:36:51  ERROR     Request failed after 3 attempts: http://internal-apis.intangles.com/trip/aggregated?account_id=649034868264558592&pnum=6&psize=100&start_time=1789344000000&end_time=1789430399000 | error: 504 Server Error: Gateway Time-out for url: http://internal-apis.intangles.com/trip/aggregated?account_id=649034868264558592&pnum=6&psize=100&start_time=1789344000000&end_time=1789430399000
2026-09-16 02:36:51  WARNING     page 6 failed (2/3 consecutive)
2026-09-16 02:36:58  INFO        account 649034868264558592: fetched 400 records (7 pages)
2026-09-16 02:36:58  INFO      Total trip-agg records collected across 1 accounts: 400
2026-09-16 02:37:00  INFO      Attempting second-pass fetch for 1 missing trips by trip_id
2026-09-16 02:37:01  INFO      Second-pass recovered 1 missing trips, 0 still missing
2026-09-16 02:37:03  WARNING   Alert count fetch failed for 317/317 trips
2026-09-16 02:37:03  INFO      Summary written to: /root/code/algorithms/app/scripts/camera/trip_agg_analysis_script/output/2026-09-14/649034868264558592/summary.json
2026-09-16 02:37:03  INFO      ===== Trip Aggregation Analysis Summary =====
2026-09-16 02:37:03  INFO      Trips after merge/filters: 162
2026-09-16 02:37:03  INFO      Completely processed trips: 162
2026-09-16 02:37:03  INFO      Missing trips in trip_agg: 0
2026-09-16 02:37:03  INFO      Unbroken unmatched trips: 0
2026-09-16 02:37:03  INFO      Broken unmatched trips: 14
2026-09-16 02:37:03  INFO      ----- Step Timings -----
2026-09-16 02:37:03  INFO        fetch_accounts_with_access            0.02s
2026-09-16 02:37:03  INFO        fetch_trip_agg_data                 408.61s
2026-09-16 02:37:03  INFO        get_trips_for_account                10.58s
2026-09-16 02:37:03  INFO        prepare_dataframes                    0.01s
2026-09-16 02:37:03  INFO        analyze_trip_agg                      2.51s
2026-09-16 02:37:03  INFO        analyze_alerts                        2.03s
2026-09-16 02:37:03  INFO        total                               423.76s
2026-09-16 02:37:03  INFO      Reports written to: /root/code/algorithms/app/scripts/camera/trip_agg_analysis_script/output/2026-09-14/649034868264558592
