2026-08-28 02:31:48  INFO      === Starting analysis for account: 632578958264631296 ===
2026-08-28 02:31:48  INFO      Account name: K M Translogistics  Pvt Ltd ( KMT)
2026-08-28 02:31:48  INFO      [1/1] Fetching trip_agg for account: 632578958264631296
2026-08-28 02:31:48  INFO      Fetching vehicle page: 1
2026-08-28 02:31:48  INFO      Fetching vehicle page: 2
2026-08-28 02:31:48  INFO      Fetching vehicle page: 3
2026-08-28 02:31:48  INFO      Fetching vehicle page: 4
2026-08-28 02:31:49  INFO      Total vehicles collected for account 632578958264631296: 1993
2026-08-28 02:32:03  INFO      Total trips collected for account 632578958264631296: 6229
2026-08-28 02:37:41  INFO        account 632578958264631296: fetched 6325 records (64 pages)
2026-08-28 02:37:41  INFO      Total trip-agg records collected across 1 accounts: 6325
2026-08-28 02:37:51  INFO      Attempting second-pass fetch for 23 missing trips by trip_id
2026-08-28 02:37:51  INFO      Second-pass recovered 23 missing trips, 0 still missing
2026-08-28 02:38:12  WARNING   Alert count fetch failed for 6229/6229 trips
2026-08-28 02:38:12  INFO      Summary written to: /root/code/algorithms/app/scripts/camera/trip_agg_analysis_script/output/2026-08-26/632578958264631296/summary.json
2026-08-28 02:38:12  INFO      ===== Trip Aggregation Analysis Summary =====
2026-08-28 02:38:12  INFO      Trips after merge/filters: 3103
2026-08-28 02:38:12  INFO      Completely processed trips: 3100
2026-08-28 02:38:12  INFO      Missing trips in trip_agg: 0
2026-08-28 02:38:12  INFO      Unbroken unmatched trips: 6
2026-08-28 02:38:12  INFO      Broken unmatched trips: 0
2026-08-28 02:38:12  INFO      ----- Step Timings -----
2026-08-28 02:38:12  INFO        fetch_accounts_with_access            0.02s
2026-08-28 02:38:12  INFO        fetch_trip_agg_data                 353.55s
2026-08-28 02:38:12  INFO        get_trips_for_account                15.30s
2026-08-28 02:38:12  INFO        prepare_dataframes                    0.20s
2026-08-28 02:38:12  INFO        analyze_trip_agg                     10.16s
2026-08-28 02:38:12  INFO        analyze_alerts                       20.23s
2026-08-28 02:38:12  INFO        total                               399.47s
2026-08-28 02:38:12  INFO      Reports written to: /root/code/algorithms/app/scripts/camera/trip_agg_analysis_script/output/2026-08-26/632578958264631296
