2026-07-27 02:37:33  INFO      === Starting analysis for account: 642689989225816064 ===
2026-07-27 02:37:33  INFO      Account name: Indore Intercity
2026-07-27 02:37:33  INFO      Fetching trip_agg page: 1
2026-07-27 02:37:33  INFO      Fetching vehicle page: 1
2026-07-27 02:37:33  INFO      Total vehicles collected for account 642689989225816064: 229
2026-07-27 02:37:36  INFO      Total trips collected for account 642689989225816064: 868
2026-07-27 02:37:38  INFO      Fetching trip_agg page: 2
2026-07-27 02:37:43  INFO      Total trip-agg records collected: 908
2026-07-27 02:37:49  INFO      Summary written to: /root/code/algorithms/app/scripts/camera/trip_agg_analysis_script/output/2026-07-25/642689989225816064/summary.json
2026-07-27 02:37:49  INFO      ===== Trip Aggregation Analysis Summary =====
2026-07-27 02:37:49  INFO      Trips after merge/filters: 434
2026-07-27 02:37:49  INFO      Completely processed trips: 434
2026-07-27 02:37:49  INFO      Missing trips in trip_agg: 28
2026-07-27 02:37:49  INFO      Unbroken unmatched trips: 0
2026-07-27 02:37:49  INFO      Broken unmatched trips: 21
2026-07-27 02:37:49  INFO      Top alert mismatches:
         alert_name  mismatch_count  total_joined_trips  mismatch_pct
 distracted_driving               0                 840           0.0
         drowsiness               0                 840           0.0
emergency_recording               0                 840           0.0
        eyes_closed               0                 840           0.0
                fcw               0                 840           0.0
2026-07-27 02:37:49  INFO      ----- Step Timings -----
2026-07-27 02:37:49  INFO        fetch_trip_agg_data                  10.45s
2026-07-27 02:37:49  INFO        get_trips_for_account                 3.43s
2026-07-27 02:37:49  INFO        prepare_dataframes                    0.03s
2026-07-27 02:37:49  INFO        analyze_trip_agg                      1.19s
2026-07-27 02:37:49  INFO        analyze_alerts                        4.36s
2026-07-27 02:37:49  INFO        total                                19.46s
2026-07-27 02:37:49  INFO      Reports written to: /root/code/algorithms/app/scripts/camera/trip_agg_analysis_script/output/2026-07-25/642689989225816064
