2026-09-21 02:30:10  INFO      === Starting analysis for account: 649034868264558592 ===
2026-09-21 02:30:10  INFO      Account name: RajRatan Travels
2026-09-21 02:30:10  INFO      [1/1] Fetching trip_agg for account: 649034868264558592
2026-09-21 02:30:10  INFO      Fetching vehicle page: 1
2026-09-21 02:30:10  INFO      Total vehicles collected for account 649034868264558592: 131
2026-09-21 02:30:13  INFO      Total trips collected for account 649034868264558592: 314
2026-09-21 02:34:52  ERROR     Request failed after 3 attempts: http://internal-apis.intangles.com/trip/aggregated?account_id=649034868264558592&pnum=5&psize=100&start_time=1789776000000&end_time=1789862399000 | error: 504 Server Error: Gateway Time-out for url: http://internal-apis.intangles.com/trip/aggregated?account_id=649034868264558592&pnum=5&psize=100&start_time=1789776000000&end_time=1789862399000
2026-09-21 02:34:52  WARNING     page 5 failed (1/3 consecutive)
2026-09-21 02:36:37  INFO        account 649034868264558592: fetched 400 records (6 pages)
2026-09-21 02:36:37  INFO      Total trip-agg records collected across 1 accounts: 400
2026-09-21 02:36:41  WARNING   Alert count fetch failed for 314/314 trips
2026-09-21 02:36:41  INFO      Summary written to: /root/code/algorithms/app/scripts/camera/trip_agg_analysis_script/output/2026-09-19/649034868264558592/summary.json
2026-09-21 02:36:41  INFO      ===== Trip Aggregation Analysis Summary =====
2026-09-21 02:36:41  INFO      Trips after merge/filters: 167
2026-09-21 02:36:41  INFO      Completely processed trips: 166
2026-09-21 02:36:41  INFO      Missing trips in trip_agg: 0
2026-09-21 02:36:41  INFO      Unbroken unmatched trips: 0
2026-09-21 02:36:41  INFO      Broken unmatched trips: 21
2026-09-21 02:36:41  INFO      ----- Step Timings -----
2026-09-21 02:36:41  INFO        fetch_accounts_with_access            0.10s
2026-09-21 02:36:41  INFO        fetch_trip_agg_data                 386.67s
2026-09-21 02:36:41  INFO        get_trips_for_account                 2.35s
2026-09-21 02:36:41  INFO        prepare_dataframes                    0.02s
2026-09-21 02:36:41  INFO        analyze_trip_agg                      2.43s
2026-09-21 02:36:41  INFO        analyze_alerts                        2.02s
2026-09-21 02:36:41  INFO        total                               393.59s
2026-09-21 02:36:41  INFO      Reports written to: /root/code/algorithms/app/scripts/camera/trip_agg_analysis_script/output/2026-09-19/649034868264558592
