2026-04-28 08:04:43  INFO      === Starting analysis for account: 649034868264558592 ===
2026-04-28 08:04:43  INFO      Account name: RajRatan Travels
2026-04-28 08:04:43  INFO      Fetching trip_agg page: 1
2026-04-28 08:04:43  INFO      Fetching vehicle page: 1
2026-04-28 08:04:43  INFO      Total vehicles collected for account 649034868264558592: 122
2026-04-28 08:04:46  INFO      Total trips collected for account 649034868264558592: 311
2026-04-28 08:06:33  INFO      Total trip-agg records collected: 418
2026-04-28 08:06:42  INFO      Summary written to: /root/code/algorithms/app/scripts/camera/trip_agg_analysis_script/output/2026-04-26/649034868264558592/summary.json
2026-04-28 08:06:42  INFO      ===== Trip Aggregation Analysis Summary =====
2026-04-28 08:06:42  INFO      Trips after merge/filters: 178
2026-04-28 08:06:42  INFO      Completely processed trips: 178
2026-04-28 08:06:42  INFO      Missing trips in trip_agg: 0
2026-04-28 08:06:42  INFO      Unbroken unmatched trips: 0
2026-04-28 08:06:42  INFO      Broken unmatched trips: 5
2026-04-28 08:06:42  INFO      Top alert mismatches:
         alert_name  mismatch_count  total_joined_trips  mismatch_pct
 distracted_driving               0                 311           0.0
         drowsiness               0                 311           0.0
emergency_recording               0                 311           0.0
        eyes_closed               0                 311           0.0
                fcw               0                 311           0.0
2026-04-28 08:06:42  INFO      ----- Step Timings -----
2026-04-28 08:06:42  INFO        fetch_trip_agg_data                 109.85s
2026-04-28 08:06:42  INFO        get_trips_for_account                 3.40s
2026-04-28 08:06:42  INFO        prepare_dataframes                    0.05s
2026-04-28 08:06:42  INFO        analyze_trip_agg                      0.55s
2026-04-28 08:06:42  INFO        analyze_alerts                        8.90s
2026-04-28 08:06:42  INFO        total                               122.75s
2026-04-28 08:06:42  INFO      Reports written to: /root/code/algorithms/app/scripts/camera/trip_agg_analysis_script/output/2026-04-26/649034868264558592
