2026-08-13 02:40:42  INFO      === Starting analysis for account: 1205841794575630336 ===
2026-08-13 02:40:42  INFO      Account name: Chartered Speed-OSRTC
2026-08-13 02:40:42  INFO      [1/1] Fetching trip_agg for account: 1205841794575630336
2026-08-13 02:40:42  INFO      Fetching vehicle page: 1
2026-08-13 02:40:43  INFO      Fetching vehicle page: 2
2026-08-13 02:40:43  INFO      Fetching vehicle page: 3
2026-08-13 02:40:43  INFO      Total vehicles collected for account 1205841794575630336: 1184
2026-08-13 02:41:01  INFO      Total trips collected for account 1205841794575630336: 8561
2026-08-13 02:45:03  INFO        account 1205841794575630336: fetched 8689 records (87 pages)
2026-08-13 02:45:03  INFO      Total trip-agg records collected across 1 accounts: 8689
2026-08-13 02:45:45  WARNING   Alert count fetch failed for 8561/8561 trips
2026-08-13 02:45:46  INFO      Summary written to: /root/code/algorithms/app/scripts/camera/trip_agg_analysis_script/output/2026-08-11/1205841794575630336/summary.json
2026-08-13 02:45:46  INFO      ===== Trip Aggregation Analysis Summary =====
2026-08-13 02:45:46  INFO      Trips after merge/filters: 7034
2026-08-13 02:45:46  INFO      Completely processed trips: 7030
2026-08-13 02:45:46  INFO      Missing trips in trip_agg: 0
2026-08-13 02:45:46  INFO      Unbroken unmatched trips: 0
2026-08-13 02:45:46  INFO      Broken unmatched trips: 18
2026-08-13 02:45:46  INFO      ----- Step Timings -----
2026-08-13 02:45:46  INFO        fetch_accounts_with_access            0.02s
2026-08-13 02:45:46  INFO        fetch_trip_agg_data                 260.85s
2026-08-13 02:45:46  INFO        get_trips_for_account                18.53s
2026-08-13 02:45:46  INFO        prepare_dataframes                    0.26s
2026-08-13 02:45:46  INFO        analyze_trip_agg                      8.46s
2026-08-13 02:45:46  INFO        analyze_alerts                       33.54s
2026-08-13 02:45:46  INFO        total                               321.65s
2026-08-13 02:45:46  INFO      Reports written to: /root/code/algorithms/app/scripts/camera/trip_agg_analysis_script/output/2026-08-11/1205841794575630336
