2026-07-23 02:39:05  INFO      === Starting analysis for account: 632578958264631296 ===
2026-07-23 02:39:05  INFO      Account name: K M Translogistics  Pvt Ltd ( KMT)
2026-07-23 02:39:05  INFO      Fetching trip_agg page: 1
2026-07-23 02:39:05  INFO      Fetching vehicle page: 1
2026-07-23 02:39:05  INFO      Fetching vehicle page: 2
2026-07-23 02:39:05  INFO      Fetching vehicle page: 3
2026-07-23 02:39:06  INFO      Fetching vehicle page: 4
2026-07-23 02:39:06  INFO      Total vehicles collected for account 632578958264631296: 1981
2026-07-23 02:39:10  INFO      Fetching trip_agg page: 2
2026-07-23 02:39:13  INFO      Fetching trip_agg page: 3
2026-07-23 02:39:16  INFO      Fetching trip_agg page: 4
2026-07-23 02:39:47  INFO      Total trips collected for account 632578958264631296: 6006
2026-07-23 02:40:11  INFO      Fetching trip_agg page: 5
2026-07-23 02:40:14  INFO      Fetching trip_agg page: 6
2026-07-23 02:40:17  INFO      Fetching trip_agg page: 7
2026-07-23 02:40:21  INFO      Fetching trip_agg page: 8
2026-07-23 02:40:24  INFO      Fetching trip_agg page: 9
2026-07-23 02:40:26  INFO      Fetching trip_agg page: 10
2026-07-23 02:40:30  INFO      Fetching trip_agg page: 11
2026-07-23 02:40:33  INFO      Fetching trip_agg page: 12
2026-07-23 02:40:36  INFO      Fetching trip_agg page: 13
2026-07-23 02:41:08  INFO      Total trip-agg records collected: 6096
2026-07-23 02:42:40  INFO      Summary written to: /root/code/algorithms/app/scripts/camera/trip_agg_analysis_script/output/2026-07-21/632578958264631296/summary.json
2026-07-23 02:42:40  INFO      ===== Trip Aggregation Analysis Summary =====
2026-07-23 02:42:40  INFO      Trips after merge/filters: 2928
2026-07-23 02:42:40  INFO      Completely processed trips: 2928
2026-07-23 02:42:40  INFO      Missing trips in trip_agg: 16
2026-07-23 02:42:40  INFO      Unbroken unmatched trips: 3
2026-07-23 02:42:40  INFO      Broken unmatched trips: 0
2026-07-23 02:42:40  INFO      Top alert mismatches:
         alert_name  mismatch_count  total_joined_trips  mismatch_pct
unscheduled_driving               1                5990          0.02
         fuel_chori               1                5990          0.02
             idling               0                5990          0.00
         over_speed               0                5990          0.00
            freerun               0                5990          0.00
2026-07-23 02:42:40  INFO      ----- Step Timings -----
2026-07-23 02:42:40  INFO        fetch_trip_agg_data                 123.21s
2026-07-23 02:42:40  INFO        get_trips_for_account                42.25s
2026-07-23 02:42:40  INFO        prepare_dataframes                    0.55s
2026-07-23 02:42:40  INFO        analyze_trip_agg                      0.30s
2026-07-23 02:42:40  INFO        analyze_alerts                       90.41s
2026-07-23 02:42:40  INFO        total                               256.72s
2026-07-23 02:42:40  INFO      Reports written to: /root/code/algorithms/app/scripts/camera/trip_agg_analysis_script/output/2026-07-21/632578958264631296
