2026-08-13 02:30:05  INFO      === Starting analysis for account: 649034868264558592 ===
2026-08-13 02:30:05  INFO      Account name: RajRatan Travels
2026-08-13 02:30:05  INFO      [1/1] Fetching trip_agg for account: 649034868264558592
2026-08-13 02:30:05  INFO      Fetching vehicle page: 1
2026-08-13 02:30:05  INFO      Total vehicles collected for account 649034868264558592: 128
2026-08-13 02:30:06  INFO      Total trips collected for account 649034868264558592: 277
2026-08-13 02:34:28  ERROR     Request failed after 3 attempts: http://internal-apis.intangles.com/trip/aggregated?account_id=649034868264558592&pnum=5&psize=100&start_time=1786406400000&end_time=1786492799000 | error: 504 Server Error: Gateway Time-out for url: http://internal-apis.intangles.com/trip/aggregated?account_id=649034868264558592&pnum=5&psize=100&start_time=1786406400000&end_time=1786492799000
2026-08-13 02:34:28  WARNING     page 5 failed (1/3 consecutive)
2026-08-13 02:35:40  INFO        account 649034868264558592: fetched 400 records (6 pages)
2026-08-13 02:35:40  INFO      Total trip-agg records collected across 1 accounts: 400
2026-08-13 02:35:43  WARNING   Alert count fetch failed for 277/277 trips
2026-08-13 02:35:43  INFO      Summary written to: /root/code/algorithms/app/scripts/camera/trip_agg_analysis_script/output/2026-08-11/649034868264558592/summary.json
2026-08-13 02:35:43  INFO      ===== Trip Aggregation Analysis Summary =====
2026-08-13 02:35:43  INFO      Trips after merge/filters: 148
2026-08-13 02:35:43  INFO      Completely processed trips: 148
2026-08-13 02:35:43  INFO      Missing trips in trip_agg: 0
2026-08-13 02:35:43  INFO      Unbroken unmatched trips: 0
2026-08-13 02:35:43  INFO      Broken unmatched trips: 14
2026-08-13 02:35:43  INFO      ----- Step Timings -----
2026-08-13 02:35:43  INFO        fetch_accounts_with_access            0.02s
2026-08-13 02:35:43  INFO        fetch_trip_agg_data                 335.56s
2026-08-13 02:35:43  INFO        get_trips_for_account                 1.37s
2026-08-13 02:35:43  INFO        prepare_dataframes                    0.01s
2026-08-13 02:35:43  INFO        analyze_trip_agg                      0.60s
2026-08-13 02:35:43  INFO        analyze_alerts                        2.03s
2026-08-13 02:35:43  INFO        total                               339.60s
2026-08-13 02:35:43  INFO      Reports written to: /root/code/algorithms/app/scripts/camera/trip_agg_analysis_script/output/2026-08-11/649034868264558592
