2026-08-14 02:38:43  INFO      === Starting analysis for account: 1205841794575630336 ===
2026-08-14 02:38:43  INFO      Account name: Chartered Speed-OSRTC
2026-08-14 02:38:43  INFO      [1/1] Fetching trip_agg for account: 1205841794575630336
2026-08-14 02:38:43  INFO      Fetching vehicle page: 1
2026-08-14 02:38:44  INFO      Fetching vehicle page: 2
2026-08-14 02:38:45  INFO      Fetching vehicle page: 3
2026-08-14 02:38:45  INFO      Total vehicles collected for account 1205841794575630336: 1184
2026-08-14 02:39:12  INFO      Total trips collected for account 1205841794575630336: 8341
2026-08-14 02:42:57  INFO        account 1205841794575630336: fetched 8462 records (85 pages)
2026-08-14 02:42:57  INFO      Total trip-agg records collected across 1 accounts: 8462
2026-08-14 02:43:51  WARNING   Alert count fetch failed for 8341/8341 trips
2026-08-14 02:43:52  INFO      Summary written to: /root/code/algorithms/app/scripts/camera/trip_agg_analysis_script/output/2026-08-12/1205841794575630336/summary.json
2026-08-14 02:43:52  INFO      ===== Trip Aggregation Analysis Summary =====
2026-08-14 02:43:52  INFO      Trips after merge/filters: 7052
2026-08-14 02:43:52  INFO      Completely processed trips: 7035
2026-08-14 02:43:52  INFO      Missing trips in trip_agg: 0
2026-08-14 02:43:52  INFO      Unbroken unmatched trips: 0
2026-08-14 02:43:52  INFO      Broken unmatched trips: 15
2026-08-14 02:43:52  INFO      ----- Step Timings -----
2026-08-14 02:43:52  INFO        fetch_accounts_with_access            0.02s
2026-08-14 02:43:52  INFO        fetch_trip_agg_data                 253.90s
2026-08-14 02:43:52  INFO        get_trips_for_account                29.07s
2026-08-14 02:43:52  INFO        prepare_dataframes                    0.37s
2026-08-14 02:43:52  INFO        analyze_trip_agg                     13.00s
2026-08-14 02:43:52  INFO        analyze_alerts                       40.87s
2026-08-14 02:43:52  INFO        total                               337.23s
2026-08-14 02:43:52  INFO      Reports written to: /root/code/algorithms/app/scripts/camera/trip_agg_analysis_script/output/2026-08-12/1205841794575630336
