2026-03-23 08:00:02  INFO      === Starting analysis for account: 649034868264558592 ===
2026-03-23 08:00:02  INFO      Account name: RajRatan Travels
2026-03-23 08:00:02  INFO      Fetching trip_agg page: 1
2026-03-23 08:00:02  INFO      Fetching vehicle page: 1
2026-03-23 08:00:02  INFO      Total vehicles collected for account 649034868264558592: 118
2026-03-23 08:00:06  INFO      Total trips collected for account 649034868264558592: 250
2026-03-23 08:00:13  INFO      Total trip-agg records collected: 368
2026-03-23 08:00:17  INFO      Summary written to: /root/code/algorithms/app/scripts/camera/trip_agg_analysis_script/output/2026-03-21/649034868264558592/summary.json
2026-03-23 08:00:17  INFO      ===== Trip Aggregation Analysis Summary =====
2026-03-23 08:00:17  INFO      Trips after merge/filters: 148
2026-03-23 08:00:17  INFO      Completely processed trips: 148
2026-03-23 08:00:17  INFO      Missing trips in trip_agg: 0
2026-03-23 08:00:17  INFO      Unbroken unmatched trips: 0
2026-03-23 08:00:17  INFO      Broken unmatched trips: 4
2026-03-23 08:00:17  INFO      Top alert mismatches:
         alert_name  mismatch_count  total_joined_trips  mismatch_pct
             idling               3                 250           1.2
emergency_recording               1                 250           0.4
 distracted_driving               0                 250           0.0
         drowsiness               0                 250           0.0
        eyes_closed               0                 250           0.0
2026-03-23 08:00:17  INFO      ----- Step Timings -----
2026-03-23 08:00:17  INFO        fetch_trip_agg_data                  10.51s
2026-03-23 08:00:17  INFO        get_trips_for_account                 3.35s
2026-03-23 08:00:17  INFO        prepare_dataframes                    0.02s
2026-03-23 08:00:17  INFO        analyze_trip_agg                      0.31s
2026-03-23 08:00:17  INFO        analyze_alerts                        3.52s
2026-03-23 08:00:17  INFO        total                                17.72s
2026-03-23 08:00:17  INFO      Reports written to: /root/code/algorithms/app/scripts/camera/trip_agg_analysis_script/output/2026-03-21/649034868264558592
