2026-08-09 02:39:32  INFO      === Starting analysis for account: 1205841794575630336 ===
2026-08-09 02:39:32  INFO      Account name: Chartered Speed-OSRTC
2026-08-09 02:39:32  INFO      [1/1] Fetching trip_agg for account: 1205841794575630336
2026-08-09 02:39:32  INFO      Fetching vehicle page: 1
2026-08-09 02:39:32  INFO      Fetching vehicle page: 2
2026-08-09 02:39:33  INFO      Fetching vehicle page: 3
2026-08-09 02:39:33  INFO      Total vehicles collected for account 1205841794575630336: 1184
2026-08-09 02:39:48  INFO      Total trips collected for account 1205841794575630336: 8552
2026-08-09 02:43:35  INFO        account 1205841794575630336: fetched 8693 records (87 pages)
2026-08-09 02:43:35  INFO      Total trip-agg records collected across 1 accounts: 8693
2026-08-09 02:44:32  WARNING   Alert count fetch failed for 8552/8552 trips
2026-08-09 02:44:32  INFO      Summary written to: /root/code/algorithms/app/scripts/camera/trip_agg_analysis_script/output/2026-08-07/1205841794575630336/summary.json
2026-08-09 02:44:32  INFO      ===== Trip Aggregation Analysis Summary =====
2026-08-09 02:44:32  INFO      Trips after merge/filters: 7187
2026-08-09 02:44:32  INFO      Completely processed trips: 7181
2026-08-09 02:44:32  INFO      Missing trips in trip_agg: 0
2026-08-09 02:44:32  INFO      Unbroken unmatched trips: 0
2026-08-09 02:44:32  INFO      Broken unmatched trips: 24
2026-08-09 02:44:32  INFO      ----- Step Timings -----
2026-08-09 02:44:32  INFO        fetch_accounts_with_access            0.02s
2026-08-09 02:44:32  INFO        fetch_trip_agg_data                 243.34s
2026-08-09 02:44:32  INFO        get_trips_for_account                15.69s
2026-08-09 02:44:32  INFO        prepare_dataframes                    0.39s
2026-08-09 02:44:32  INFO        analyze_trip_agg                      9.69s
2026-08-09 02:44:32  INFO        analyze_alerts                       46.27s
2026-08-09 02:44:32  INFO        total                               315.40s
2026-08-09 02:44:32  INFO      Reports written to: /root/code/algorithms/app/scripts/camera/trip_agg_analysis_script/output/2026-08-07/1205841794575630336
