2026-08-27 02:32:45  INFO      === Starting analysis for account: 649034868264558592 ===
2026-08-27 02:32:45  INFO      Account name: RajRatan Travels
2026-08-27 02:32:45  INFO      [1/1] Fetching trip_agg for account: 649034868264558592
2026-08-27 02:32:45  INFO      Fetching vehicle page: 1
2026-08-27 02:32:45  INFO      Total vehicles collected for account 649034868264558592: 128
2026-08-27 02:32:49  INFO      Total trips collected for account 649034868264558592: 341
2026-08-27 02:36:32  ERROR     Request failed after 3 attempts: http://internal-apis.intangles.com/trip/aggregated?account_id=649034868264558592&pnum=5&psize=100&start_time=1787616000000&end_time=1787702399000 | error: 504 Server Error: Gateway Time-out for url: http://internal-apis.intangles.com/trip/aggregated?account_id=649034868264558592&pnum=5&psize=100&start_time=1787616000000&end_time=1787702399000
2026-08-27 02:36:32  WARNING     page 5 failed (1/3 consecutive)
2026-08-27 02:38:38  INFO        account 649034868264558592: fetched 400 records (6 pages)
2026-08-27 02:38:38  INFO      Total trip-agg records collected across 1 accounts: 400
2026-08-27 02:38:39  INFO      Attempting second-pass fetch for 11 missing trips by trip_id
2026-08-27 02:38:46  INFO      Second-pass recovered 11 missing trips, 0 still missing
2026-08-27 02:38:48  WARNING   Alert count fetch failed for 341/341 trips
2026-08-27 02:38:48  INFO      Summary written to: /root/code/algorithms/app/scripts/camera/trip_agg_analysis_script/output/2026-08-25/649034868264558592/summary.json
2026-08-27 02:38:48  INFO      ===== Trip Aggregation Analysis Summary =====
2026-08-27 02:38:48  INFO      Trips after merge/filters: 195
2026-08-27 02:38:48  INFO      Completely processed trips: 194
2026-08-27 02:38:48  INFO      Missing trips in trip_agg: 0
2026-08-27 02:38:48  INFO      Unbroken unmatched trips: 0
2026-08-27 02:38:48  INFO      Broken unmatched trips: 14
2026-08-27 02:38:48  INFO      ----- Step Timings -----
2026-08-27 02:38:48  INFO        fetch_accounts_with_access            0.02s
2026-08-27 02:38:48  INFO        fetch_trip_agg_data                 353.61s
2026-08-27 02:38:48  INFO        get_trips_for_account                 4.24s
2026-08-27 02:38:48  INFO        prepare_dataframes                    0.03s
2026-08-27 02:38:48  INFO        analyze_trip_agg                      7.46s
2026-08-27 02:38:48  INFO        analyze_alerts                        2.02s
2026-08-27 02:38:48  INFO        total                               367.38s
2026-08-27 02:38:48  INFO      Reports written to: /root/code/algorithms/app/scripts/camera/trip_agg_analysis_script/output/2026-08-25/649034868264558592
