2026-07-22 02:43:43  INFO      === Starting analysis for account: 1205841794575630336 ===
2026-07-22 02:43:43  INFO      Account name: Chartered Speed-OSRTC
2026-07-22 02:43:43  INFO      Fetching trip_agg page: 1
2026-07-22 02:43:43  INFO      Fetching vehicle page: 1
2026-07-22 02:43:43  INFO      Fetching vehicle page: 2
2026-07-22 02:43:44  INFO      Fetching vehicle page: 3
2026-07-22 02:43:44  INFO      Total vehicles collected for account 1205841794575630336: 1184
2026-07-22 02:43:45  INFO      Fetching trip_agg page: 2
2026-07-22 02:43:48  INFO      Fetching trip_agg page: 3
2026-07-22 02:43:51  INFO      Fetching trip_agg page: 4
2026-07-22 02:43:54  INFO      Fetching trip_agg page: 5
2026-07-22 02:43:57  INFO      Fetching trip_agg page: 6
2026-07-22 02:44:00  INFO      Fetching trip_agg page: 7
2026-07-22 02:44:03  INFO      Fetching trip_agg page: 8
2026-07-22 02:44:06  INFO      Fetching trip_agg page: 9
2026-07-22 02:44:08  INFO      Fetching trip_agg page: 10
2026-07-22 02:44:13  INFO      Fetching trip_agg page: 11
2026-07-22 02:44:15  INFO      Fetching trip_agg page: 12
2026-07-22 02:44:18  INFO      Fetching trip_agg page: 13
2026-07-22 02:44:21  INFO      Fetching trip_agg page: 14
2026-07-22 02:44:22  INFO      Total trips collected for account 1205841794575630336: 8488
2026-07-22 02:44:24  INFO      Fetching trip_agg page: 15
2026-07-22 02:44:26  INFO      Fetching trip_agg page: 16
2026-07-22 02:44:27  INFO      Fetching trip_agg page: 17
2026-07-22 02:44:29  INFO      Fetching trip_agg page: 18
2026-07-22 02:44:32  INFO      Total trip-agg records collected: 8631
2026-07-22 02:47:11  INFO      Summary written to: /root/code/algorithms/app/scripts/camera/trip_agg_analysis_script/output/2026-07-20/1205841794575630336/summary.json
2026-07-22 02:47:11  INFO      ===== Trip Aggregation Analysis Summary =====
2026-07-22 02:47:11  INFO      Trips after merge/filters: 7099
2026-07-22 02:47:11  INFO      Completely processed trips: 7095
2026-07-22 02:47:11  INFO      Missing trips in trip_agg: 0
2026-07-22 02:47:11  INFO      Unbroken unmatched trips: 0
2026-07-22 02:47:11  INFO      Broken unmatched trips: 37
2026-07-22 02:47:11  INFO      Top alert mismatches:
         alert_name  mismatch_count  total_joined_trips  mismatch_pct
        eyes_closed               7                8488          0.08
 seatbelt_violation               1                8488          0.01
 distracted_driving               0                8488          0.00
         drowsiness               0                8488          0.00
emergency_recording               0                8488          0.00
2026-07-22 02:47:11  INFO      ----- Step Timings -----
2026-07-22 02:47:11  INFO        fetch_trip_agg_data                  49.53s
2026-07-22 02:47:11  INFO        get_trips_for_account                39.42s
2026-07-22 02:47:11  INFO        prepare_dataframes                    0.96s
2026-07-22 02:47:11  INFO        analyze_trip_agg                      3.49s
2026-07-22 02:47:11  INFO        analyze_alerts                      152.94s
2026-07-22 02:47:11  INFO        total                               246.35s
2026-07-22 02:47:11  INFO      Reports written to: /root/code/algorithms/app/scripts/camera/trip_agg_analysis_script/output/2026-07-20/1205841794575630336
