2026-09-17 02:31:12  INFO      === Starting analysis for account: 649034868264558592 ===
2026-09-17 02:31:12  WARNING   Could not resolve account name for 649034868264558592
2026-09-17 02:31:12  INFO      [1/1] Fetching trip_agg for account: 649034868264558592
2026-09-17 02:31:12  INFO      Fetching vehicle page: 1
2026-09-17 02:31:14  INFO      Total vehicles collected for account 649034868264558592: 131
2026-09-17 02:31:16  INFO      Total trips collected for account 649034868264558592: 287
2026-09-17 02:35:56  ERROR     Request failed after 3 attempts: http://internal-apis.intangles.com/trip/aggregated?account_id=649034868264558592&pnum=5&psize=100&start_time=1789430400000&end_time=1789516799000 | error: 504 Server Error: Gateway Time-out for url: http://internal-apis.intangles.com/trip/aggregated?account_id=649034868264558592&pnum=5&psize=100&start_time=1789430400000&end_time=1789516799000
2026-09-17 02:35:56  WARNING     page 5 failed (1/3 consecutive)
2026-09-17 02:37:31  INFO        account 649034868264558592: fetched 400 records (6 pages)
2026-09-17 02:37:31  INFO      Total trip-agg records collected across 1 accounts: 400
2026-09-17 02:37:34  WARNING   Alert count fetch failed for 287/287 trips
2026-09-17 02:37:34  INFO      Summary written to: /root/code/algorithms/app/scripts/camera/trip_agg_analysis_script/output/2026-09-15/649034868264558592/summary.json
2026-09-17 02:37:34  INFO      ===== Trip Aggregation Analysis Summary =====
2026-09-17 02:37:34  INFO      Trips after merge/filters: 147
2026-09-17 02:37:34  INFO      Completely processed trips: 147
2026-09-17 02:37:34  INFO      Missing trips in trip_agg: 0
2026-09-17 02:37:34  INFO      Unbroken unmatched trips: 0
2026-09-17 02:37:34  INFO      Broken unmatched trips: 14
2026-09-17 02:37:34  INFO      ----- Step Timings -----
2026-09-17 02:37:34  INFO        fetch_accounts_with_access            0.02s
2026-09-17 02:37:34  INFO        fetch_trip_agg_data                 379.01s
2026-09-17 02:37:34  INFO        get_trips_for_account                 3.92s
2026-09-17 02:37:34  INFO        prepare_dataframes                    0.02s
2026-09-17 02:37:34  INFO        analyze_trip_agg                      1.47s
2026-09-17 02:37:34  INFO        analyze_alerts                        2.02s
2026-09-17 02:37:34  INFO        total                               386.46s
2026-09-17 02:37:34  INFO      Reports written to: /root/code/algorithms/app/scripts/camera/trip_agg_analysis_script/output/2026-09-15/649034868264558592
