2026-08-30 02:30:11  INFO      === Starting analysis for account: 649034868264558592 ===
2026-08-30 02:30:11  INFO      Account name: RajRatan Travels
2026-08-30 02:30:11  INFO      [1/1] Fetching trip_agg for account: 649034868264558592
2026-08-30 02:30:11  INFO      Fetching vehicle page: 1
2026-08-30 02:30:11  INFO      Total vehicles collected for account 649034868264558592: 128
2026-08-30 02:30:15  INFO      Total trips collected for account 649034868264558592: 436
2026-08-30 02:31:43  INFO        account 649034868264558592: fetched 566 records (6 pages)
2026-08-30 02:31:43  INFO      Total trip-agg records collected across 1 accounts: 566
2026-08-30 02:31:47  WARNING   Alert count fetch failed for 436/436 trips
2026-08-30 02:31:47  INFO      Summary written to: /root/code/algorithms/app/scripts/camera/trip_agg_analysis_script/output/2026-08-28/649034868264558592/summary.json
2026-08-30 02:31:47  INFO      ===== Trip Aggregation Analysis Summary =====
2026-08-30 02:31:47  INFO      Trips after merge/filters: 303
2026-08-30 02:31:47  INFO      Completely processed trips: 303
2026-08-30 02:31:47  INFO      Missing trips in trip_agg: 0
2026-08-30 02:31:47  INFO      Unbroken unmatched trips: 0
2026-08-30 02:31:47  INFO      Broken unmatched trips: 12
2026-08-30 02:31:47  INFO      ----- Step Timings -----
2026-08-30 02:31:47  INFO        fetch_accounts_with_access            0.02s
2026-08-30 02:31:47  INFO        fetch_trip_agg_data                  91.81s
2026-08-30 02:31:47  INFO        get_trips_for_account                 4.20s
2026-08-30 02:31:47  INFO        prepare_dataframes                    0.02s
2026-08-30 02:31:47  INFO        analyze_trip_agg                      0.69s
2026-08-30 02:31:47  INFO        analyze_alerts                        3.02s
2026-08-30 02:31:47  INFO        total                                99.77s
2026-08-30 02:31:47  INFO      Reports written to: /root/code/algorithms/app/scripts/camera/trip_agg_analysis_script/output/2026-08-28/649034868264558592
