2026-08-03 02:40:03  INFO      === Starting analysis for account: 642689989225816064 ===
2026-08-03 02:40:03  INFO      Account name: Indore Intercity
2026-08-03 02:40:03  INFO      Resolved 7 accounts_with_access for 642689989225816064
2026-08-03 02:40:03  INFO      [1/7] Fetching trip_agg for account: 475691480292397056
2026-08-03 02:40:03  INFO      Fetching vehicle page: 1
2026-08-03 02:40:04  INFO      Total vehicles collected for account 642689989225816064: 229
2026-08-03 02:40:04  INFO        account 475691480292397056: fetched 0 records (1 pages)
2026-08-03 02:40:04  INFO      [2/7] Fetching trip_agg for account: 642689989225816064
2026-08-03 02:40:07  INFO      Total trips collected for account 642689989225816064: 889
2026-08-03 02:40:23  INFO        account 642689989225816064: fetched 962 records (10 pages)
2026-08-03 02:40:23  INFO      [3/7] Fetching trip_agg for account: 907977166128414720
2026-08-03 02:40:23  INFO        account 907977166128414720: fetched 0 records (1 pages)
2026-08-03 02:40:23  INFO      [4/7] Fetching trip_agg for account: 1128685188746838016
2026-08-03 02:40:23  INFO        account 1128685188746838016: fetched 0 records (1 pages)
2026-08-03 02:40:23  INFO      [5/7] Fetching trip_agg for account: 1520500634065829888
2026-08-03 02:40:24  INFO        account 1520500634065829888: fetched 0 records (1 pages)
2026-08-03 02:40:24  INFO      [6/7] Fetching trip_agg for account: 1520501245561798656
2026-08-03 02:40:24  INFO        account 1520501245561798656: fetched 0 records (1 pages)
2026-08-03 02:40:24  INFO      [7/7] Fetching trip_agg for account: 1536063812182999040
2026-08-03 02:40:24  INFO        account 1536063812182999040: fetched 0 records (1 pages)
2026-08-03 02:40:24  INFO      Total trip-agg records collected across 7 accounts: 962
2026-08-03 02:40:25  INFO      Attempting second-pass fetch for 6 missing trips by trip_id
2026-08-03 02:40:25  INFO      Second-pass recovered 6 missing trips, 0 still missing
2026-08-03 02:40:32  INFO      Summary written to: /root/code/algorithms/app/scripts/camera/trip_agg_analysis_script/output/2026-08-01/642689989225816064/summary.json
2026-08-03 02:40:32  INFO      ===== Trip Aggregation Analysis Summary =====
2026-08-03 02:40:32  INFO      Trips after merge/filters: 458
2026-08-03 02:40:32  INFO      Completely processed trips: 458
2026-08-03 02:40:32  INFO      Missing trips in trip_agg: 0
2026-08-03 02:40:32  INFO      Unbroken unmatched trips: 0
2026-08-03 02:40:32  INFO      Broken unmatched trips: 27
2026-08-03 02:40:32  INFO      Top alert mismatches:
        alert_name  mismatch_count  total_joined_trips  mismatch_pct
distracted_driving               0                 889           0.0
        drowsiness               0                 889           0.0
       eyes_closed               0                 889           0.0
               fcw               0                 889           0.0
      mobile_phone               0                 889           0.0
2026-08-03 02:40:32  INFO      ----- Step Timings -----
2026-08-03 02:40:32  INFO        fetch_accounts_with_access            0.03s
2026-08-03 02:40:32  INFO        fetch_trip_agg_data                  20.49s
2026-08-03 02:40:32  INFO        get_trips_for_account                 3.74s
2026-08-03 02:40:32  INFO        prepare_dataframes                    0.04s
2026-08-03 02:40:32  INFO        analyze_trip_agg                      1.39s
2026-08-03 02:40:32  INFO        analyze_alerts                        6.80s
2026-08-03 02:40:32  INFO        total                                32.49s
2026-08-03 02:40:32  INFO      Reports written to: /root/code/algorithms/app/scripts/camera/trip_agg_analysis_script/output/2026-08-01/642689989225816064
