2026-09-08 02:41:39  INFO      === Starting analysis for account: 1205841794575630336 ===
2026-09-08 02:41:39  INFO      Account name: Chartered Speed-OSRTC
2026-09-08 02:41:39  INFO      [1/1] Fetching trip_agg for account: 1205841794575630336
2026-09-08 02:41:39  INFO      Fetching vehicle page: 1
2026-09-08 02:41:39  INFO      Fetching vehicle page: 2
2026-09-08 02:41:40  INFO      Fetching vehicle page: 3
2026-09-08 02:41:41  INFO      Total vehicles collected for account 1205841794575630336: 1184
2026-09-08 02:42:15  INFO      Total trips collected for account 1205841794575630336: 8449
2026-09-08 02:46:44  INFO        account 1205841794575630336: fetched 8545 records (86 pages)
2026-09-08 02:46:44  INFO      Total trip-agg records collected across 1 accounts: 8545
2026-09-08 02:47:33  WARNING   Alert count fetch failed for 8449/8449 trips
2026-09-08 02:47:34  INFO      Summary written to: /root/code/algorithms/app/scripts/camera/trip_agg_analysis_script/output/2026-09-06/1205841794575630336/summary.json
2026-09-08 02:47:34  INFO      ===== Trip Aggregation Analysis Summary =====
2026-09-08 02:47:34  INFO      Trips after merge/filters: 7093
2026-09-08 02:47:34  INFO      Completely processed trips: 7090
2026-09-08 02:47:34  INFO      Missing trips in trip_agg: 0
2026-09-08 02:47:34  INFO      Unbroken unmatched trips: 0
2026-09-08 02:47:34  INFO      Broken unmatched trips: 15
2026-09-08 02:47:34  INFO      ----- Step Timings -----
2026-09-08 02:47:34  INFO        fetch_accounts_with_access            0.02s
2026-09-08 02:47:34  INFO        fetch_trip_agg_data                 305.31s
2026-09-08 02:47:34  INFO        get_trips_for_account                36.62s
2026-09-08 02:47:34  INFO        prepare_dataframes                    0.19s
2026-09-08 02:47:34  INFO        analyze_trip_agg                     24.14s
2026-09-08 02:47:34  INFO        analyze_alerts                       24.95s
2026-09-08 02:47:34  INFO        total                               391.22s
2026-09-08 02:47:34  INFO      Reports written to: /root/code/algorithms/app/scripts/camera/trip_agg_analysis_script/output/2026-09-06/1205841794575630336
