2026-08-13 02:40:06  INFO      === Starting analysis for account: 642689989225816064 ===
2026-08-13 02:40:06  INFO      Account name: Indore Intercity
2026-08-13 02:40:06  INFO      [1/1] Fetching trip_agg for account: 642689989225816064
2026-08-13 02:40:06  INFO      Fetching vehicle page: 1
2026-08-13 02:40:06  INFO      Total vehicles collected for account 642689989225816064: 227
2026-08-13 02:40:10  INFO      Total trips collected for account 642689989225816064: 961
2026-08-13 02:40:33  INFO        account 642689989225816064: fetched 1011 records (11 pages)
2026-08-13 02:40:33  INFO      Total trip-agg records collected across 1 accounts: 1011
2026-08-13 02:40:38  WARNING   Alert count fetch failed for 961/961 trips
2026-08-13 02:40:38  INFO      Summary written to: /root/code/algorithms/app/scripts/camera/trip_agg_analysis_script/output/2026-08-11/642689989225816064/summary.json
2026-08-13 02:40:38  INFO      ===== Trip Aggregation Analysis Summary =====
2026-08-13 02:40:38  INFO      Trips after merge/filters: 524
2026-08-13 02:40:38  INFO      Completely processed trips: 524
2026-08-13 02:40:38  INFO      Missing trips in trip_agg: 0
2026-08-13 02:40:38  INFO      Unbroken unmatched trips: 0
2026-08-13 02:40:38  INFO      Broken unmatched trips: 18
2026-08-13 02:40:38  INFO      ----- Step Timings -----
2026-08-13 02:40:38  INFO        fetch_accounts_with_access            0.03s
2026-08-13 02:40:38  INFO        fetch_trip_agg_data                  26.99s
2026-08-13 02:40:38  INFO        get_trips_for_account                 3.76s
2026-08-13 02:40:38  INFO        prepare_dataframes                    0.04s
2026-08-13 02:40:38  INFO        analyze_trip_agg                      1.25s
2026-08-13 02:40:38  INFO        analyze_alerts                        4.31s
2026-08-13 02:40:38  INFO        total                                36.37s
2026-08-13 02:40:38  INFO      Reports written to: /root/code/algorithms/app/scripts/camera/trip_agg_analysis_script/output/2026-08-11/642689989225816064
