2026-07-10 02:30:06  INFO      === Starting analysis for account: 649034868264558592 ===
2026-07-10 02:30:06  INFO      Account name: RajRatan Travels
2026-07-10 02:30:06  INFO      Fetching trip_agg page: 1
2026-07-10 02:30:06  INFO      Fetching vehicle page: 1
2026-07-10 02:30:07  INFO      Total vehicles collected for account 649034868264558592: 128
2026-07-10 02:30:08  INFO      Total trips collected for account 649034868264558592: 307
2026-07-10 02:30:37  INFO      Total trip-agg records collected: 447
2026-07-10 02:31:12  INFO      Summary written to: /root/code/algorithms/app/scripts/camera/trip_agg_analysis_script/output/2026-07-08/649034868264558592/summary.json
2026-07-10 02:31:12  INFO      ===== Trip Aggregation Analysis Summary =====
2026-07-10 02:31:12  INFO      Trips after merge/filters: 157
2026-07-10 02:31:12  INFO      Completely processed trips: 156
2026-07-10 02:31:12  INFO      Missing trips in trip_agg: 0
2026-07-10 02:31:12  INFO      Unbroken unmatched trips: 0
2026-07-10 02:31:12  INFO      Broken unmatched trips: 4
2026-07-10 02:31:12  INFO      Top alert mismatches:
        alert_name  mismatch_count  total_joined_trips  mismatch_pct
        fuel_chori               1                 307          0.33
distracted_driving               0                 307          0.00
        drowsiness               0                 307          0.00
       eyes_closed               0                 307          0.00
               fcw               0                 307          0.00
2026-07-10 02:31:12  INFO      ----- Step Timings -----
2026-07-10 02:31:12  INFO        fetch_trip_agg_data                  31.75s
2026-07-10 02:31:12  INFO        get_trips_for_account                 2.34s
2026-07-10 02:31:12  INFO        prepare_dataframes                    0.02s
2026-07-10 02:31:12  INFO        analyze_trip_agg                     31.87s
2026-07-10 02:31:12  INFO        analyze_alerts                        2.28s
2026-07-10 02:31:12  INFO        total                                68.27s
2026-07-10 02:31:12  INFO      Reports written to: /root/code/algorithms/app/scripts/camera/trip_agg_analysis_script/output/2026-07-08/649034868264558592
