2026-09-04 02:40:44  INFO      === Starting analysis for account: 642689989225816064 ===
2026-09-04 02:40:44  INFO      Account name: Indore Intercity
2026-09-04 02:40:44  INFO      [1/1] Fetching trip_agg for account: 642689989225816064
2026-09-04 02:40:44  INFO      Fetching vehicle page: 1
2026-09-04 02:40:44  INFO      Total vehicles collected for account 642689989225816064: 230
2026-09-04 02:40:47  INFO      Total trips collected for account 642689989225816064: 815
2026-09-04 02:41:06  INFO        account 642689989225816064: fetched 879 records (9 pages)
2026-09-04 02:41:06  INFO      Total trip-agg records collected across 1 accounts: 879
2026-09-04 02:41:12  WARNING   Alert count fetch failed for 815/815 trips
2026-09-04 02:41:12  INFO      Summary written to: /root/code/algorithms/app/scripts/camera/trip_agg_analysis_script/output/2026-09-02/642689989225816064/summary.json
2026-09-04 02:41:12  INFO      ===== Trip Aggregation Analysis Summary =====
2026-09-04 02:41:12  INFO      Trips after merge/filters: 434
2026-09-04 02:41:12  INFO      Completely processed trips: 434
2026-09-04 02:41:12  INFO      Missing trips in trip_agg: 0
2026-09-04 02:41:12  INFO      Unbroken unmatched trips: 0
2026-09-04 02:41:12  INFO      Broken unmatched trips: 21
2026-09-04 02:41:12  INFO      ----- Step Timings -----
2026-09-04 02:41:12  INFO        fetch_accounts_with_access            0.01s
2026-09-04 02:41:12  INFO        fetch_trip_agg_data                  22.56s
2026-09-04 02:41:12  INFO        get_trips_for_account                 3.54s
2026-09-04 02:41:12  INFO        prepare_dataframes                    0.04s
2026-09-04 02:41:12  INFO        analyze_trip_agg                      2.43s
2026-09-04 02:41:12  INFO        analyze_alerts                        3.03s
2026-09-04 02:41:12  INFO        total                                31.61s
2026-09-04 02:41:12  INFO      Reports written to: /root/code/algorithms/app/scripts/camera/trip_agg_analysis_script/output/2026-09-02/642689989225816064
