2026-04-19 08:09:49  INFO      === Starting analysis for account: 632578958264631296 ===
2026-04-19 08:09:49  INFO      Account name: K M Translogistics  Pvt Ltd ( KMT)
2026-04-19 08:09:49  INFO      Fetching trip_agg page: 1
2026-04-19 08:09:49  INFO      Fetching vehicle page: 1
2026-04-19 08:09:49  INFO      Fetching vehicle page: 2
2026-04-19 08:09:49  INFO      Fetching vehicle page: 3
2026-04-19 08:09:50  INFO      Fetching vehicle page: 4
2026-04-19 08:09:50  INFO      Total vehicles collected for account 632578958264631296: 1918
2026-04-19 08:10:10  INFO      Fetching trip_agg page: 2
2026-04-19 08:10:18  INFO      Total trips collected for account 632578958264631296: 4845
2026-04-19 08:10:29  INFO      Fetching trip_agg page: 3
2026-04-19 08:10:31  INFO      Fetching trip_agg page: 4
2026-04-19 08:10:32  INFO      Fetching trip_agg page: 5
2026-04-19 08:10:33  INFO      Fetching trip_agg page: 6
2026-04-19 08:10:34  INFO      Fetching trip_agg page: 7
2026-04-19 08:10:35  INFO      Fetching trip_agg page: 8
2026-04-19 08:10:36  INFO      Fetching trip_agg page: 9
2026-04-19 08:10:36  INFO      Fetching trip_agg page: 10
2026-04-19 08:10:48  INFO      Total trip-agg records collected: 4792
2026-04-19 08:11:50  INFO      Summary written to: /root/code/algorithms/app/scripts/camera/trip_agg_analysis_script/output/2026-04-17/632578958264631296/summary.json
2026-04-19 08:11:50  INFO      ===== Trip Aggregation Analysis Summary =====
2026-04-19 08:11:50  INFO      Trips after merge/filters: 2567
2026-04-19 08:11:50  INFO      Completely processed trips: 2567
2026-04-19 08:11:50  INFO      Missing trips in trip_agg: 72
2026-04-19 08:11:50  INFO      Unbroken unmatched trips: 1
2026-04-19 08:11:50  INFO      Broken unmatched trips: 0
2026-04-19 08:11:50  INFO      Top alert mismatches:
         alert_name  mismatch_count  total_joined_trips  mismatch_pct
unscheduled_driving              13                4773          0.27
             idling               6                4773          0.13
       slow_running               3                4773          0.06
         fuel_chori               1                4773          0.02
         over_speed               0                4773          0.00
2026-04-19 08:11:50  INFO      ----- Step Timings -----
2026-04-19 08:11:50  INFO        fetch_trip_agg_data                  59.01s
2026-04-19 08:11:50  INFO        get_trips_for_account                28.83s
2026-04-19 08:11:50  INFO        prepare_dataframes                    0.44s
2026-04-19 08:11:50  INFO        analyze_trip_agg                      0.22s
2026-04-19 08:11:50  INFO        analyze_alerts                       60.85s
2026-04-19 08:11:50  INFO        total                               149.34s
2026-04-19 08:11:50  INFO      Reports written to: /root/code/algorithms/app/scripts/camera/trip_agg_analysis_script/output/2026-04-17/632578958264631296
