2026-09-16 02:42:27  INFO      === Starting analysis for account: 642689989225816064 ===
2026-09-16 02:42:27  INFO      Account name: Indore Intercity
2026-09-16 02:42:27  INFO      [1/1] Fetching trip_agg for account: 642689989225816064
2026-09-16 02:42:27  INFO      Fetching vehicle page: 1
2026-09-16 02:42:27  INFO      Total vehicles collected for account 642689989225816064: 230
2026-09-16 02:42:30  INFO      Total trips collected for account 642689989225816064: 613
2026-09-16 02:42:50  INFO        account 642689989225816064: fetched 665 records (7 pages)
2026-09-16 02:42:50  INFO      Total trip-agg records collected across 1 accounts: 665
2026-09-16 02:42:54  WARNING   Alert count fetch failed for 613/613 trips
2026-09-16 02:42:54  INFO      Summary written to: /root/code/algorithms/app/scripts/camera/trip_agg_analysis_script/output/2026-09-14/642689989225816064/summary.json
2026-09-16 02:42:54  INFO      ===== Trip Aggregation Analysis Summary =====
2026-09-16 02:42:54  INFO      Trips after merge/filters: 286
2026-09-16 02:42:54  INFO      Completely processed trips: 286
2026-09-16 02:42:54  INFO      Missing trips in trip_agg: 0
2026-09-16 02:42:54  INFO      Unbroken unmatched trips: 0
2026-09-16 02:42:54  INFO      Broken unmatched trips: 10
2026-09-16 02:42:54  INFO      ----- Step Timings -----
2026-09-16 02:42:54  INFO        fetch_accounts_with_access            0.01s
2026-09-16 02:42:54  INFO        fetch_trip_agg_data                  23.80s
2026-09-16 02:42:54  INFO        get_trips_for_account                 3.36s
2026-09-16 02:42:54  INFO        prepare_dataframes                    0.02s
2026-09-16 02:42:54  INFO        analyze_trip_agg                      1.56s
2026-09-16 02:42:54  INFO        analyze_alerts                        2.02s
2026-09-16 02:42:54  INFO        total                                30.78s
2026-09-16 02:42:54  INFO      Reports written to: /root/code/algorithms/app/scripts/camera/trip_agg_analysis_script/output/2026-09-14/642689989225816064
