2026-04-26 08:02:47  INFO      === Starting analysis for account: 649034868264558592 ===
2026-04-26 08:02:47  INFO      Account name: RajRatan Travels
2026-04-26 08:02:47  INFO      Fetching trip_agg page: 1
2026-04-26 08:02:47  INFO      Fetching vehicle page: 1
2026-04-26 08:02:47  INFO      Total vehicles collected for account 649034868264558592: 122
2026-04-26 08:02:49  INFO      Total trips collected for account 649034868264558592: 303
2026-04-26 08:03:04  INFO      Total trip-agg records collected: 431
2026-04-26 08:03:12  INFO      Summary written to: /root/code/algorithms/app/scripts/camera/trip_agg_analysis_script/output/2026-04-24/649034868264558592/summary.json
2026-04-26 08:03:12  INFO      ===== Trip Aggregation Analysis Summary =====
2026-04-26 08:03:12  INFO      Trips after merge/filters: 163
2026-04-26 08:03:12  INFO      Completely processed trips: 163
2026-04-26 08:03:12  INFO      Missing trips in trip_agg: 0
2026-04-26 08:03:12  INFO      Unbroken unmatched trips: 0
2026-04-26 08:03:12  INFO      Broken unmatched trips: 5
2026-04-26 08:03:12  INFO      Top alert mismatches:
         alert_name  mismatch_count  total_joined_trips  mismatch_pct
             idling               9                 303          2.97
 distracted_driving               0                 303          0.00
         drowsiness               0                 303          0.00
emergency_recording               0                 303          0.00
        eyes_closed               0                 303          0.00
2026-04-26 08:03:12  INFO      ----- Step Timings -----
2026-04-26 08:03:12  INFO        fetch_trip_agg_data                  17.03s
2026-04-26 08:03:12  INFO        get_trips_for_account                 1.27s
2026-04-26 08:03:12  INFO        prepare_dataframes                    0.03s
2026-04-26 08:03:12  INFO        analyze_trip_agg                      0.67s
2026-04-26 08:03:12  INFO        analyze_alerts                        7.07s
2026-04-26 08:03:12  INFO        total                                26.08s
2026-04-26 08:03:12  INFO      Reports written to: /root/code/algorithms/app/scripts/camera/trip_agg_analysis_script/output/2026-04-24/649034868264558592
