2026-04-06 08:03:49  INFO      === Starting analysis for account: 649034868264558592 ===
2026-04-06 08:03:49  INFO      Account name: RajRatan Travels
2026-04-06 08:03:49  INFO      Fetching trip_agg page: 1
2026-04-06 08:03:49  INFO      Fetching vehicle page: 1
2026-04-06 08:03:50  INFO      Total vehicles collected for account 649034868264558592: 118
2026-04-06 08:03:53  INFO      Total trips collected for account 649034868264558592: 264
2026-04-06 08:05:00  INFO      Total trip-agg records collected: 385
2026-04-06 08:05:16  INFO      Summary written to: /root/code/algorithms/app/scripts/camera/trip_agg_analysis_script/output/2026-04-04/649034868264558592/summary.json
2026-04-06 08:05:16  INFO      ===== Trip Aggregation Analysis Summary =====
2026-04-06 08:05:16  INFO      Trips after merge/filters: 148
2026-04-06 08:05:16  INFO      Completely processed trips: 148
2026-04-06 08:05:16  INFO      Missing trips in trip_agg: 0
2026-04-06 08:05:16  INFO      Unbroken unmatched trips: 0
2026-04-06 08:05:16  INFO      Broken unmatched trips: 2
2026-04-06 08:05:16  INFO      Top alert mismatches:
         alert_name  mismatch_count  total_joined_trips  mismatch_pct
             idling               5                 264          1.89
       mobile_phone               1                 264          0.38
 distracted_driving               0                 264          0.00
         drowsiness               0                 264          0.00
emergency_recording               0                 264          0.00
2026-04-06 08:05:16  INFO      ----- Step Timings -----
2026-04-06 08:05:16  INFO        fetch_trip_agg_data                  70.56s
2026-04-06 08:05:16  INFO        get_trips_for_account                 3.49s
2026-04-06 08:05:16  INFO        prepare_dataframes                    0.04s
2026-04-06 08:05:16  INFO        analyze_trip_agg                     13.33s
2026-04-06 08:05:16  INFO        analyze_alerts                        3.28s
2026-04-06 08:05:16  INFO        total                                90.70s
2026-04-06 08:05:16  INFO      Reports written to: /root/code/algorithms/app/scripts/camera/trip_agg_analysis_script/output/2026-04-04/649034868264558592
