2026-08-10 02:30:16  INFO      === Starting analysis for account: 649034868264558592 ===
2026-08-10 02:30:16  INFO      Account name: RajRatan Travels
2026-08-10 02:30:16  INFO      [1/1] Fetching trip_agg for account: 649034868264558592
2026-08-10 02:30:16  INFO      Fetching vehicle page: 1
2026-08-10 02:30:16  INFO      Total vehicles collected for account 649034868264558592: 128
2026-08-10 02:30:20  INFO      Total trips collected for account 649034868264558592: 306
2026-08-10 02:34:38  ERROR     Request failed after 3 attempts: http://internal-apis.intangles.com/trip/aggregated?account_id=649034868264558592&pnum=5&psize=100&start_time=1786147200000&end_time=1786233599000 | error: 504 Server Error: Gateway Time-out for url: http://internal-apis.intangles.com/trip/aggregated?account_id=649034868264558592&pnum=5&psize=100&start_time=1786147200000&end_time=1786233599000
2026-08-10 02:34:38  WARNING     page 5 failed (1/3 consecutive)
2026-08-10 02:34:38  INFO        account 649034868264558592: fetched 400 records (6 pages)
2026-08-10 02:34:38  INFO      Total trip-agg records collected across 1 accounts: 400
2026-08-10 02:34:39  INFO      Attempting second-pass fetch for 1 missing trips by trip_id
2026-08-10 02:34:40  INFO      Second-pass recovered 1 missing trips, 0 still missing
2026-08-10 02:34:42  WARNING   Alert count fetch failed for 306/306 trips
2026-08-10 02:34:42  INFO      Summary written to: /root/code/algorithms/app/scripts/camera/trip_agg_analysis_script/output/2026-08-08/649034868264558592/summary.json
2026-08-10 02:34:42  INFO      ===== Trip Aggregation Analysis Summary =====
2026-08-10 02:34:42  INFO      Trips after merge/filters: 162
2026-08-10 02:34:42  INFO      Completely processed trips: 160
2026-08-10 02:34:42  INFO      Missing trips in trip_agg: 0
2026-08-10 02:34:42  INFO      Unbroken unmatched trips: 0
2026-08-10 02:34:42  INFO      Broken unmatched trips: 11
2026-08-10 02:34:42  INFO      ----- Step Timings -----
2026-08-10 02:34:42  INFO        fetch_accounts_with_access            0.12s
2026-08-10 02:34:42  INFO        fetch_trip_agg_data                 262.55s
2026-08-10 02:34:42  INFO        get_trips_for_account                 3.86s
2026-08-10 02:34:42  INFO        prepare_dataframes                    0.07s
2026-08-10 02:34:42  INFO        analyze_trip_agg                      1.31s
2026-08-10 02:34:42  INFO        analyze_alerts                        1.82s
2026-08-10 02:34:42  INFO        total                               269.73s
2026-08-10 02:34:42  INFO      Reports written to: /root/code/algorithms/app/scripts/camera/trip_agg_analysis_script/output/2026-08-08/649034868264558592
