2026-09-11 02:39:46  INFO      === Starting analysis for account: 642689989225816064 ===
2026-09-11 02:39:46  INFO      Account name: Indore Intercity
2026-09-11 02:39:46  INFO      [1/1] Fetching trip_agg for account: 642689989225816064
2026-09-11 02:39:46  INFO      Fetching vehicle page: 1
2026-09-11 02:39:46  INFO      Total vehicles collected for account 642689989225816064: 230
2026-09-11 02:39:48  INFO      Total trips collected for account 642689989225816064: 590
2026-09-11 02:41:27  INFO        account 642689989225816064: fetched 637 records (7 pages)
2026-09-11 02:41:27  INFO      Total trip-agg records collected across 1 accounts: 637
2026-09-11 02:41:31  WARNING   Alert count fetch failed for 590/590 trips
2026-09-11 02:41:31  INFO      Summary written to: /root/code/algorithms/app/scripts/camera/trip_agg_analysis_script/output/2026-09-09/642689989225816064/summary.json
2026-09-11 02:41:31  INFO      ===== Trip Aggregation Analysis Summary =====
2026-09-11 02:41:31  INFO      Trips after merge/filters: 256
2026-09-11 02:41:31  INFO      Completely processed trips: 256
2026-09-11 02:41:31  INFO      Missing trips in trip_agg: 0
2026-09-11 02:41:31  INFO      Unbroken unmatched trips: 0
2026-09-11 02:41:31  INFO      Broken unmatched trips: 11
2026-09-11 02:41:31  INFO      ----- Step Timings -----
2026-09-11 02:41:31  INFO        fetch_accounts_with_access            0.01s
2026-09-11 02:41:31  INFO        fetch_trip_agg_data                 100.55s
2026-09-11 02:41:31  INFO        get_trips_for_account                 2.04s
2026-09-11 02:41:31  INFO        prepare_dataframes                    0.02s
2026-09-11 02:41:31  INFO        analyze_trip_agg                      1.99s
2026-09-11 02:41:31  INFO        analyze_alerts                        2.02s
2026-09-11 02:41:31  INFO        total                               106.62s
2026-09-11 02:41:31  INFO      Reports written to: /root/code/algorithms/app/scripts/camera/trip_agg_analysis_script/output/2026-09-09/642689989225816064
