2026-05-04 08:07:23  INFO      === Starting analysis for account: 632578958264631296 ===
2026-05-04 08:07:23  INFO      Account name: K M Translogistics  Pvt Ltd ( KMT)
2026-05-04 08:07:23  INFO      Fetching trip_agg page: 1
2026-05-04 08:07:23  INFO      Fetching vehicle page: 1
2026-05-04 08:07:23  INFO      Fetching vehicle page: 2
2026-05-04 08:07:24  INFO      Fetching vehicle page: 3
2026-05-04 08:07:24  INFO      Fetching vehicle page: 4
2026-05-04 08:07:25  INFO      Total vehicles collected for account 632578958264631296: 1918
2026-05-04 08:07:26  INFO      Fetching trip_agg page: 2
2026-05-04 08:07:30  INFO      Fetching trip_agg page: 3
2026-05-04 08:07:31  INFO      Fetching trip_agg page: 4
2026-05-04 08:07:32  INFO      Fetching trip_agg page: 5
2026-05-04 08:07:33  INFO      Fetching trip_agg page: 6
2026-05-04 08:07:34  INFO      Fetching trip_agg page: 7
2026-05-04 08:07:35  INFO      Fetching trip_agg page: 8
2026-05-04 08:07:36  INFO      Fetching trip_agg page: 9
2026-05-04 08:07:39  INFO      Total trip-agg records collected: 4452
2026-05-04 08:07:52  INFO      Total trips collected for account 632578958264631296: 4435
2026-05-04 08:09:10  INFO      Summary written to: /root/code/algorithms/app/scripts/camera/trip_agg_analysis_script/output/2026-05-02/632578958264631296/summary.json
2026-05-04 08:09:10  INFO      ===== Trip Aggregation Analysis Summary =====
2026-05-04 08:09:10  INFO      Trips after merge/filters: 2078
2026-05-04 08:09:10  INFO      Completely processed trips: 2078
2026-05-04 08:09:10  INFO      Missing trips in trip_agg: 18
2026-05-04 08:09:10  INFO      Unbroken unmatched trips: 0
2026-05-04 08:09:10  INFO      Broken unmatched trips: 0
2026-05-04 08:09:10  INFO      Top alert mismatches:
         alert_name  mismatch_count  total_joined_trips  mismatch_pct
unscheduled_driving              14                4417          0.32
             idling               0                4417          0.00
         over_speed               0                4417          0.00
            freerun               0                4417          0.00
         hard_brake               0                4417          0.00
2026-05-04 08:09:10  INFO      ----- Step Timings -----
2026-05-04 08:09:10  INFO        fetch_trip_agg_data                  15.90s
2026-05-04 08:09:10  INFO        get_trips_for_account                29.09s
2026-05-04 08:09:10  INFO        prepare_dataframes                    0.28s
2026-05-04 08:09:10  INFO        analyze_trip_agg                      0.13s
2026-05-04 08:09:10  INFO        analyze_alerts                       77.35s
2026-05-04 08:09:10  INFO        total                               122.75s
2026-05-04 08:09:10  INFO      Reports written to: /root/code/algorithms/app/scripts/camera/trip_agg_analysis_script/output/2026-05-02/632578958264631296
