2026-09-26 02:33:16  INFO      === Starting analysis for account: 632578958264631296 ===
2026-09-26 02:33:16  INFO      Account name: K M Translogistics  Pvt Ltd ( KMT)
2026-09-26 02:33:16  INFO      [1/1] Fetching trip_agg for account: 632578958264631296
2026-09-26 02:33:16  INFO      Fetching vehicle page: 1
2026-09-26 02:33:17  INFO      Fetching vehicle page: 2
2026-09-26 02:33:17  INFO      Fetching vehicle page: 3
2026-09-26 02:33:17  INFO      Fetching vehicle page: 4
2026-09-26 02:33:17  INFO      Fetching vehicle page: 5
2026-09-26 02:33:17  INFO      Total vehicles collected for account 632578958264631296: 2008
2026-09-26 02:33:51  INFO      Total trips collected for account 632578958264631296: 6000
2026-09-26 02:42:30  INFO        account 632578958264631296: fetched 6086 records (61 pages)
2026-09-26 02:42:30  INFO      Total trip-agg records collected across 1 accounts: 6086
2026-09-26 02:42:31  WARNING   Excluding 2 trips with missing end_time from comparison
2026-09-26 02:42:31  INFO      Attempting second-pass fetch for 32 missing trips by trip_id
2026-09-26 02:42:31  WARNING   Second-pass fetch returned no records for 32 missing trips
2026-09-26 02:42:52  WARNING   Alert count fetch failed for 6000/6000 trips
2026-09-26 02:42:53  INFO      Summary written to: /root/code/algorithms/app/scripts/camera/trip_agg_analysis_script/output/2026-09-24/632578958264631296/summary.json
2026-09-26 02:42:53  INFO      ===== Trip Aggregation Analysis Summary =====
2026-09-26 02:42:53  INFO      Trips after merge/filters: 2993
2026-09-26 02:42:53  INFO      Completely processed trips: 2993
2026-09-26 02:42:53  INFO      Missing trips in trip_agg: 32
2026-09-26 02:42:53  INFO      Unbroken unmatched trips: 12
2026-09-26 02:42:53  INFO      Broken unmatched trips: 0
2026-09-26 02:42:53  INFO      ----- Step Timings -----
2026-09-26 02:42:53  INFO        fetch_accounts_with_access            0.02s
2026-09-26 02:42:53  INFO        fetch_trip_agg_data                 553.93s
2026-09-26 02:42:53  INFO        get_trips_for_account                34.57s
2026-09-26 02:42:53  INFO        prepare_dataframes                    0.20s
2026-09-26 02:42:53  INFO        analyze_trip_agg                      0.59s
2026-09-26 02:42:53  INFO        analyze_alerts                       21.16s
2026-09-26 02:42:53  INFO        total                               610.47s
2026-09-26 02:42:53  INFO      Reports written to: /root/code/algorithms/app/scripts/camera/trip_agg_analysis_script/output/2026-09-24/632578958264631296
