2026-09-27 02:53:19  INFO      === Starting analysis for account: 1205841794575630336 ===
2026-09-27 02:53:19  INFO      Account name: Chartered Speed-OSRTC
2026-09-27 02:53:19  INFO      [1/1] Fetching trip_agg for account: 1205841794575630336
2026-09-27 02:53:19  INFO      Fetching vehicle page: 1
2026-09-27 02:53:21  INFO      Fetching vehicle page: 2
2026-09-27 02:53:22  INFO      Fetching vehicle page: 3
2026-09-27 02:53:22  INFO      Total vehicles collected for account 1205841794575630336: 1184
2026-09-27 02:54:33  INFO      Total trips collected for account 1205841794575630336: 7632
2026-09-27 02:59:32  INFO        account 1205841794575630336: fetched 7731 records (78 pages)
2026-09-27 02:59:32  INFO      Total trip-agg records collected across 1 accounts: 7731
2026-09-27 03:02:25  WARNING   Alert count fetch failed for 7632/7632 trips
2026-09-27 03:02:27  INFO      Summary written to: /root/code/algorithms/app/scripts/camera/trip_agg_analysis_script/output/2026-09-25/1205841794575630336/summary.json
2026-09-27 03:02:27  INFO      ===== Trip Aggregation Analysis Summary =====
2026-09-27 03:02:27  INFO      Trips after merge/filters: 6291
2026-09-27 03:02:27  INFO      Completely processed trips: 6282
2026-09-27 03:02:27  INFO      Missing trips in trip_agg: 0
2026-09-27 03:02:27  INFO      Unbroken unmatched trips: 0
2026-09-27 03:02:27  INFO      Broken unmatched trips: 11
2026-09-27 03:02:27  INFO      ----- Step Timings -----
2026-09-27 03:02:27  INFO        fetch_accounts_with_access            0.03s
2026-09-27 03:02:27  INFO        fetch_trip_agg_data                 372.79s
2026-09-27 03:02:27  INFO        get_trips_for_account                73.73s
2026-09-27 03:02:27  INFO        prepare_dataframes                    0.89s
2026-09-27 03:02:27  INFO        analyze_trip_agg                     15.03s
2026-09-27 03:02:27  INFO        analyze_alerts                      157.93s
2026-09-27 03:02:27  INFO        total                               620.40s
2026-09-27 03:02:27  INFO      Reports written to: /root/code/algorithms/app/scripts/camera/trip_agg_analysis_script/output/2026-09-25/1205841794575630336
