2026-09-25 02:30:06  INFO      === Starting analysis for account: 649034868264558592 ===
2026-09-25 02:30:06  INFO      Account name: RajRatan Travels
2026-09-25 02:30:06  INFO      [1/1] Fetching trip_agg for account: 649034868264558592
2026-09-25 02:30:06  INFO      Fetching vehicle page: 1
2026-09-25 02:30:06  INFO      Total vehicles collected for account 649034868264558592: 131
2026-09-25 02:30:08  INFO      Total trips collected for account 649034868264558592: 317
2026-09-25 02:31:55  INFO        account 649034868264558592: fetched 466 records (5 pages)
2026-09-25 02:31:55  INFO      Total trip-agg records collected across 1 accounts: 466
2026-09-25 02:31:59  WARNING   Alert count fetch failed for 317/317 trips
2026-09-25 02:31:59  INFO      Summary written to: /root/code/algorithms/app/scripts/camera/trip_agg_analysis_script/output/2026-09-23/649034868264558592/summary.json
2026-09-25 02:31:59  INFO      ===== Trip Aggregation Analysis Summary =====
2026-09-25 02:31:59  INFO      Trips after merge/filters: 162
2026-09-25 02:31:59  INFO      Completely processed trips: 162
2026-09-25 02:31:59  INFO      Missing trips in trip_agg: 0
2026-09-25 02:31:59  INFO      Unbroken unmatched trips: 0
2026-09-25 02:31:59  INFO      Broken unmatched trips: 22
2026-09-25 02:31:59  INFO      ----- Step Timings -----
2026-09-25 02:31:59  INFO        fetch_accounts_with_access            0.14s
2026-09-25 02:31:59  INFO        fetch_trip_agg_data                 108.89s
2026-09-25 02:31:59  INFO        get_trips_for_account                 1.87s
2026-09-25 02:31:59  INFO        prepare_dataframes                    0.01s
2026-09-25 02:31:59  INFO        analyze_trip_agg                      1.21s
2026-09-25 02:31:59  INFO        analyze_alerts                        3.02s
2026-09-25 02:31:59  INFO        total                               115.15s
2026-09-25 02:31:59  INFO      Reports written to: /root/code/algorithms/app/scripts/camera/trip_agg_analysis_script/output/2026-09-23/649034868264558592
