2026-04-21 08:07:07  INFO      === Starting analysis for account: 632578958264631296 ===
2026-04-21 08:07:07  INFO      Account name: K M Translogistics  Pvt Ltd ( KMT)
2026-04-21 08:07:07  INFO      Fetching trip_agg page: 1
2026-04-21 08:07:07  INFO      Fetching vehicle page: 1
2026-04-21 08:07:08  INFO      Fetching vehicle page: 2
2026-04-21 08:07:08  INFO      Fetching vehicle page: 3
2026-04-21 08:07:09  INFO      Fetching vehicle page: 4
2026-04-21 08:07:09  INFO      Total vehicles collected for account 632578958264631296: 1918
2026-04-21 08:07:21  INFO      Total trips collected for account 632578958264631296: 4233
2026-04-21 08:07:28  INFO      Fetching trip_agg page: 2
2026-04-21 08:07:31  INFO      Fetching trip_agg page: 3
2026-04-21 08:07:32  INFO      Fetching trip_agg page: 4
2026-04-21 08:07:33  INFO      Fetching trip_agg page: 5
2026-04-21 08:07:34  INFO      Fetching trip_agg page: 6
2026-04-21 08:07:35  INFO      Fetching trip_agg page: 7
2026-04-21 08:07:36  INFO      Fetching trip_agg page: 8
2026-04-21 08:07:37  INFO      Fetching trip_agg page: 9
2026-04-21 08:07:48  INFO      Total trip-agg records collected: 4247
2026-04-21 08:08:12  INFO      Summary written to: /root/code/algorithms/app/scripts/camera/trip_agg_analysis_script/output/2026-04-19/632578958264631296/summary.json
2026-04-21 08:08:12  INFO      ===== Trip Aggregation Analysis Summary =====
2026-04-21 08:08:12  INFO      Trips after merge/filters: 2337
2026-04-21 08:08:12  INFO      Completely processed trips: 2337
2026-04-21 08:08:12  INFO      Missing trips in trip_agg: 25
2026-04-21 08:08:12  INFO      Unbroken unmatched trips: 0
2026-04-21 08:08:12  INFO      Broken unmatched trips: 0
2026-04-21 08:08:12  INFO      Top alert mismatches:
         alert_name  mismatch_count  total_joined_trips  mismatch_pct
unscheduled_driving               9                4208          0.21
         fuel_chori               2                4208          0.05
       slow_running               1                4208          0.02
             idling               0                4208          0.00
         over_speed               0                4208          0.00
2026-04-21 08:08:12  INFO      ----- Step Timings -----
2026-04-21 08:08:12  INFO        fetch_trip_agg_data                  40.41s
2026-04-21 08:08:12  INFO        get_trips_for_account                13.29s
2026-04-21 08:08:12  INFO        prepare_dataframes                    0.17s
2026-04-21 08:08:12  INFO        analyze_trip_agg                      0.11s
2026-04-21 08:08:12  INFO        analyze_alerts                       23.48s
2026-04-21 08:08:12  INFO        total                                77.45s
2026-04-21 08:08:12  INFO      Reports written to: /root/code/algorithms/app/scripts/camera/trip_agg_analysis_script/output/2026-04-19/632578958264631296
