2026-10-02 02:33:20  INFO      === Starting analysis for account: 649034868264558592 ===
2026-10-02 02:33:20  INFO      Account name: RajRatan Travels
2026-10-02 02:33:20  INFO      [1/1] Fetching trip_agg for account: 649034868264558592
2026-10-02 02:33:20  INFO      Fetching vehicle page: 1
2026-10-02 02:33:20  INFO      Total vehicles collected for account 649034868264558592: 131
2026-10-02 02:33:23  INFO      Total trips collected for account 649034868264558592: 315
2026-10-02 02:35:08  INFO        account 649034868264558592: fetched 467 records (5 pages)
2026-10-02 02:35:08  INFO      Total trip-agg records collected across 1 accounts: 467
2026-10-02 02:35:12  WARNING   Alert count fetch failed for 315/315 trips
2026-10-02 02:35:12  INFO      Summary written to: /root/code/algorithms/app/scripts/camera/trip_agg_analysis_script/output/2026-09-30/649034868264558592/summary.json
2026-10-02 02:35:12  INFO      ===== Trip Aggregation Analysis Summary =====
2026-10-02 02:35:12  INFO      Trips after merge/filters: 146
2026-10-02 02:35:12  INFO      Completely processed trips: 145
2026-10-02 02:35:12  INFO      Missing trips in trip_agg: 0
2026-10-02 02:35:12  INFO      Unbroken unmatched trips: 0
2026-10-02 02:35:12  INFO      Broken unmatched trips: 16
2026-10-02 02:35:12  INFO      ----- Step Timings -----
2026-10-02 02:35:12  INFO        fetch_accounts_with_access            0.07s
2026-10-02 02:35:12  INFO        fetch_trip_agg_data                 107.90s
2026-10-02 02:35:12  INFO        get_trips_for_account                 3.52s
2026-10-02 02:35:12  INFO        prepare_dataframes                    0.02s
2026-10-02 02:35:12  INFO        analyze_trip_agg                      2.30s
2026-10-02 02:35:12  INFO        analyze_alerts                        2.02s
2026-10-02 02:35:12  INFO        total                               115.83s
2026-10-02 02:35:12  INFO      Reports written to: /root/code/algorithms/app/scripts/camera/trip_agg_analysis_script/output/2026-09-30/649034868264558592
