2026-08-09 02:38:59  INFO      === Starting analysis for account: 642689989225816064 ===
2026-08-09 02:38:59  INFO      Account name: Indore Intercity
2026-08-09 02:38:59  INFO      [1/1] Fetching trip_agg for account: 642689989225816064
2026-08-09 02:38:59  INFO      Fetching vehicle page: 1
2026-08-09 02:39:00  INFO      Total vehicles collected for account 642689989225816064: 227
2026-08-09 02:39:03  INFO      Total trips collected for account 642689989225816064: 981
2026-08-09 02:39:20  INFO        account 642689989225816064: fetched 1034 records (11 pages)
2026-08-09 02:39:20  INFO      Total trip-agg records collected across 1 accounts: 1034
2026-08-09 02:39:26  WARNING   Alert count fetch failed for 981/981 trips
2026-08-09 02:39:26  INFO      Summary written to: /root/code/algorithms/app/scripts/camera/trip_agg_analysis_script/output/2026-08-07/642689989225816064/summary.json
2026-08-09 02:39:26  INFO      ===== Trip Aggregation Analysis Summary =====
2026-08-09 02:39:26  INFO      Trips after merge/filters: 528
2026-08-09 02:39:26  INFO      Completely processed trips: 528
2026-08-09 02:39:26  INFO      Missing trips in trip_agg: 0
2026-08-09 02:39:26  INFO      Unbroken unmatched trips: 0
2026-08-09 02:39:26  INFO      Broken unmatched trips: 19
2026-08-09 02:39:26  INFO      ----- Step Timings -----
2026-08-09 02:39:26  INFO        fetch_accounts_with_access            0.02s
2026-08-09 02:39:26  INFO        fetch_trip_agg_data                  20.35s
2026-08-09 02:39:26  INFO        get_trips_for_account                 3.42s
2026-08-09 02:39:26  INFO        prepare_dataframes                    0.04s
2026-08-09 02:39:26  INFO        analyze_trip_agg                      2.08s
2026-08-09 02:39:26  INFO        analyze_alerts                        4.02s
2026-08-09 02:39:26  INFO        total                                29.92s
2026-08-09 02:39:26  INFO      Reports written to: /root/code/algorithms/app/scripts/camera/trip_agg_analysis_script/output/2026-08-07/642689989225816064
