2026-07-21 02:36:17  INFO      === Starting analysis for account: 642689989225816064 ===
2026-07-21 02:36:17  INFO      Account name: Indore Intercity
2026-07-21 02:36:17  INFO      Fetching trip_agg page: 1
2026-07-21 02:36:17  INFO      Fetching vehicle page: 1
2026-07-21 02:36:17  INFO      Total vehicles collected for account 642689989225816064: 229
2026-07-21 02:36:21  INFO      Total trips collected for account 642689989225816064: 1319
2026-07-21 02:36:22  INFO      Fetching trip_agg page: 2
2026-07-21 02:36:23  INFO      Fetching trip_agg page: 3
2026-07-21 02:36:32  INFO      Total trip-agg records collected: 1355
2026-07-21 02:36:44  INFO      Summary written to: /root/code/algorithms/app/scripts/camera/trip_agg_analysis_script/output/2026-07-19/642689989225816064/summary.json
2026-07-21 02:36:44  INFO      ===== Trip Aggregation Analysis Summary =====
2026-07-21 02:36:44  INFO      Trips after merge/filters: 513
2026-07-21 02:36:44  INFO      Completely processed trips: 513
2026-07-21 02:36:44  INFO      Missing trips in trip_agg: 37
2026-07-21 02:36:44  INFO      Unbroken unmatched trips: 7
2026-07-21 02:36:44  INFO      Broken unmatched trips: 21
2026-07-21 02:36:44  INFO      Top alert mismatches:
         alert_name  mismatch_count  total_joined_trips  mismatch_pct
 distracted_driving               0                1282           0.0
         drowsiness               0                1282           0.0
emergency_recording               0                1282           0.0
        eyes_closed               0                1282           0.0
                fcw               0                1282           0.0
2026-07-21 02:36:44  INFO      ----- Step Timings -----
2026-07-21 02:36:44  INFO        fetch_trip_agg_data                  15.36s
2026-07-21 02:36:44  INFO        get_trips_for_account                 3.69s
2026-07-21 02:36:44  INFO        prepare_dataframes                    0.04s
2026-07-21 02:36:44  INFO        analyze_trip_agg                      5.74s
2026-07-21 02:36:44  INFO        analyze_alerts                        6.12s
2026-07-21 02:36:44  INFO        total                                30.94s
2026-07-21 02:36:44  INFO      Reports written to: /root/code/algorithms/app/scripts/camera/trip_agg_analysis_script/output/2026-07-19/642689989225816064
