2026-09-20 02:41:55  INFO      === Starting analysis for account: 1205841794575630336 ===
2026-09-20 02:41:55  INFO      Account name: Chartered Speed-OSRTC
2026-09-20 02:41:55  INFO      [1/1] Fetching trip_agg for account: 1205841794575630336
2026-09-20 02:41:55  INFO      Fetching vehicle page: 1
2026-09-20 02:41:55  INFO      Fetching vehicle page: 2
2026-09-20 02:41:56  INFO      Fetching vehicle page: 3
2026-09-20 02:41:56  INFO      Total vehicles collected for account 1205841794575630336: 1184
2026-09-20 02:43:38  INFO      Total trips collected for account 1205841794575630336: 8041
2026-09-20 02:48:31  INFO        account 1205841794575630336: fetched 8152 records (82 pages)
2026-09-20 02:48:31  INFO      Total trip-agg records collected across 1 accounts: 8152
2026-09-20 02:49:06  WARNING   Alert count fetch failed for 8041/8041 trips
2026-09-20 02:49:06  INFO      Summary written to: /root/code/algorithms/app/scripts/camera/trip_agg_analysis_script/output/2026-09-18/1205841794575630336/summary.json
2026-09-20 02:49:06  INFO      ===== Trip Aggregation Analysis Summary =====
2026-09-20 02:49:06  INFO      Trips after merge/filters: 6692
2026-09-20 02:49:06  INFO      Completely processed trips: 6689
2026-09-20 02:49:06  INFO      Missing trips in trip_agg: 0
2026-09-20 02:49:06  INFO      Unbroken unmatched trips: 0
2026-09-20 02:49:06  INFO      Broken unmatched trips: 24
2026-09-20 02:49:06  INFO      ----- Step Timings -----
2026-09-20 02:49:06  INFO        fetch_accounts_with_access            0.02s
2026-09-20 02:49:06  INFO        fetch_trip_agg_data                 396.38s
2026-09-20 02:49:06  INFO        get_trips_for_account               102.60s
2026-09-20 02:49:06  INFO        prepare_dataframes                    0.23s
2026-09-20 02:49:06  INFO        analyze_trip_agg                     10.52s
2026-09-20 02:49:06  INFO        analyze_alerts                       23.53s
2026-09-20 02:49:06  INFO        total                               533.27s
2026-09-20 02:49:06  INFO      Reports written to: /root/code/algorithms/app/scripts/camera/trip_agg_analysis_script/output/2026-09-18/1205841794575630336
