2026-04-29 08:02:38  INFO      === Starting analysis for account: 649034868264558592 ===
2026-04-29 08:02:38  INFO      Account name: RajRatan Travels
2026-04-29 08:02:38  INFO      Fetching trip_agg page: 1
2026-04-29 08:02:38  INFO      Fetching vehicle page: 1
2026-04-29 08:02:38  INFO      Total vehicles collected for account 649034868264558592: 122
2026-04-29 08:02:40  INFO      Total trips collected for account 649034868264558592: 288
2026-04-29 08:04:20  INFO      Total trip-agg records collected: 397
2026-04-29 08:04:22  INFO      Summary written to: /root/code/algorithms/app/scripts/camera/trip_agg_analysis_script/output/2026-04-27/649034868264558592/summary.json
2026-04-29 08:04:22  INFO      ===== Trip Aggregation Analysis Summary =====
2026-04-29 08:04:22  INFO      Trips after merge/filters: 159
2026-04-29 08:04:22  INFO      Completely processed trips: 159
2026-04-29 08:04:22  INFO      Missing trips in trip_agg: 1
2026-04-29 08:04:22  INFO      Unbroken unmatched trips: 0
2026-04-29 08:04:22  INFO      Broken unmatched trips: 6
2026-04-29 08:04:22  INFO      Top alert mismatches:
         alert_name  mismatch_count  total_joined_trips  mismatch_pct
         hard_brake               1                 287          0.35
         fuel_chori               1                 287          0.35
 distracted_driving               0                 287          0.00
         drowsiness               0                 287          0.00
emergency_recording               0                 287          0.00
2026-04-29 08:04:22  INFO      ----- Step Timings -----
2026-04-29 08:04:22  INFO        fetch_trip_agg_data                 101.67s
2026-04-29 08:04:22  INFO        get_trips_for_account                 2.32s
2026-04-29 08:04:22  INFO        prepare_dataframes                    0.02s
2026-04-29 08:04:22  INFO        analyze_trip_agg                      0.38s
2026-04-29 08:04:22  INFO        analyze_alerts                        2.01s
2026-04-29 08:04:22  INFO        total                               106.40s
2026-04-29 08:04:22  INFO      Reports written to: /root/code/algorithms/app/scripts/camera/trip_agg_analysis_script/output/2026-04-27/649034868264558592
