2026-09-05 02:30:12  INFO      === Starting analysis for account: 649034868264558592 ===
2026-09-05 02:30:12  INFO      Account name: RajRatan Travels
2026-09-05 02:30:12  INFO      [1/1] Fetching trip_agg for account: 649034868264558592
2026-09-05 02:30:12  INFO      Fetching vehicle page: 1
2026-09-05 02:30:13  INFO      Total vehicles collected for account 649034868264558592: 128
2026-09-05 02:30:14  INFO      Total trips collected for account 649034868264558592: 388
2026-09-05 02:31:49  INFO        account 649034868264558592: fetched 531 records (6 pages)
2026-09-05 02:31:49  INFO      Total trip-agg records collected across 1 accounts: 531
2026-09-05 02:31:52  WARNING   Alert count fetch failed for 388/388 trips
2026-09-05 02:31:52  INFO      Summary written to: /root/code/algorithms/app/scripts/camera/trip_agg_analysis_script/output/2026-09-03/649034868264558592/summary.json
2026-09-05 02:31:52  INFO      ===== Trip Aggregation Analysis Summary =====
2026-09-05 02:31:52  INFO      Trips after merge/filters: 220
2026-09-05 02:31:52  INFO      Completely processed trips: 220
2026-09-05 02:31:52  INFO      Missing trips in trip_agg: 0
2026-09-05 02:31:52  INFO      Unbroken unmatched trips: 0
2026-09-05 02:31:52  INFO      Broken unmatched trips: 13
2026-09-05 02:31:52  INFO      ----- Step Timings -----
2026-09-05 02:31:52  INFO        fetch_accounts_with_access            0.04s
2026-09-05 02:31:52  INFO        fetch_trip_agg_data                  97.12s
2026-09-05 02:31:52  INFO        get_trips_for_account                 2.11s
2026-09-05 02:31:52  INFO        prepare_dataframes                    0.02s
2026-09-05 02:31:52  INFO        analyze_trip_agg                      0.95s
2026-09-05 02:31:52  INFO        analyze_alerts                        2.02s
2026-09-05 02:31:52  INFO        total                               102.26s
2026-09-05 02:31:52  INFO      Reports written to: /root/code/algorithms/app/scripts/camera/trip_agg_analysis_script/output/2026-09-03/649034868264558592
