2026-04-23 08:04:04  INFO      === Starting analysis for account: 632578958264631296 ===
2026-04-23 08:04:04  INFO      Account name: K M Translogistics  Pvt Ltd ( KMT)
2026-04-23 08:04:04  INFO      Fetching trip_agg page: 1
2026-04-23 08:04:04  INFO      Fetching vehicle page: 1
2026-04-23 08:04:04  INFO      Fetching vehicle page: 2
2026-04-23 08:04:05  INFO      Fetching vehicle page: 3
2026-04-23 08:04:05  INFO      Fetching vehicle page: 4
2026-04-23 08:04:06  INFO      Total vehicles collected for account 632578958264631296: 1918
2026-04-23 08:04:23  INFO      Total trips collected for account 632578958264631296: 4751
2026-04-23 08:04:33  INFO      Fetching trip_agg page: 2
2026-04-23 08:04:36  INFO      Fetching trip_agg page: 3
2026-04-23 08:04:37  INFO      Fetching trip_agg page: 4
2026-04-23 08:04:38  INFO      Fetching trip_agg page: 5
2026-04-23 08:04:39  INFO      Fetching trip_agg page: 6
2026-04-23 08:04:40  INFO      Fetching trip_agg page: 7
2026-04-23 08:04:41  INFO      Fetching trip_agg page: 8
2026-04-23 08:04:42  INFO      Fetching trip_agg page: 9
2026-04-23 08:04:43  INFO      Fetching trip_agg page: 10
2026-04-23 08:04:58  INFO      Total trip-agg records collected: 4731
2026-04-23 08:05:30  INFO      Summary written to: /root/code/algorithms/app/scripts/camera/trip_agg_analysis_script/output/2026-04-21/632578958264631296/summary.json
2026-04-23 08:05:30  INFO      ===== Trip Aggregation Analysis Summary =====
2026-04-23 08:05:30  INFO      Trips after merge/filters: 2226
2026-04-23 08:05:30  INFO      Completely processed trips: 2226
2026-04-23 08:05:30  INFO      Missing trips in trip_agg: 49
2026-04-23 08:05:30  INFO      Unbroken unmatched trips: 15
2026-04-23 08:05:30  INFO      Broken unmatched trips: 0
2026-04-23 08:05:30  INFO      Top alert mismatches:
         alert_name  mismatch_count  total_joined_trips  mismatch_pct
             idling             204                4702          4.34
unscheduled_driving               7                4702          0.15
         fuel_chori               3                4702          0.06
         over_speed               0                4702          0.00
            freerun               0                4702          0.00
2026-04-23 08:05:30  INFO      ----- Step Timings -----
2026-04-23 08:05:30  INFO        fetch_trip_agg_data                  53.78s
2026-04-23 08:05:30  INFO        get_trips_for_account                19.11s
2026-04-23 08:05:30  INFO        prepare_dataframes                    0.27s
2026-04-23 08:05:30  INFO        analyze_trip_agg                      0.12s
2026-04-23 08:05:30  INFO        analyze_alerts                       31.77s
2026-04-23 08:05:30  INFO        total                               105.06s
2026-04-23 08:05:30  INFO      Reports written to: /root/code/algorithms/app/scripts/camera/trip_agg_analysis_script/output/2026-04-21/632578958264631296
