2026-08-11 02:40:32  INFO      === Starting analysis for account: 642689989225816064 ===
2026-08-11 02:40:32  INFO      Account name: Indore Intercity
2026-08-11 02:40:32  INFO      [1/1] Fetching trip_agg for account: 642689989225816064
2026-08-11 02:40:32  INFO      Fetching vehicle page: 1
2026-08-11 02:40:32  INFO      Total vehicles collected for account 642689989225816064: 227
2026-08-11 02:40:36  INFO      Total trips collected for account 642689989225816064: 1083
2026-08-11 02:40:54  INFO        account 642689989225816064: fetched 1148 records (12 pages)
2026-08-11 02:40:54  INFO      Total trip-agg records collected across 1 accounts: 1148
2026-08-11 02:41:02  WARNING   Alert count fetch failed for 1083/1083 trips
2026-08-11 02:41:02  INFO      Summary written to: /root/code/algorithms/app/scripts/camera/trip_agg_analysis_script/output/2026-08-09/642689989225816064/summary.json
2026-08-11 02:41:02  INFO      ===== Trip Aggregation Analysis Summary =====
2026-08-11 02:41:02  INFO      Trips after merge/filters: 614
2026-08-11 02:41:02  INFO      Completely processed trips: 614
2026-08-11 02:41:02  INFO      Missing trips in trip_agg: 0
2026-08-11 02:41:02  INFO      Unbroken unmatched trips: 0
2026-08-11 02:41:02  INFO      Broken unmatched trips: 20
2026-08-11 02:41:02  INFO      ----- Step Timings -----
2026-08-11 02:41:02  INFO        fetch_accounts_with_access            0.02s
2026-08-11 02:41:02  INFO        fetch_trip_agg_data                  21.66s
2026-08-11 02:41:02  INFO        get_trips_for_account                 4.16s
2026-08-11 02:41:02  INFO        prepare_dataframes                    0.05s
2026-08-11 02:41:02  INFO        analyze_trip_agg                      1.41s
2026-08-11 02:41:02  INFO        analyze_alerts                        6.53s
2026-08-11 02:41:02  INFO        total                                33.83s
2026-08-11 02:41:02  INFO      Reports written to: /root/code/algorithms/app/scripts/camera/trip_agg_analysis_script/output/2026-08-09/642689989225816064
