2026-09-30 02:30:11  INFO      === Starting analysis for account: 649034868264558592 ===
2026-09-30 02:30:11  INFO      Account name: RajRatan Travels
2026-09-30 02:30:11  INFO      [1/1] Fetching trip_agg for account: 649034868264558592
2026-09-30 02:30:11  INFO      Fetching vehicle page: 1
2026-09-30 02:30:11  INFO      Total vehicles collected for account 649034868264558592: 131
2026-09-30 02:30:16  INFO      Total trips collected for account 649034868264558592: 295
2026-09-30 02:34:16  ERROR     Request failed after 3 attempts: http://internal-apis.intangles.com/trip/aggregated?account_id=649034868264558592&pnum=5&psize=100&start_time=1790553600000&end_time=1790639999000 | error: 504 Server Error: Gateway Time-out for url: http://internal-apis.intangles.com/trip/aggregated?account_id=649034868264558592&pnum=5&psize=100&start_time=1790553600000&end_time=1790639999000
2026-09-30 02:34:16  WARNING     page 5 failed (1/3 consecutive)
2026-09-30 02:36:24  INFO        account 649034868264558592: fetched 400 records (6 pages)
2026-09-30 02:36:24  INFO      Total trip-agg records collected across 1 accounts: 400
2026-09-30 02:36:29  WARNING   Alert count fetch failed for 295/295 trips
2026-09-30 02:36:29  INFO      Summary written to: /root/code/algorithms/app/scripts/camera/trip_agg_analysis_script/output/2026-09-28/649034868264558592/summary.json
2026-09-30 02:36:29  INFO      ===== Trip Aggregation Analysis Summary =====
2026-09-30 02:36:29  INFO      Trips after merge/filters: 145
2026-09-30 02:36:29  INFO      Completely processed trips: 145
2026-09-30 02:36:29  INFO      Missing trips in trip_agg: 0
2026-09-30 02:36:29  INFO      Unbroken unmatched trips: 0
2026-09-30 02:36:29  INFO      Broken unmatched trips: 12
2026-09-30 02:36:29  INFO      ----- Step Timings -----
2026-09-30 02:36:29  INFO        fetch_accounts_with_access            0.02s
2026-09-30 02:36:29  INFO        fetch_trip_agg_data                 372.65s
2026-09-30 02:36:29  INFO        get_trips_for_account                 4.22s
2026-09-30 02:36:29  INFO        prepare_dataframes                    0.03s
2026-09-30 02:36:29  INFO        analyze_trip_agg                      2.71s
2026-09-30 02:36:29  INFO        analyze_alerts                        2.03s
2026-09-30 02:36:29  INFO        total                               381.65s
2026-09-30 02:36:29  INFO      Reports written to: /root/code/algorithms/app/scripts/camera/trip_agg_analysis_script/output/2026-09-28/649034868264558592
