2026-04-27 08:09:45  INFO      === Starting analysis for account: 649034868264558592 ===
2026-04-27 08:09:45  INFO      Account name: RajRatan Travels
2026-04-27 08:09:45  INFO      Fetching trip_agg page: 1
2026-04-27 08:09:45  INFO      Fetching vehicle page: 1
2026-04-27 08:09:45  INFO      Total vehicles collected for account 649034868264558592: 122
2026-04-27 08:09:47  INFO      Total trips collected for account 649034868264558592: 295
2026-04-27 08:11:24  INFO      Total trip-agg records collected: 420
2026-04-27 08:11:45  INFO      Summary written to: /root/code/algorithms/app/scripts/camera/trip_agg_analysis_script/output/2026-04-25/649034868264558592/summary.json
2026-04-27 08:11:45  INFO      ===== Trip Aggregation Analysis Summary =====
2026-04-27 08:11:45  INFO      Trips after merge/filters: 168
2026-04-27 08:11:45  INFO      Completely processed trips: 168
2026-04-27 08:11:45  INFO      Missing trips in trip_agg: 0
2026-04-27 08:11:45  INFO      Unbroken unmatched trips: 0
2026-04-27 08:11:45  INFO      Broken unmatched trips: 2
2026-04-27 08:11:45  INFO      Top alert mismatches:
         alert_name  mismatch_count  total_joined_trips  mismatch_pct
                fcw               1                 295          0.34
 distracted_driving               0                 295          0.00
         drowsiness               0                 295          0.00
emergency_recording               0                 295          0.00
        eyes_closed               0                 295          0.00
2026-04-27 08:11:45  INFO      ----- Step Timings -----
2026-04-27 08:11:45  INFO        fetch_trip_agg_data                  98.93s
2026-04-27 08:11:45  INFO        get_trips_for_account                 1.43s
2026-04-27 08:11:45  INFO        prepare_dataframes                    0.05s
2026-04-27 08:11:45  INFO        analyze_trip_agg                     17.61s
2026-04-27 08:11:45  INFO        analyze_alerts                        3.03s
2026-04-27 08:11:45  INFO        total                               121.04s
2026-04-27 08:11:45  INFO      Reports written to: /root/code/algorithms/app/scripts/camera/trip_agg_analysis_script/output/2026-04-25/649034868264558592
