2026-03-26 08:00:04  INFO      === Starting analysis for account: 649034868264558592 ===
2026-03-26 08:00:04  INFO      Account name: RajRatan Travels
2026-03-26 08:00:04  INFO      Fetching trip_agg page: 1
2026-03-26 08:00:04  INFO      Fetching vehicle page: 1
2026-03-26 08:00:04  INFO      Total vehicles collected for account 649034868264558592: 118
2026-03-26 08:00:13  INFO      Total trips collected for account 649034868264558592: 281
2026-03-26 08:00:58  INFO      Total trip-agg records collected: 398
2026-03-26 08:01:09  INFO      Summary written to: /root/code/algorithms/app/scripts/camera/trip_agg_analysis_script/output/2026-03-24/649034868264558592/summary.json
2026-03-26 08:01:09  INFO      ===== Trip Aggregation Analysis Summary =====
2026-03-26 08:01:09  INFO      Trips after merge/filters: 152
2026-03-26 08:01:09  INFO      Completely processed trips: 152
2026-03-26 08:01:09  INFO      Missing trips in trip_agg: 0
2026-03-26 08:01:09  INFO      Unbroken unmatched trips: 0
2026-03-26 08:01:09  INFO      Broken unmatched trips: 3
2026-03-26 08:01:09  INFO      Top alert mismatches:
         alert_name  mismatch_count  total_joined_trips  mismatch_pct
                fcw               3                 281          1.07
             idling               3                 281          1.07
 distracted_driving               2                 281          0.71
emergency_recording               2                 281          0.71
        eyes_closed               1                 281          0.36
2026-03-26 08:01:09  INFO      ----- Step Timings -----
2026-03-26 08:01:09  INFO        fetch_trip_agg_data                  54.33s
2026-03-26 08:01:09  INFO        get_trips_for_account                 9.43s
2026-03-26 08:01:09  INFO        prepare_dataframes                    0.05s
2026-03-26 08:01:09  INFO        analyze_trip_agg                      3.18s
2026-03-26 08:01:09  INFO        analyze_alerts                        7.63s
2026-03-26 08:01:09  INFO        total                                74.62s
2026-03-26 08:01:09  INFO      Reports written to: /root/code/algorithms/app/scripts/camera/trip_agg_analysis_script/output/2026-03-24/649034868264558592
