2026-07-07 08:03:10  INFO      === Starting analysis for account: 632578958264631296 ===
2026-07-07 08:03:10  INFO      Account name: K M Translogistics  Pvt Ltd ( KMT)
2026-07-07 08:03:10  INFO      Fetching trip_agg page: 1
2026-07-07 08:03:10  INFO      Fetching vehicle page: 1
2026-07-07 08:03:10  INFO      Fetching vehicle page: 2
2026-07-07 08:03:11  INFO      Fetching vehicle page: 3
2026-07-07 08:03:12  INFO      Fetching vehicle page: 4
2026-07-07 08:03:13  INFO      Total vehicles collected for account 632578958264631296: 1980
2026-07-07 08:03:14  INFO      Fetching trip_agg page: 2
2026-07-07 08:03:27  INFO      Total trips collected for account 632578958264631296: 5646
2026-07-07 08:04:16  INFO      Fetching trip_agg page: 3
2026-07-07 08:04:21  INFO      Fetching trip_agg page: 4
2026-07-07 08:04:23  INFO      Fetching trip_agg page: 5
2026-07-07 08:04:24  INFO      Fetching trip_agg page: 6
2026-07-07 08:04:26  INFO      Fetching trip_agg page: 7
2026-07-07 08:04:28  INFO      Fetching trip_agg page: 8
2026-07-07 08:04:29  INFO      Fetching trip_agg page: 9
2026-07-07 08:04:30  INFO      Fetching trip_agg page: 10
2026-07-07 08:04:31  INFO      Fetching trip_agg page: 11
2026-07-07 08:04:33  INFO      Fetching trip_agg page: 12
2026-07-07 08:05:05  INFO      Total trip-agg records collected: 5672
2026-07-07 08:05:35  WARNING   Alert count fetch failed for 5646/5646 trips
2026-07-07 08:05:36  INFO      Summary written to: /root/code/algorithms/app/scripts/camera/trip_agg_analysis_script/output/2026-07-05/632578958264631296/summary.json
2026-07-07 08:05:36  INFO      ===== Trip Aggregation Analysis Summary =====
2026-07-07 08:05:36  INFO      Trips after merge/filters: 2961
2026-07-07 08:05:36  INFO      Completely processed trips: 2960
2026-07-07 08:05:36  INFO      Missing trips in trip_agg: 24
2026-07-07 08:05:36  INFO      Unbroken unmatched trips: 0
2026-07-07 08:05:36  INFO      Broken unmatched trips: 0
2026-07-07 08:05:36  INFO      ----- Step Timings -----
2026-07-07 08:05:36  INFO        fetch_trip_agg_data                 115.35s
2026-07-07 08:05:36  INFO        get_trips_for_account                17.16s
2026-07-07 08:05:36  INFO        prepare_dataframes                    0.24s
2026-07-07 08:05:36  INFO        analyze_trip_agg                      1.94s
2026-07-07 08:05:36  INFO        analyze_alerts                       27.56s
2026-07-07 08:05:36  INFO        total                               162.25s
2026-07-07 08:05:36  INFO      Reports written to: /root/code/algorithms/app/scripts/camera/trip_agg_analysis_script/output/2026-07-05/632578958264631296
