2026-03-18 10:05:10  INFO      === Starting analysis for account: 649034868264558592 ===
2026-03-18 10:05:10  INFO      Account name: RajRatan Travels
2026-03-18 10:05:10  INFO      Fetching trip_agg page: 1
2026-03-18 10:05:10  INFO      Fetching vehicle page: 1
2026-03-18 10:05:10  INFO      Total vehicles collected for account 649034868264558592: 117
2026-03-18 10:05:18  INFO      Total trips collected for account 649034868264558592: 302
2026-03-18 10:05:55  INFO      Total trip-agg records collected: 419
2026-03-18 10:05:59  INFO      Summary written to: /root/code/algorithms/app/scripts/camera/trip_agg_analysis_script/output/2026-03-16/649034868264558592/summary.json
2026-03-18 10:05:59  INFO      ===== Trip Aggregation Analysis Summary =====
2026-03-18 10:05:59  INFO      Trips after merge/filters: 161
2026-03-18 10:05:59  INFO      Completely processed trips: 160
2026-03-18 10:05:59  INFO      Missing trips in trip_agg: 0
2026-03-18 10:05:59  INFO      Unbroken unmatched trips: 0
2026-03-18 10:05:59  INFO      Broken unmatched trips: 3
2026-03-18 10:05:59  INFO      Top alert mismatches:
        alert_name  mismatch_count  total_joined_trips  mismatch_pct
            idling              15                 302          4.97
       eyes_closed               3                 302          0.99
               fcw               3                 302          0.99
distracted_driving               2                 302          0.66
      mobile_phone               2                 302          0.66
2026-03-18 10:05:59  INFO      ----- Step Timings -----
2026-03-18 10:05:59  INFO        fetch_trip_agg_data                  44.22s
2026-03-18 10:05:59  INFO        get_trips_for_account                 7.57s
2026-03-18 10:05:59  INFO        prepare_dataframes                    0.05s
2026-03-18 10:05:59  INFO        analyze_trip_agg                      0.58s
2026-03-18 10:05:59  INFO        analyze_alerts                        3.50s
2026-03-18 10:05:59  INFO        total                                55.90s
2026-03-18 10:05:59  INFO      Reports written to: /root/code/algorithms/app/scripts/camera/trip_agg_analysis_script/output/2026-03-16/649034868264558592
