2026-08-06 02:30:06  INFO      === Starting analysis for account: 649034868264558592 ===
2026-08-06 02:30:06  INFO      Account name: RajRatan Travels
2026-08-06 02:30:06  INFO      Resolved 2 accounts_with_access for 649034868264558592
2026-08-06 02:30:06  INFO      [1/2] Fetching trip_agg for account: 64903486826455859
2026-08-06 02:30:06  INFO      Fetching vehicle page: 1
2026-08-06 02:30:06  INFO      Total vehicles collected for account 649034868264558592: 128
2026-08-06 02:30:06  INFO        account 64903486826455859: fetched 0 records (1 pages)
2026-08-06 02:30:07  INFO      [2/2] Fetching trip_agg for account: 649034868264558592
2026-08-06 02:30:08  INFO      Total trips collected for account 649034868264558592: 292
2026-08-06 02:34:27  ERROR     Request failed after 3 attempts: http://internal-apis.intangles.com/trip/aggregated?account_id=649034868264558592&pnum=5&psize=100&start_time=1785801600000&end_time=1785887999000 | error: 504 Server Error: Gateway Time-out for url: http://internal-apis.intangles.com/trip/aggregated?account_id=649034868264558592&pnum=5&psize=100&start_time=1785801600000&end_time=1785887999000
2026-08-06 02:34:27  WARNING     page 5 failed (1/3 consecutive)
2026-08-06 02:34:33  INFO        account 649034868264558592: fetched 400 records (6 pages)
2026-08-06 02:34:33  INFO      Total trip-agg records collected across 2 accounts: 400
2026-08-06 02:34:35  INFO      Summary written to: /root/code/algorithms/app/scripts/camera/trip_agg_analysis_script/output/2026-08-04/649034868264558592/summary.json
2026-08-06 02:34:35  INFO      ===== Trip Aggregation Analysis Summary =====
2026-08-06 02:34:35  INFO      Trips after merge/filters: 154
2026-08-06 02:34:35  INFO      Completely processed trips: 153
2026-08-06 02:34:35  INFO      Missing trips in trip_agg: 0
2026-08-06 02:34:35  INFO      Unbroken unmatched trips: 0
2026-08-06 02:34:35  INFO      Broken unmatched trips: 16
2026-08-06 02:34:35  INFO      Top alert mismatches:
         alert_name  mismatch_count  total_joined_trips  mismatch_pct
 distracted_driving               0                 292           0.0
         drowsiness               0                 292           0.0
emergency_recording               0                 292           0.0
        eyes_closed               0                 292           0.0
                fcw               0                 292           0.0
2026-08-06 02:34:35  INFO      ----- Step Timings -----
2026-08-06 02:34:35  INFO        fetch_accounts_with_access            0.08s
2026-08-06 02:34:35  INFO        fetch_trip_agg_data                 266.90s
2026-08-06 02:34:35  INFO        get_trips_for_account                 2.14s
2026-08-06 02:34:35  INFO        prepare_dataframes                    0.01s
2026-08-06 02:34:35  INFO        analyze_trip_agg                      0.55s
2026-08-06 02:34:35  INFO        analyze_alerts                        2.08s
2026-08-06 02:34:35  INFO        total                               271.76s
2026-08-06 02:34:35  INFO      Reports written to: /root/code/algorithms/app/scripts/camera/trip_agg_analysis_script/output/2026-08-04/649034868264558592
