2026-05-06 08:04:04  INFO      === Starting analysis for account: 632578958264631296 ===
2026-05-06 08:04:04  INFO      Account name: K M Translogistics  Pvt Ltd ( KMT)
2026-05-06 08:04:04  INFO      Fetching trip_agg page: 1
2026-05-06 08:04:04  INFO      Fetching vehicle page: 1
2026-05-06 08:04:04  INFO      Fetching vehicle page: 2
2026-05-06 08:04:05  INFO      Fetching vehicle page: 3
2026-05-06 08:04:05  INFO      Fetching vehicle page: 4
2026-05-06 08:04:06  INFO      Total vehicles collected for account 632578958264631296: 1918
2026-05-06 08:04:07  INFO      Fetching trip_agg page: 2
2026-05-06 08:04:08  INFO      Fetching trip_agg page: 3
2026-05-06 08:04:09  INFO      Fetching trip_agg page: 4
2026-05-06 08:04:10  INFO      Fetching trip_agg page: 5
2026-05-06 08:04:11  INFO      Fetching trip_agg page: 6
2026-05-06 08:04:13  INFO      Fetching trip_agg page: 7
2026-05-06 08:04:14  INFO      Fetching trip_agg page: 8
2026-05-06 08:04:16  INFO      Fetching trip_agg page: 9
2026-05-06 08:04:17  INFO      Total trips collected for account 632578958264631296: 4463
2026-05-06 08:06:39  INFO      Total trip-agg records collected: 4472
2026-05-06 08:06:55  WARNING   Alert count fetch failed for 4463/4463 trips
2026-05-06 08:06:55  INFO      Summary written to: /root/code/algorithms/app/scripts/camera/trip_agg_analysis_script/output/2026-05-04/632578958264631296/summary.json
2026-05-06 08:06:55  INFO      ===== Trip Aggregation Analysis Summary =====
2026-05-06 08:06:55  INFO      Trips after merge/filters: 2275
2026-05-06 08:06:55  INFO      Completely processed trips: 2275
2026-05-06 08:06:55  INFO      Missing trips in trip_agg: 16
2026-05-06 08:06:55  INFO      Unbroken unmatched trips: 0
2026-05-06 08:06:55  INFO      Broken unmatched trips: 0
2026-05-06 08:06:55  INFO      ----- Step Timings -----
2026-05-06 08:06:55  INFO        fetch_trip_agg_data                 155.17s
2026-05-06 08:06:55  INFO        get_trips_for_account                12.80s
2026-05-06 08:06:55  INFO        prepare_dataframes                    0.14s
2026-05-06 08:06:55  INFO        analyze_trip_agg                      0.06s
2026-05-06 08:06:55  INFO        analyze_alerts                       15.21s
2026-05-06 08:06:55  INFO        total                               183.38s
2026-05-06 08:06:55  INFO      Reports written to: /root/code/algorithms/app/scripts/camera/trip_agg_analysis_script/output/2026-05-04/632578958264631296
