2026-03-24 08:00:03  INFO      === Starting analysis for account: 649034868264558592 ===
2026-03-24 08:00:03  INFO      Account name: RajRatan Travels
2026-03-24 08:00:03  INFO      Fetching trip_agg page: 1
2026-03-24 08:00:03  INFO      Fetching vehicle page: 1
2026-03-24 08:00:03  INFO      Total vehicles collected for account 649034868264558592: 118
2026-03-24 08:00:07  INFO      Total trips collected for account 649034868264558592: 276
2026-03-24 08:00:55  INFO      Total trip-agg records collected: 393
2026-03-24 08:00:57  INFO      Summary written to: /root/code/algorithms/app/scripts/camera/trip_agg_analysis_script/output/2026-03-22/649034868264558592/summary.json
2026-03-24 08:00:57  INFO      ===== Trip Aggregation Analysis Summary =====
2026-03-24 08:00:57  INFO      Trips after merge/filters: 154
2026-03-24 08:00:57  INFO      Completely processed trips: 154
2026-03-24 08:00:57  INFO      Missing trips in trip_agg: 0
2026-03-24 08:00:57  INFO      Unbroken unmatched trips: 0
2026-03-24 08:00:57  INFO      Broken unmatched trips: 3
2026-03-24 08:00:57  INFO      Top alert mismatches:
         alert_name  mismatch_count  total_joined_trips  mismatch_pct
             idling               2                 276          0.72
 distracted_driving               1                 276          0.36
emergency_recording               1                 276          0.36
        eyes_closed               1                 276          0.36
                fcw               1                 276          0.36
2026-03-24 08:00:57  INFO      ----- Step Timings -----
2026-03-24 08:00:57  INFO        fetch_trip_agg_data                  51.94s
2026-03-24 08:00:57  INFO        get_trips_for_account                 3.27s
2026-03-24 08:00:57  INFO        prepare_dataframes                    0.01s
2026-03-24 08:00:57  INFO        analyze_trip_agg                      0.33s
2026-03-24 08:00:57  INFO        analyze_alerts                        1.35s
2026-03-24 08:00:57  INFO        total                                56.90s
2026-03-24 08:00:57  INFO      Reports written to: /root/code/algorithms/app/scripts/camera/trip_agg_analysis_script/output/2026-03-22/649034868264558592
