2026-04-02 08:01:25  INFO      === Starting analysis for account: 632578958264631296 ===
2026-04-02 08:01:25  INFO      Account name: K M Translogistics  Pvt Ltd ( KMT)
2026-04-02 08:01:25  INFO      Fetching trip_agg page: 1
2026-04-02 08:01:25  INFO      Fetching vehicle page: 1
2026-04-02 08:01:26  INFO      Fetching vehicle page: 2
2026-04-02 08:01:27  INFO      Fetching trip_agg page: 2
2026-04-02 08:01:28  INFO      Fetching trip_agg page: 3
2026-04-02 08:01:48  INFO      Fetching trip_agg page: 4
2026-04-02 08:01:49  INFO      Fetching trip_agg page: 5
2026-04-02 08:01:50  INFO      Fetching trip_agg page: 6
2026-04-02 08:01:51  INFO      Fetching trip_agg page: 7
2026-04-02 08:01:53  INFO      Fetching trip_agg page: 8
2026-04-02 08:01:54  INFO      Fetching trip_agg page: 9
2026-04-02 08:01:55  INFO      Fetching trip_agg page: 10
2026-04-02 08:01:56  INFO      Fetching trip_agg page: 11
2026-04-02 08:02:06  INFO      Total trip-agg records collected: 5372
2026-04-02 08:02:15  INFO      Fetching vehicle page: 3
2026-04-02 08:02:16  INFO      Fetching vehicle page: 4
2026-04-02 08:02:17  INFO      Total vehicles collected for account 632578958264631296: 1906
2026-04-02 08:04:12  INFO      Total trips collected for account 632578958264631296: 5380
2026-04-02 08:05:51  INFO      Summary written to: /root/code/algorithms/app/scripts/camera/trip_agg_analysis_script/output/2026-03-31/632578958264631296/summary.json
2026-04-02 08:05:51  INFO      ===== Trip Aggregation Analysis Summary =====
2026-04-02 08:05:51  INFO      Trips after merge/filters: 2639
2026-04-02 08:05:51  INFO      Completely processed trips: 2639
2026-04-02 08:05:51  INFO      Missing trips in trip_agg: 33
2026-04-02 08:05:51  INFO      Unbroken unmatched trips: 1
2026-04-02 08:05:51  INFO      Broken unmatched trips: 0
2026-04-02 08:05:51  INFO      Top alert mismatches:
         alert_name  mismatch_count  total_joined_trips  mismatch_pct
unscheduled_driving              12                5347          0.22
         fuel_chori               2                5347          0.04
             idling               0                5347          0.00
         over_speed               0                5347          0.00
            freerun               0                5347          0.00
2026-04-02 08:05:51  INFO      ----- Step Timings -----
2026-04-02 08:05:51  INFO        fetch_trip_agg_data                  41.30s
2026-04-02 08:05:51  INFO        get_trips_for_account               167.61s
2026-04-02 08:05:51  INFO        prepare_dataframes                    0.57s
2026-04-02 08:05:51  INFO        analyze_trip_agg                      2.01s
2026-04-02 08:05:51  INFO        analyze_alerts                       95.30s
2026-04-02 08:05:51  INFO        total                               306.78s
2026-04-02 08:05:51  INFO      Reports written to: /root/code/algorithms/app/scripts/camera/trip_agg_analysis_script/output/2026-03-31/632578958264631296
