2026-08-22 02:38:28  INFO      === Starting analysis for account: 642689989225816064 ===
2026-08-22 02:38:28  INFO      Account name: Indore Intercity
2026-08-22 02:38:28  INFO      [1/1] Fetching trip_agg for account: 642689989225816064
2026-08-22 02:38:28  INFO      Fetching vehicle page: 1
2026-08-22 02:38:28  INFO      Total vehicles collected for account 642689989225816064: 228
2026-08-22 02:38:32  INFO      Total trips collected for account 642689989225816064: 1024
2026-08-22 02:39:02  INFO        account 642689989225816064: fetched 1087 records (11 pages)
2026-08-22 02:39:02  INFO      Total trip-agg records collected across 1 accounts: 1087
2026-08-22 02:39:07  WARNING   Alert count fetch failed for 1024/1024 trips
2026-08-22 02:39:07  INFO      Summary written to: /root/code/algorithms/app/scripts/camera/trip_agg_analysis_script/output/2026-08-20/642689989225816064/summary.json
2026-08-22 02:39:07  INFO      ===== Trip Aggregation Analysis Summary =====
2026-08-22 02:39:07  INFO      Trips after merge/filters: 529
2026-08-22 02:39:07  INFO      Completely processed trips: 529
2026-08-22 02:39:07  INFO      Missing trips in trip_agg: 0
2026-08-22 02:39:07  INFO      Unbroken unmatched trips: 0
2026-08-22 02:39:07  INFO      Broken unmatched trips: 15
2026-08-22 02:39:07  INFO      ----- Step Timings -----
2026-08-22 02:39:07  INFO        fetch_accounts_with_access            0.04s
2026-08-22 02:39:07  INFO        fetch_trip_agg_data                  33.98s
2026-08-22 02:39:07  INFO        get_trips_for_account                 4.11s
2026-08-22 02:39:07  INFO        prepare_dataframes                    0.04s
2026-08-22 02:39:07  INFO        analyze_trip_agg                      1.77s
2026-08-22 02:39:07  INFO        analyze_alerts                        2.69s
2026-08-22 02:39:07  INFO        total                                42.63s
2026-08-22 02:39:07  INFO      Reports written to: /root/code/algorithms/app/scripts/camera/trip_agg_analysis_script/output/2026-08-20/642689989225816064
