2026-07-18 02:34:50  INFO      === Starting analysis for account: 649034868264558592 ===
2026-07-18 02:34:50  INFO      Account name: RajRatan Travels
2026-07-18 02:34:50  INFO      Fetching trip_agg page: 1
2026-07-18 02:34:50  INFO      Fetching vehicle page: 1
2026-07-18 02:34:50  INFO      Total vehicles collected for account 649034868264558592: 128
2026-07-18 02:34:54  INFO      Total trips collected for account 649034868264558592: 308
2026-07-18 02:35:23  INFO      Total trip-agg records collected: 448
2026-07-18 02:36:00  INFO      Summary written to: /root/code/algorithms/app/scripts/camera/trip_agg_analysis_script/output/2026-07-16/649034868264558592/summary.json
2026-07-18 02:36:00  INFO      ===== Trip Aggregation Analysis Summary =====
2026-07-18 02:36:00  INFO      Trips after merge/filters: 154
2026-07-18 02:36:00  INFO      Completely processed trips: 154
2026-07-18 02:36:00  INFO      Missing trips in trip_agg: 0
2026-07-18 02:36:00  INFO      Unbroken unmatched trips: 0
2026-07-18 02:36:00  INFO      Broken unmatched trips: 17
2026-07-18 02:36:00  INFO      Top alert mismatches:
         alert_name  mismatch_count  total_joined_trips  mismatch_pct
 distracted_driving               0                 308           0.0
         drowsiness               0                 308           0.0
emergency_recording               0                 308           0.0
        eyes_closed               0                 308           0.0
                fcw               0                 308           0.0
2026-07-18 02:36:00  INFO      ----- Step Timings -----
2026-07-18 02:36:00  INFO        fetch_trip_agg_data                  32.73s
2026-07-18 02:36:00  INFO        get_trips_for_account                 3.42s
2026-07-18 02:36:00  INFO        prepare_dataframes                    0.04s
2026-07-18 02:36:00  INFO        analyze_trip_agg                     32.76s
2026-07-18 02:36:00  INFO        analyze_alerts                        3.65s
2026-07-18 02:36:00  INFO        total                                72.61s
2026-07-18 02:36:00  INFO      Reports written to: /root/code/algorithms/app/scripts/camera/trip_agg_analysis_script/output/2026-07-16/649034868264558592
