2026-07-14 08:18:25  INFO      === Starting analysis for account: 632578958264631296 ===
2026-07-14 08:18:25  INFO      Account name: K M Translogistics  Pvt Ltd ( KMT)
2026-07-14 08:18:25  INFO      Fetching trip_agg page: 1
2026-07-14 08:18:25  INFO      Fetching vehicle page: 1
2026-07-14 08:18:25  INFO      Fetching vehicle page: 2
2026-07-14 08:18:26  INFO      Fetching vehicle page: 3
2026-07-14 08:18:26  INFO      Fetching vehicle page: 4
2026-07-14 08:18:27  INFO      Total vehicles collected for account 632578958264631296: 1980
2026-07-14 08:18:38  INFO      Fetching trip_agg page: 2
2026-07-14 08:18:39  INFO      Fetching trip_agg page: 3
2026-07-14 08:18:41  INFO      Fetching trip_agg page: 4
2026-07-14 08:18:41  INFO      Fetching trip_agg page: 5
2026-07-14 08:18:42  INFO      Fetching trip_agg page: 6
2026-07-14 08:18:43  INFO      Fetching trip_agg page: 7
2026-07-14 08:18:45  INFO      Fetching trip_agg page: 8
2026-07-14 08:18:46  INFO      Fetching trip_agg page: 9
2026-07-14 08:18:48  INFO      Fetching trip_agg page: 10
2026-07-14 08:18:49  INFO      Fetching trip_agg page: 11
2026-07-14 08:18:57  INFO      Total trips collected for account 632578958264631296: 5249
2026-07-14 08:18:57  INFO      Total trip-agg records collected: 5331
2026-07-14 08:19:15  INFO      Summary written to: /root/code/algorithms/app/scripts/camera/trip_agg_analysis_script/output/2026-07-12/632578958264631296/summary.json
2026-07-14 08:19:15  INFO      ===== Trip Aggregation Analysis Summary =====
2026-07-14 08:19:15  INFO      Trips after merge/filters: 2617
2026-07-14 08:19:15  INFO      Completely processed trips: 2617
2026-07-14 08:19:15  INFO      Missing trips in trip_agg: 20
2026-07-14 08:19:15  INFO      Unbroken unmatched trips: 0
2026-07-14 08:19:15  INFO      Broken unmatched trips: 0
2026-07-14 08:19:15  INFO      Top alert mismatches:
alert_name  mismatch_count  total_joined_trips  mismatch_pct
    idling               0                5229           0.0
over_speed               0                5229           0.0
   freerun               0                5229           0.0
  over_acc               0                5229           0.0
hard_brake               0                5229           0.0
2026-07-14 08:19:15  INFO      ----- Step Timings -----
2026-07-14 08:19:15  INFO        fetch_trip_agg_data                  32.23s
2026-07-14 08:19:15  INFO        get_trips_for_account                31.69s
2026-07-14 08:19:15  INFO        prepare_dataframes                    0.12s
2026-07-14 08:19:15  INFO        analyze_trip_agg                      1.87s
2026-07-14 08:19:15  INFO        analyze_alerts                       15.14s
2026-07-14 08:19:15  INFO        total                                81.05s
2026-07-14 08:19:15  INFO      Reports written to: /root/code/algorithms/app/scripts/camera/trip_agg_analysis_script/output/2026-07-12/632578958264631296
