2026-04-18 08:05:50  INFO      === Starting analysis for account: 632578958264631296 ===
2026-04-18 08:05:50  INFO      Account name: K M Translogistics  Pvt Ltd ( KMT)
2026-04-18 08:05:50  INFO      Fetching trip_agg page: 1
2026-04-18 08:05:50  INFO      Fetching vehicle page: 1
2026-04-18 08:05:51  INFO      Fetching vehicle page: 2
2026-04-18 08:05:51  INFO      Fetching vehicle page: 3
2026-04-18 08:05:51  INFO      Fetching vehicle page: 4
2026-04-18 08:05:51  INFO      Total vehicles collected for account 632578958264631296: 1918
2026-04-18 08:06:17  INFO      Fetching trip_agg page: 2
2026-04-18 08:06:18  INFO      Fetching trip_agg page: 3
2026-04-18 08:06:41  INFO      Fetching trip_agg page: 4
2026-04-18 08:06:43  INFO      Fetching trip_agg page: 5
2026-04-18 08:06:44  INFO      Fetching trip_agg page: 6
2026-04-18 08:06:45  INFO      Fetching trip_agg page: 7
2026-04-18 08:06:46  INFO      Fetching trip_agg page: 8
2026-04-18 08:06:47  INFO      Fetching trip_agg page: 9
2026-04-18 08:06:48  INFO      Fetching trip_agg page: 10
2026-04-18 08:06:49  INFO      Total trip-agg records collected: 4872
2026-04-18 08:07:13  INFO      Total trips collected for account 632578958264631296: 4889
2026-04-18 08:08:37  INFO      Summary written to: /root/code/algorithms/app/scripts/camera/trip_agg_analysis_script/output/2026-04-16/632578958264631296/summary.json
2026-04-18 08:08:37  INFO      ===== Trip Aggregation Analysis Summary =====
2026-04-18 08:08:37  INFO      Trips after merge/filters: 2421
2026-04-18 08:08:37  INFO      Completely processed trips: 2421
2026-04-18 08:08:37  INFO      Missing trips in trip_agg: 47
2026-04-18 08:08:37  INFO      Unbroken unmatched trips: 49
2026-04-18 08:08:37  INFO      Broken unmatched trips: 0
2026-04-18 08:08:37  INFO      Top alert mismatches:
         alert_name  mismatch_count  total_joined_trips  mismatch_pct
             idling             345                4842          7.13
unscheduled_driving               8                4842          0.17
       slow_running               2                4842          0.04
         fuel_chori               2                4842          0.04
         over_speed               0                4842          0.00
2026-04-18 08:08:37  INFO      ----- Step Timings -----
2026-04-18 08:08:37  INFO        fetch_trip_agg_data                  59.03s
2026-04-18 08:08:37  INFO        get_trips_for_account                82.50s
2026-04-18 08:08:37  INFO        prepare_dataframes                    0.56s
2026-04-18 08:08:37  INFO        analyze_trip_agg                      0.26s
2026-04-18 08:08:37  INFO        analyze_alerts                       83.06s
2026-04-18 08:08:37  INFO        total                               225.41s
2026-04-18 08:08:37  INFO      Reports written to: /root/code/algorithms/app/scripts/camera/trip_agg_analysis_script/output/2026-04-16/632578958264631296
