2026-09-13 02:37:32  INFO      === Starting analysis for account: 632578958264631296 ===
2026-09-13 02:37:32  INFO      Account name: K M Translogistics  Pvt Ltd ( KMT)
2026-09-13 02:37:32  INFO      [1/1] Fetching trip_agg for account: 632578958264631296
2026-09-13 02:37:32  INFO      Fetching vehicle page: 1
2026-09-13 02:37:32  INFO      Fetching vehicle page: 2
2026-09-13 02:37:33  INFO      Fetching vehicle page: 3
2026-09-13 02:37:34  INFO      Fetching vehicle page: 4
2026-09-13 02:37:34  INFO      Fetching vehicle page: 5
2026-09-13 02:37:35  INFO      Total vehicles collected for account 632578958264631296: 2000
2026-09-13 02:37:54  INFO      Total trips collected for account 632578958264631296: 6357
2026-09-13 02:41:52  INFO        account 632578958264631296: fetched 6449 records (65 pages)
2026-09-13 02:41:52  INFO      Total trip-agg records collected across 1 accounts: 6449
2026-09-13 02:41:53  INFO      Attempting second-pass fetch for 32 missing trips by trip_id
2026-09-13 02:41:53  WARNING   Second-pass fetch returned no records for 32 missing trips
2026-09-13 02:42:20  WARNING   Alert count fetch failed for 6357/6357 trips
2026-09-13 02:42:20  INFO      Summary written to: /root/code/algorithms/app/scripts/camera/trip_agg_analysis_script/output/2026-09-11/632578958264631296/summary.json
2026-09-13 02:42:20  INFO      ===== Trip Aggregation Analysis Summary =====
2026-09-13 02:42:20  INFO      Trips after merge/filters: 3246
2026-09-13 02:42:20  INFO      Completely processed trips: 3246
2026-09-13 02:42:20  INFO      Missing trips in trip_agg: 32
2026-09-13 02:42:20  INFO      Unbroken unmatched trips: 0
2026-09-13 02:42:20  INFO      Broken unmatched trips: 0
2026-09-13 02:42:20  INFO      ----- Step Timings -----
2026-09-13 02:42:20  INFO        fetch_accounts_with_access            0.01s
2026-09-13 02:42:20  INFO        fetch_trip_agg_data                 260.28s
2026-09-13 02:42:20  INFO        get_trips_for_account                22.13s
2026-09-13 02:42:20  INFO        prepare_dataframes                    0.25s
2026-09-13 02:42:20  INFO        analyze_trip_agg                      0.64s
2026-09-13 02:42:20  INFO        analyze_alerts                       26.54s
2026-09-13 02:42:20  INFO        total                               309.85s
2026-09-13 02:42:20  INFO      Reports written to: /root/code/algorithms/app/scripts/camera/trip_agg_analysis_script/output/2026-09-11/632578958264631296
