2026-09-21 02:44:56  INFO      === Starting analysis for account: 1205841794575630336 ===
2026-09-21 02:44:56  INFO      Account name: Chartered Speed-OSRTC
2026-09-21 02:44:56  INFO      [1/1] Fetching trip_agg for account: 1205841794575630336
2026-09-21 02:44:56  INFO      Fetching vehicle page: 1
2026-09-21 02:44:56  INFO      Fetching vehicle page: 2
2026-09-21 02:44:57  INFO      Fetching vehicle page: 3
2026-09-21 02:44:57  INFO      Total vehicles collected for account 1205841794575630336: 1184
2026-09-21 02:45:23  INFO      Total trips collected for account 1205841794575630336: 8191
2026-09-21 02:50:23  INFO        account 1205841794575630336: fetched 8302 records (84 pages)
2026-09-21 02:50:23  INFO      Total trip-agg records collected across 1 accounts: 8302
2026-09-21 02:51:10  WARNING   Alert count fetch failed for 8191/8191 trips
2026-09-21 02:51:11  INFO      Summary written to: /root/code/algorithms/app/scripts/camera/trip_agg_analysis_script/output/2026-09-19/1205841794575630336/summary.json
2026-09-21 02:51:11  INFO      ===== Trip Aggregation Analysis Summary =====
2026-09-21 02:51:11  INFO      Trips after merge/filters: 6806
2026-09-21 02:51:11  INFO      Completely processed trips: 6801
2026-09-21 02:51:11  INFO      Missing trips in trip_agg: 0
2026-09-21 02:51:11  INFO      Unbroken unmatched trips: 0
2026-09-21 02:51:11  INFO      Broken unmatched trips: 17
2026-09-21 02:51:11  INFO      ----- Step Timings -----
2026-09-21 02:51:11  INFO        fetch_accounts_with_access            0.03s
2026-09-21 02:51:11  INFO        fetch_trip_agg_data                 327.85s
2026-09-21 02:51:11  INFO        get_trips_for_account                27.37s
2026-09-21 02:51:11  INFO        prepare_dataframes                    0.39s
2026-09-21 02:51:11  INFO        analyze_trip_agg                     11.71s
2026-09-21 02:51:11  INFO        analyze_alerts                       34.96s
2026-09-21 02:51:11  INFO        total                               402.30s
2026-09-21 02:51:11  INFO      Reports written to: /root/code/algorithms/app/scripts/camera/trip_agg_analysis_script/output/2026-09-19/1205841794575630336
