2026-09-24 02:46:15  INFO      === Starting analysis for account: 1205841794575630336 ===
2026-09-24 02:46:15  INFO      Account name: Chartered Speed-OSRTC
2026-09-24 02:46:15  INFO      [1/1] Fetching trip_agg for account: 1205841794575630336
2026-09-24 02:46:15  INFO      Fetching vehicle page: 1
2026-09-24 02:46:16  INFO      Fetching vehicle page: 2
2026-09-24 02:46:17  INFO      Fetching vehicle page: 3
2026-09-24 02:46:17  INFO      Total vehicles collected for account 1205841794575630336: 1184
2026-09-24 02:49:16  INFO      Total trips collected for account 1205841794575630336: 8135
2026-09-24 02:53:06  INFO        account 1205841794575630336: fetched 8248 records (83 pages)
2026-09-24 02:53:06  INFO      Total trip-agg records collected across 1 accounts: 8248
2026-09-24 02:53:40  WARNING   Alert count fetch failed for 8135/8135 trips
2026-09-24 02:53:41  INFO      Summary written to: /root/code/algorithms/app/scripts/camera/trip_agg_analysis_script/output/2026-09-22/1205841794575630336/summary.json
2026-09-24 02:53:41  INFO      ===== Trip Aggregation Analysis Summary =====
2026-09-24 02:53:41  INFO      Trips after merge/filters: 6745
2026-09-24 02:53:41  INFO      Completely processed trips: 6742
2026-09-24 02:53:41  INFO      Missing trips in trip_agg: 0
2026-09-24 02:53:41  INFO      Unbroken unmatched trips: 0
2026-09-24 02:53:41  INFO      Broken unmatched trips: 18
2026-09-24 02:53:41  INFO      ----- Step Timings -----
2026-09-24 02:53:41  INFO        fetch_accounts_with_access            0.01s
2026-09-24 02:53:41  INFO        fetch_trip_agg_data                 410.83s
2026-09-24 02:53:41  INFO        get_trips_for_account               181.04s
2026-09-24 02:53:41  INFO        prepare_dataframes                    0.23s
2026-09-24 02:53:41  INFO        analyze_trip_agg                      9.79s
2026-09-24 02:53:41  INFO        analyze_alerts                       24.28s
2026-09-24 02:53:41  INFO        total                               626.18s
2026-09-24 02:53:41  INFO      Reports written to: /root/code/algorithms/app/scripts/camera/trip_agg_analysis_script/output/2026-09-22/1205841794575630336
