2026-09-17 02:37:38  INFO      === Starting analysis for account: 632578958264631296 ===
2026-09-17 02:37:38  INFO      Account name: K M Translogistics  Pvt Ltd ( KMT)
2026-09-17 02:37:38  INFO      [1/1] Fetching trip_agg for account: 632578958264631296
2026-09-17 02:37:38  INFO      Fetching vehicle page: 1
2026-09-17 02:37:38  INFO      Fetching vehicle page: 2
2026-09-17 02:37:38  INFO      Fetching vehicle page: 3
2026-09-17 02:37:38  INFO      Fetching vehicle page: 4
2026-09-17 02:37:39  INFO      Fetching vehicle page: 5
2026-09-17 02:37:40  INFO      Total vehicles collected for account 632578958264631296: 2004
2026-09-17 02:38:31  INFO      Total trips collected for account 632578958264631296: 5976
2026-09-17 02:43:12  INFO        account 632578958264631296: fetched 6029 records (61 pages)
2026-09-17 02:43:12  INFO      Total trip-agg records collected across 1 accounts: 6029
2026-09-17 02:43:12  INFO      Attempting second-pass fetch for 40 missing trips by trip_id
2026-09-17 02:43:13  WARNING   Second-pass fetch returned no records for 40 missing trips
2026-09-17 02:43:30  WARNING   Alert count fetch failed for 5976/5976 trips
2026-09-17 02:43:31  INFO      Summary written to: /root/code/algorithms/app/scripts/camera/trip_agg_analysis_script/output/2026-09-15/632578958264631296/summary.json
2026-09-17 02:43:31  INFO      ===== Trip Aggregation Analysis Summary =====
2026-09-17 02:43:31  INFO      Trips after merge/filters: 2825
2026-09-17 02:43:31  INFO      Completely processed trips: 2825
2026-09-17 02:43:31  INFO      Missing trips in trip_agg: 40
2026-09-17 02:43:31  INFO      Unbroken unmatched trips: 3
2026-09-17 02:43:31  INFO      Broken unmatched trips: 0
2026-09-17 02:43:31  INFO      ----- Step Timings -----
2026-09-17 02:43:31  INFO        fetch_accounts_with_access            0.01s
2026-09-17 02:43:31  INFO        fetch_trip_agg_data                 334.31s
2026-09-17 02:43:31  INFO        get_trips_for_account                53.35s
2026-09-17 02:43:31  INFO        prepare_dataframes                    0.19s
2026-09-17 02:43:31  INFO        analyze_trip_agg                      0.68s
2026-09-17 02:43:31  INFO        analyze_alerts                       17.77s
2026-09-17 02:43:31  INFO        total                               406.31s
2026-09-17 02:43:31  INFO      Reports written to: /root/code/algorithms/app/scripts/camera/trip_agg_analysis_script/output/2026-09-15/632578958264631296
