2026-07-30 11:15:32  INFO      === Starting analysis for account: 1205841794575630336 ===
2026-07-30 11:15:32  INFO      Account name: Chartered Speed-OSRTC
2026-07-30 11:15:32  INFO      Resolved 7 accounts_with_access for 1205841794575630336
2026-07-30 11:15:32  INFO      [1/7] Fetching trip_agg for account: 1207408429103054848
2026-07-30 11:15:32  INFO      Fetching vehicle page: 1
2026-07-30 11:15:32  INFO        account 1207408429103054848: fetched 0 records (1 pages)
2026-07-30 11:15:32  INFO      [2/7] Fetching trip_agg for account: 1205841794575630336
2026-07-30 11:15:33  INFO      Fetching vehicle page: 2
2026-07-30 11:15:33  INFO      Fetching vehicle page: 3
2026-07-30 11:15:33  INFO      Total vehicles collected for account 1205841794575630336: 1184
2026-07-30 11:15:45  INFO      Total trips collected for account 1205841794575630336: 8481
2026-07-30 11:17:45  INFO        account 1205841794575630336: fetched 8599 records (86 pages)
2026-07-30 11:17:45  INFO      [3/7] Fetching trip_agg for account: 475691480292397056
2026-07-30 11:17:45  INFO        account 475691480292397056: fetched 0 records (1 pages)
2026-07-30 11:17:45  INFO      [4/7] Fetching trip_agg for account: 1128685188746838016
2026-07-30 11:17:45  INFO        account 1128685188746838016: fetched 0 records (1 pages)
2026-07-30 11:17:45  INFO      [5/7] Fetching trip_agg for account: 1534905707361468416
2026-07-30 11:17:45  INFO        account 1534905707361468416: fetched 0 records (1 pages)
2026-07-30 11:17:45  INFO      [6/7] Fetching trip_agg for account: 1536063812182999040
2026-07-30 11:17:45  INFO        account 1536063812182999040: fetched 0 records (1 pages)
2026-07-30 11:17:45  INFO      [7/7] Fetching trip_agg for account: 1580612727364124672
2026-07-30 11:17:45  INFO        account 1580612727364124672: fetched 0 records (1 pages)
2026-07-30 11:17:45  INFO      Total trip-agg records collected across 7 accounts: 8599
2026-07-30 11:18:24  INFO      Summary written to: /root/code/algorithms/app/scripts/camera/trip_agg_analysis_script/output/2026-07-25/1205841794575630336/summary.json
2026-07-30 11:18:24  INFO      ===== Trip Aggregation Analysis Summary =====
2026-07-30 11:18:24  INFO      Trips after merge/filters: 7115
2026-07-30 11:18:24  INFO      Completely processed trips: 7104
2026-07-30 11:18:24  INFO      Missing trips in trip_agg: 0
2026-07-30 11:18:24  INFO      Unbroken unmatched trips: 0
2026-07-30 11:18:24  INFO      Broken unmatched trips: 20
2026-07-30 11:18:24  INFO      Top alert mismatches:
        alert_name  mismatch_count  total_joined_trips  mismatch_pct
      mobile_phone               2                8481          0.02
        drowsiness               1                8481          0.01
       eyes_closed               1                8481          0.01
seatbelt_violation               1                8481          0.01
        hard_brake               1                8481          0.01
2026-07-30 11:18:24  INFO      ----- Step Timings -----
2026-07-30 11:18:24  INFO        fetch_accounts_with_access            0.03s
2026-07-30 11:18:24  INFO        fetch_trip_agg_data                 133.46s
2026-07-30 11:18:24  INFO        get_trips_for_account                12.66s
2026-07-30 11:18:24  INFO        prepare_dataframes                    0.38s
2026-07-30 11:18:24  INFO        analyze_trip_agg                      6.93s
2026-07-30 11:18:24  INFO        analyze_alerts                       30.70s
2026-07-30 11:18:24  INFO        total                               184.18s
2026-07-30 11:18:24  INFO      Reports written to: /root/code/algorithms/app/scripts/camera/trip_agg_analysis_script/output/2026-07-25/1205841794575630336
