2026-08-01 02:30:03  INFO      === Starting analysis for account: 649034868264558592 ===
2026-08-01 02:30:03  INFO      Account name: RajRatan Travels
2026-08-01 02:30:04  INFO      Resolved 2 accounts_with_access for 649034868264558592
2026-08-01 02:30:04  INFO      [1/2] Fetching trip_agg for account: 64903486826455859
2026-08-01 02:30:04  INFO      Fetching vehicle page: 1
2026-08-01 02:30:04  INFO      Total vehicles collected for account 649034868264558592: 128
2026-08-01 02:30:04  INFO        account 64903486826455859: fetched 0 records (1 pages)
2026-08-01 02:30:04  INFO      [2/2] Fetching trip_agg for account: 649034868264558592
2026-08-01 02:30:05  INFO      Total trips collected for account 649034868264558592: 282
2026-08-01 02:31:18  INFO        account 649034868264558592: fetched 434 records (5 pages)
2026-08-01 02:31:18  INFO      Total trip-agg records collected across 2 accounts: 434
2026-08-01 02:31:22  INFO      Summary written to: /root/code/algorithms/app/scripts/camera/trip_agg_analysis_script/output/2026-07-30/649034868264558592/summary.json
2026-08-01 02:31:22  INFO      ===== Trip Aggregation Analysis Summary =====
2026-08-01 02:31:22  INFO      Trips after merge/filters: 159
2026-08-01 02:31:22  INFO      Completely processed trips: 159
2026-08-01 02:31:22  INFO      Missing trips in trip_agg: 0
2026-08-01 02:31:22  INFO      Unbroken unmatched trips: 0
2026-08-01 02:31:22  INFO      Broken unmatched trips: 14
2026-08-01 02:31:22  INFO      Top alert mismatches:
         alert_name  mismatch_count  total_joined_trips  mismatch_pct
 distracted_driving               0                 282           0.0
         drowsiness               0                 282           0.0
emergency_recording               0                 282           0.0
        eyes_closed               0                 282           0.0
                fcw               0                 282           0.0
2026-08-01 02:31:22  INFO      ----- Step Timings -----
2026-08-01 02:31:22  INFO        fetch_accounts_with_access            0.04s
2026-08-01 02:31:22  INFO        fetch_trip_agg_data                  74.95s
2026-08-01 02:31:22  INFO        get_trips_for_account                 1.07s
2026-08-01 02:31:22  INFO        prepare_dataframes                    0.01s
2026-08-01 02:31:22  INFO        analyze_trip_agg                      1.01s
2026-08-01 02:31:22  INFO        analyze_alerts                        2.05s
2026-08-01 02:31:22  INFO        total                                79.14s
2026-08-01 02:31:22  INFO      Reports written to: /root/code/algorithms/app/scripts/camera/trip_agg_analysis_script/output/2026-07-30/649034868264558592
