2026-09-25 02:43:57  INFO      === Starting analysis for account: 1205841794575630336 ===
2026-09-25 02:43:57  INFO      Account name: Chartered Speed-OSRTC
2026-09-25 02:43:57  INFO      [1/1] Fetching trip_agg for account: 1205841794575630336
2026-09-25 02:43:57  INFO      Fetching vehicle page: 1
2026-09-25 02:43:58  INFO      Fetching vehicle page: 2
2026-09-25 02:43:58  INFO      Fetching vehicle page: 3
2026-09-25 02:43:59  INFO      Total vehicles collected for account 1205841794575630336: 1184
2026-09-25 02:44:59  INFO      Total trips collected for account 1205841794575630336: 8089
2026-09-25 02:49:53  INFO        account 1205841794575630336: fetched 8175 records (82 pages)
2026-09-25 02:49:53  INFO      Total trip-agg records collected across 1 accounts: 8175
2026-09-25 02:50:05  INFO      Attempting second-pass fetch for 1 missing trips by trip_id
2026-09-25 02:50:16  INFO      Second-pass recovered 1 missing trips, 0 still missing
2026-09-25 02:50:43  WARNING   Alert count fetch failed for 8089/8089 trips
2026-09-25 02:50:44  INFO      Summary written to: /root/code/algorithms/app/scripts/camera/trip_agg_analysis_script/output/2026-09-23/1205841794575630336/summary.json
2026-09-25 02:50:44  INFO      ===== Trip Aggregation Analysis Summary =====
2026-09-25 02:50:44  INFO      Trips after merge/filters: 6795
2026-09-25 02:50:44  INFO      Completely processed trips: 6790
2026-09-25 02:50:44  INFO      Missing trips in trip_agg: 0
2026-09-25 02:50:44  INFO      Unbroken unmatched trips: 0
2026-09-25 02:50:44  INFO      Broken unmatched trips: 21
2026-09-25 02:50:44  INFO      ----- Step Timings -----
2026-09-25 02:50:44  INFO        fetch_accounts_with_access            0.01s
2026-09-25 02:50:44  INFO        fetch_trip_agg_data                 355.47s
2026-09-25 02:50:44  INFO        get_trips_for_account                61.91s
2026-09-25 02:50:44  INFO        prepare_dataframes                    0.23s
2026-09-25 02:50:44  INFO        analyze_trip_agg                     22.61s
2026-09-25 02:50:44  INFO        analyze_alerts                       27.66s
2026-09-25 02:50:44  INFO        total                               467.89s
2026-09-25 02:50:44  INFO      Reports written to: /root/code/algorithms/app/scripts/camera/trip_agg_analysis_script/output/2026-09-23/1205841794575630336
