2026-09-15 02:40:52  INFO      === Starting analysis for account: 642689989225816064 ===
2026-09-15 02:40:52  INFO      Account name: Indore Intercity
2026-09-15 02:40:52  INFO      [1/1] Fetching trip_agg for account: 642689989225816064
2026-09-15 02:40:52  INFO      Fetching vehicle page: 1
2026-09-15 02:40:52  INFO      Total vehicles collected for account 642689989225816064: 230
2026-09-15 02:41:05  INFO      Total trips collected for account 642689989225816064: 645
2026-09-15 02:41:16  INFO        account 642689989225816064: fetched 689 records (7 pages)
2026-09-15 02:41:16  INFO      Total trip-agg records collected across 1 accounts: 689
2026-09-15 02:41:20  WARNING   Alert count fetch failed for 645/645 trips
2026-09-15 02:41:20  INFO      Summary written to: /root/code/algorithms/app/scripts/camera/trip_agg_analysis_script/output/2026-09-13/642689989225816064/summary.json
2026-09-15 02:41:20  INFO      ===== Trip Aggregation Analysis Summary =====
2026-09-15 02:41:20  INFO      Trips after merge/filters: 306
2026-09-15 02:41:20  INFO      Completely processed trips: 306
2026-09-15 02:41:20  INFO      Missing trips in trip_agg: 0
2026-09-15 02:41:20  INFO      Unbroken unmatched trips: 0
2026-09-15 02:41:20  INFO      Broken unmatched trips: 13
2026-09-15 02:41:20  INFO      ----- Step Timings -----
2026-09-15 02:41:20  INFO        fetch_accounts_with_access            0.01s
2026-09-15 02:41:20  INFO        fetch_trip_agg_data                  23.43s
2026-09-15 02:41:20  INFO        get_trips_for_account                12.95s
2026-09-15 02:41:20  INFO        prepare_dataframes                    0.02s
2026-09-15 02:41:20  INFO        analyze_trip_agg                      2.27s
2026-09-15 02:41:20  INFO        analyze_alerts                        2.02s
2026-09-15 02:41:20  INFO        total                                40.70s
2026-09-15 02:41:20  INFO      Reports written to: /root/code/algorithms/app/scripts/camera/trip_agg_analysis_script/output/2026-09-13/642689989225816064
