2026-10-04 02:30:33  INFO      === Starting analysis for account: 649034868264558592 ===
2026-10-04 02:30:33  INFO      Account name: RajRatan Travels
2026-10-04 02:30:33  INFO      [1/1] Fetching trip_agg for account: 649034868264558592
2026-10-04 02:30:33  INFO      Fetching vehicle page: 1
2026-10-04 02:30:34  INFO      Total vehicles collected for account 649034868264558592: 131
2026-10-04 02:30:41  INFO      Total trips collected for account 649034868264558592: 306
2026-10-04 02:32:24  INFO        account 649034868264558592: fetched 467 records (5 pages)
2026-10-04 02:32:24  INFO      Total trip-agg records collected across 1 accounts: 467
2026-10-04 02:32:28  WARNING   Alert count fetch failed for 306/306 trips
2026-10-04 02:32:28  INFO      Summary written to: /root/code/algorithms/app/scripts/camera/trip_agg_analysis_script/output/2026-10-02/649034868264558592/summary.json
2026-10-04 02:32:28  INFO      ===== Trip Aggregation Analysis Summary =====
2026-10-04 02:32:28  INFO      Trips after merge/filters: 155
2026-10-04 02:32:28  INFO      Completely processed trips: 155
2026-10-04 02:32:28  INFO      Missing trips in trip_agg: 0
2026-10-04 02:32:28  INFO      Unbroken unmatched trips: 0
2026-10-04 02:32:28  INFO      Broken unmatched trips: 11
2026-10-04 02:32:28  INFO      ----- Step Timings -----
2026-10-04 02:32:28  INFO        fetch_accounts_with_access            0.05s
2026-10-04 02:32:28  INFO        fetch_trip_agg_data                 110.44s
2026-10-04 02:32:28  INFO        get_trips_for_account                 8.21s
2026-10-04 02:32:28  INFO        prepare_dataframes                    0.04s
2026-10-04 02:32:28  INFO        analyze_trip_agg                      1.33s
2026-10-04 02:32:28  INFO        analyze_alerts                        3.12s
2026-10-04 02:32:28  INFO        total                               123.18s
2026-10-04 02:32:28  INFO      Reports written to: /root/code/algorithms/app/scripts/camera/trip_agg_analysis_script/output/2026-10-02/649034868264558592
