2026-04-07 08:11:00  INFO      === Starting analysis for account: 649034868264558592 ===
2026-04-07 08:11:00  INFO      Account name: RajRatan Travels
2026-04-07 08:11:00  INFO      Fetching trip_agg page: 1
2026-04-07 08:11:00  INFO      Fetching vehicle page: 1
2026-04-07 08:11:00  INFO      Total vehicles collected for account 649034868264558592: 118
2026-04-07 08:11:02  INFO      Total trips collected for account 649034868264558592: 297
2026-04-07 08:11:13  INFO      Total trip-agg records collected: 397
2026-04-07 08:11:18  INFO      Summary written to: /root/code/algorithms/app/scripts/camera/trip_agg_analysis_script/output/2026-04-05/649034868264558592/summary.json
2026-04-07 08:11:18  INFO      ===== Trip Aggregation Analysis Summary =====
2026-04-07 08:11:18  INFO      Trips after merge/filters: 172
2026-04-07 08:11:18  INFO      Completely processed trips: 172
2026-04-07 08:11:18  INFO      Missing trips in trip_agg: 0
2026-04-07 08:11:18  INFO      Unbroken unmatched trips: 1
2026-04-07 08:11:18  INFO      Broken unmatched trips: 1
2026-04-07 08:11:18  INFO      Top alert mismatches:
         alert_name  mismatch_count  total_joined_trips  mismatch_pct
             idling              12                 297          4.04
 distracted_driving               0                 297          0.00
         drowsiness               0                 297          0.00
emergency_recording               0                 297          0.00
        eyes_closed               0                 297          0.00
2026-04-07 08:11:18  INFO      ----- Step Timings -----
2026-04-07 08:11:18  INFO        fetch_trip_agg_data                  13.15s
2026-04-07 08:11:18  INFO        get_trips_for_account                 1.67s
2026-04-07 08:11:18  INFO        prepare_dataframes                    0.02s
2026-04-07 08:11:18  INFO        analyze_trip_agg                      1.74s
2026-04-07 08:11:18  INFO        analyze_alerts                        2.66s
2026-04-07 08:11:18  INFO        total                                19.24s
2026-04-07 08:11:18  INFO      Reports written to: /root/code/algorithms/app/scripts/camera/trip_agg_analysis_script/output/2026-04-05/649034868264558592
