2026-09-05 02:31:57  INFO      === Starting analysis for account: 632578958264631296 ===
2026-09-05 02:31:57  INFO      Account name: K M Translogistics  Pvt Ltd ( KMT)
2026-09-05 02:31:57  INFO      [1/1] Fetching trip_agg for account: 632578958264631296
2026-09-05 02:31:57  INFO      Fetching vehicle page: 1
2026-09-05 02:31:57  INFO      Fetching vehicle page: 2
2026-09-05 02:31:58  INFO      Fetching vehicle page: 3
2026-09-05 02:31:58  INFO      Fetching vehicle page: 4
2026-09-05 02:31:58  INFO      Total vehicles collected for account 632578958264631296: 1994
2026-09-05 02:32:11  INFO      Total trips collected for account 632578958264631296: 6190
2026-09-05 02:38:57  INFO        account 632578958264631296: fetched 6272 records (63 pages)
2026-09-05 02:38:57  INFO      Total trip-agg records collected across 1 accounts: 6272
2026-09-05 02:39:08  INFO      Attempting second-pass fetch for 34 missing trips by trip_id
2026-09-05 02:39:09  INFO      Second-pass recovered 34 missing trips, 0 still missing
2026-09-05 02:39:27  WARNING   Alert count fetch failed for 6190/6190 trips
2026-09-05 02:39:27  INFO      Summary written to: /root/code/algorithms/app/scripts/camera/trip_agg_analysis_script/output/2026-09-03/632578958264631296/summary.json
2026-09-05 02:39:27  INFO      ===== Trip Aggregation Analysis Summary =====
2026-09-05 02:39:27  INFO      Trips after merge/filters: 3118
2026-09-05 02:39:27  INFO      Completely processed trips: 3116
2026-09-05 02:39:27  INFO      Missing trips in trip_agg: 0
2026-09-05 02:39:27  INFO      Unbroken unmatched trips: 3
2026-09-05 02:39:27  INFO      Broken unmatched trips: 0
2026-09-05 02:39:27  INFO      ----- Step Timings -----
2026-09-05 02:39:27  INFO        fetch_accounts_with_access            0.02s
2026-09-05 02:39:27  INFO        fetch_trip_agg_data                 420.13s
2026-09-05 02:39:27  INFO        get_trips_for_account                13.88s
2026-09-05 02:39:27  INFO        prepare_dataframes                    0.20s
2026-09-05 02:39:27  INFO        analyze_trip_agg                     11.23s
2026-09-05 02:39:27  INFO        analyze_alerts                       18.10s
2026-09-05 02:39:27  INFO        total                               463.56s
2026-09-05 02:39:27  INFO      Reports written to: /root/code/algorithms/app/scripts/camera/trip_agg_analysis_script/output/2026-09-03/632578958264631296
