2026-09-04 02:30:07  INFO      === Starting analysis for account: 649034868264558592 ===
2026-09-04 02:30:07  INFO      Account name: RajRatan Travels
2026-09-04 02:30:07  INFO      [1/1] Fetching trip_agg for account: 649034868264558592
2026-09-04 02:30:07  INFO      Fetching vehicle page: 1
2026-09-04 02:30:07  INFO      Total vehicles collected for account 649034868264558592: 128
2026-09-04 02:30:09  INFO      Total trips collected for account 649034868264558592: 381
2026-09-04 02:31:50  INFO        account 649034868264558592: fetched 526 records (6 pages)
2026-09-04 02:31:50  INFO      Total trip-agg records collected across 1 accounts: 526
2026-09-04 02:31:54  WARNING   Alert count fetch failed for 381/381 trips
2026-09-04 02:31:54  INFO      Summary written to: /root/code/algorithms/app/scripts/camera/trip_agg_analysis_script/output/2026-09-02/649034868264558592/summary.json
2026-09-04 02:31:54  INFO      ===== Trip Aggregation Analysis Summary =====
2026-09-04 02:31:54  INFO      Trips after merge/filters: 213
2026-09-04 02:31:54  INFO      Completely processed trips: 212
2026-09-04 02:31:54  INFO      Missing trips in trip_agg: 0
2026-09-04 02:31:54  INFO      Unbroken unmatched trips: 0
2026-09-04 02:31:54  INFO      Broken unmatched trips: 13
2026-09-04 02:31:54  INFO      ----- Step Timings -----
2026-09-04 02:31:54  INFO        fetch_accounts_with_access            0.02s
2026-09-04 02:31:54  INFO        fetch_trip_agg_data                 102.87s
2026-09-04 02:31:54  INFO        get_trips_for_account                 1.64s
2026-09-04 02:31:54  INFO        prepare_dataframes                    0.02s
2026-09-04 02:31:54  INFO        analyze_trip_agg                      1.90s
2026-09-04 02:31:54  INFO        analyze_alerts                        2.02s
2026-09-04 02:31:54  INFO        total                               108.48s
2026-09-04 02:31:54  INFO      Reports written to: /root/code/algorithms/app/scripts/camera/trip_agg_analysis_script/output/2026-09-02/649034868264558592
