2026-08-28 02:39:00  INFO      === Starting analysis for account: 1205841794575630336 ===
2026-08-28 02:39:00  INFO      Account name: Chartered Speed-OSRTC
2026-08-28 02:39:00  INFO      [1/1] Fetching trip_agg for account: 1205841794575630336
2026-08-28 02:39:00  INFO      Fetching vehicle page: 1
2026-08-28 02:39:01  INFO      Fetching vehicle page: 2
2026-08-28 02:39:02  INFO      Fetching vehicle page: 3
2026-08-28 02:39:02  INFO      Total vehicles collected for account 1205841794575630336: 1184
2026-08-28 02:39:20  INFO      Total trips collected for account 1205841794575630336: 8273
2026-08-28 02:43:53  INFO        account 1205841794575630336: fetched 8382 records (84 pages)
2026-08-28 02:43:53  INFO      Total trip-agg records collected across 1 accounts: 8382
2026-08-28 02:44:36  WARNING   Alert count fetch failed for 8273/8273 trips
2026-08-28 02:44:36  INFO      Summary written to: /root/code/algorithms/app/scripts/camera/trip_agg_analysis_script/output/2026-08-26/1205841794575630336/summary.json
2026-08-28 02:44:36  INFO      ===== Trip Aggregation Analysis Summary =====
2026-08-28 02:44:36  INFO      Trips after merge/filters: 6983
2026-08-28 02:44:36  INFO      Completely processed trips: 6977
2026-08-28 02:44:36  INFO      Missing trips in trip_agg: 0
2026-08-28 02:44:36  INFO      Unbroken unmatched trips: 0
2026-08-28 02:44:36  INFO      Broken unmatched trips: 18
2026-08-28 02:44:36  INFO      ----- Step Timings -----
2026-08-28 02:44:36  INFO        fetch_accounts_with_access            0.02s
2026-08-28 02:44:36  INFO        fetch_trip_agg_data                 293.12s
2026-08-28 02:44:36  INFO        get_trips_for_account                19.92s
2026-08-28 02:44:36  INFO        prepare_dataframes                    0.23s
2026-08-28 02:44:36  INFO        analyze_trip_agg                     12.06s
2026-08-28 02:44:36  INFO        analyze_alerts                       29.84s
2026-08-28 02:44:36  INFO        total                               355.18s
2026-08-28 02:44:36  INFO      Reports written to: /root/code/algorithms/app/scripts/camera/trip_agg_analysis_script/output/2026-08-26/1205841794575630336
