2026-04-21 08:05:16  INFO      === Starting analysis for account: 649034868264558592 ===
2026-04-21 08:05:16  INFO      Account name: RajRatan Travels
2026-04-21 08:05:16  INFO      Fetching trip_agg page: 1
2026-04-21 08:05:16  INFO      Fetching vehicle page: 1
2026-04-21 08:05:16  INFO      Total vehicles collected for account 649034868264558592: 122
2026-04-21 08:05:22  INFO      Total trips collected for account 649034868264558592: 267
2026-04-21 08:06:47  INFO      Total trip-agg records collected: 395
2026-04-21 08:07:04  INFO      Summary written to: /root/code/algorithms/app/scripts/camera/trip_agg_analysis_script/output/2026-04-19/649034868264558592/summary.json
2026-04-21 08:07:04  INFO      ===== Trip Aggregation Analysis Summary =====
2026-04-21 08:07:04  INFO      Trips after merge/filters: 163
2026-04-21 08:07:04  INFO      Completely processed trips: 162
2026-04-21 08:07:04  INFO      Missing trips in trip_agg: 0
2026-04-21 08:07:04  INFO      Unbroken unmatched trips: 0
2026-04-21 08:07:04  INFO      Broken unmatched trips: 1
2026-04-21 08:07:04  INFO      Top alert mismatches:
         alert_name  mismatch_count  total_joined_trips  mismatch_pct
         over_speed               2                 267          0.75
 distracted_driving               0                 267          0.00
         drowsiness               0                 267          0.00
emergency_recording               0                 267          0.00
        eyes_closed               0                 267          0.00
2026-04-21 08:07:04  INFO      ----- Step Timings -----
2026-04-21 08:07:04  INFO        fetch_trip_agg_data                  90.50s
2026-04-21 08:07:04  INFO        get_trips_for_account                 6.23s
2026-04-21 08:07:04  INFO        prepare_dataframes                    0.10s
2026-04-21 08:07:04  INFO        analyze_trip_agg                     15.95s
2026-04-21 08:07:04  INFO        analyze_alerts                        1.66s
2026-04-21 08:07:04  INFO        total                               114.44s
2026-04-21 08:07:04  INFO      Reports written to: /root/code/algorithms/app/scripts/camera/trip_agg_analysis_script/output/2026-04-19/649034868264558592
