2026-04-03 08:05:04  INFO      === Starting analysis for account: 649034868264558592 ===
2026-04-03 08:05:04  INFO      Account name: RajRatan Travels
2026-04-03 08:05:04  INFO      Fetching trip_agg page: 1
2026-04-03 08:05:04  INFO      Fetching vehicle page: 1
2026-04-03 08:05:05  INFO      Total vehicles collected for account 649034868264558592: 118
2026-04-03 08:05:10  INFO      Total trips collected for account 649034868264558592: 317
2026-04-03 08:05:17  INFO      Total trip-agg records collected: 436
2026-04-03 08:05:24  INFO      Summary written to: /root/code/algorithms/app/scripts/camera/trip_agg_analysis_script/output/2026-04-01/649034868264558592/summary.json
2026-04-03 08:05:24  INFO      ===== Trip Aggregation Analysis Summary =====
2026-04-03 08:05:24  INFO      Trips after merge/filters: 190
2026-04-03 08:05:24  INFO      Completely processed trips: 190
2026-04-03 08:05:24  INFO      Missing trips in trip_agg: 2
2026-04-03 08:05:24  INFO      Unbroken unmatched trips: 0
2026-04-03 08:05:24  INFO      Broken unmatched trips: 1
2026-04-03 08:05:24  INFO      Top alert mismatches:
         alert_name  mismatch_count  total_joined_trips  mismatch_pct
             idling              11                 315          3.49
         fuel_chori               1                 315          0.32
 distracted_driving               0                 315          0.00
         drowsiness               0                 315          0.00
emergency_recording               0                 315          0.00
2026-04-03 08:05:24  INFO      ----- Step Timings -----
2026-04-03 08:05:24  INFO        fetch_trip_agg_data                  12.64s
2026-04-03 08:05:24  INFO        get_trips_for_account                 5.92s
2026-04-03 08:05:24  INFO        prepare_dataframes                    0.04s
2026-04-03 08:05:24  INFO        analyze_trip_agg                      1.31s
2026-04-03 08:05:24  INFO        analyze_alerts                        5.21s
2026-04-03 08:05:24  INFO        total                                25.12s
2026-04-03 08:05:24  INFO      Reports written to: /root/code/algorithms/app/scripts/camera/trip_agg_analysis_script/output/2026-04-01/649034868264558592
