2026-03-26 08:01:16  INFO      === Starting analysis for account: 632578958264631296 ===
2026-03-26 08:01:16  INFO      Account name: K M Translogistics  Pvt Ltd ( KMT)
2026-03-26 08:01:16  INFO      Fetching trip_agg page: 1
2026-03-26 08:01:16  INFO      Fetching vehicle page: 1
2026-03-26 08:01:16  INFO      Fetching vehicle page: 2
2026-03-26 08:01:16  INFO      Fetching vehicle page: 3
2026-03-26 08:01:17  INFO      Fetching trip_agg page: 2
2026-03-26 08:01:18  INFO      Fetching trip_agg page: 3
2026-03-26 08:01:20  INFO      Fetching vehicle page: 4
2026-03-26 08:01:26  INFO      Total vehicles collected for account 632578958264631296: 1901
2026-03-26 08:01:35  INFO      Fetching trip_agg page: 4
2026-03-26 08:01:41  INFO      Fetching trip_agg page: 5
2026-03-26 08:01:42  INFO      Fetching trip_agg page: 6
2026-03-26 08:01:43  INFO      Fetching trip_agg page: 7
2026-03-26 08:01:44  INFO      Fetching trip_agg page: 8
2026-03-26 08:01:44  INFO      Fetching trip_agg page: 9
2026-03-26 08:01:46  INFO      Fetching trip_agg page: 10
2026-03-26 08:01:53  INFO      Total trip-agg records collected: 4819
2026-03-26 08:02:20  INFO      Total trips collected for account 632578958264631296: 4828
2026-03-26 08:03:10  INFO      Summary written to: /root/code/algorithms/app/scripts/camera/trip_agg_analysis_script/output/2026-03-24/632578958264631296/summary.json
2026-03-26 08:03:10  INFO      ===== Trip Aggregation Analysis Summary =====
2026-03-26 08:03:10  INFO      Trips after merge/filters: 2417
2026-03-26 08:03:10  INFO      Completely processed trips: 2417
2026-03-26 08:03:10  INFO      Missing trips in trip_agg: 27
2026-03-26 08:03:10  INFO      Unbroken unmatched trips: 0
2026-03-26 08:03:10  INFO      Broken unmatched trips: 0
2026-03-26 08:03:10  INFO      Top alert mismatches:
         alert_name  mismatch_count  total_joined_trips  mismatch_pct
unscheduled_driving              12                4801          0.25
         fuel_chori               4                4801          0.08
       slow_running               2                4801          0.04
             idling               0                4801          0.00
         over_speed               0                4801          0.00
2026-03-26 08:03:10  INFO      ----- Step Timings -----
2026-03-26 08:03:10  INFO        fetch_trip_agg_data                  37.56s
2026-03-26 08:03:10  INFO        get_trips_for_account                64.18s
2026-03-26 08:03:10  INFO        prepare_dataframes                    0.46s
2026-03-26 08:03:10  INFO        analyze_trip_agg                      0.21s
2026-03-26 08:03:10  INFO        analyze_alerts                       48.56s
2026-03-26 08:03:10  INFO        total                               150.96s
2026-03-26 08:03:10  INFO      Reports written to: /root/code/algorithms/app/scripts/camera/trip_agg_analysis_script/output/2026-03-24/632578958264631296
