2026-07-15 02:33:34  INFO      === Starting analysis for account: 632578958264631296 ===
2026-07-15 02:33:34  INFO      Account name: K M Translogistics  Pvt Ltd ( KMT)
2026-07-15 02:33:34  INFO      Fetching trip_agg page: 1
2026-07-15 02:33:34  INFO      Fetching vehicle page: 1
2026-07-15 02:33:35  INFO      Fetching vehicle page: 2
2026-07-15 02:33:35  INFO      Fetching vehicle page: 3
2026-07-15 02:33:36  INFO      Fetching vehicle page: 4
2026-07-15 02:33:37  INFO      Total vehicles collected for account 632578958264631296: 1980
2026-07-15 02:33:53  INFO      Fetching trip_agg page: 2
2026-07-15 02:33:57  INFO      Fetching trip_agg page: 3
2026-07-15 02:33:59  INFO      Fetching trip_agg page: 4
2026-07-15 02:34:01  INFO      Fetching trip_agg page: 5
2026-07-15 02:34:01  INFO      Total trips collected for account 632578958264631296: 5565
2026-07-15 02:34:03  INFO      Fetching trip_agg page: 6
2026-07-15 02:34:04  INFO      Fetching trip_agg page: 7
2026-07-15 02:34:06  INFO      Fetching trip_agg page: 8
2026-07-15 02:34:07  INFO      Fetching trip_agg page: 9
2026-07-15 02:34:08  INFO      Fetching trip_agg page: 10
2026-07-15 02:34:10  INFO      Fetching trip_agg page: 11
2026-07-15 02:34:11  INFO      Fetching trip_agg page: 12
2026-07-15 02:34:15  INFO      Total trip-agg records collected: 5640
2026-07-15 02:35:24  INFO      Summary written to: /root/code/algorithms/app/scripts/camera/trip_agg_analysis_script/output/2026-07-13/632578958264631296/summary.json
2026-07-15 02:35:24  INFO      ===== Trip Aggregation Analysis Summary =====
2026-07-15 02:35:24  INFO      Trips after merge/filters: 2653
2026-07-15 02:35:24  INFO      Completely processed trips: 2651
2026-07-15 02:35:24  INFO      Missing trips in trip_agg: 26
2026-07-15 02:35:24  INFO      Unbroken unmatched trips: 0
2026-07-15 02:35:24  INFO      Broken unmatched trips: 0
2026-07-15 02:35:24  INFO      Top alert mismatches:
alert_name  mismatch_count  total_joined_trips  mismatch_pct
fuel_chori               2                5539          0.04
    idling               0                5539          0.00
over_speed               0                5539          0.00
   freerun               0                5539          0.00
  over_acc               0                5539          0.00
2026-07-15 02:35:24  INFO      ----- Step Timings -----
2026-07-15 02:35:24  INFO        fetch_trip_agg_data                  40.66s
2026-07-15 02:35:24  INFO        get_trips_for_account                26.83s
2026-07-15 02:35:24  INFO        prepare_dataframes                    0.40s
2026-07-15 02:35:24  INFO        analyze_trip_agg                      2.97s
2026-07-15 02:35:24  INFO        analyze_alerts                       64.14s
2026-07-15 02:35:24  INFO        total                               135.00s
2026-07-15 02:35:24  INFO      Reports written to: /root/code/algorithms/app/scripts/camera/trip_agg_analysis_script/output/2026-07-13/632578958264631296
