2026-08-23 02:34:27  INFO      === Starting analysis for account: 649034868264558592 ===
2026-08-23 02:34:27  INFO      Account name: RajRatan Travels
2026-08-23 02:34:27  INFO      [1/1] Fetching trip_agg for account: 649034868264558592
2026-08-23 02:34:27  INFO      Fetching vehicle page: 1
2026-08-23 02:34:27  INFO      Total vehicles collected for account 649034868264558592: 128
2026-08-23 02:34:29  INFO      Total trips collected for account 649034868264558592: 422
2026-08-23 02:38:55  ERROR     Request failed after 3 attempts: http://internal-apis.intangles.com/trip/aggregated?account_id=649034868264558592&pnum=6&psize=100&start_time=1787270400000&end_time=1787356799000 | error: 504 Server Error: Gateway Time-out for url: http://internal-apis.intangles.com/trip/aggregated?account_id=649034868264558592&pnum=6&psize=100&start_time=1787270400000&end_time=1787356799000
2026-08-23 02:38:55  WARNING     page 6 failed (1/3 consecutive)
2026-08-23 02:38:56  INFO        account 649034868264558592: fetched 500 records (7 pages)
2026-08-23 02:38:56  INFO      Total trip-agg records collected across 1 accounts: 500
2026-08-23 02:39:01  WARNING   Alert count fetch failed for 422/422 trips
2026-08-23 02:39:01  INFO      Summary written to: /root/code/algorithms/app/scripts/camera/trip_agg_analysis_script/output/2026-08-21/649034868264558592/summary.json
2026-08-23 02:39:01  INFO      ===== Trip Aggregation Analysis Summary =====
2026-08-23 02:39:01  INFO      Trips after merge/filters: 274
2026-08-23 02:39:01  INFO      Completely processed trips: 272
2026-08-23 02:39:01  INFO      Missing trips in trip_agg: 0
2026-08-23 02:39:01  INFO      Unbroken unmatched trips: 0
2026-08-23 02:39:01  INFO      Broken unmatched trips: 19
2026-08-23 02:39:01  INFO      ----- Step Timings -----
2026-08-23 02:39:01  INFO        fetch_accounts_with_access            0.01s
2026-08-23 02:39:01  INFO        fetch_trip_agg_data                 268.82s
2026-08-23 02:39:01  INFO        get_trips_for_account                 1.71s
2026-08-23 02:39:01  INFO        prepare_dataframes                    0.02s
2026-08-23 02:39:01  INFO        analyze_trip_agg                      0.59s
2026-08-23 02:39:01  INFO        analyze_alerts                        4.02s
2026-08-23 02:39:01  INFO        total                               275.17s
2026-08-23 02:39:01  INFO      Reports written to: /root/code/algorithms/app/scripts/camera/trip_agg_analysis_script/output/2026-08-21/649034868264558592
