2026-08-27 02:44:00  INFO      === Starting analysis for account: 1205841794575630336 ===
2026-08-27 02:44:00  INFO      Account name: Chartered Speed-OSRTC
2026-08-27 02:44:00  INFO      [1/1] Fetching trip_agg for account: 1205841794575630336
2026-08-27 02:44:00  INFO      Fetching vehicle page: 1
2026-08-27 02:44:01  INFO      Fetching vehicle page: 2
2026-08-27 02:44:01  INFO      Fetching vehicle page: 3
2026-08-27 02:44:01  INFO      Total vehicles collected for account 1205841794575630336: 1184
2026-08-27 02:44:19  INFO      Total trips collected for account 1205841794575630336: 8548
2026-08-27 02:48:29  INFO        account 1205841794575630336: fetched 8711 records (88 pages)
2026-08-27 02:48:29  INFO      Total trip-agg records collected across 1 accounts: 8711
2026-08-27 02:49:27  WARNING   Alert count fetch failed for 8548/8548 trips
2026-08-27 02:49:28  INFO      Summary written to: /root/code/algorithms/app/scripts/camera/trip_agg_analysis_script/output/2026-08-25/1205841794575630336/summary.json
2026-08-27 02:49:28  INFO      ===== Trip Aggregation Analysis Summary =====
2026-08-27 02:49:28  INFO      Trips after merge/filters: 7044
2026-08-27 02:49:28  INFO      Completely processed trips: 7041
2026-08-27 02:49:28  INFO      Missing trips in trip_agg: 0
2026-08-27 02:49:28  INFO      Unbroken unmatched trips: 0
2026-08-27 02:49:28  INFO      Broken unmatched trips: 34
2026-08-27 02:49:28  INFO      ----- Step Timings -----
2026-08-27 02:49:28  INFO        fetch_accounts_with_access            0.02s
2026-08-27 02:49:28  INFO        fetch_trip_agg_data                 268.41s
2026-08-27 02:49:28  INFO        get_trips_for_account                19.02s
2026-08-27 02:49:28  INFO        prepare_dataframes                    0.49s
2026-08-27 02:49:28  INFO        analyze_trip_agg                      8.54s
2026-08-27 02:49:28  INFO        analyze_alerts                       49.13s
2026-08-27 02:49:28  INFO        total                               345.61s
2026-08-27 02:49:28  INFO      Reports written to: /root/code/algorithms/app/scripts/camera/trip_agg_analysis_script/output/2026-08-25/1205841794575630336
