2026-08-17 02:36:07  INFO      === Starting analysis for account: 632578958264631296 ===
2026-08-17 02:36:07  INFO      Account name: K M Translogistics  Pvt Ltd ( KMT)
2026-08-17 02:36:07  INFO      [1/1] Fetching trip_agg for account: 632578958264631296
2026-08-17 02:36:07  INFO      Fetching vehicle page: 1
2026-08-17 02:36:08  INFO      Fetching vehicle page: 2
2026-08-17 02:36:08  INFO      Fetching vehicle page: 3
2026-08-17 02:36:08  INFO      Fetching vehicle page: 4
2026-08-17 02:36:08  INFO      Total vehicles collected for account 632578958264631296: 1983
2026-08-17 02:36:22  INFO      Total trips collected for account 632578958264631296: 5826
2026-08-17 02:39:41  INFO        account 632578958264631296: fetched 5891 records (59 pages)
2026-08-17 02:39:41  INFO      Total trip-agg records collected across 1 accounts: 5891
2026-08-17 02:39:41  INFO      Attempting second-pass fetch for 30 missing trips by trip_id
2026-08-17 02:39:42  INFO      Second-pass recovered 30 missing trips, 0 still missing
2026-08-17 02:40:02  WARNING   Alert count fetch failed for 5826/5826 trips
2026-08-17 02:40:02  INFO      Summary written to: /root/code/algorithms/app/scripts/camera/trip_agg_analysis_script/output/2026-08-15/632578958264631296/summary.json
2026-08-17 02:40:02  INFO      ===== Trip Aggregation Analysis Summary =====
2026-08-17 02:40:02  INFO      Trips after merge/filters: 3135
2026-08-17 02:40:02  INFO      Completely processed trips: 3135
2026-08-17 02:40:02  INFO      Missing trips in trip_agg: 0
2026-08-17 02:40:02  INFO      Unbroken unmatched trips: 4
2026-08-17 02:40:02  INFO      Broken unmatched trips: 0
2026-08-17 02:40:02  INFO      ----- Step Timings -----
2026-08-17 02:40:02  INFO        fetch_accounts_with_access            0.03s
2026-08-17 02:40:02  INFO        fetch_trip_agg_data                 213.95s
2026-08-17 02:40:02  INFO        get_trips_for_account                14.17s
2026-08-17 02:40:02  INFO        prepare_dataframes                    0.14s
2026-08-17 02:40:02  INFO        analyze_trip_agg                      0.54s
2026-08-17 02:40:02  INFO        analyze_alerts                       19.95s
2026-08-17 02:40:02  INFO        total                               248.79s
2026-08-17 02:40:02  INFO      Reports written to: /root/code/algorithms/app/scripts/camera/trip_agg_analysis_script/output/2026-08-15/632578958264631296
