2026-07-19 02:30:06  INFO      === Starting analysis for account: 649034868264558592 ===
2026-07-19 02:30:06  INFO      Account name: RajRatan Travels
2026-07-19 02:30:06  INFO      Fetching trip_agg page: 1
2026-07-19 02:30:06  INFO      Fetching vehicle page: 1
2026-07-19 02:30:06  INFO      Total vehicles collected for account 649034868264558592: 128
2026-07-19 02:30:07  INFO      Total trips collected for account 649034868264558592: 319
2026-07-19 02:30:39  INFO      Total trip-agg records collected: 455
2026-07-19 02:30:41  INFO      Summary written to: /root/code/algorithms/app/scripts/camera/trip_agg_analysis_script/output/2026-07-17/649034868264558592/summary.json
2026-07-19 02:30:41  INFO      ===== Trip Aggregation Analysis Summary =====
2026-07-19 02:30:41  INFO      Trips after merge/filters: 170
2026-07-19 02:30:41  INFO      Completely processed trips: 170
2026-07-19 02:30:41  INFO      Missing trips in trip_agg: 0
2026-07-19 02:30:41  INFO      Unbroken unmatched trips: 0
2026-07-19 02:30:41  INFO      Broken unmatched trips: 11
2026-07-19 02:30:41  INFO      Top alert mismatches:
         alert_name  mismatch_count  total_joined_trips  mismatch_pct
 distracted_driving               0                 319           0.0
         drowsiness               0                 319           0.0
emergency_recording               0                 319           0.0
        eyes_closed               0                 319           0.0
                fcw               0                 319           0.0
2026-07-19 02:30:41  INFO      ----- Step Timings -----
2026-07-19 02:30:41  INFO        fetch_trip_agg_data                  33.33s
2026-07-19 02:30:41  INFO        get_trips_for_account                 1.07s
2026-07-19 02:30:41  INFO        prepare_dataframes                    0.01s
2026-07-19 02:30:41  INFO        analyze_trip_agg                      0.50s
2026-07-19 02:30:41  INFO        analyze_alerts                        1.91s
2026-07-19 02:30:41  INFO        total                                36.82s
2026-07-19 02:30:41  INFO      Reports written to: /root/code/algorithms/app/scripts/camera/trip_agg_analysis_script/output/2026-07-17/649034868264558592
