2026-08-11 02:41:08  INFO      === Starting analysis for account: 1205841794575630336 ===
2026-08-11 02:41:08  INFO      Account name: Chartered Speed-OSRTC
2026-08-11 02:41:08  INFO      [1/1] Fetching trip_agg for account: 1205841794575630336
2026-08-11 02:41:08  INFO      Fetching vehicle page: 1
2026-08-11 02:41:08  INFO      Fetching vehicle page: 2
2026-08-11 02:41:09  INFO      Fetching vehicle page: 3
2026-08-11 02:41:09  INFO      Total vehicles collected for account 1205841794575630336: 1184
2026-08-11 02:41:30  INFO      Total trips collected for account 1205841794575630336: 8347
2026-08-11 02:45:08  INFO        account 1205841794575630336: fetched 8449 records (85 pages)
2026-08-11 02:45:08  INFO      Total trip-agg records collected across 1 accounts: 8449
2026-08-11 02:46:04  WARNING   Alert count fetch failed for 8347/8347 trips
2026-08-11 02:46:04  INFO      Summary written to: /root/code/algorithms/app/scripts/camera/trip_agg_analysis_script/output/2026-08-09/1205841794575630336/summary.json
2026-08-11 02:46:04  INFO      ===== Trip Aggregation Analysis Summary =====
2026-08-11 02:46:04  INFO      Trips after merge/filters: 7007
2026-08-11 02:46:04  INFO      Completely processed trips: 7001
2026-08-11 02:46:04  INFO      Missing trips in trip_agg: 0
2026-08-11 02:46:04  INFO      Unbroken unmatched trips: 0
2026-08-11 02:46:04  INFO      Broken unmatched trips: 8
2026-08-11 02:46:04  INFO      ----- Step Timings -----
2026-08-11 02:46:04  INFO        fetch_accounts_with_access            0.02s
2026-08-11 02:46:04  INFO        fetch_trip_agg_data                 239.65s
2026-08-11 02:46:04  INFO        get_trips_for_account                22.47s
2026-08-11 02:46:04  INFO        prepare_dataframes                    0.41s
2026-08-11 02:46:04  INFO        analyze_trip_agg                      9.00s
2026-08-11 02:46:04  INFO        analyze_alerts                       46.75s
2026-08-11 02:46:04  INFO        total                               318.30s
2026-08-11 02:46:04  INFO      Reports written to: /root/code/algorithms/app/scripts/camera/trip_agg_analysis_script/output/2026-08-09/1205841794575630336
