2026-07-21 02:34:46  INFO      === Starting analysis for account: 632578958264631296 ===
2026-07-21 02:34:46  INFO      Account name: K M Translogistics  Pvt Ltd ( KMT)
2026-07-21 02:34:46  INFO      Fetching trip_agg page: 1
2026-07-21 02:34:46  INFO      Fetching vehicle page: 1
2026-07-21 02:34:46  INFO      Fetching vehicle page: 2
2026-07-21 02:34:46  INFO      Fetching vehicle page: 3
2026-07-21 02:34:47  INFO      Fetching vehicle page: 4
2026-07-21 02:34:47  INFO      Total vehicles collected for account 632578958264631296: 1981
2026-07-21 02:34:51  INFO      Fetching trip_agg page: 2
2026-07-21 02:34:52  INFO      Fetching trip_agg page: 3
2026-07-21 02:35:12  INFO      Fetching trip_agg page: 4
2026-07-21 02:35:13  INFO      Total trips collected for account 632578958264631296: 5765
2026-07-21 02:35:14  INFO      Fetching trip_agg page: 5
2026-07-21 02:35:16  INFO      Fetching trip_agg page: 6
2026-07-21 02:35:18  INFO      Fetching trip_agg page: 7
2026-07-21 02:35:19  INFO      Fetching trip_agg page: 8
2026-07-21 02:35:22  INFO      Fetching trip_agg page: 9
2026-07-21 02:35:24  INFO      Fetching trip_agg page: 10
2026-07-21 02:35:26  INFO      Fetching trip_agg page: 11
2026-07-21 02:35:28  INFO      Fetching trip_agg page: 12
2026-07-21 02:35:34  INFO      Total trip-agg records collected: 5874
2026-07-21 02:36:13  INFO      Summary written to: /root/code/algorithms/app/scripts/camera/trip_agg_analysis_script/output/2026-07-19/632578958264631296/summary.json
2026-07-21 02:36:13  INFO      ===== Trip Aggregation Analysis Summary =====
2026-07-21 02:36:13  INFO      Trips after merge/filters: 2938
2026-07-21 02:36:13  INFO      Completely processed trips: 2938
2026-07-21 02:36:13  INFO      Missing trips in trip_agg: 5
2026-07-21 02:36:13  INFO      Unbroken unmatched trips: 5
2026-07-21 02:36:13  INFO      Broken unmatched trips: 0
2026-07-21 02:36:13  INFO      Top alert mismatches:
  alert_name  mismatch_count  total_joined_trips  mismatch_pct
slow_running               1                5760          0.02
  fuel_chori               1                5760          0.02
      idling               0                5760          0.00
  over_speed               0                5760          0.00
     freerun               0                5760          0.00
2026-07-21 02:36:13  INFO      ----- Step Timings -----
2026-07-21 02:36:13  INFO        fetch_trip_agg_data                  48.08s
2026-07-21 02:36:13  INFO        get_trips_for_account                27.32s
2026-07-21 02:36:13  INFO        prepare_dataframes                    0.13s
2026-07-21 02:36:13  INFO        analyze_trip_agg                      0.06s
2026-07-21 02:36:13  INFO        analyze_alerts                       38.85s
2026-07-21 02:36:13  INFO        total                               114.44s
2026-07-21 02:36:13  INFO      Reports written to: /root/code/algorithms/app/scripts/camera/trip_agg_analysis_script/output/2026-07-19/632578958264631296
