2026-09-10 02:53:37  INFO      === Starting analysis for account: 632578958264631296 ===
2026-09-10 02:53:37  INFO      Account name: K M Translogistics  Pvt Ltd ( KMT)
2026-09-10 02:53:37  INFO      [1/1] Fetching trip_agg for account: 632578958264631296
2026-09-10 02:53:37  INFO      Fetching vehicle page: 1
2026-09-10 02:53:38  INFO      Fetching vehicle page: 2
2026-09-10 02:53:38  INFO      Fetching vehicle page: 3
2026-09-10 02:53:41  INFO      Fetching vehicle page: 4
2026-09-10 02:53:41  INFO      Total vehicles collected for account 632578958264631296: 1995
2026-09-10 02:54:58  INFO      Total trips collected for account 632578958264631296: 5978
2026-09-10 02:57:44  INFO        account 632578958264631296: fetched 6075 records (61 pages)
2026-09-10 02:57:44  INFO      Total trip-agg records collected across 1 accounts: 6075
2026-09-10 02:57:54  INFO      Attempting second-pass fetch for 17 missing trips by trip_id
2026-09-10 02:57:55  WARNING   Second-pass fetch returned no records for 17 missing trips
2026-09-10 02:58:11  WARNING   Alert count fetch failed for 5978/5978 trips
2026-09-10 02:58:12  INFO      Summary written to: /root/code/algorithms/app/scripts/camera/trip_agg_analysis_script/output/2026-09-08/632578958264631296/summary.json
2026-09-10 02:58:12  INFO      ===== Trip Aggregation Analysis Summary =====
2026-09-10 02:58:12  INFO      Trips after merge/filters: 2951
2026-09-10 02:58:12  INFO      Completely processed trips: 2950
2026-09-10 02:58:12  INFO      Missing trips in trip_agg: 17
2026-09-10 02:58:12  INFO      Unbroken unmatched trips: 4
2026-09-10 02:58:12  INFO      Broken unmatched trips: 0
2026-09-10 02:58:12  INFO      ----- Step Timings -----
2026-09-10 02:58:12  INFO        fetch_accounts_with_access            0.03s
2026-09-10 02:58:12  INFO        fetch_trip_agg_data                 247.22s
2026-09-10 02:58:12  INFO        get_trips_for_account                80.78s
2026-09-10 02:58:12  INFO        prepare_dataframes                    0.14s
2026-09-10 02:58:12  INFO        analyze_trip_agg                     10.63s
2026-09-10 02:58:12  INFO        analyze_alerts                       16.35s
2026-09-10 02:58:12  INFO        total                               355.14s
2026-09-10 02:58:12  INFO      Reports written to: /root/code/algorithms/app/scripts/camera/trip_agg_analysis_script/output/2026-09-08/632578958264631296
