2026-10-01 02:39:48  INFO      === Starting analysis for account: 632578958264631296 ===
2026-10-01 02:39:48  INFO      Account name: K M Translogistics  Pvt Ltd ( KMT)
2026-10-01 02:39:48  INFO      [1/1] Fetching trip_agg for account: 632578958264631296
2026-10-01 02:39:48  INFO      Fetching vehicle page: 1
2026-10-01 02:39:48  INFO      Fetching vehicle page: 2
2026-10-01 02:39:49  INFO      Fetching vehicle page: 3
2026-10-01 02:39:49  INFO      Fetching vehicle page: 4
2026-10-01 02:39:50  INFO      Fetching vehicle page: 5
2026-10-01 02:39:50  INFO      Total vehicles collected for account 632578958264631296: 2014
2026-10-01 02:50:48  INFO        account 632578958264631296: fetched 6751 records (68 pages)
2026-10-01 02:50:48  INFO      Total trip-agg records collected across 1 accounts: 6751
2026-10-01 02:52:13  INFO      Total trips collected for account 632578958264631296: 6654
2026-10-01 02:52:14  INFO      Attempting second-pass fetch for 40 missing trips by trip_id
2026-10-01 02:52:25  WARNING   Second-pass fetch returned no records for 40 missing trips
2026-10-01 02:52:53  WARNING   Alert count fetch failed for 6654/6654 trips
2026-10-01 02:52:54  INFO      Summary written to: /root/code/algorithms/app/scripts/camera/trip_agg_analysis_script/output/2026-09-29/632578958264631296/summary.json
2026-10-01 02:52:54  INFO      ===== Trip Aggregation Analysis Summary =====
2026-10-01 02:52:54  INFO      Trips after merge/filters: 3247
2026-10-01 02:52:54  INFO      Completely processed trips: 3247
2026-10-01 02:52:54  INFO      Missing trips in trip_agg: 40
2026-10-01 02:52:54  INFO      Unbroken unmatched trips: 12
2026-10-01 02:52:54  INFO      Broken unmatched trips: 0
2026-10-01 02:52:54  INFO      ----- Step Timings -----
2026-10-01 02:52:54  INFO        fetch_accounts_with_access            0.08s
2026-10-01 02:52:54  INFO        fetch_trip_agg_data                 659.74s
2026-10-01 02:52:54  INFO        get_trips_for_account               744.97s
2026-10-01 02:52:54  INFO        prepare_dataframes                    0.26s
2026-10-01 02:52:54  INFO        analyze_trip_agg                     11.83s
2026-10-01 02:52:54  INFO        analyze_alerts                       28.14s
2026-10-01 02:52:54  INFO        total                               1445.01s
2026-10-01 02:52:54  INFO      Reports written to: /root/code/algorithms/app/scripts/camera/trip_agg_analysis_script/output/2026-09-29/632578958264631296
