2026-04-04 08:06:04  INFO      === Starting analysis for account: 649034868264558592 ===
2026-04-04 08:06:04  INFO      Account name: RajRatan Travels
2026-04-04 08:06:04  INFO      Fetching trip_agg page: 1
2026-04-04 08:06:04  INFO      Fetching vehicle page: 1
2026-04-04 08:06:04  INFO      Total vehicles collected for account 649034868264558592: 118
2026-04-04 08:06:12  INFO      Total trips collected for account 649034868264558592: 284
2026-04-04 08:06:17  INFO      Total trip-agg records collected: 391
2026-04-04 08:06:45  INFO      Summary written to: /root/code/algorithms/app/scripts/camera/trip_agg_analysis_script/output/2026-04-02/649034868264558592/summary.json
2026-04-04 08:06:45  INFO      ===== Trip Aggregation Analysis Summary =====
2026-04-04 08:06:45  INFO      Trips after merge/filters: 158
2026-04-04 08:06:45  INFO      Completely processed trips: 158
2026-04-04 08:06:45  INFO      Missing trips in trip_agg: 0
2026-04-04 08:06:45  INFO      Unbroken unmatched trips: 0
2026-04-04 08:06:45  INFO      Broken unmatched trips: 1
2026-04-04 08:06:45  INFO      Top alert mismatches:
         alert_name  mismatch_count  total_joined_trips  mismatch_pct
             idling               6                 284          2.11
emergency_recording               1                 284          0.35
 distracted_driving               0                 284          0.00
         drowsiness               0                 284          0.00
        eyes_closed               0                 284          0.00
2026-04-04 08:06:45  INFO      ----- Step Timings -----
2026-04-04 08:06:45  INFO        fetch_trip_agg_data                  12.79s
2026-04-04 08:06:45  INFO        get_trips_for_account                 7.65s
2026-04-04 08:06:45  INFO        prepare_dataframes                    0.04s
2026-04-04 08:06:45  INFO        analyze_trip_agg                     23.98s
2026-04-04 08:06:45  INFO        analyze_alerts                        3.83s
2026-04-04 08:06:45  INFO        total                                48.30s
2026-04-04 08:06:45  INFO      Reports written to: /root/code/algorithms/app/scripts/camera/trip_agg_analysis_script/output/2026-04-02/649034868264558592
