2026-08-07 02:30:10  INFO      === Starting analysis for account: 649034868264558592 ===
2026-08-07 02:30:10  INFO      Account name: RajRatan Travels
2026-08-07 02:30:10  INFO      [1/1] Fetching trip_agg for account: 649034868264558592
2026-08-07 02:30:10  INFO      Fetching vehicle page: 1
2026-08-07 02:30:11  INFO      Total vehicles collected for account 649034868264558592: 128
2026-08-07 02:30:17  INFO      Total trips collected for account 649034868264558592: 314
2026-08-07 02:31:31  INFO        account 649034868264558592: fetched 460 records (5 pages)
2026-08-07 02:31:31  INFO      Total trip-agg records collected across 1 accounts: 460
2026-08-07 02:31:34  WARNING   Alert count fetch failed for 314/314 trips
2026-08-07 02:31:34  INFO      Summary written to: /root/code/algorithms/app/scripts/camera/trip_agg_analysis_script/output/2026-08-05/649034868264558592/summary.json
2026-08-07 02:31:34  INFO      ===== Trip Aggregation Analysis Summary =====
2026-08-07 02:31:34  INFO      Trips after merge/filters: 189
2026-08-07 02:31:34  INFO      Completely processed trips: 189
2026-08-07 02:31:34  INFO      Missing trips in trip_agg: 0
2026-08-07 02:31:34  INFO      Unbroken unmatched trips: 0
2026-08-07 02:31:34  INFO      Broken unmatched trips: 14
2026-08-07 02:31:34  INFO      ----- Step Timings -----
2026-08-07 02:31:34  INFO        fetch_accounts_with_access            0.08s
2026-08-07 02:31:34  INFO        fetch_trip_agg_data                  80.95s
2026-08-07 02:31:34  INFO        get_trips_for_account                 7.10s
2026-08-07 02:31:34  INFO        prepare_dataframes                    0.03s
2026-08-07 02:31:34  INFO        analyze_trip_agg                      0.61s
2026-08-07 02:31:34  INFO        analyze_alerts                        2.03s
2026-08-07 02:31:34  INFO        total                                90.78s
2026-08-07 02:31:34  INFO      Reports written to: /root/code/algorithms/app/scripts/camera/trip_agg_analysis_script/output/2026-08-05/649034868264558592
