2026-08-22 02:39:10  INFO      === Starting analysis for account: 1205841794575630336 ===
2026-08-22 02:39:10  INFO      Account name: Chartered Speed-OSRTC
2026-08-22 02:39:10  INFO      [1/1] Fetching trip_agg for account: 1205841794575630336
2026-08-22 02:39:10  INFO      Fetching vehicle page: 1
2026-08-22 02:39:10  INFO      Fetching vehicle page: 2
2026-08-22 02:39:10  INFO      Fetching vehicle page: 3
2026-08-22 02:39:11  INFO      Total vehicles collected for account 1205841794575630336: 1184
2026-08-22 02:39:25  INFO      Total trips collected for account 1205841794575630336: 9372
2026-08-22 02:44:24  INFO        account 1205841794575630336: fetched 9502 records (96 pages)
2026-08-22 02:44:24  INFO      Total trip-agg records collected across 1 accounts: 9502
2026-08-22 02:44:56  WARNING   Alert count fetch failed for 9372/9372 trips
2026-08-22 02:44:56  INFO      Summary written to: /root/code/algorithms/app/scripts/camera/trip_agg_analysis_script/output/2026-08-20/1205841794575630336/summary.json
2026-08-22 02:44:56  INFO      ===== Trip Aggregation Analysis Summary =====
2026-08-22 02:44:56  INFO      Trips after merge/filters: 7804
2026-08-22 02:44:56  INFO      Completely processed trips: 7801
2026-08-22 02:44:56  INFO      Missing trips in trip_agg: 0
2026-08-22 02:44:56  INFO      Unbroken unmatched trips: 0
2026-08-22 02:44:56  INFO      Broken unmatched trips: 26
2026-08-22 02:44:56  INFO      ----- Step Timings -----
2026-08-22 02:44:56  INFO        fetch_accounts_with_access            0.08s
2026-08-22 02:44:56  INFO        fetch_trip_agg_data                 313.79s
2026-08-22 02:44:56  INFO        get_trips_for_account                14.99s
2026-08-22 02:44:56  INFO        prepare_dataframes                    0.25s
2026-08-22 02:44:56  INFO        analyze_trip_agg                      8.25s
2026-08-22 02:44:56  INFO        analyze_alerts                       23.55s
2026-08-22 02:44:56  INFO        total                               360.91s
2026-08-22 02:44:56  INFO      Reports written to: /root/code/algorithms/app/scripts/camera/trip_agg_analysis_script/output/2026-08-20/1205841794575630336
