2026-07-16 02:34:52  INFO      === Starting analysis for account: 632578958264631296 ===
2026-07-16 02:34:52  INFO      Account name: K M Translogistics  Pvt Ltd ( KMT)
2026-07-16 02:34:52  INFO      Fetching trip_agg page: 1
2026-07-16 02:34:52  INFO      Fetching vehicle page: 1
2026-07-16 02:34:52  INFO      Fetching vehicle page: 2
2026-07-16 02:34:52  INFO      Fetching vehicle page: 3
2026-07-16 02:34:53  INFO      Fetching vehicle page: 4
2026-07-16 02:34:54  INFO      Total vehicles collected for account 632578958264631296: 1980
2026-07-16 02:35:03  INFO      Total trips collected for account 632578958264631296: 5513
2026-07-16 02:36:03  INFO      Fetching trip_agg page: 2
2026-07-16 02:36:08  INFO      Fetching trip_agg page: 3
2026-07-16 02:36:09  INFO      Fetching trip_agg page: 4
2026-07-16 02:36:11  INFO      Fetching trip_agg page: 5
2026-07-16 02:36:12  INFO      Fetching trip_agg page: 6
2026-07-16 02:36:14  INFO      Fetching trip_agg page: 7
2026-07-16 02:36:15  INFO      Fetching trip_agg page: 8
2026-07-16 02:36:16  INFO      Fetching trip_agg page: 9
2026-07-16 02:36:18  INFO      Fetching trip_agg page: 10
2026-07-16 02:36:19  INFO      Fetching trip_agg page: 11
2026-07-16 02:36:20  INFO      Fetching trip_agg page: 12
2026-07-16 02:36:25  INFO      Total trip-agg records collected: 5583
2026-07-16 02:36:50  INFO      Summary written to: /root/code/algorithms/app/scripts/camera/trip_agg_analysis_script/output/2026-07-14/632578958264631296/summary.json
2026-07-16 02:36:50  INFO      ===== Trip Aggregation Analysis Summary =====
2026-07-16 02:36:50  INFO      Trips after merge/filters: 2671
2026-07-16 02:36:50  INFO      Completely processed trips: 2671
2026-07-16 02:36:50  INFO      Missing trips in trip_agg: 34
2026-07-16 02:36:50  INFO      Unbroken unmatched trips: 0
2026-07-16 02:36:50  INFO      Broken unmatched trips: 0
2026-07-16 02:36:50  INFO      Top alert mismatches:
         alert_name  mismatch_count  total_joined_trips  mismatch_pct
       slow_running               2                5479          0.04
unscheduled_driving               1                5479          0.02
             idling               0                5479          0.00
         over_speed               0                5479          0.00
            freerun               0                5479          0.00
2026-07-16 02:36:50  INFO      ----- Step Timings -----
2026-07-16 02:36:50  INFO        fetch_trip_agg_data                  93.42s
2026-07-16 02:36:50  INFO        get_trips_for_account                11.25s
2026-07-16 02:36:50  INFO        prepare_dataframes                    0.15s
2026-07-16 02:36:50  INFO        analyze_trip_agg                      1.74s
2026-07-16 02:36:50  INFO        analyze_alerts                       22.81s
2026-07-16 02:36:50  INFO        total                               129.36s
2026-07-16 02:36:50  INFO      Reports written to: /root/code/algorithms/app/scripts/camera/trip_agg_analysis_script/output/2026-07-14/632578958264631296
