2026-08-25 02:35:10  INFO      === Starting analysis for account: 649034868264558592 ===
2026-08-25 02:35:10  INFO      Account name: RajRatan Travels
2026-08-25 02:35:10  INFO      [1/1] Fetching trip_agg for account: 649034868264558592
2026-08-25 02:35:10  INFO      Fetching vehicle page: 1
2026-08-25 02:35:10  INFO      Total vehicles collected for account 649034868264558592: 128
2026-08-25 02:35:13  INFO      Total trips collected for account 649034868264558592: 366
2026-08-25 02:39:40  ERROR     Request failed after 3 attempts: http://internal-apis.intangles.com/trip/aggregated?account_id=649034868264558592&pnum=6&psize=100&start_time=1787443200000&end_time=1787529599000 | error: 504 Server Error: Gateway Time-out for url: http://internal-apis.intangles.com/trip/aggregated?account_id=649034868264558592&pnum=6&psize=100&start_time=1787443200000&end_time=1787529599000
2026-08-25 02:39:40  WARNING     page 6 failed (1/3 consecutive)
2026-08-25 02:42:10  INFO        account 649034868264558592: fetched 500 records (7 pages)
2026-08-25 02:42:10  INFO      Total trip-agg records collected across 1 accounts: 500
2026-08-25 02:42:13  WARNING   Alert count fetch failed for 366/366 trips
2026-08-25 02:42:13  INFO      Summary written to: /root/code/algorithms/app/scripts/camera/trip_agg_analysis_script/output/2026-08-23/649034868264558592/summary.json
2026-08-25 02:42:13  INFO      ===== Trip Aggregation Analysis Summary =====
2026-08-25 02:42:13  INFO      Trips after merge/filters: 224
2026-08-25 02:42:13  INFO      Completely processed trips: 224
2026-08-25 02:42:13  INFO      Missing trips in trip_agg: 0
2026-08-25 02:42:13  INFO      Unbroken unmatched trips: 0
2026-08-25 02:42:13  INFO      Broken unmatched trips: 14
2026-08-25 02:42:13  INFO      ----- Step Timings -----
2026-08-25 02:42:13  INFO        fetch_accounts_with_access            0.02s
2026-08-25 02:42:13  INFO        fetch_trip_agg_data                 420.09s
2026-08-25 02:42:13  INFO        get_trips_for_account                 3.00s
2026-08-25 02:42:13  INFO        prepare_dataframes                    0.02s
2026-08-25 02:42:13  INFO        analyze_trip_agg                      1.05s
2026-08-25 02:42:13  INFO        analyze_alerts                        2.03s
2026-08-25 02:42:13  INFO        total                               426.20s
2026-08-25 02:42:13  INFO      Reports written to: /root/code/algorithms/app/scripts/camera/trip_agg_analysis_script/output/2026-08-23/649034868264558592
