2026-05-18 08:00:08  INFO      === Starting analysis for account: 649034868264558592 ===
2026-05-18 08:00:08  INFO      Account name: RajRatan Travels
2026-05-18 08:00:08  INFO      Fetching trip_agg page: 1
2026-05-18 08:00:08  INFO      Fetching vehicle page: 1
2026-05-18 08:00:08  INFO      Total vehicles collected for account 649034868264558592: 126
2026-05-18 08:00:11  INFO      Total trips collected for account 649034868264558592: 316
2026-05-18 08:00:29  INFO      Total trip-agg records collected: 172
2026-05-18 08:00:57  WARNING   Alert count fetch failed for 316/316 trips
2026-05-18 08:00:57  INFO      Summary written to: /root/code/algorithms/app/scripts/camera/trip_agg_analysis_script/output/2026-05-16/649034868264558592/summary.json
2026-05-18 08:00:57  INFO      ===== Trip Aggregation Analysis Summary =====
2026-05-18 08:00:57  INFO      Trips after merge/filters: 119
2026-05-18 08:00:57  INFO      Completely processed trips: 119
2026-05-18 08:00:57  INFO      Missing trips in trip_agg: 162
2026-05-18 08:00:57  INFO      Unbroken unmatched trips: 0
2026-05-18 08:00:57  INFO      Broken unmatched trips: 0
2026-05-18 08:00:57  INFO      ----- Step Timings -----
2026-05-18 08:00:57  INFO        fetch_trip_agg_data                  21.06s
2026-05-18 08:00:57  INFO        get_trips_for_account                 3.32s
2026-05-18 08:00:57  INFO        prepare_dataframes                    0.05s
2026-05-18 08:00:57  INFO        analyze_trip_agg                     21.66s
2026-05-18 08:00:57  INFO        analyze_alerts                        6.47s
2026-05-18 08:00:57  INFO        total                                52.56s
2026-05-18 08:00:57  INFO      Reports written to: /root/code/algorithms/app/scripts/camera/trip_agg_analysis_script/output/2026-05-16/649034868264558592
