2026-04-04 08:06:50  INFO      === Starting analysis for account: 632578958264631296 ===
2026-04-04 08:06:50  INFO      Account name: K M Translogistics  Pvt Ltd ( KMT)
2026-04-04 08:06:50  INFO      Fetching trip_agg page: 1
2026-04-04 08:06:50  INFO      Fetching vehicle page: 1
2026-04-04 08:06:50  INFO      Fetching vehicle page: 2
2026-04-04 08:06:51  INFO      Fetching vehicle page: 3
2026-04-04 08:06:52  INFO      Fetching vehicle page: 4
2026-04-04 08:06:53  INFO      Total vehicles collected for account 632578958264631296: 1906
2026-04-04 08:07:17  INFO      Fetching trip_agg page: 2
2026-04-04 08:07:19  INFO      Fetching trip_agg page: 3
2026-04-04 08:07:20  INFO      Fetching trip_agg page: 4
2026-04-04 08:07:21  INFO      Fetching trip_agg page: 5
2026-04-04 08:07:23  INFO      Fetching trip_agg page: 6
2026-04-04 08:07:24  INFO      Fetching trip_agg page: 7
2026-04-04 08:07:26  INFO      Fetching trip_agg page: 8
2026-04-04 08:07:27  INFO      Fetching trip_agg page: 9
2026-04-04 08:07:28  INFO      Fetching trip_agg page: 10
2026-04-04 08:07:30  INFO      Total trip-agg records collected: 4831
2026-04-04 08:07:42  INFO      Total trips collected for account 632578958264631296: 4823
2026-04-04 08:08:28  INFO      Summary written to: /root/code/algorithms/app/scripts/camera/trip_agg_analysis_script/output/2026-04-02/632578958264631296/summary.json
2026-04-04 08:08:28  INFO      ===== Trip Aggregation Analysis Summary =====
2026-04-04 08:08:28  INFO      Trips after merge/filters: 2456
2026-04-04 08:08:28  INFO      Completely processed trips: 2456
2026-04-04 08:08:28  INFO      Missing trips in trip_agg: 36
2026-04-04 08:08:28  INFO      Unbroken unmatched trips: 1
2026-04-04 08:08:28  INFO      Broken unmatched trips: 0
2026-04-04 08:08:28  INFO      Top alert mismatches:
         alert_name  mismatch_count  total_joined_trips  mismatch_pct
unscheduled_driving               5                4787          0.10
         fuel_chori               1                4787          0.02
             idling               0                4787          0.00
         over_speed               0                4787          0.00
            freerun               0                4787          0.00
2026-04-04 08:08:28  INFO      ----- Step Timings -----
2026-04-04 08:08:28  INFO        fetch_trip_agg_data                  39.96s
2026-04-04 08:08:28  INFO        get_trips_for_account                51.80s
2026-04-04 08:08:28  INFO        prepare_dataframes                    0.32s
2026-04-04 08:08:28  INFO        analyze_trip_agg                      0.17s
2026-04-04 08:08:28  INFO        analyze_alerts                       45.56s
2026-04-04 08:08:28  INFO        total                               137.82s
2026-04-04 08:08:28  INFO      Reports written to: /root/code/algorithms/app/scripts/camera/trip_agg_analysis_script/output/2026-04-02/632578958264631296
