2026-07-26 02:30:48  INFO      === Starting analysis for account: 649034868264558592 ===
2026-07-26 02:30:48  INFO      Account name: RajRatan Travels
2026-07-26 02:30:48  INFO      Fetching trip_agg page: 1
2026-07-26 02:30:48  INFO      Fetching vehicle page: 1
2026-07-26 02:30:48  INFO      Total vehicles collected for account 649034868264558592: 128
2026-07-26 02:30:56  INFO      Total trips collected for account 649034868264558592: 357
2026-07-26 02:31:26  INFO      Fetching trip_agg page: 2
2026-07-26 02:32:02  INFO      Total trip-agg records collected: 508
2026-07-26 02:32:06  INFO      Summary written to: /root/code/algorithms/app/scripts/camera/trip_agg_analysis_script/output/2026-07-24/649034868264558592/summary.json
2026-07-26 02:32:06  INFO      ===== Trip Aggregation Analysis Summary =====
2026-07-26 02:32:06  INFO      Trips after merge/filters: 203
2026-07-26 02:32:06  INFO      Completely processed trips: 201
2026-07-26 02:32:06  INFO      Missing trips in trip_agg: 0
2026-07-26 02:32:06  INFO      Unbroken unmatched trips: 0
2026-07-26 02:32:06  INFO      Broken unmatched trips: 18
2026-07-26 02:32:06  INFO      Top alert mismatches:
         alert_name  mismatch_count  total_joined_trips  mismatch_pct
 distracted_driving               0                 357           0.0
         drowsiness               0                 357           0.0
emergency_recording               0                 357           0.0
        eyes_closed               0                 357           0.0
                fcw               0                 357           0.0
2026-07-26 02:32:06  INFO      ----- Step Timings -----
2026-07-26 02:32:06  INFO        fetch_trip_agg_data                  73.99s
2026-07-26 02:32:06  INFO        get_trips_for_account                 8.14s
2026-07-26 02:32:06  INFO        prepare_dataframes                    0.05s
2026-07-26 02:32:06  INFO        analyze_trip_agg                      1.08s
2026-07-26 02:32:06  INFO        analyze_alerts                        3.14s
2026-07-26 02:32:06  INFO        total                                86.39s
2026-07-26 02:32:06  INFO      Reports written to: /root/code/algorithms/app/scripts/camera/trip_agg_analysis_script/output/2026-07-24/649034868264558592
