2026-09-12 03:15:23  INFO      === Starting analysis for account: 1205841794575630336 ===
2026-09-12 03:15:23  INFO      Account name: Chartered Speed-OSRTC
2026-09-12 03:15:23  INFO      [1/1] Fetching trip_agg for account: 1205841794575630336
2026-09-12 03:15:23  INFO      Fetching vehicle page: 1
2026-09-12 03:15:23  INFO      Fetching vehicle page: 2
2026-09-12 03:15:24  INFO      Fetching vehicle page: 3
2026-09-12 03:15:24  INFO      Total vehicles collected for account 1205841794575630336: 1184
2026-09-12 03:15:47  INFO      Total trips collected for account 1205841794575630336: 8466
2026-09-12 03:20:39  INFO        account 1205841794575630336: fetched 8580 records (86 pages)
2026-09-12 03:20:39  INFO      Total trip-agg records collected across 1 accounts: 8580
2026-09-12 03:21:17  WARNING   Alert count fetch failed for 8466/8466 trips
2026-09-12 03:21:17  INFO      Summary written to: /root/code/algorithms/app/scripts/camera/trip_agg_analysis_script/output/2026-09-10/1205841794575630336/summary.json
2026-09-12 03:21:17  INFO      ===== Trip Aggregation Analysis Summary =====
2026-09-12 03:21:17  INFO      Trips after merge/filters: 6978
2026-09-12 03:21:17  INFO      Completely processed trips: 6972
2026-09-12 03:21:17  INFO      Missing trips in trip_agg: 0
2026-09-12 03:21:17  INFO      Unbroken unmatched trips: 0
2026-09-12 03:21:17  INFO      Broken unmatched trips: 21
2026-09-12 03:21:17  INFO      ----- Step Timings -----
2026-09-12 03:21:17  INFO        fetch_accounts_with_access            0.01s
2026-09-12 03:21:17  INFO        fetch_trip_agg_data                 316.33s
2026-09-12 03:21:17  INFO        get_trips_for_account                24.33s
2026-09-12 03:21:17  INFO        prepare_dataframes                    0.22s
2026-09-12 03:21:17  INFO        analyze_trip_agg                     11.42s
2026-09-12 03:21:17  INFO        analyze_alerts                       26.16s
2026-09-12 03:21:17  INFO        total                               378.47s
2026-09-12 03:21:17  INFO      Reports written to: /root/code/algorithms/app/scripts/camera/trip_agg_analysis_script/output/2026-09-10/1205841794575630336
