2026-04-23 08:02:25  INFO      === Starting analysis for account: 649034868264558592 ===
2026-04-23 08:02:25  INFO      Account name: RajRatan Travels
2026-04-23 08:02:25  INFO      Fetching trip_agg page: 1
2026-04-23 08:02:25  INFO      Fetching vehicle page: 1
2026-04-23 08:02:26  INFO      Total vehicles collected for account 649034868264558592: 122
2026-04-23 08:02:27  INFO      Total trips collected for account 649034868264558592: 299
2026-04-23 08:03:59  INFO      Total trip-agg records collected: 429
2026-04-23 08:04:01  INFO      Summary written to: /root/code/algorithms/app/scripts/camera/trip_agg_analysis_script/output/2026-04-21/649034868264558592/summary.json
2026-04-23 08:04:01  INFO      ===== Trip Aggregation Analysis Summary =====
2026-04-23 08:04:01  INFO      Trips after merge/filters: 168
2026-04-23 08:04:01  INFO      Completely processed trips: 168
2026-04-23 08:04:01  INFO      Missing trips in trip_agg: 0
2026-04-23 08:04:01  INFO      Unbroken unmatched trips: 1
2026-04-23 08:04:01  INFO      Broken unmatched trips: 5
2026-04-23 08:04:01  INFO      Top alert mismatches:
        alert_name  mismatch_count  total_joined_trips  mismatch_pct
            idling              33                 299         11.04
       eyes_closed               4                 299          1.34
               fcw               4                 299          1.34
distracted_driving               2                 299          0.67
        drowsiness               2                 299          0.67
2026-04-23 08:04:01  INFO      ----- Step Timings -----
2026-04-23 08:04:01  INFO        fetch_trip_agg_data                  93.01s
2026-04-23 08:04:01  INFO        get_trips_for_account                 1.78s
2026-04-23 08:04:01  INFO        prepare_dataframes                    0.02s
2026-04-23 08:04:01  INFO        analyze_trip_agg                      0.41s
2026-04-23 08:04:01  INFO        analyze_alerts                        2.27s
2026-04-23 08:04:01  INFO        total                                97.49s
2026-04-23 08:04:01  INFO      Reports written to: /root/code/algorithms/app/scripts/camera/trip_agg_analysis_script/output/2026-04-21/649034868264558592
