2026-09-23 02:41:01  INFO      === Starting analysis for account: 632578958264631296 ===
2026-09-23 02:41:01  INFO      Account name: K M Translogistics  Pvt Ltd ( KMT)
2026-09-23 02:41:01  INFO      [1/1] Fetching trip_agg for account: 632578958264631296
2026-09-23 02:41:01  INFO      Fetching vehicle page: 1
2026-09-23 02:41:01  INFO      Fetching vehicle page: 2
2026-09-23 02:41:01  INFO      Fetching vehicle page: 3
2026-09-23 02:41:02  INFO      Fetching vehicle page: 4
2026-09-23 02:41:03  INFO      Fetching vehicle page: 5
2026-09-23 02:41:03  INFO      Total vehicles collected for account 632578958264631296: 2008
2026-09-23 02:41:39  INFO      Total trips collected for account 632578958264631296: 6119
2026-09-23 02:45:34  INFO        account 632578958264631296: fetched 6214 records (63 pages)
2026-09-23 02:45:34  INFO      Total trip-agg records collected across 1 accounts: 6214
2026-09-23 02:45:34  INFO      Attempting second-pass fetch for 34 missing trips by trip_id
2026-09-23 02:45:35  WARNING   Second-pass fetch returned no records for 34 missing trips
2026-09-23 02:46:28  WARNING   Alert count fetch failed for 6119/6119 trips
2026-09-23 02:46:29  INFO      Summary written to: /root/code/algorithms/app/scripts/camera/trip_agg_analysis_script/output/2026-09-21/632578958264631296/summary.json
2026-09-23 02:46:29  INFO      ===== Trip Aggregation Analysis Summary =====
2026-09-23 02:46:29  INFO      Trips after merge/filters: 3058
2026-09-23 02:46:29  INFO      Completely processed trips: 3058
2026-09-23 02:46:29  INFO      Missing trips in trip_agg: 34
2026-09-23 02:46:29  INFO      Unbroken unmatched trips: 8
2026-09-23 02:46:29  INFO      Broken unmatched trips: 0
2026-09-23 02:46:29  INFO      ----- Step Timings -----
2026-09-23 02:46:29  INFO        fetch_accounts_with_access            0.02s
2026-09-23 02:46:29  INFO        fetch_trip_agg_data                 273.26s
2026-09-23 02:46:29  INFO        get_trips_for_account                38.44s
2026-09-23 02:46:29  INFO        prepare_dataframes                    0.43s
2026-09-23 02:46:29  INFO        analyze_trip_agg                      0.66s
2026-09-23 02:46:29  INFO        analyze_alerts                       53.05s
2026-09-23 02:46:29  INFO        total                               365.87s
2026-09-23 02:46:29  INFO      Reports written to: /root/code/algorithms/app/scripts/camera/trip_agg_analysis_script/output/2026-09-21/632578958264631296
