2026-04-12 08:02:22  INFO      === Starting analysis for account: 649034868264558592 ===
2026-04-12 08:02:22  INFO      Account name: RajRatan Travels
2026-04-12 08:02:22  INFO      Fetching trip_agg page: 1
2026-04-12 08:02:22  INFO      Fetching vehicle page: 1
2026-04-12 08:02:23  INFO      Total vehicles collected for account 649034868264558592: 118
2026-04-12 08:02:28  INFO      Total trips collected for account 649034868264558592: 331
2026-04-12 08:02:37  INFO      Total trip-agg records collected: 440
2026-04-12 08:02:40  INFO      Summary written to: /root/code/algorithms/app/scripts/camera/trip_agg_analysis_script/output/2026-04-10/649034868264558592/summary.json
2026-04-12 08:02:40  INFO      ===== Trip Aggregation Analysis Summary =====
2026-04-12 08:02:40  INFO      Trips after merge/filters: 187
2026-04-12 08:02:40  INFO      Completely processed trips: 186
2026-04-12 08:02:40  INFO      Missing trips in trip_agg: 0
2026-04-12 08:02:40  INFO      Unbroken unmatched trips: 0
2026-04-12 08:02:40  INFO      Broken unmatched trips: 2
2026-04-12 08:02:40  INFO      Top alert mismatches:
         alert_name  mismatch_count  total_joined_trips  mismatch_pct
             idling               4                 331          1.21
 distracted_driving               1                 331          0.30
         drowsiness               0                 331          0.00
emergency_recording               0                 331          0.00
        eyes_closed               0                 331          0.00
2026-04-12 08:02:40  INFO      ----- Step Timings -----
2026-04-12 08:02:40  INFO        fetch_trip_agg_data                  14.78s
2026-04-12 08:02:40  INFO        get_trips_for_account                 5.92s
2026-04-12 08:02:40  INFO        prepare_dataframes                    0.03s
2026-04-12 08:02:40  INFO        analyze_trip_agg                      0.41s
2026-04-12 08:02:40  INFO        analyze_alerts                        2.84s
2026-04-12 08:02:40  INFO        total                                23.98s
2026-04-12 08:02:40  INFO      Reports written to: /root/code/algorithms/app/scripts/camera/trip_agg_analysis_script/output/2026-04-10/649034868264558592
