2026-07-27 02:32:23  INFO      === Starting analysis for account: 649034868264558592 ===
2026-07-27 02:32:23  INFO      Account name: RajRatan Travels
2026-07-27 02:32:23  INFO      Fetching trip_agg page: 1
2026-07-27 02:32:23  INFO      Fetching vehicle page: 1
2026-07-27 02:32:23  INFO      Total vehicles collected for account 649034868264558592: 128
2026-07-27 02:32:25  INFO      Total trips collected for account 649034868264558592: 305
2026-07-27 02:33:01  INFO      Fetching trip_agg page: 2
2026-07-27 02:33:36  INFO      Total trip-agg records collected: 501
2026-07-27 02:33:38  INFO      Summary written to: /root/code/algorithms/app/scripts/camera/trip_agg_analysis_script/output/2026-07-25/649034868264558592/summary.json
2026-07-27 02:33:38  INFO      ===== Trip Aggregation Analysis Summary =====
2026-07-27 02:33:38  INFO      Trips after merge/filters: 170
2026-07-27 02:33:38  INFO      Completely processed trips: 170
2026-07-27 02:33:38  INFO      Missing trips in trip_agg: 0
2026-07-27 02:33:38  INFO      Unbroken unmatched trips: 0
2026-07-27 02:33:38  INFO      Broken unmatched trips: 23
2026-07-27 02:33:38  INFO      Top alert mismatches:
         alert_name  mismatch_count  total_joined_trips  mismatch_pct
 distracted_driving               0                 305           0.0
         drowsiness               0                 305           0.0
emergency_recording               0                 305           0.0
        eyes_closed               0                 305           0.0
                fcw               0                 305           0.0
2026-07-27 02:33:38  INFO      ----- Step Timings -----
2026-07-27 02:33:38  INFO        fetch_trip_agg_data                  72.82s
2026-07-27 02:33:38  INFO        get_trips_for_account                 1.53s
2026-07-27 02:33:38  INFO        prepare_dataframes                    0.01s
2026-07-27 02:33:38  INFO        analyze_trip_agg                      0.45s
2026-07-27 02:33:38  INFO        analyze_alerts                        1.51s
2026-07-27 02:33:38  INFO        total                                76.32s
2026-07-27 02:33:38  INFO      Reports written to: /root/code/algorithms/app/scripts/camera/trip_agg_analysis_script/output/2026-07-25/649034868264558592
