2026-08-16 02:40:06  INFO      === Starting analysis for account: 642689989225816064 ===
2026-08-16 02:40:06  INFO      Account name: Indore Intercity
2026-08-16 02:40:06  INFO      [1/1] Fetching trip_agg for account: 642689989225816064
2026-08-16 02:40:06  INFO      Fetching vehicle page: 1
2026-08-16 02:40:06  INFO      Total vehicles collected for account 642689989225816064: 227
2026-08-16 02:40:13  INFO      Total trips collected for account 642689989225816064: 996
2026-08-16 02:40:29  INFO        account 642689989225816064: fetched 1058 records (11 pages)
2026-08-16 02:40:29  INFO      Total trip-agg records collected across 1 accounts: 1058
2026-08-16 02:40:39  WARNING   Alert count fetch failed for 996/996 trips
2026-08-16 02:40:40  INFO      Summary written to: /root/code/algorithms/app/scripts/camera/trip_agg_analysis_script/output/2026-08-14/642689989225816064/summary.json
2026-08-16 02:40:40  INFO      ===== Trip Aggregation Analysis Summary =====
2026-08-16 02:40:40  INFO      Trips after merge/filters: 579
2026-08-16 02:40:40  INFO      Completely processed trips: 579
2026-08-16 02:40:40  INFO      Missing trips in trip_agg: 0
2026-08-16 02:40:40  INFO      Unbroken unmatched trips: 0
2026-08-16 02:40:40  INFO      Broken unmatched trips: 17
2026-08-16 02:40:40  INFO      ----- Step Timings -----
2026-08-16 02:40:40  INFO        fetch_accounts_with_access            0.03s
2026-08-16 02:40:40  INFO        fetch_trip_agg_data                  23.06s
2026-08-16 02:40:40  INFO        get_trips_for_account                 6.65s
2026-08-16 02:40:40  INFO        prepare_dataframes                    0.09s
2026-08-16 02:40:40  INFO        analyze_trip_agg                      1.72s
2026-08-16 02:40:40  INFO        analyze_alerts                        8.50s
2026-08-16 02:40:40  INFO        total                                40.05s
2026-08-16 02:40:40  INFO      Reports written to: /root/code/algorithms/app/scripts/camera/trip_agg_analysis_script/output/2026-08-14/642689989225816064
