2026-07-30 11:29:18  INFO      === Starting analysis for account: 649034868264558592 ===
2026-07-30 11:29:18  INFO      Account name: RajRatan Travels
2026-07-30 11:29:18  INFO      Resolved 2 accounts_with_access for 649034868264558592
2026-07-30 11:29:18  INFO      [1/2] Fetching trip_agg for account: 64903486826455859
2026-07-30 11:29:18  INFO      Fetching vehicle page: 1
2026-07-30 11:29:18  INFO      Total vehicles collected for account 649034868264558592: 128
2026-07-30 11:29:18  INFO        account 64903486826455859: fetched 0 records (1 pages)
2026-07-30 11:29:18  INFO      [2/2] Fetching trip_agg for account: 649034868264558592
2026-07-30 11:29:19  INFO      Total trips collected for account 649034868264558592: 288
2026-07-30 11:29:24  INFO        account 649034868264558592: fetched 439 records (5 pages)
2026-07-30 11:29:24  INFO      Total trip-agg records collected across 2 accounts: 439
2026-07-30 11:29:29  INFO      Summary written to: /root/code/algorithms/app/scripts/camera/trip_agg_analysis_script/output/2026-07-26/649034868264558592/summary.json
2026-07-30 11:29:29  INFO      ===== Trip Aggregation Analysis Summary =====
2026-07-30 11:29:29  INFO      Trips after merge/filters: 153
2026-07-30 11:29:29  INFO      Completely processed trips: 152
2026-07-30 11:29:29  INFO      Missing trips in trip_agg: 0
2026-07-30 11:29:29  INFO      Unbroken unmatched trips: 0
2026-07-30 11:29:29  INFO      Broken unmatched trips: 18
2026-07-30 11:29:29  INFO      Top alert mismatches:
         alert_name  mismatch_count  total_joined_trips  mismatch_pct
         fuel_chori               1                 288          0.35
 distracted_driving               0                 288          0.00
         drowsiness               0                 288          0.00
emergency_recording               0                 288          0.00
        eyes_closed               0                 288          0.00
2026-07-30 11:29:29  INFO      ----- Step Timings -----
2026-07-30 11:29:29  INFO        fetch_accounts_with_access            0.21s
2026-07-30 11:29:29  INFO        fetch_trip_agg_data                   6.21s
2026-07-30 11:29:29  INFO        get_trips_for_account                 1.23s
2026-07-30 11:29:29  INFO        prepare_dataframes                    0.02s
2026-07-30 11:29:29  INFO        analyze_trip_agg                      0.92s
2026-07-30 11:29:29  INFO        analyze_alerts                        3.87s
2026-07-30 11:29:29  INFO        total                                12.46s
2026-07-30 11:29:29  INFO      Reports written to: /root/code/algorithms/app/scripts/camera/trip_agg_analysis_script/output/2026-07-26/649034868264558592
