2026-08-17 02:32:55  INFO      === Starting analysis for account: 649034868264558592 ===
2026-08-17 02:32:55  INFO      Account name: RajRatan Travels
2026-08-17 02:32:55  INFO      [1/1] Fetching trip_agg for account: 649034868264558592
2026-08-17 02:32:55  INFO      Fetching vehicle page: 1
2026-08-17 02:32:56  INFO      Total vehicles collected for account 649034868264558592: 128
2026-08-17 02:32:57  INFO      Total trips collected for account 649034868264558592: 320
2026-08-17 02:35:58  ERROR     Request failed after 3 attempts: http://internal-apis.intangles.com/trip/aggregated?account_id=649034868264558592&pnum=5&psize=100&start_time=1786752000000&end_time=1786838399000 | error: 504 Server Error: Gateway Time-out for url: http://internal-apis.intangles.com/trip/aggregated?account_id=649034868264558592&pnum=5&psize=100&start_time=1786752000000&end_time=1786838399000
2026-08-17 02:35:58  WARNING     page 5 failed (1/3 consecutive)
2026-08-17 02:36:00  INFO        account 649034868264558592: fetched 400 records (6 pages)
2026-08-17 02:36:00  INFO      Total trip-agg records collected across 1 accounts: 400
2026-08-17 02:36:01  INFO      Attempting second-pass fetch for 3 missing trips by trip_id
2026-08-17 02:36:02  INFO      Second-pass recovered 3 missing trips, 0 still missing
2026-08-17 02:36:04  WARNING   Alert count fetch failed for 320/320 trips
2026-08-17 02:36:04  INFO      Summary written to: /root/code/algorithms/app/scripts/camera/trip_agg_analysis_script/output/2026-08-15/649034868264558592/summary.json
2026-08-17 02:36:04  INFO      ===== Trip Aggregation Analysis Summary =====
2026-08-17 02:36:04  INFO      Trips after merge/filters: 185
2026-08-17 02:36:04  INFO      Completely processed trips: 184
2026-08-17 02:36:04  INFO      Missing trips in trip_agg: 0
2026-08-17 02:36:04  INFO      Unbroken unmatched trips: 0
2026-08-17 02:36:04  INFO      Broken unmatched trips: 14
2026-08-17 02:36:04  INFO      ----- Step Timings -----
2026-08-17 02:36:04  INFO        fetch_accounts_with_access            0.06s
2026-08-17 02:36:04  INFO        fetch_trip_agg_data                 184.92s
2026-08-17 02:36:04  INFO        get_trips_for_account                 1.61s
2026-08-17 02:36:04  INFO        prepare_dataframes                    0.01s
2026-08-17 02:36:04  INFO        analyze_trip_agg                      1.25s
2026-08-17 02:36:04  INFO        analyze_alerts                        2.02s
2026-08-17 02:36:04  INFO        total                               189.87s
2026-08-17 02:36:04  INFO      Reports written to: /root/code/algorithms/app/scripts/camera/trip_agg_analysis_script/output/2026-08-15/649034868264558592
