2026-04-20 08:05:04  INFO      === Starting analysis for account: 649034868264558592 ===
2026-04-20 08:05:04  INFO      Account name: RajRatan Travels
2026-04-20 08:05:04  INFO      Fetching trip_agg page: 1
2026-04-20 08:05:04  INFO      Fetching vehicle page: 1
2026-04-20 08:05:04  INFO      Total vehicles collected for account 649034868264558592: 122
2026-04-20 08:05:08  INFO      Total trips collected for account 649034868264558592: 254
2026-04-20 08:07:34  INFO      Total trip-agg records collected: 369
2026-04-20 08:07:38  INFO      Summary written to: /root/code/algorithms/app/scripts/camera/trip_agg_analysis_script/output/2026-04-18/649034868264558592/summary.json
2026-04-20 08:07:38  INFO      ===== Trip Aggregation Analysis Summary =====
2026-04-20 08:07:38  INFO      Trips after merge/filters: 153
2026-04-20 08:07:38  INFO      Completely processed trips: 153
2026-04-20 08:07:38  INFO      Missing trips in trip_agg: 1
2026-04-20 08:07:38  INFO      Unbroken unmatched trips: 0
2026-04-20 08:07:38  INFO      Broken unmatched trips: 0
2026-04-20 08:07:38  INFO      Top alert mismatches:
         alert_name  mismatch_count  total_joined_trips  mismatch_pct
         hard_brake               1                 253           0.4
 distracted_driving               0                 253           0.0
         drowsiness               0                 253           0.0
emergency_recording               0                 253           0.0
        eyes_closed               0                 253           0.0
2026-04-20 08:07:38  INFO      ----- Step Timings -----
2026-04-20 08:07:38  INFO        fetch_trip_agg_data                 149.77s
2026-04-20 08:07:38  INFO        get_trips_for_account                 3.90s
2026-04-20 08:07:38  INFO        prepare_dataframes                    0.04s
2026-04-20 08:07:38  INFO        analyze_trip_agg                      0.53s
2026-04-20 08:07:38  INFO        analyze_alerts                        3.37s
2026-04-20 08:07:38  INFO        total                               157.61s
2026-04-20 08:07:38  INFO      Reports written to: /root/code/algorithms/app/scripts/camera/trip_agg_analysis_script/output/2026-04-18/649034868264558592
