2026-03-30 08:08:41  INFO      === Starting analysis for account: 649034868264558592 ===
2026-03-30 08:08:41  INFO      Account name: RajRatan Travels
2026-03-30 08:08:41  INFO      Fetching trip_agg page: 1
2026-03-30 08:08:41  INFO      Fetching vehicle page: 1
2026-03-30 08:08:41  INFO      Total vehicles collected for account 649034868264558592: 118
2026-03-30 08:08:50  INFO      Total trips collected for account 649034868264558592: 294
2026-03-30 08:09:43  INFO      Total trip-agg records collected: 395
2026-03-30 08:10:20  INFO      Summary written to: /root/code/algorithms/app/scripts/camera/trip_agg_analysis_script/output/2026-03-28/649034868264558592/summary.json
2026-03-30 08:10:20  INFO      ===== Trip Aggregation Analysis Summary =====
2026-03-30 08:10:20  INFO      Trips after merge/filters: 155
2026-03-30 08:10:20  INFO      Completely processed trips: 155
2026-03-30 08:10:20  INFO      Missing trips in trip_agg: 0
2026-03-30 08:10:20  INFO      Unbroken unmatched trips: 0
2026-03-30 08:10:20  INFO      Broken unmatched trips: 0
2026-03-30 08:10:20  INFO      Top alert mismatches:
        alert_name  mismatch_count  total_joined_trips  mismatch_pct
               fcw              19                 294          6.46
      mobile_phone              14                 294          4.76
       eyes_closed              13                 294          4.42
distracted_driving              11                 294          3.74
            idling               4                 294          1.36
2026-03-30 08:10:20  INFO      ----- Step Timings -----
2026-03-30 08:10:20  INFO        fetch_trip_agg_data                  61.74s
2026-03-30 08:10:20  INFO        get_trips_for_account                 8.72s
2026-03-30 08:10:20  INFO        prepare_dataframes                    0.15s
2026-03-30 08:10:20  INFO        analyze_trip_agg                     12.44s
2026-03-30 08:10:20  INFO        analyze_alerts                       25.07s
2026-03-30 08:10:20  INFO        total                               108.12s
2026-03-30 08:10:20  INFO      Reports written to: /root/code/algorithms/app/scripts/camera/trip_agg_analysis_script/output/2026-03-28/649034868264558592
