2026-07-12 02:30:06  INFO      === Starting analysis for account: 649034868264558592 ===
2026-07-12 02:30:06  INFO      Account name: RajRatan Travels
2026-07-12 02:30:06  INFO      Fetching trip_agg page: 1
2026-07-12 02:30:06  INFO      Fetching vehicle page: 1
2026-07-12 02:30:07  INFO      Total vehicles collected for account 649034868264558592: 128
2026-07-12 02:30:08  INFO      Total trips collected for account 649034868264558592: 270
2026-07-12 02:30:37  INFO      Total trip-agg records collected: 411
2026-07-12 02:31:10  INFO      Summary written to: /root/code/algorithms/app/scripts/camera/trip_agg_analysis_script/output/2026-07-10/649034868264558592/summary.json
2026-07-12 02:31:10  INFO      ===== Trip Aggregation Analysis Summary =====
2026-07-12 02:31:10  INFO      Trips after merge/filters: 148
2026-07-12 02:31:10  INFO      Completely processed trips: 148
2026-07-12 02:31:10  INFO      Missing trips in trip_agg: 0
2026-07-12 02:31:10  INFO      Unbroken unmatched trips: 0
2026-07-12 02:31:10  INFO      Broken unmatched trips: 5
2026-07-12 02:31:10  INFO      Top alert mismatches:
         alert_name  mismatch_count  total_joined_trips  mismatch_pct
 distracted_driving               0                 270           0.0
         drowsiness               0                 270           0.0
emergency_recording               0                 270           0.0
        eyes_closed               0                 270           0.0
                fcw               0                 270           0.0
2026-07-12 02:31:10  INFO      ----- Step Timings -----
2026-07-12 02:31:10  INFO        fetch_trip_agg_data                  31.58s
2026-07-12 02:31:10  INFO        get_trips_for_account                 2.07s
2026-07-12 02:31:10  INFO        prepare_dataframes                    0.01s
2026-07-12 02:31:10  INFO        analyze_trip_agg                     31.42s
2026-07-12 02:31:10  INFO        analyze_alerts                        1.39s
2026-07-12 02:31:10  INFO        total                                66.48s
2026-07-12 02:31:10  INFO      Reports written to: /root/code/algorithms/app/scripts/camera/trip_agg_analysis_script/output/2026-07-10/649034868264558592
