2026-08-14 02:37:57  INFO      === Starting analysis for account: 642689989225816064 ===
2026-08-14 02:37:57  INFO      Account name: Indore Intercity
2026-08-14 02:37:57  INFO      [1/1] Fetching trip_agg for account: 642689989225816064
2026-08-14 02:37:57  INFO      Fetching vehicle page: 1
2026-08-14 02:37:59  INFO      Total vehicles collected for account 642689989225816064: 227
2026-08-14 02:38:14  INFO      Total trips collected for account 642689989225816064: 937
2026-08-14 02:38:31  INFO        account 642689989225816064: fetched 1009 records (11 pages)
2026-08-14 02:38:31  INFO      Total trip-agg records collected across 1 accounts: 1009
2026-08-14 02:38:32  INFO      Attempting second-pass fetch for 1 missing trips by trip_id
2026-08-14 02:38:33  WARNING   Second-pass fetch returned no records for 1 missing trips
2026-08-14 02:38:37  WARNING   Alert count fetch failed for 937/937 trips
2026-08-14 02:38:37  INFO      Summary written to: /root/code/algorithms/app/scripts/camera/trip_agg_analysis_script/output/2026-08-12/642689989225816064/summary.json
2026-08-14 02:38:37  INFO      ===== Trip Aggregation Analysis Summary =====
2026-08-14 02:38:37  INFO      Trips after merge/filters: 479
2026-08-14 02:38:37  INFO      Completely processed trips: 479
2026-08-14 02:38:37  INFO      Missing trips in trip_agg: 1
2026-08-14 02:38:37  INFO      Unbroken unmatched trips: 0
2026-08-14 02:38:37  INFO      Broken unmatched trips: 14
2026-08-14 02:38:37  INFO      ----- Step Timings -----
2026-08-14 02:38:37  INFO        fetch_accounts_with_access            0.02s
2026-08-14 02:38:37  INFO        fetch_trip_agg_data                  33.63s
2026-08-14 02:38:37  INFO        get_trips_for_account                17.36s
2026-08-14 02:38:37  INFO        prepare_dataframes                    0.03s
2026-08-14 02:38:37  INFO        analyze_trip_agg                      2.57s
2026-08-14 02:38:37  INFO        analyze_alerts                        4.08s
2026-08-14 02:38:37  INFO        total                                57.69s
2026-08-14 02:38:37  INFO      Reports written to: /root/code/algorithms/app/scripts/camera/trip_agg_analysis_script/output/2026-08-12/642689989225816064
