2026-09-19 02:32:05  INFO      === Starting analysis for account: 649034868264558592 ===
2026-09-19 02:32:05  INFO      Account name: RajRatan Travels
2026-09-19 02:32:05  INFO      [1/1] Fetching trip_agg for account: 649034868264558592
2026-09-19 02:32:05  INFO      Fetching vehicle page: 1
2026-09-19 02:32:05  INFO      Total vehicles collected for account 649034868264558592: 131
2026-09-19 02:32:06  INFO      Total trips collected for account 649034868264558592: 289
2026-09-19 02:33:48  INFO        account 649034868264558592: fetched 439 records (5 pages)
2026-09-19 02:33:48  INFO      Total trip-agg records collected across 1 accounts: 439
2026-09-19 02:33:52  WARNING   Alert count fetch failed for 289/289 trips
2026-09-19 02:33:52  INFO      Summary written to: /root/code/algorithms/app/scripts/camera/trip_agg_analysis_script/output/2026-09-17/649034868264558592/summary.json
2026-09-19 02:33:52  INFO      ===== Trip Aggregation Analysis Summary =====
2026-09-19 02:33:52  INFO      Trips after merge/filters: 148
2026-09-19 02:33:52  INFO      Completely processed trips: 148
2026-09-19 02:33:52  INFO      Missing trips in trip_agg: 0
2026-09-19 02:33:52  INFO      Unbroken unmatched trips: 0
2026-09-19 02:33:52  INFO      Broken unmatched trips: 15
2026-09-19 02:33:52  INFO      ----- Step Timings -----
2026-09-19 02:33:52  INFO        fetch_accounts_with_access            0.02s
2026-09-19 02:33:52  INFO        fetch_trip_agg_data                 103.33s
2026-09-19 02:33:52  INFO        get_trips_for_account                 1.08s
2026-09-19 02:33:52  INFO        prepare_dataframes                    0.01s
2026-09-19 02:33:52  INFO        analyze_trip_agg                      1.09s
2026-09-19 02:33:52  INFO        analyze_alerts                        3.02s
2026-09-19 02:33:52  INFO        total                               108.54s
2026-09-19 02:33:52  INFO      Reports written to: /root/code/algorithms/app/scripts/camera/trip_agg_analysis_script/output/2026-09-17/649034868264558592
