2026-09-24 02:32:13  INFO      === Starting analysis for account: 649034868264558592 ===
2026-09-24 02:32:13  INFO      Account name: RajRatan Travels
2026-09-24 02:32:13  INFO      [1/1] Fetching trip_agg for account: 649034868264558592
2026-09-24 02:32:13  INFO      Fetching vehicle page: 1
2026-09-24 02:32:13  INFO      Total vehicles collected for account 649034868264558592: 131
2026-09-24 02:33:14  INFO      Total trips collected for account 649034868264558592: 350
2026-09-24 02:36:09  ERROR     Request failed after 3 attempts: http://internal-apis.intangles.com/trip/aggregated?account_id=649034868264558592&pnum=5&psize=100&start_time=1790035200000&end_time=1790121599000 | error: 504 Server Error: Gateway Time-out for url: http://internal-apis.intangles.com/trip/aggregated?account_id=649034868264558592&pnum=5&psize=100&start_time=1790035200000&end_time=1790121599000
2026-09-24 02:36:09  WARNING     page 5 failed (1/3 consecutive)
2026-09-24 02:38:59  INFO        account 649034868264558592: fetched 400 records (6 pages)
2026-09-24 02:38:59  INFO      Total trip-agg records collected across 1 accounts: 400
2026-09-24 02:39:00  INFO      Attempting second-pass fetch for 8 missing trips by trip_id
2026-09-24 02:39:01  INFO      Second-pass recovered 8 missing trips, 0 still missing
2026-09-24 02:39:03  WARNING   Alert count fetch failed for 350/350 trips
2026-09-24 02:39:03  INFO      Summary written to: /root/code/algorithms/app/scripts/camera/trip_agg_analysis_script/output/2026-09-22/649034868264558592/summary.json
2026-09-24 02:39:03  INFO      ===== Trip Aggregation Analysis Summary =====
2026-09-24 02:39:03  INFO      Trips after merge/filters: 161
2026-09-24 02:39:03  INFO      Completely processed trips: 161
2026-09-24 02:39:03  INFO      Missing trips in trip_agg: 0
2026-09-24 02:39:03  INFO      Unbroken unmatched trips: 0
2026-09-24 02:39:03  INFO      Broken unmatched trips: 12
2026-09-24 02:39:03  INFO      ----- Step Timings -----
2026-09-24 02:39:03  INFO        fetch_accounts_with_access            0.02s
2026-09-24 02:39:03  INFO        fetch_trip_agg_data                 405.82s
2026-09-24 02:39:03  INFO        get_trips_for_account                61.30s
2026-09-24 02:39:03  INFO        prepare_dataframes                    0.01s
2026-09-24 02:39:03  INFO        analyze_trip_agg                      2.22s
2026-09-24 02:39:03  INFO        analyze_alerts                        2.03s
2026-09-24 02:39:03  INFO        total                               471.41s
2026-09-24 02:39:03  INFO      Reports written to: /root/code/algorithms/app/scripts/camera/trip_agg_analysis_script/output/2026-09-22/649034868264558592
