2026-09-27 02:38:50  INFO      === Starting analysis for account: 632578958264631296 ===
2026-09-27 02:38:50  INFO      Account name: K M Translogistics  Pvt Ltd ( KMT)
2026-09-27 02:38:50  INFO      [1/1] Fetching trip_agg for account: 632578958264631296
2026-09-27 02:38:50  INFO      Fetching vehicle page: 1
2026-09-27 02:38:51  INFO      Fetching vehicle page: 2
2026-09-27 02:38:51  INFO      Fetching vehicle page: 3
2026-09-27 02:38:51  INFO      Fetching vehicle page: 4
2026-09-27 02:38:52  INFO      Fetching vehicle page: 5
2026-09-27 02:38:53  INFO      Total vehicles collected for account 632578958264631296: 2010
2026-09-27 02:39:44  INFO      Total trips collected for account 632578958264631296: 6379
2026-09-27 02:50:06  INFO        account 632578958264631296: fetched 6497 records (65 pages)
2026-09-27 02:50:06  INFO      Total trip-agg records collected across 1 accounts: 6497
2026-09-27 02:50:07  INFO      Attempting second-pass fetch for 41 missing trips by trip_id
2026-09-27 02:50:08  WARNING   Second-pass fetch returned no records for 41 missing trips
2026-09-27 02:52:01  WARNING   Alert count fetch failed for 6379/6379 trips
2026-09-27 02:52:02  INFO      Summary written to: /root/code/algorithms/app/scripts/camera/trip_agg_analysis_script/output/2026-09-25/632578958264631296/summary.json
2026-09-27 02:52:02  INFO      ===== Trip Aggregation Analysis Summary =====
2026-09-27 02:52:02  INFO      Trips after merge/filters: 3063
2026-09-27 02:52:02  INFO      Completely processed trips: 3063
2026-09-27 02:52:02  INFO      Missing trips in trip_agg: 41
2026-09-27 02:52:02  INFO      Unbroken unmatched trips: 4
2026-09-27 02:52:02  INFO      Broken unmatched trips: 0
2026-09-27 02:52:02  INFO      ----- Step Timings -----
2026-09-27 02:52:02  INFO        fetch_accounts_with_access            0.05s
2026-09-27 02:52:02  INFO        fetch_trip_agg_data                 675.61s
2026-09-27 02:52:02  INFO        get_trips_for_account                53.81s
2026-09-27 02:52:02  INFO        prepare_dataframes                    0.80s
2026-09-27 02:52:02  INFO        analyze_trip_agg                      1.92s
2026-09-27 02:52:02  INFO        analyze_alerts                      112.56s
2026-09-27 02:52:02  INFO        total                               844.74s
2026-09-27 02:52:02  INFO      Reports written to: /root/code/algorithms/app/scripts/camera/trip_agg_analysis_script/output/2026-09-25/632578958264631296
