2026-07-28 02:33:27  INFO      === Starting analysis for account: 632578958264631296 ===
2026-07-28 02:33:27  INFO      Account name: K M Translogistics  Pvt Ltd ( KMT)
2026-07-28 02:33:27  INFO      Fetching trip_agg page: 1
2026-07-28 02:33:27  INFO      Fetching vehicle page: 1
2026-07-28 02:33:28  INFO      Fetching vehicle page: 2
2026-07-28 02:33:30  INFO      Fetching vehicle page: 3
2026-07-28 02:33:31  INFO      Fetching vehicle page: 4
2026-07-28 02:33:33  INFO      Total vehicles collected for account 632578958264631296: 1981
2026-07-28 02:33:34  INFO      Fetching trip_agg page: 2
2026-07-28 02:33:50  INFO      Total trips collected for account 632578958264631296: 6126
2026-07-28 02:34:12  INFO      Fetching trip_agg page: 3
2026-07-28 02:34:15  INFO      Fetching trip_agg page: 4
2026-07-28 02:34:18  INFO      Fetching trip_agg page: 5
2026-07-28 02:34:21  INFO      Fetching trip_agg page: 6
2026-07-28 02:34:24  INFO      Fetching trip_agg page: 7
2026-07-28 02:34:27  INFO      Fetching trip_agg page: 8
2026-07-28 02:34:30  INFO      Fetching trip_agg page: 9
2026-07-28 02:34:32  INFO      Fetching trip_agg page: 10
2026-07-28 02:34:35  INFO      Fetching trip_agg page: 11
2026-07-28 02:34:38  INFO      Fetching trip_agg page: 12
2026-07-28 02:34:40  INFO      Fetching trip_agg page: 13
2026-07-28 02:34:48  INFO      Total trip-agg records collected: 6233
2026-07-28 02:35:29  INFO      Summary written to: /root/code/algorithms/app/scripts/camera/trip_agg_analysis_script/output/2026-07-26/632578958264631296/summary.json
2026-07-28 02:35:29  INFO      ===== Trip Aggregation Analysis Summary =====
2026-07-28 02:35:29  INFO      Trips after merge/filters: 3236
2026-07-28 02:35:29  INFO      Completely processed trips: 3236
2026-07-28 02:35:29  INFO      Missing trips in trip_agg: 30
2026-07-28 02:35:29  INFO      Unbroken unmatched trips: 9
2026-07-28 02:35:29  INFO      Broken unmatched trips: 0
2026-07-28 02:35:29  INFO      Top alert mismatches:
         alert_name  mismatch_count  total_joined_trips  mismatch_pct
       slow_running               2                6096          0.03
unscheduled_driving               1                6096          0.02
             idling               0                6096          0.00
         over_speed               0                6096          0.00
            freerun               0                6096          0.00
2026-07-28 02:35:29  INFO      ----- Step Timings -----
2026-07-28 02:35:29  INFO        fetch_trip_agg_data                  80.38s
2026-07-28 02:35:29  INFO        get_trips_for_account                22.97s
2026-07-28 02:35:29  INFO        prepare_dataframes                    0.27s
2026-07-28 02:35:29  INFO        analyze_trip_agg                      0.10s
2026-07-28 02:35:29  INFO        analyze_alerts                       40.39s
2026-07-28 02:35:29  INFO        total                               144.12s
2026-07-28 02:35:29  INFO      Reports written to: /root/code/algorithms/app/scripts/camera/trip_agg_analysis_script/output/2026-07-26/632578958264631296
