2026-09-10 02:58:15  INFO      === Starting analysis for account: 642689989225816064 ===
2026-09-10 02:58:15  INFO      Account name: Indore Intercity
2026-09-10 02:58:15  INFO      [1/1] Fetching trip_agg for account: 642689989225816064
2026-09-10 02:58:15  INFO      Fetching vehicle page: 1
2026-09-10 02:58:15  INFO      Total vehicles collected for account 642689989225816064: 230
2026-09-10 02:58:31  INFO        account 642689989225816064: fetched 617 records (7 pages)
2026-09-10 02:58:31  INFO      Total trip-agg records collected across 1 accounts: 617
2026-09-10 02:58:32  INFO      Total trips collected for account 642689989225816064: 574
2026-09-10 02:58:35  WARNING   Alert count fetch failed for 574/574 trips
2026-09-10 02:58:35  INFO      Summary written to: /root/code/algorithms/app/scripts/camera/trip_agg_analysis_script/output/2026-09-08/642689989225816064/summary.json
2026-09-10 02:58:35  INFO      ===== Trip Aggregation Analysis Summary =====
2026-09-10 02:58:35  INFO      Trips after merge/filters: 279
2026-09-10 02:58:35  INFO      Completely processed trips: 279
2026-09-10 02:58:35  INFO      Missing trips in trip_agg: 0
2026-09-10 02:58:35  INFO      Unbroken unmatched trips: 0
2026-09-10 02:58:35  INFO      Broken unmatched trips: 11
2026-09-10 02:58:35  INFO      ----- Step Timings -----
2026-09-10 02:58:35  INFO        fetch_accounts_with_access            0.01s
2026-09-10 02:58:35  INFO        fetch_trip_agg_data                  16.38s
2026-09-10 02:58:35  INFO        get_trips_for_account                17.38s
2026-09-10 02:58:35  INFO        prepare_dataframes                    0.02s
2026-09-10 02:58:35  INFO        analyze_trip_agg                      1.19s
2026-09-10 02:58:35  INFO        analyze_alerts                        2.02s
2026-09-10 02:58:35  INFO        total                                37.00s
2026-09-10 02:58:35  INFO      Reports written to: /root/code/algorithms/app/scripts/camera/trip_agg_analysis_script/output/2026-09-08/642689989225816064
