2026-07-18 02:41:19  INFO      === Starting analysis for account: 1205841794575630336 ===
2026-07-18 02:41:19  INFO      Account name: Chartered Speed-OSRTC
2026-07-18 02:41:19  INFO      Fetching trip_agg page: 1
2026-07-18 02:41:19  INFO      Fetching vehicle page: 1
2026-07-18 02:41:20  INFO      Fetching vehicle page: 2
2026-07-18 02:41:20  INFO      Fetching vehicle page: 3
2026-07-18 02:41:20  INFO      Total vehicles collected for account 1205841794575630336: 1184
2026-07-18 02:41:25  INFO      Fetching trip_agg page: 2
2026-07-18 02:41:31  INFO      Fetching trip_agg page: 3
2026-07-18 02:41:33  INFO      Fetching trip_agg page: 4
2026-07-18 02:41:37  INFO      Fetching trip_agg page: 5
2026-07-18 02:41:41  INFO      Fetching trip_agg page: 6
2026-07-18 02:41:43  INFO      Fetching trip_agg page: 7
2026-07-18 02:41:46  INFO      Fetching trip_agg page: 8
2026-07-18 02:41:54  INFO      Fetching trip_agg page: 9
2026-07-18 02:41:56  INFO      Fetching trip_agg page: 10
2026-07-18 02:41:58  INFO      Fetching trip_agg page: 11
2026-07-18 02:42:01  INFO      Fetching trip_agg page: 12
2026-07-18 02:42:04  INFO      Fetching trip_agg page: 13
2026-07-18 02:42:06  INFO      Fetching trip_agg page: 14
2026-07-18 02:42:10  INFO      Fetching trip_agg page: 15
2026-07-18 02:42:12  INFO      Fetching trip_agg page: 16
2026-07-18 02:42:14  INFO      Fetching trip_agg page: 17
2026-07-18 02:42:17  INFO      Fetching trip_agg page: 18
2026-07-18 02:42:19  INFO      Total trip-agg records collected: 8519
2026-07-18 02:42:26  INFO      Total trips collected for account 1205841794575630336: 8424
2026-07-18 02:45:16  INFO      Summary written to: /root/code/algorithms/app/scripts/camera/trip_agg_analysis_script/output/2026-07-16/1205841794575630336/summary.json
2026-07-18 02:45:16  INFO      ===== Trip Aggregation Analysis Summary =====
2026-07-18 02:45:16  INFO      Trips after merge/filters: 6921
2026-07-18 02:45:16  INFO      Completely processed trips: 6918
2026-07-18 02:45:16  INFO      Missing trips in trip_agg: 0
2026-07-18 02:45:16  INFO      Unbroken unmatched trips: 0
2026-07-18 02:45:16  INFO      Broken unmatched trips: 10
2026-07-18 02:45:16  INFO      Top alert mismatches:
         alert_name  mismatch_count  total_joined_trips  mismatch_pct
 seatbelt_violation               4                8424          0.05
 distracted_driving               2                8424          0.02
         drowsiness               0                8424          0.00
emergency_recording               0                8424          0.00
        eyes_closed               0                8424          0.00
2026-07-18 02:45:16  INFO      ----- Step Timings -----
2026-07-18 02:45:16  INFO        fetch_trip_agg_data                  59.15s
2026-07-18 02:45:16  INFO        get_trips_for_account                66.89s
2026-07-18 02:45:16  INFO        prepare_dataframes                    0.99s
2026-07-18 02:45:16  INFO        analyze_trip_agg                      3.55s
2026-07-18 02:45:16  INFO        analyze_alerts                      163.15s
2026-07-18 02:45:16  INFO        total                               293.74s
2026-07-18 02:45:16  INFO      Reports written to: /root/code/algorithms/app/scripts/camera/trip_agg_analysis_script/output/2026-07-16/1205841794575630336
