2026-09-14 02:36:27  INFO      === Starting analysis for account: 632578958264631296 ===
2026-09-14 02:36:27  INFO      Account name: K M Translogistics  Pvt Ltd ( KMT)
2026-09-14 02:36:27  INFO      [1/1] Fetching trip_agg for account: 632578958264631296
2026-09-14 02:36:27  INFO      Fetching vehicle page: 1
2026-09-14 02:36:27  INFO      Fetching vehicle page: 2
2026-09-14 02:36:27  INFO      Fetching vehicle page: 3
2026-09-14 02:36:28  INFO      Fetching vehicle page: 4
2026-09-14 02:36:28  INFO      Fetching vehicle page: 5
2026-09-14 02:36:28  INFO      Total vehicles collected for account 632578958264631296: 2000
2026-09-14 02:36:42  INFO      Total trips collected for account 632578958264631296: 6279
2026-09-14 02:40:46  INFO        account 632578958264631296: fetched 6371 records (64 pages)
2026-09-14 02:40:46  INFO      Total trip-agg records collected across 1 accounts: 6371
2026-09-14 02:40:58  INFO      Attempting second-pass fetch for 27 missing trips by trip_id
2026-09-14 02:40:58  WARNING   Second-pass fetch returned no records for 27 missing trips
2026-09-14 02:41:18  WARNING   Alert count fetch failed for 6279/6279 trips
2026-09-14 02:41:18  INFO      Summary written to: /root/code/algorithms/app/scripts/camera/trip_agg_analysis_script/output/2026-09-12/632578958264631296/summary.json
2026-09-14 02:41:18  INFO      ===== Trip Aggregation Analysis Summary =====
2026-09-14 02:41:18  INFO      Trips after merge/filters: 3087
2026-09-14 02:41:18  INFO      Completely processed trips: 3087
2026-09-14 02:41:18  INFO      Missing trips in trip_agg: 27
2026-09-14 02:41:18  INFO      Unbroken unmatched trips: 0
2026-09-14 02:41:18  INFO      Broken unmatched trips: 0
2026-09-14 02:41:18  INFO      ----- Step Timings -----
2026-09-14 02:41:18  INFO        fetch_accounts_with_access            0.01s
2026-09-14 02:41:18  INFO        fetch_trip_agg_data                 259.06s
2026-09-14 02:41:18  INFO        get_trips_for_account                15.33s
2026-09-14 02:41:18  INFO        prepare_dataframes                    0.18s
2026-09-14 02:41:18  INFO        analyze_trip_agg                     12.26s
2026-09-14 02:41:18  INFO        analyze_alerts                       19.75s
2026-09-14 02:41:18  INFO        total                               306.59s
2026-09-14 02:41:18  INFO      Reports written to: /root/code/algorithms/app/scripts/camera/trip_agg_analysis_script/output/2026-09-12/632578958264631296
