2026-08-04 02:37:26  INFO      === Starting analysis for account: 642689989225816064 ===
2026-08-04 02:37:26  INFO      Account name: Indore Intercity
2026-08-04 02:37:27  INFO      Resolved 7 accounts_with_access for 642689989225816064
2026-08-04 02:37:27  INFO      [1/7] Fetching trip_agg for account: 475691480292397056
2026-08-04 02:37:27  INFO      Fetching vehicle page: 1
2026-08-04 02:37:27  INFO        account 475691480292397056: fetched 0 records (1 pages)
2026-08-04 02:37:27  INFO      [2/7] Fetching trip_agg for account: 642689989225816064
2026-08-04 02:37:27  INFO      Total vehicles collected for account 642689989225816064: 229
2026-08-04 02:37:29  INFO      Total trips collected for account 642689989225816064: 1009
2026-08-04 02:37:45  INFO        account 642689989225816064: fetched 1046 records (11 pages)
2026-08-04 02:37:45  INFO      [3/7] Fetching trip_agg for account: 907977166128414720
2026-08-04 02:37:46  INFO        account 907977166128414720: fetched 0 records (1 pages)
2026-08-04 02:37:46  INFO      [4/7] Fetching trip_agg for account: 1128685188746838016
2026-08-04 02:37:46  INFO        account 1128685188746838016: fetched 0 records (1 pages)
2026-08-04 02:37:46  INFO      [5/7] Fetching trip_agg for account: 1520500634065829888
2026-08-04 02:37:46  INFO        account 1520500634065829888: fetched 0 records (1 pages)
2026-08-04 02:37:46  INFO      [6/7] Fetching trip_agg for account: 1520501245561798656
2026-08-04 02:37:46  INFO        account 1520501245561798656: fetched 0 records (1 pages)
2026-08-04 02:37:46  INFO      [7/7] Fetching trip_agg for account: 1536063812182999040
2026-08-04 02:37:46  INFO        account 1536063812182999040: fetched 0 records (1 pages)
2026-08-04 02:37:46  INFO      Total trip-agg records collected across 7 accounts: 1046
2026-08-04 02:37:48  INFO      Attempting second-pass fetch for 27 missing trips by trip_id
2026-08-04 02:37:48  INFO      Second-pass recovered 27 missing trips, 0 still missing
2026-08-04 02:37:52  INFO      Summary written to: /root/code/algorithms/app/scripts/camera/trip_agg_analysis_script/output/2026-08-02/642689989225816064/summary.json
2026-08-04 02:37:52  INFO      ===== Trip Aggregation Analysis Summary =====
2026-08-04 02:37:52  INFO      Trips after merge/filters: 602
2026-08-04 02:37:52  INFO      Completely processed trips: 602
2026-08-04 02:37:52  INFO      Missing trips in trip_agg: 0
2026-08-04 02:37:52  INFO      Unbroken unmatched trips: 0
2026-08-04 02:37:52  INFO      Broken unmatched trips: 19
2026-08-04 02:37:52  INFO      Top alert mismatches:
         alert_name  mismatch_count  total_joined_trips  mismatch_pct
 distracted_driving               0                1009           0.0
         drowsiness               0                1009           0.0
emergency_recording               0                1009           0.0
        eyes_closed               0                1009           0.0
                fcw               0                1009           0.0
2026-08-04 02:37:52  INFO      ----- Step Timings -----
2026-08-04 02:37:52  INFO        fetch_accounts_with_access            0.04s
2026-08-04 02:37:52  INFO        fetch_trip_agg_data                  19.90s
2026-08-04 02:37:52  INFO        get_trips_for_account                 2.64s
2026-08-04 02:37:52  INFO        prepare_dataframes                    0.03s
2026-08-04 02:37:52  INFO        analyze_trip_agg                      1.51s
2026-08-04 02:37:52  INFO        analyze_alerts                        3.53s
2026-08-04 02:37:52  INFO        total                                27.64s
2026-08-04 02:37:52  INFO      Reports written to: /root/code/algorithms/app/scripts/camera/trip_agg_analysis_script/output/2026-08-02/642689989225816064
