2026-07-10 02:34:52  INFO      === Starting analysis for account: 1205841794575630336 ===
2026-07-10 02:34:52  INFO      Account name: Chartered Speed-OSRTC
2026-07-10 02:34:52  INFO      Fetching trip_agg page: 1
2026-07-10 02:34:52  INFO      Fetching vehicle page: 1
2026-07-10 02:34:53  INFO      Fetching vehicle page: 2
2026-07-10 02:34:54  INFO      Fetching vehicle page: 3
2026-07-10 02:34:54  INFO      Fetching trip_agg page: 2
2026-07-10 02:34:55  INFO      Total vehicles collected for account 1205841794575630336: 1184
2026-07-10 02:35:00  INFO      Fetching trip_agg page: 3
2026-07-10 02:35:02  INFO      Fetching trip_agg page: 4
2026-07-10 02:35:04  INFO      Fetching trip_agg page: 5
2026-07-10 02:35:06  INFO      Fetching trip_agg page: 6
2026-07-10 02:35:07  INFO      Fetching trip_agg page: 7
2026-07-10 02:35:09  INFO      Fetching trip_agg page: 8
2026-07-10 02:35:10  INFO      Total trips collected for account 1205841794575630336: 8365
2026-07-10 02:35:11  INFO      Fetching trip_agg page: 9
2026-07-10 02:35:12  INFO      Fetching trip_agg page: 10
2026-07-10 02:35:14  INFO      Fetching trip_agg page: 11
2026-07-10 02:35:16  INFO      Fetching trip_agg page: 12
2026-07-10 02:35:18  INFO      Fetching trip_agg page: 13
2026-07-10 02:35:19  INFO      Fetching trip_agg page: 14
2026-07-10 02:35:21  INFO      Fetching trip_agg page: 15
2026-07-10 02:35:23  INFO      Fetching trip_agg page: 16
2026-07-10 02:35:24  INFO      Fetching trip_agg page: 17
2026-07-10 02:35:28  INFO      Total trip-agg records collected: 8485
2026-07-10 02:36:18  INFO      Summary written to: /root/code/algorithms/app/scripts/camera/trip_agg_analysis_script/output/2026-07-08/1205841794575630336/summary.json
2026-07-10 02:36:18  INFO      ===== Trip Aggregation Analysis Summary =====
2026-07-10 02:36:18  INFO      Trips after merge/filters: 7024
2026-07-10 02:36:18  INFO      Completely processed trips: 7017
2026-07-10 02:36:18  INFO      Missing trips in trip_agg: 0
2026-07-10 02:36:18  INFO      Unbroken unmatched trips: 0
2026-07-10 02:36:18  INFO      Broken unmatched trips: 5
2026-07-10 02:36:18  INFO      Top alert mismatches:
         alert_name  mismatch_count  total_joined_trips  mismatch_pct
 seatbelt_violation              18                8365          0.22
        eyes_closed              11                8365          0.13
emergency_recording               3                8365          0.04
 distracted_driving               2                8365          0.02
         fuel_chori               2                8365          0.02
2026-07-10 02:36:18  INFO      ----- Step Timings -----
2026-07-10 02:36:18  INFO        fetch_trip_agg_data                  35.03s
2026-07-10 02:36:18  INFO        get_trips_for_account                17.50s
2026-07-10 02:36:18  INFO        prepare_dataframes                    0.33s
2026-07-10 02:36:18  INFO        analyze_trip_agg                      5.05s
2026-07-10 02:36:18  INFO        analyze_alerts                       44.70s
2026-07-10 02:36:18  INFO        total                               102.62s
2026-07-10 02:36:18  INFO      Reports written to: /root/code/algorithms/app/scripts/camera/trip_agg_analysis_script/output/2026-07-08/1205841794575630336
