2026-03-13 08:19:27  INFO      === Starting analysis for account: 649034868264558592 ===
2026-03-13 08:19:27  INFO      Account name: RajRatan Travels
2026-03-13 08:19:27  INFO      Fetching trip_agg page: 1
2026-03-13 08:19:37  INFO      Total trip-agg records collected: 369
2026-03-13 08:19:37  INFO      Fetching vehicle page: 1
2026-03-13 08:19:38  INFO      Total vehicles collected for account 649034868264558592: 117
2026-03-13 08:21:01  INFO      Total trips collected for account 649034868264558592: 281
2026-03-13 08:21:39  INFO      Summary written to: ./output/2026-03-12/649034868264558592/summary.json
2026-03-13 08:21:39  INFO      ===== Trip Aggregation Analysis Summary =====
2026-03-13 08:21:39  INFO      Trips after merge/filters: 140
2026-03-13 08:21:39  INFO      Completely processed trips: 140
2026-03-13 08:21:39  INFO      Missing trips in trip_agg: 17
2026-03-13 08:21:39  INFO      Unbroken unmatched trips: 0
2026-03-13 08:21:39  INFO      Broken unmatched trips: 2
2026-03-13 08:21:39  INFO      Top alert mismatches:
        alert_name  mismatch_count  total_joined_trips  mismatch_pct
       eyes_closed               5                 264          1.89
               fcw               5                 264          1.89
            idling               4                 264          1.52
distracted_driving               2                 264          0.76
      mobile_phone               2                 264          0.76
2026-03-13 08:21:39  INFO      ----- Step Timings -----
2026-03-13 08:21:39  INFO        fetch_trip_agg_data                  10.23s
2026-03-13 08:21:39  INFO        get_trips_for_account                83.55s
2026-03-13 08:21:39  INFO        prepare_dataframes                    0.05s
2026-03-13 08:21:39  INFO        analyze_trip_agg                     10.85s
2026-03-13 08:21:39  INFO        analyze_alerts                       27.69s
2026-03-13 08:21:39  INFO        total                               132.37s
2026-03-13 08:21:39  INFO      Reports written to: /Users/satyamsaurav/Intangles/algorithms/trip_agg_analysis_script/output/2026-03-12/649034868264558592
2026-03-13 08:41:18  INFO      === Starting analysis for account: 649034868264558592 ===
2026-03-13 08:41:18  WARNING   Could not resolve account name for 649034868264558592
2026-03-13 08:41:18  INFO      Fetching trip_agg page: 1
2026-03-13 08:41:20  INFO      Total trip-agg records collected: 374
2026-03-13 08:41:20  INFO      Fetching vehicle page: 1
2026-03-13 08:41:20  INFO      Total vehicles collected for account 649034868264558592: 117
2026-03-13 08:42:17  INFO      Total trips collected for account 649034868264558592: 281
2026-03-13 08:42:53  INFO      Summary written to: ./output/2026-03-12/649034868264558592/summary.json
2026-03-13 08:42:53  INFO      ===== Trip Aggregation Analysis Summary =====
2026-03-13 08:42:53  INFO      Trips after merge/filters: 144
2026-03-13 08:42:53  INFO      Completely processed trips: 144
2026-03-13 08:42:53  INFO      Missing trips in trip_agg: 13
2026-03-13 08:42:53  INFO      Unbroken unmatched trips: 0
2026-03-13 08:42:53  INFO      Broken unmatched trips: 2
2026-03-13 08:42:53  INFO      Top alert mismatches:
        alert_name  mismatch_count  total_joined_trips  mismatch_pct
       eyes_closed               5                 268          1.87
               fcw               5                 268          1.87
            idling               4                 268          1.49
distracted_driving               2                 268          0.75
      mobile_phone               2                 268          0.75
2026-03-13 08:42:53  INFO      ----- Step Timings -----
2026-03-13 08:42:53  INFO        fetch_trip_agg_data                   1.46s
2026-03-13 08:42:53  INFO        get_trips_for_account                57.47s
2026-03-13 08:42:53  INFO        prepare_dataframes                    0.02s
2026-03-13 08:42:53  INFO        analyze_trip_agg                      6.26s
2026-03-13 08:42:53  INFO        analyze_alerts                       29.86s
2026-03-13 08:42:53  INFO        total                                95.08s
2026-03-13 08:42:53  INFO      Reports written to: /Users/satyamsaurav/Intangles/algorithms/trip_agg_analysis_script/output/2026-03-12/649034868264558592
2026-03-13 08:47:47  INFO      === Starting analysis for account: 649034868264558592 ===
2026-03-13 08:47:47  WARNING   Could not resolve account name for 649034868264558592
2026-03-13 08:47:47  INFO      Fetching trip_agg page: 1
2026-03-13 08:47:47  INFO      Fetching vehicle page: 1
2026-03-13 08:47:47  INFO      Total vehicles collected for account 649034868264558592: 117
2026-03-13 08:47:49  INFO      Total trip-agg records collected: 376
2026-03-13 08:48:33  INFO      Total trips collected for account 649034868264558592: 281
2026-03-13 08:49:13  INFO      Summary written to: ./output/2026-03-12/649034868264558592/summary.json
2026-03-13 08:49:13  INFO      ===== Trip Aggregation Analysis Summary =====
2026-03-13 08:49:13  INFO      Trips after merge/filters: 146
2026-03-13 08:49:13  INFO      Completely processed trips: 146
2026-03-13 08:49:13  INFO      Missing trips in trip_agg: 11
2026-03-13 08:49:13  INFO      Unbroken unmatched trips: 0
2026-03-13 08:49:13  INFO      Broken unmatched trips: 2
2026-03-13 08:49:13  INFO      Top alert mismatches:
        alert_name  mismatch_count  total_joined_trips  mismatch_pct
       eyes_closed               5                 270          1.85
               fcw               5                 270          1.85
            idling               4                 270          1.48
distracted_driving               2                 270          0.74
      mobile_phone               2                 270          0.74
2026-03-13 08:49:13  INFO      ----- Step Timings -----
2026-03-13 08:49:13  INFO        fetch_trip_agg_data                   2.16s
2026-03-13 08:49:13  INFO        get_trips_for_account                45.57s
2026-03-13 08:49:13  INFO        prepare_dataframes                    0.03s
2026-03-13 08:49:13  INFO        analyze_trip_agg                      8.55s
2026-03-13 08:49:13  INFO        analyze_alerts                       31.66s
2026-03-13 08:49:13  INFO        total                                87.96s
2026-03-13 08:49:13  INFO      Reports written to: /Users/satyamsaurav/Intangles/algorithms/trip_agg_analysis_script/output/2026-03-12/649034868264558592
2026-03-13 09:32:29  INFO      === Starting analysis for account: 649034868264558592 ===
2026-03-13 09:32:29  WARNING   Could not resolve account name for 649034868264558592
2026-03-13 09:32:29  INFO      Fetching trip_agg page: 1
2026-03-13 09:32:29  INFO      Fetching vehicle page: 1
2026-03-13 09:32:29  INFO      Total vehicles collected for account 649034868264558592: 117
2026-03-13 09:32:30  INFO      Total trip-agg records collected: 379
2026-03-13 09:32:41  INFO      Total trips collected for account 649034868264558592: 281
2026-03-13 09:32:47  INFO      Summary written to: ./output/2026-03-12/649034868264558592/summary.json
2026-03-13 09:32:47  INFO      ===== Trip Aggregation Analysis Summary =====
2026-03-13 09:32:47  INFO      Trips after merge/filters: 148
2026-03-13 09:32:47  INFO      Completely processed trips: 148
2026-03-13 09:32:47  INFO      Missing trips in trip_agg: 9
2026-03-13 09:32:47  INFO      Unbroken unmatched trips: 0
2026-03-13 09:32:47  INFO      Broken unmatched trips: 2
2026-03-13 09:32:47  INFO      Top alert mismatches:
        alert_name  mismatch_count  total_joined_trips  mismatch_pct
       eyes_closed               5                 272          1.84
               fcw               5                 272          1.84
            idling               4                 272          1.47
distracted_driving               2                 272          0.74
      mobile_phone               2                 272          0.74
2026-03-13 09:32:47  INFO      ----- Step Timings -----
2026-03-13 09:32:47  INFO        fetch_trip_agg_data                   1.64s
2026-03-13 09:32:47  INFO        get_trips_for_account                12.14s
2026-03-13 09:32:47  INFO        prepare_dataframes                    0.02s
2026-03-13 09:32:47  INFO        analyze_trip_agg                      0.35s
2026-03-13 09:32:47  INFO        analyze_alerts                        5.87s
2026-03-13 09:32:47  INFO        total                                20.01s
2026-03-13 09:32:47  INFO      Reports written to: /Users/satyamsaurav/Intangles/algorithms/trip_agg_analysis_script/output/2026-03-12/649034868264558592
