2026-04-19 08:09:10  INFO      === Starting analysis for account: 649034868264558592 ===
2026-04-19 08:09:10  INFO      Account name: RajRatan Travels
2026-04-19 08:09:10  INFO      Fetching trip_agg page: 1
2026-04-19 08:09:10  INFO      Fetching vehicle page: 1
2026-04-19 08:09:10  INFO      Total vehicles collected for account 649034868264558592: 120
2026-04-19 08:09:13  INFO      Total trips collected for account 649034868264558592: 284
2026-04-19 08:09:26  INFO      Total trip-agg records collected: 404
2026-04-19 08:09:44  INFO      Summary written to: /root/code/algorithms/app/scripts/camera/trip_agg_analysis_script/output/2026-04-17/649034868264558592/summary.json
2026-04-19 08:09:44  INFO      ===== Trip Aggregation Analysis Summary =====
2026-04-19 08:09:44  INFO      Trips after merge/filters: 163
2026-04-19 08:09:44  INFO      Completely processed trips: 163
2026-04-19 08:09:44  INFO      Missing trips in trip_agg: 0
2026-04-19 08:09:44  INFO      Unbroken unmatched trips: 0
2026-04-19 08:09:44  INFO      Broken unmatched trips: 2
2026-04-19 08:09:44  INFO      Top alert mismatches:
        alert_name  mismatch_count  total_joined_trips  mismatch_pct
            idling               2                 284          0.70
        hard_brake               1                 284          0.35
        fuel_chori               1                 284          0.35
distracted_driving               0                 284          0.00
        drowsiness               0                 284          0.00
2026-04-19 08:09:44  INFO      ----- Step Timings -----
2026-04-19 08:09:44  INFO        fetch_trip_agg_data                  15.56s
2026-04-19 08:09:44  INFO        get_trips_for_account                 2.92s
2026-04-19 08:09:44  INFO        prepare_dataframes                    0.04s
2026-04-19 08:09:44  INFO        analyze_trip_agg                     15.64s
2026-04-19 08:09:44  INFO        analyze_alerts                        3.11s
2026-04-19 08:09:44  INFO        total                                37.27s
2026-04-19 08:09:44  INFO      Reports written to: /root/code/algorithms/app/scripts/camera/trip_agg_analysis_script/output/2026-04-17/649034868264558592
