2026-04-18 08:05:24  INFO      === Starting analysis for account: 649034868264558592 ===
2026-04-18 08:05:24  INFO      Account name: RajRatan Travels
2026-04-18 08:05:24  INFO      Fetching trip_agg page: 1
2026-04-18 08:05:24  INFO      Fetching vehicle page: 1
2026-04-18 08:05:24  INFO      Total vehicles collected for account 649034868264558592: 120
2026-04-18 08:05:27  INFO      Total trips collected for account 649034868264558592: 276
2026-04-18 08:05:39  INFO      Total trip-agg records collected: 387
2026-04-18 08:05:45  INFO      Summary written to: /root/code/algorithms/app/scripts/camera/trip_agg_analysis_script/output/2026-04-16/649034868264558592/summary.json
2026-04-18 08:05:45  INFO      ===== Trip Aggregation Analysis Summary =====
2026-04-18 08:05:45  INFO      Trips after merge/filters: 159
2026-04-18 08:05:45  INFO      Completely processed trips: 159
2026-04-18 08:05:45  INFO      Missing trips in trip_agg: 0
2026-04-18 08:05:45  INFO      Unbroken unmatched trips: 3
2026-04-18 08:05:45  INFO      Broken unmatched trips: 1
2026-04-18 08:05:45  INFO      Top alert mismatches:
         alert_name  mismatch_count  total_joined_trips  mismatch_pct
             idling              39                 276         14.13
 distracted_driving               0                 276          0.00
         drowsiness               0                 276          0.00
emergency_recording               0                 276          0.00
        eyes_closed               0                 276          0.00
2026-04-18 08:05:45  INFO      ----- Step Timings -----
2026-04-18 08:05:45  INFO        fetch_trip_agg_data                  15.52s
2026-04-18 08:05:45  INFO        get_trips_for_account                 3.24s
2026-04-18 08:05:45  INFO        prepare_dataframes                    0.05s
2026-04-18 08:05:45  INFO        analyze_trip_agg                      0.67s
2026-04-18 08:05:45  INFO        analyze_alerts                        4.72s
2026-04-18 08:05:45  INFO        total                                24.20s
2026-04-18 08:05:45  INFO      Reports written to: /root/code/algorithms/app/scripts/camera/trip_agg_analysis_script/output/2026-04-16/649034868264558592
