2026-09-08 02:35:56  INFO      === Starting analysis for account: 632578958264631296 ===
2026-09-08 02:35:56  INFO      Account name: K M Translogistics  Pvt Ltd ( KMT)
2026-09-08 02:35:57  INFO      [1/1] Fetching trip_agg for account: 632578958264631296
2026-09-08 02:35:57  INFO      Fetching vehicle page: 1
2026-09-08 02:35:58  INFO      Fetching vehicle page: 2
2026-09-08 02:35:58  INFO      Fetching vehicle page: 3
2026-09-08 02:35:58  INFO      Fetching vehicle page: 4
2026-09-08 02:35:59  INFO      Total vehicles collected for account 632578958264631296: 1995
2026-09-08 02:36:21  INFO      Total trips collected for account 632578958264631296: 5593
2026-09-08 02:40:34  INFO        account 632578958264631296: fetched 5678 records (57 pages)
2026-09-08 02:40:34  INFO      Total trip-agg records collected across 1 accounts: 5678
2026-09-08 02:40:44  INFO      Attempting second-pass fetch for 27 missing trips by trip_id
2026-09-08 02:40:46  INFO      Second-pass recovered 27 missing trips, 0 still missing
2026-09-08 02:41:00  WARNING   Alert count fetch failed for 5593/5593 trips
2026-09-08 02:41:00  INFO      Summary written to: /root/code/algorithms/app/scripts/camera/trip_agg_analysis_script/output/2026-09-06/632578958264631296/summary.json
2026-09-08 02:41:00  INFO      ===== Trip Aggregation Analysis Summary =====
2026-09-08 02:41:00  INFO      Trips after merge/filters: 3098
2026-09-08 02:41:00  INFO      Completely processed trips: 3098
2026-09-08 02:41:00  INFO      Missing trips in trip_agg: 0
2026-09-08 02:41:00  INFO      Unbroken unmatched trips: 9
2026-09-08 02:41:00  INFO      Broken unmatched trips: 0
2026-09-08 02:41:00  INFO      ----- Step Timings -----
2026-09-08 02:41:00  INFO        fetch_accounts_with_access            0.01s
2026-09-08 02:41:00  INFO        fetch_trip_agg_data                 277.29s
2026-09-08 02:41:00  INFO        get_trips_for_account                24.44s
2026-09-08 02:41:00  INFO        prepare_dataframes                    0.14s
2026-09-08 02:41:00  INFO        analyze_trip_agg                     12.00s
2026-09-08 02:41:00  INFO        analyze_alerts                       13.88s
2026-09-08 02:41:00  INFO        total                               327.75s
2026-09-08 02:41:00  INFO      Reports written to: /root/code/algorithms/app/scripts/camera/trip_agg_analysis_script/output/2026-09-06/632578958264631296
