2026-08-21 02:39:22  INFO      === Starting analysis for account: 1205841794575630336 ===
2026-08-21 02:39:22  INFO      Account name: Chartered Speed-OSRTC
2026-08-21 02:39:22  INFO      [1/1] Fetching trip_agg for account: 1205841794575630336
2026-08-21 02:39:22  INFO      Fetching vehicle page: 1
2026-08-21 02:39:22  INFO      Fetching vehicle page: 2
2026-08-21 02:39:22  INFO      Fetching vehicle page: 3
2026-08-21 02:39:26  INFO      Total vehicles collected for account 1205841794575630336: 1184
2026-08-21 02:40:34  INFO      Total trips collected for account 1205841794575630336: 8918
2026-08-21 02:44:04  INFO        account 1205841794575630336: fetched 9048 records (91 pages)
2026-08-21 02:44:04  INFO      Total trip-agg records collected across 1 accounts: 9048
2026-08-21 02:45:01  WARNING   Alert count fetch failed for 8918/8918 trips
2026-08-21 02:45:02  INFO      Summary written to: /root/code/algorithms/app/scripts/camera/trip_agg_analysis_script/output/2026-08-19/1205841794575630336/summary.json
2026-08-21 02:45:02  INFO      ===== Trip Aggregation Analysis Summary =====
2026-08-21 02:45:02  INFO      Trips after merge/filters: 7434
2026-08-21 02:45:02  INFO      Completely processed trips: 7427
2026-08-21 02:45:02  INFO      Missing trips in trip_agg: 0
2026-08-21 02:45:02  INFO      Unbroken unmatched trips: 0
2026-08-21 02:45:02  INFO      Broken unmatched trips: 22
2026-08-21 02:45:02  INFO      ----- Step Timings -----
2026-08-21 02:45:02  INFO        fetch_accounts_with_access            0.02s
2026-08-21 02:45:02  INFO        fetch_trip_agg_data                 282.71s
2026-08-21 02:45:02  INFO        get_trips_for_account                72.28s
2026-08-21 02:45:02  INFO        prepare_dataframes                    0.40s
2026-08-21 02:45:02  INFO        analyze_trip_agg                     11.39s
2026-08-21 02:45:02  INFO        analyze_alerts                       45.09s
2026-08-21 02:45:02  INFO        total                               411.89s
2026-08-21 02:45:02  INFO      Reports written to: /root/code/algorithms/app/scripts/camera/trip_agg_analysis_script/output/2026-08-19/1205841794575630336
