2026-08-29 02:30:12  INFO      === Starting analysis for account: 649034868264558592 ===
2026-08-29 02:30:12  INFO      Account name: RajRatan Travels
2026-08-29 02:30:12  INFO      [1/1] Fetching trip_agg for account: 649034868264558592
2026-08-29 02:30:12  INFO      Fetching vehicle page: 1
2026-08-29 02:30:12  INFO      Total vehicles collected for account 649034868264558592: 128
2026-08-29 02:30:15  INFO      Total trips collected for account 649034868264558592: 388
2026-08-29 02:31:42  INFO        account 649034868264558592: fetched 528 records (6 pages)
2026-08-29 02:31:42  INFO      Total trip-agg records collected across 1 accounts: 528
2026-08-29 02:31:46  WARNING   Alert count fetch failed for 388/388 trips
2026-08-29 02:31:46  INFO      Summary written to: /root/code/algorithms/app/scripts/camera/trip_agg_analysis_script/output/2026-08-27/649034868264558592/summary.json
2026-08-29 02:31:46  INFO      ===== Trip Aggregation Analysis Summary =====
2026-08-29 02:31:46  INFO      Trips after merge/filters: 242
2026-08-29 02:31:46  INFO      Completely processed trips: 242
2026-08-29 02:31:46  INFO      Missing trips in trip_agg: 0
2026-08-29 02:31:46  INFO      Unbroken unmatched trips: 0
2026-08-29 02:31:46  INFO      Broken unmatched trips: 22
2026-08-29 02:31:46  INFO      ----- Step Timings -----
2026-08-29 02:31:46  INFO        fetch_accounts_with_access            0.03s
2026-08-29 02:31:46  INFO        fetch_trip_agg_data                  89.67s
2026-08-29 02:31:46  INFO        get_trips_for_account                 2.63s
2026-08-29 02:31:46  INFO        prepare_dataframes                    0.04s
2026-08-29 02:31:46  INFO        analyze_trip_agg                      1.12s
2026-08-29 02:31:46  INFO        analyze_alerts                        2.99s
2026-08-29 02:31:46  INFO        total                                96.48s
2026-08-29 02:31:46  INFO      Reports written to: /root/code/algorithms/app/scripts/camera/trip_agg_analysis_script/output/2026-08-27/649034868264558592
