2026-07-24 02:39:07  INFO      === Starting analysis for account: 1205841794575630336 ===
2026-07-24 02:39:07  INFO      Account name: Chartered Speed-OSRTC
2026-07-24 02:39:07  INFO      Fetching trip_agg page: 1
2026-07-24 02:39:07  INFO      Fetching vehicle page: 1
2026-07-24 02:39:07  INFO      Fetching vehicle page: 2
2026-07-24 02:39:08  INFO      Fetching vehicle page: 3
2026-07-24 02:39:08  INFO      Total vehicles collected for account 1205841794575630336: 1184
2026-07-24 02:39:10  INFO      Fetching trip_agg page: 2
2026-07-24 02:39:16  INFO      Fetching trip_agg page: 3
2026-07-24 02:39:18  INFO      Fetching trip_agg page: 4
2026-07-24 02:39:20  INFO      Fetching trip_agg page: 5
2026-07-24 02:39:21  INFO      Fetching trip_agg page: 6
2026-07-24 02:39:23  INFO      Fetching trip_agg page: 7
2026-07-24 02:39:25  INFO      Fetching trip_agg page: 8
2026-07-24 02:39:26  INFO      Fetching trip_agg page: 9
2026-07-24 02:39:28  INFO      Fetching trip_agg page: 10
2026-07-24 02:39:28  INFO      Total trips collected for account 1205841794575630336: 8701
2026-07-24 02:39:30  INFO      Fetching trip_agg page: 11
2026-07-24 02:39:31  INFO      Fetching trip_agg page: 12
2026-07-24 02:39:33  INFO      Fetching trip_agg page: 13
2026-07-24 02:39:35  INFO      Fetching trip_agg page: 14
2026-07-24 02:39:37  INFO      Fetching trip_agg page: 15
2026-07-24 02:39:38  INFO      Fetching trip_agg page: 16
2026-07-24 02:39:40  INFO      Fetching trip_agg page: 17
2026-07-24 02:39:42  INFO      Fetching trip_agg page: 18
2026-07-24 02:39:44  INFO      Total trip-agg records collected: 8842
2026-07-24 02:40:57  INFO      Summary written to: /root/code/algorithms/app/scripts/camera/trip_agg_analysis_script/output/2026-07-22/1205841794575630336/summary.json
2026-07-24 02:40:57  INFO      ===== Trip Aggregation Analysis Summary =====
2026-07-24 02:40:57  INFO      Trips after merge/filters: 7231
2026-07-24 02:40:57  INFO      Completely processed trips: 7226
2026-07-24 02:40:57  INFO      Missing trips in trip_agg: 0
2026-07-24 02:40:57  INFO      Unbroken unmatched trips: 2
2026-07-24 02:40:57  INFO      Broken unmatched trips: 16
2026-07-24 02:40:57  INFO      Top alert mismatches:
         alert_name  mismatch_count  total_joined_trips  mismatch_pct
 seatbelt_violation               1                8701          0.01
         fuel_chori               1                8701          0.01
 distracted_driving               0                8701          0.00
         drowsiness               0                8701          0.00
emergency_recording               0                8701          0.00
2026-07-24 02:40:57  INFO      ----- Step Timings -----
2026-07-24 02:40:57  INFO        fetch_trip_agg_data                  36.90s
2026-07-24 02:40:57  INFO        get_trips_for_account                21.42s
2026-07-24 02:40:57  INFO        prepare_dataframes                    0.49s
2026-07-24 02:40:57  INFO        analyze_trip_agg                      4.04s
2026-07-24 02:40:57  INFO        analyze_alerts                       67.83s
2026-07-24 02:40:57  INFO        total                               130.68s
2026-07-24 02:40:57  INFO      Reports written to: /root/code/algorithms/app/scripts/camera/trip_agg_analysis_script/output/2026-07-22/1205841794575630336
