2026-07-12 02:35:03  INFO      === Starting analysis for account: 1205841794575630336 ===
2026-07-12 02:35:03  INFO      Account name: Chartered Speed-OSRTC
2026-07-12 02:35:03  INFO      Fetching trip_agg page: 1
2026-07-12 02:35:03  INFO      Fetching vehicle page: 1
2026-07-12 02:35:03  INFO      Fetching vehicle page: 2
2026-07-12 02:35:04  INFO      Fetching vehicle page: 3
2026-07-12 02:35:04  INFO      Fetching trip_agg page: 2
2026-07-12 02:35:04  INFO      Total vehicles collected for account 1205841794575630336: 1184
2026-07-12 02:35:06  INFO      Fetching trip_agg page: 3
2026-07-12 02:35:08  INFO      Fetching trip_agg page: 4
2026-07-12 02:35:09  INFO      Fetching trip_agg page: 5
2026-07-12 02:35:11  INFO      Fetching trip_agg page: 6
2026-07-12 02:35:12  INFO      Fetching trip_agg page: 7
2026-07-12 02:35:13  INFO      Fetching trip_agg page: 8
2026-07-12 02:35:14  INFO      Fetching trip_agg page: 9
2026-07-12 02:35:15  INFO      Fetching trip_agg page: 10
2026-07-12 02:35:16  INFO      Fetching trip_agg page: 11
2026-07-12 02:35:16  INFO      Total trips collected for account 1205841794575630336: 8436
2026-07-12 02:35:17  INFO      Fetching trip_agg page: 12
2026-07-12 02:35:18  INFO      Fetching trip_agg page: 13
2026-07-12 02:35:20  INFO      Fetching trip_agg page: 14
2026-07-12 02:35:21  INFO      Fetching trip_agg page: 15
2026-07-12 02:35:22  INFO      Fetching trip_agg page: 16
2026-07-12 02:35:23  INFO      Fetching trip_agg page: 17
2026-07-12 02:35:24  INFO      Fetching trip_agg page: 18
2026-07-12 02:35:27  INFO      Total trip-agg records collected: 8566
2026-07-12 02:36:08  INFO      Summary written to: /root/code/algorithms/app/scripts/camera/trip_agg_analysis_script/output/2026-07-10/1205841794575630336/summary.json
2026-07-12 02:36:08  INFO      ===== Trip Aggregation Analysis Summary =====
2026-07-12 02:36:08  INFO      Trips after merge/filters: 7053
2026-07-12 02:36:08  INFO      Completely processed trips: 7046
2026-07-12 02:36:08  INFO      Missing trips in trip_agg: 0
2026-07-12 02:36:08  INFO      Unbroken unmatched trips: 0
2026-07-12 02:36:08  INFO      Broken unmatched trips: 12
2026-07-12 02:36:08  INFO      Top alert mismatches:
         alert_name  mismatch_count  total_joined_trips  mismatch_pct
        eyes_closed               8                8436          0.09
 seatbelt_violation               3                8436          0.04
 distracted_driving               1                8436          0.01
         drowsiness               0                8436          0.00
emergency_recording               0                8436          0.00
2026-07-12 02:36:08  INFO      ----- Step Timings -----
2026-07-12 02:36:08  INFO        fetch_trip_agg_data                  24.36s
2026-07-12 02:36:08  INFO        get_trips_for_account                13.95s
2026-07-12 02:36:08  INFO        prepare_dataframes                    0.31s
2026-07-12 02:36:08  INFO        analyze_trip_agg                      2.69s
2026-07-12 02:36:08  INFO        analyze_alerts                       37.61s
2026-07-12 02:36:08  INFO        total                                78.91s
2026-07-12 02:36:08  INFO      Reports written to: /root/code/algorithms/app/scripts/camera/trip_agg_analysis_script/output/2026-07-10/1205841794575630336
