2026-07-31 02:36:22  INFO      === Starting analysis for account: 1205841794575630336 ===
2026-07-31 02:36:22  INFO      Account name: Chartered Speed-OSRTC
2026-07-31 02:36:22  INFO      Fetching trip_agg page: 1
2026-07-31 02:36:22  INFO      Fetching vehicle page: 1
2026-07-31 02:36:23  INFO      Fetching vehicle page: 2
2026-07-31 02:36:23  INFO      Fetching vehicle page: 3
2026-07-31 02:36:23  INFO      Total vehicles collected for account 1205841794575630336: 1184
2026-07-31 02:36:28  INFO      Fetching trip_agg page: 2
2026-07-31 02:36:36  INFO      Total trips collected for account 1205841794575630336: 7994
2026-07-31 02:36:37  INFO      Fetching trip_agg page: 3
2026-07-31 02:36:39  INFO      Fetching trip_agg page: 4
2026-07-31 02:36:40  INFO      Fetching trip_agg page: 5
2026-07-31 02:36:42  INFO      Fetching trip_agg page: 6
2026-07-31 02:36:44  INFO      Fetching trip_agg page: 7
2026-07-31 02:36:45  INFO      Fetching trip_agg page: 8
2026-07-31 02:36:47  INFO      Fetching trip_agg page: 9
2026-07-31 02:36:48  INFO      Fetching trip_agg page: 10
2026-07-31 02:36:50  INFO      Fetching trip_agg page: 11
2026-07-31 02:36:52  INFO      Fetching trip_agg page: 12
2026-07-31 02:36:54  INFO      Fetching trip_agg page: 13
2026-07-31 02:36:55  INFO      Fetching trip_agg page: 14
2026-07-31 02:36:56  INFO      Fetching trip_agg page: 15
2026-07-31 02:36:57  INFO      Fetching trip_agg page: 16
2026-07-31 02:36:58  INFO      Fetching trip_agg page: 17
2026-07-31 02:36:59  INFO      Total trip-agg records collected: 8083
2026-07-31 02:37:37  INFO      Summary written to: /root/code/algorithms/app/scripts/camera/trip_agg_analysis_script/output/2026-07-29/1205841794575630336/summary.json
2026-07-31 02:37:37  INFO      ===== Trip Aggregation Analysis Summary =====
2026-07-31 02:37:37  INFO      Trips after merge/filters: 6688
2026-07-31 02:37:37  INFO      Completely processed trips: 6677
2026-07-31 02:37:37  INFO      Missing trips in trip_agg: 0
2026-07-31 02:37:37  INFO      Unbroken unmatched trips: 0
2026-07-31 02:37:37  INFO      Broken unmatched trips: 11
2026-07-31 02:37:37  INFO      Top alert mismatches:
        alert_name  mismatch_count  total_joined_trips  mismatch_pct
       eyes_closed               9                7994          0.11
seatbelt_violation               5                7994          0.06
               fcw               1                7994          0.01
        over_speed               1                7994          0.01
distracted_driving               0                7994          0.00
2026-07-31 02:37:37  INFO      ----- Step Timings -----
2026-07-31 02:37:37  INFO        fetch_trip_agg_data                  36.75s
2026-07-31 02:37:37  INFO        get_trips_for_account                13.16s
2026-07-31 02:37:37  INFO        prepare_dataframes                    0.19s
2026-07-31 02:37:37  INFO        analyze_trip_agg                      5.25s
2026-07-31 02:37:37  INFO        analyze_alerts                       31.70s
2026-07-31 02:37:37  INFO        total                                87.05s
2026-07-31 02:37:37  INFO      Reports written to: /root/code/algorithms/app/scripts/camera/trip_agg_analysis_script/output/2026-07-29/1205841794575630336
