2026-08-30 02:37:41  INFO      === Starting analysis for account: 642689989225816064 ===
2026-08-30 02:37:41  INFO      Account name: Indore Intercity
2026-08-30 02:37:41  INFO      [1/1] Fetching trip_agg for account: 642689989225816064
2026-08-30 02:37:41  INFO      Fetching vehicle page: 1
2026-08-30 02:37:41  INFO      Total vehicles collected for account 642689989225816064: 230
2026-08-30 02:37:45  INFO      Total trips collected for account 642689989225816064: 841
2026-08-30 02:38:25  INFO        account 642689989225816064: fetched 898 records (9 pages)
2026-08-30 02:38:25  INFO      Total trip-agg records collected across 1 accounts: 898
2026-08-30 02:38:30  WARNING   Alert count fetch failed for 841/841 trips
2026-08-30 02:38:30  INFO      Summary written to: /root/code/algorithms/app/scripts/camera/trip_agg_analysis_script/output/2026-08-28/642689989225816064/summary.json
2026-08-30 02:38:30  INFO      ===== Trip Aggregation Analysis Summary =====
2026-08-30 02:38:30  INFO      Trips after merge/filters: 465
2026-08-30 02:38:30  INFO      Completely processed trips: 465
2026-08-30 02:38:30  INFO      Missing trips in trip_agg: 0
2026-08-30 02:38:30  INFO      Unbroken unmatched trips: 0
2026-08-30 02:38:30  INFO      Broken unmatched trips: 17
2026-08-30 02:38:30  INFO      ----- Step Timings -----
2026-08-30 02:38:30  INFO        fetch_accounts_with_access            0.03s
2026-08-30 02:38:30  INFO        fetch_trip_agg_data                  44.24s
2026-08-30 02:38:30  INFO        get_trips_for_account                 3.48s
2026-08-30 02:38:30  INFO        prepare_dataframes                    0.02s
2026-08-30 02:38:30  INFO        analyze_trip_agg                      1.70s
2026-08-30 02:38:30  INFO        analyze_alerts                        2.76s
2026-08-30 02:38:30  INFO        total                                52.24s
2026-08-30 02:38:30  INFO      Reports written to: /root/code/algorithms/app/scripts/camera/trip_agg_analysis_script/output/2026-08-28/642689989225816064
