2026-09-12 03:10:22  INFO      === Starting analysis for account: 632578958264631296 ===
2026-09-12 03:10:22  INFO      Account name: K M Translogistics  Pvt Ltd ( KMT)
2026-09-12 03:10:22  INFO      [1/1] Fetching trip_agg for account: 632578958264631296
2026-09-12 03:10:22  INFO      Fetching vehicle page: 1
2026-09-12 03:10:22  INFO      Fetching vehicle page: 2
2026-09-12 03:10:30  INFO      Fetching vehicle page: 3
2026-09-12 03:10:30  INFO      Fetching vehicle page: 4
2026-09-12 03:10:32  INFO      Fetching vehicle page: 5
2026-09-12 03:10:32  INFO      Total vehicles collected for account 632578958264631296: 2000
2026-09-12 03:11:19  INFO      Total trips collected for account 632578958264631296: 6118
2026-09-12 03:14:30  INFO        account 632578958264631296: fetched 6226 records (63 pages)
2026-09-12 03:14:30  INFO      Total trip-agg records collected across 1 accounts: 6226
2026-09-12 03:14:40  INFO      Attempting second-pass fetch for 20 missing trips by trip_id
2026-09-12 03:14:41  WARNING   Second-pass fetch returned no records for 20 missing trips
2026-09-12 03:15:01  WARNING   Alert count fetch failed for 6118/6118 trips
2026-09-12 03:15:01  INFO      Summary written to: /root/code/algorithms/app/scripts/camera/trip_agg_analysis_script/output/2026-09-10/632578958264631296/summary.json
2026-09-12 03:15:01  INFO      ===== Trip Aggregation Analysis Summary =====
2026-09-12 03:15:01  INFO      Trips after merge/filters: 2974
2026-09-12 03:15:01  INFO      Completely processed trips: 2974
2026-09-12 03:15:01  INFO      Missing trips in trip_agg: 20
2026-09-12 03:15:01  INFO      Unbroken unmatched trips: 2
2026-09-12 03:15:01  INFO      Broken unmatched trips: 0
2026-09-12 03:15:01  INFO      ----- Step Timings -----
2026-09-12 03:15:01  INFO        fetch_accounts_with_access            0.01s
2026-09-12 03:15:01  INFO        fetch_trip_agg_data                 248.08s
2026-09-12 03:15:01  INFO        get_trips_for_account                57.10s
2026-09-12 03:15:01  INFO        prepare_dataframes                    0.16s
2026-09-12 03:15:01  INFO        analyze_trip_agg                     10.79s
2026-09-12 03:15:01  INFO        analyze_alerts                       20.49s
2026-09-12 03:15:01  INFO        total                               336.62s
2026-09-12 03:15:01  INFO      Reports written to: /root/code/algorithms/app/scripts/camera/trip_agg_analysis_script/output/2026-09-10/632578958264631296
