2026-09-03 02:37:33  INFO      === Starting analysis for account: 632578958264631296 ===
2026-09-03 02:37:33  INFO      Account name: K M Translogistics  Pvt Ltd ( KMT)
2026-09-03 02:37:33  INFO      [1/1] Fetching trip_agg for account: 632578958264631296
2026-09-03 02:37:33  INFO      Fetching vehicle page: 1
2026-09-03 02:37:33  INFO      Fetching vehicle page: 2
2026-09-03 02:37:33  INFO      Fetching vehicle page: 3
2026-09-03 02:37:35  INFO      Fetching vehicle page: 4
2026-09-03 02:37:36  INFO      Total vehicles collected for account 632578958264631296: 1993
2026-09-03 02:37:46  INFO      Total trips collected for account 632578958264631296: 5827
2026-09-03 02:41:37  INFO        account 632578958264631296: fetched 5913 records (60 pages)
2026-09-03 02:41:37  INFO      Total trip-agg records collected across 1 accounts: 5913
2026-09-03 02:41:46  INFO      Attempting second-pass fetch for 24 missing trips by trip_id
2026-09-03 02:41:49  INFO      Second-pass recovered 24 missing trips, 0 still missing
2026-09-03 02:42:05  WARNING   Alert count fetch failed for 5827/5827 trips
2026-09-03 02:42:05  INFO      Summary written to: /root/code/algorithms/app/scripts/camera/trip_agg_analysis_script/output/2026-09-01/632578958264631296/summary.json
2026-09-03 02:42:05  INFO      ===== Trip Aggregation Analysis Summary =====
2026-09-03 02:42:05  INFO      Trips after merge/filters: 3026
2026-09-03 02:42:05  INFO      Completely processed trips: 3024
2026-09-03 02:42:05  INFO      Missing trips in trip_agg: 0
2026-09-03 02:42:05  INFO      Unbroken unmatched trips: 2
2026-09-03 02:42:05  INFO      Broken unmatched trips: 0
2026-09-03 02:42:05  INFO      ----- Step Timings -----
2026-09-03 02:42:05  INFO        fetch_accounts_with_access            0.01s
2026-09-03 02:42:05  INFO        fetch_trip_agg_data                 243.76s
2026-09-03 02:42:05  INFO        get_trips_for_account                13.48s
2026-09-03 02:42:05  INFO        prepare_dataframes                    0.16s
2026-09-03 02:42:05  INFO        analyze_trip_agg                     12.30s
2026-09-03 02:42:05  INFO        analyze_alerts                       16.00s
2026-09-03 02:42:05  INFO        total                               285.71s
2026-09-03 02:42:05  INFO      Reports written to: /root/code/algorithms/app/scripts/camera/trip_agg_analysis_script/output/2026-09-01/632578958264631296
