2026-05-16 08:00:05  INFO      === Starting analysis for account: 649034868264558592 ===
2026-05-16 08:00:05  INFO      Account name: RajRatan Travels
2026-05-16 08:00:05  INFO      Fetching trip_agg page: 1
2026-05-16 08:00:05  INFO      Fetching vehicle page: 1
2026-05-16 08:00:05  INFO      Total vehicles collected for account 649034868264558592: 126
2026-05-16 08:00:08  INFO      Total trips collected for account 649034868264558592: 279
2026-05-16 08:00:26  INFO      Total trip-agg records collected: 401
2026-05-16 08:00:30  WARNING   Alert count fetch failed for 279/279 trips
2026-05-16 08:00:30  INFO      Summary written to: /root/code/algorithms/app/scripts/camera/trip_agg_analysis_script/output/2026-05-14/649034868264558592/summary.json
2026-05-16 08:00:30  INFO      ===== Trip Aggregation Analysis Summary =====
2026-05-16 08:00:30  INFO      Trips after merge/filters: 162
2026-05-16 08:00:30  INFO      Completely processed trips: 161
2026-05-16 08:00:30  INFO      Missing trips in trip_agg: 2
2026-05-16 08:00:30  INFO      Unbroken unmatched trips: 0
2026-05-16 08:00:30  INFO      Broken unmatched trips: 1
2026-05-16 08:00:30  INFO      ----- Step Timings -----
2026-05-16 08:00:30  INFO        fetch_trip_agg_data                  21.25s
2026-05-16 08:00:30  INFO        get_trips_for_account                 2.83s
2026-05-16 08:00:30  INFO        prepare_dataframes                    0.04s
2026-05-16 08:00:30  INFO        analyze_trip_agg                      0.63s
2026-05-16 08:00:30  INFO        analyze_alerts                        2.91s
2026-05-16 08:00:30  INFO        total                                27.67s
2026-05-16 08:00:30  INFO      Reports written to: /root/code/algorithms/app/scripts/camera/trip_agg_analysis_script/output/2026-05-14/649034868264558592
