2026-04-14 08:04:01  INFO      === Starting analysis for account: 649034868264558592 ===
2026-04-14 08:04:01  INFO      Account name: RajRatan Travels
2026-04-14 08:04:01  INFO      Fetching trip_agg page: 1
2026-04-14 08:04:01  INFO      Fetching vehicle page: 1
2026-04-14 08:04:01  INFO      Total vehicles collected for account 649034868264558592: 120
2026-04-14 08:04:10  INFO      Total trips collected for account 649034868264558592: 321
2026-04-14 08:06:09  INFO      Total trip-agg records collected: 450
2026-04-14 08:06:12  INFO      Summary written to: /root/code/algorithms/app/scripts/camera/trip_agg_analysis_script/output/2026-04-12/649034868264558592/summary.json
2026-04-14 08:06:12  INFO      ===== Trip Aggregation Analysis Summary =====
2026-04-14 08:06:12  INFO      Trips after merge/filters: 195
2026-04-14 08:06:12  INFO      Completely processed trips: 195
2026-04-14 08:06:12  INFO      Missing trips in trip_agg: 1
2026-04-14 08:06:12  INFO      Unbroken unmatched trips: 0
2026-04-14 08:06:12  INFO      Broken unmatched trips: 5
2026-04-14 08:06:12  INFO      Top alert mismatches:
        alert_name  mismatch_count  total_joined_trips  mismatch_pct
            idling               4                 320          1.25
               fcw               2                 320          0.62
distracted_driving               1                 320          0.31
       eyes_closed               1                 320          0.31
      mobile_phone               1                 320          0.31
2026-04-14 08:06:12  INFO      ----- Step Timings -----
2026-04-14 08:06:12  INFO        fetch_trip_agg_data                 128.42s
2026-04-14 08:06:12  INFO        get_trips_for_account                 9.75s
2026-04-14 08:06:12  INFO        prepare_dataframes                    0.04s
2026-04-14 08:06:12  INFO        analyze_trip_agg                      0.42s
2026-04-14 08:06:12  INFO        analyze_alerts                        2.86s
2026-04-14 08:06:12  INFO        total                               141.50s
2026-04-14 08:06:12  INFO      Reports written to: /root/code/algorithms/app/scripts/camera/trip_agg_analysis_script/output/2026-04-12/649034868264558592
