2026-09-04 02:31:58  INFO      === Starting analysis for account: 632578958264631296 ===
2026-09-04 02:31:58  INFO      Account name: K M Translogistics  Pvt Ltd ( KMT)
2026-09-04 02:31:58  INFO      [1/1] Fetching trip_agg for account: 632578958264631296
2026-09-04 02:31:58  INFO      Fetching vehicle page: 1
2026-09-04 02:31:58  INFO      Fetching vehicle page: 2
2026-09-04 02:31:59  INFO      Fetching vehicle page: 3
2026-09-04 02:31:59  INFO      Fetching vehicle page: 4
2026-09-04 02:31:59  INFO      Total vehicles collected for account 632578958264631296: 1993
2026-09-04 02:32:12  INFO      Total trips collected for account 632578958264631296: 6178
2026-09-04 02:40:04  INFO        account 632578958264631296: fetched 6247 records (63 pages)
2026-09-04 02:40:04  INFO      Total trip-agg records collected across 1 accounts: 6247
2026-09-04 02:40:16  INFO      Attempting second-pass fetch for 32 missing trips by trip_id
2026-09-04 02:40:16  INFO      Second-pass recovered 32 missing trips, 0 still missing
2026-09-04 02:40:39  WARNING   Alert count fetch failed for 6178/6178 trips
2026-09-04 02:40:39  INFO      Summary written to: /root/code/algorithms/app/scripts/camera/trip_agg_analysis_script/output/2026-09-02/632578958264631296/summary.json
2026-09-04 02:40:39  INFO      ===== Trip Aggregation Analysis Summary =====
2026-09-04 02:40:39  INFO      Trips after merge/filters: 3045
2026-09-04 02:40:39  INFO      Completely processed trips: 3045
2026-09-04 02:40:39  INFO      Missing trips in trip_agg: 0
2026-09-04 02:40:39  INFO      Unbroken unmatched trips: 1
2026-09-04 02:40:39  INFO      Broken unmatched trips: 0
2026-09-04 02:40:39  INFO      ----- Step Timings -----
2026-09-04 02:40:39  INFO        fetch_accounts_with_access            0.02s
2026-09-04 02:40:39  INFO        fetch_trip_agg_data                 486.28s
2026-09-04 02:40:39  INFO        get_trips_for_account                14.29s
2026-09-04 02:40:39  INFO        prepare_dataframes                    0.26s
2026-09-04 02:40:39  INFO        analyze_trip_agg                     11.68s
2026-09-04 02:40:39  INFO        analyze_alerts                       22.49s
2026-09-04 02:40:39  INFO        total                               535.02s
2026-09-04 02:40:39  INFO      Reports written to: /root/code/algorithms/app/scripts/camera/trip_agg_analysis_script/output/2026-09-02/632578958264631296
