2026-10-03 02:44:14  INFO      === Starting analysis for account: 642689989225816064 ===
2026-10-03 02:44:14  INFO      Account name: Indore Intercity
2026-10-03 02:44:14  INFO      [1/1] Fetching trip_agg for account: 642689989225816064
2026-10-03 02:44:14  INFO      Fetching vehicle page: 1
2026-10-03 02:44:14  INFO      Total vehicles collected for account 642689989225816064: 229
2026-10-03 02:44:16  INFO      Total trips collected for account 642689989225816064: 508
2026-10-03 02:44:37  INFO        account 642689989225816064: fetched 578 records (6 pages)
2026-10-03 02:44:37  INFO      Total trip-agg records collected across 1 accounts: 578
2026-10-03 02:44:41  WARNING   Alert count fetch failed for 508/508 trips
2026-10-03 02:44:41  INFO      Summary written to: /root/code/algorithms/app/scripts/camera/trip_agg_analysis_script/output/2026-10-01/642689989225816064/summary.json
2026-10-03 02:44:41  INFO      ===== Trip Aggregation Analysis Summary =====
2026-10-03 02:44:41  INFO      Trips after merge/filters: 257
2026-10-03 02:44:41  INFO      Completely processed trips: 257
2026-10-03 02:44:41  INFO      Missing trips in trip_agg: 0
2026-10-03 02:44:41  INFO      Unbroken unmatched trips: 0
2026-10-03 02:44:41  INFO      Broken unmatched trips: 23
2026-10-03 02:44:41  INFO      ----- Step Timings -----
2026-10-03 02:44:41  INFO        fetch_accounts_with_access            0.01s
2026-10-03 02:44:41  INFO        fetch_trip_agg_data                  23.04s
2026-10-03 02:44:41  INFO        get_trips_for_account                 2.01s
2026-10-03 02:44:41  INFO        prepare_dataframes                    0.02s
2026-10-03 02:44:41  INFO        analyze_trip_agg                      1.70s
2026-10-03 02:44:41  INFO        analyze_alerts                        3.02s
2026-10-03 02:44:41  INFO        total                                29.79s
2026-10-03 02:44:41  INFO      Reports written to: /root/code/algorithms/app/scripts/camera/trip_agg_analysis_script/output/2026-10-01/642689989225816064
