2026-09-09 02:48:42  INFO      === Starting analysis for account: 1205841794575630336 ===
2026-09-09 02:48:42  INFO      Account name: Chartered Speed-OSRTC
2026-09-09 02:48:42  INFO      [1/1] Fetching trip_agg for account: 1205841794575630336
2026-09-09 02:48:42  INFO      Fetching vehicle page: 1
2026-09-09 02:48:42  INFO      Fetching vehicle page: 2
2026-09-09 02:48:43  INFO      Fetching vehicle page: 3
2026-09-09 02:48:46  INFO      Total vehicles collected for account 1205841794575630336: 1184
2026-09-09 02:49:21  INFO      Total trips collected for account 1205841794575630336: 8314
2026-09-09 02:53:56  INFO        account 1205841794575630336: fetched 8433 records (85 pages)
2026-09-09 02:53:56  INFO      Total trip-agg records collected across 1 accounts: 8433
2026-09-09 02:56:28  WARNING   Alert count fetch failed for 8314/8314 trips
2026-09-09 02:56:30  INFO      Summary written to: /root/code/algorithms/app/scripts/camera/trip_agg_analysis_script/output/2026-09-07/1205841794575630336/summary.json
2026-09-09 02:56:30  INFO      ===== Trip Aggregation Analysis Summary =====
2026-09-09 02:56:30  INFO      Trips after merge/filters: 6911
2026-09-09 02:56:30  INFO      Completely processed trips: 6903
2026-09-09 02:56:30  INFO      Missing trips in trip_agg: 0
2026-09-09 02:56:30  INFO      Unbroken unmatched trips: 0
2026-09-09 02:56:30  INFO      Broken unmatched trips: 22
2026-09-09 02:56:30  INFO      ----- Step Timings -----
2026-09-09 02:56:30  INFO        fetch_accounts_with_access            0.02s
2026-09-09 02:56:30  INFO        fetch_trip_agg_data                 314.51s
2026-09-09 02:56:30  INFO        get_trips_for_account                39.18s
2026-09-09 02:56:30  INFO        prepare_dataframes                    1.16s
2026-09-09 02:56:30  INFO        analyze_trip_agg                     13.58s
2026-09-09 02:56:30  INFO        analyze_alerts                      136.66s
2026-09-09 02:56:30  INFO        total                               505.11s
2026-09-09 02:56:30  INFO      Reports written to: /root/code/algorithms/app/scripts/camera/trip_agg_analysis_script/output/2026-09-07/1205841794575630336
