2026-05-03 08:07:35  INFO      === Starting analysis for account: 632578958264631296 ===
2026-05-03 08:07:35  INFO      Account name: K M Translogistics  Pvt Ltd ( KMT)
2026-05-03 08:07:35  INFO      Fetching trip_agg page: 1
2026-05-03 08:07:35  INFO      Fetching vehicle page: 1
2026-05-03 08:07:35  INFO      Fetching vehicle page: 2
2026-05-03 08:07:36  INFO      Fetching vehicle page: 3
2026-05-03 08:07:36  INFO      Fetching vehicle page: 4
2026-05-03 08:07:36  INFO      Total vehicles collected for account 632578958264631296: 1918
2026-05-03 08:07:48  INFO      Total trips collected for account 632578958264631296: 4507
2026-05-03 08:08:08  INFO      Fetching trip_agg page: 2
2026-05-03 08:08:09  INFO      Fetching trip_agg page: 3
2026-05-03 08:08:10  INFO      Fetching trip_agg page: 4
2026-05-03 08:08:35  INFO      Fetching trip_agg page: 5
2026-05-03 08:08:36  INFO      Fetching trip_agg page: 6
2026-05-03 08:08:37  INFO      Fetching trip_agg page: 7
2026-05-03 08:08:39  INFO      Fetching trip_agg page: 8
2026-05-03 08:08:40  INFO      Fetching trip_agg page: 9
2026-05-03 08:08:41  INFO      Fetching trip_agg page: 10
2026-05-03 08:08:55  INFO      Total trip-agg records collected: 4520
2026-05-03 08:09:26  INFO      Summary written to: /root/code/algorithms/app/scripts/camera/trip_agg_analysis_script/output/2026-05-01/632578958264631296/summary.json
2026-05-03 08:09:26  INFO      ===== Trip Aggregation Analysis Summary =====
2026-05-03 08:09:26  INFO      Trips after merge/filters: 2190
2026-05-03 08:09:26  INFO      Completely processed trips: 2190
2026-05-03 08:09:26  INFO      Missing trips in trip_agg: 22
2026-05-03 08:09:26  INFO      Unbroken unmatched trips: 0
2026-05-03 08:09:26  INFO      Broken unmatched trips: 0
2026-05-03 08:09:26  INFO      Top alert mismatches:
         alert_name  mismatch_count  total_joined_trips  mismatch_pct
unscheduled_driving              14                4485          0.31
         fuel_chori               3                4485          0.07
       slow_running               2                4485          0.04
             idling               0                4485          0.00
         over_speed               0                4485          0.00
2026-05-03 08:09:26  INFO      ----- Step Timings -----
2026-05-03 08:09:26  INFO        fetch_trip_agg_data                  79.97s
2026-05-03 08:09:26  INFO        get_trips_for_account                12.53s
2026-05-03 08:09:26  INFO        prepare_dataframes                    0.20s
2026-05-03 08:09:26  INFO        analyze_trip_agg                      1.61s
2026-05-03 08:09:26  INFO        analyze_alerts                       28.91s
2026-05-03 08:09:26  INFO        total                               123.22s
2026-05-03 08:09:26  INFO      Reports written to: /root/code/algorithms/app/scripts/camera/trip_agg_analysis_script/output/2026-05-01/632578958264631296
