2026-03-25 08:00:04  INFO      === Starting analysis for account: 649034868264558592 ===
2026-03-25 08:00:04  INFO      Account name: RajRatan Travels
2026-03-25 08:00:04  INFO      Fetching trip_agg page: 1
2026-03-25 08:00:04  INFO      Fetching vehicle page: 1
2026-03-25 08:00:05  INFO      Total vehicles collected for account 649034868264558592: 118
2026-03-25 08:00:08  INFO      Total trips collected for account 649034868264558592: 313
2026-03-25 08:00:58  INFO      Total trip-agg records collected: 431
2026-03-25 08:01:14  INFO      Summary written to: /root/code/algorithms/app/scripts/camera/trip_agg_analysis_script/output/2026-03-23/649034868264558592/summary.json
2026-03-25 08:01:14  INFO      ===== Trip Aggregation Analysis Summary =====
2026-03-25 08:01:14  INFO      Trips after merge/filters: 166
2026-03-25 08:01:14  INFO      Completely processed trips: 166
2026-03-25 08:01:14  INFO      Missing trips in trip_agg: 2
2026-03-25 08:01:14  INFO      Unbroken unmatched trips: 0
2026-03-25 08:01:14  INFO      Broken unmatched trips: 2
2026-03-25 08:01:14  INFO      Top alert mismatches:
         alert_name  mismatch_count  total_joined_trips  mismatch_pct
             idling               3                 311          0.96
 distracted_driving               0                 311          0.00
         drowsiness               0                 311          0.00
emergency_recording               0                 311          0.00
        eyes_closed               0                 311          0.00
2026-03-25 08:01:14  INFO      ----- Step Timings -----
2026-03-25 08:01:14  INFO        fetch_trip_agg_data                  53.91s
2026-03-25 08:01:14  INFO        get_trips_for_account                 3.48s
2026-03-25 08:01:14  INFO        prepare_dataframes                    0.04s
2026-03-25 08:01:14  INFO        analyze_trip_agg                     12.10s
2026-03-25 08:01:14  INFO        analyze_alerts                        3.29s
2026-03-25 08:01:14  INFO        total                                72.82s
2026-03-25 08:01:14  INFO      Reports written to: /root/code/algorithms/app/scripts/camera/trip_agg_analysis_script/output/2026-03-23/649034868264558592
