2026-08-12 02:30:06  INFO      === Starting analysis for account: 649034868264558592 ===
2026-08-12 02:30:06  INFO      Account name: RajRatan Travels
2026-08-12 02:30:06  INFO      [1/1] Fetching trip_agg for account: 649034868264558592
2026-08-12 02:30:06  INFO      Fetching vehicle page: 1
2026-08-12 02:30:07  INFO      Total vehicles collected for account 649034868264558592: 128
2026-08-12 02:30:09  INFO      Total trips collected for account 649034868264558592: 307
2026-08-12 02:34:31  ERROR     Request failed after 3 attempts: http://internal-apis.intangles.com/trip/aggregated?account_id=649034868264558592&pnum=5&psize=100&start_time=1786320000000&end_time=1786406399000 | error: 504 Server Error: Gateway Time-out for url: http://internal-apis.intangles.com/trip/aggregated?account_id=649034868264558592&pnum=5&psize=100&start_time=1786320000000&end_time=1786406399000
2026-08-12 02:34:31  WARNING     page 5 failed (1/3 consecutive)
2026-08-12 02:35:41  INFO        account 649034868264558592: fetched 400 records (6 pages)
2026-08-12 02:35:41  INFO      Total trip-agg records collected across 1 accounts: 400
2026-08-12 02:35:44  WARNING   Alert count fetch failed for 307/307 trips
2026-08-12 02:35:44  INFO      Summary written to: /root/code/algorithms/app/scripts/camera/trip_agg_analysis_script/output/2026-08-10/649034868264558592/summary.json
2026-08-12 02:35:44  INFO      ===== Trip Aggregation Analysis Summary =====
2026-08-12 02:35:44  INFO      Trips after merge/filters: 157
2026-08-12 02:35:44  INFO      Completely processed trips: 157
2026-08-12 02:35:44  INFO      Missing trips in trip_agg: 0
2026-08-12 02:35:44  INFO      Unbroken unmatched trips: 0
2026-08-12 02:35:44  INFO      Broken unmatched trips: 16
2026-08-12 02:35:44  INFO      ----- Step Timings -----
2026-08-12 02:35:44  INFO        fetch_accounts_with_access            0.03s
2026-08-12 02:35:44  INFO        fetch_trip_agg_data                 334.92s
2026-08-12 02:35:44  INFO        get_trips_for_account                 2.38s
2026-08-12 02:35:44  INFO        prepare_dataframes                    0.02s
2026-08-12 02:35:44  INFO        analyze_trip_agg                      0.86s
2026-08-12 02:35:44  INFO        analyze_alerts                        2.03s
2026-08-12 02:35:44  INFO        total                               340.25s
2026-08-12 02:35:44  INFO      Reports written to: /root/code/algorithms/app/scripts/camera/trip_agg_analysis_script/output/2026-08-10/649034868264558592
