2026-10-01 02:52:59  INFO      === Starting analysis for account: 642689989225816064 ===
2026-10-01 02:52:59  INFO      Account name: Indore Intercity
2026-10-01 02:52:59  INFO      [1/1] Fetching trip_agg for account: 642689989225816064
2026-10-01 02:52:59  INFO      Fetching vehicle page: 1
2026-10-01 02:53:00  INFO      Total vehicles collected for account 642689989225816064: 229
2026-10-01 02:53:31  INFO        account 642689989225816064: fetched 650 records (7 pages)
2026-10-01 02:53:31  INFO      Total trip-agg records collected across 1 accounts: 650
2026-10-01 02:54:03  INFO      Total trips collected for account 642689989225816064: 588
2026-10-01 02:54:09  WARNING   Alert count fetch failed for 588/588 trips
2026-10-01 02:54:09  INFO      Summary written to: /root/code/algorithms/app/scripts/camera/trip_agg_analysis_script/output/2026-09-29/642689989225816064/summary.json
2026-10-01 02:54:09  INFO      ===== Trip Aggregation Analysis Summary =====
2026-10-01 02:54:09  INFO      Trips after merge/filters: 281
2026-10-01 02:54:09  INFO      Completely processed trips: 281
2026-10-01 02:54:09  INFO      Missing trips in trip_agg: 0
2026-10-01 02:54:09  INFO      Unbroken unmatched trips: 0
2026-10-01 02:54:09  INFO      Broken unmatched trips: 13
2026-10-01 02:54:09  INFO      ----- Step Timings -----
2026-10-01 02:54:09  INFO        fetch_accounts_with_access            0.01s
2026-10-01 02:54:09  INFO        fetch_trip_agg_data                  32.66s
2026-10-01 02:54:09  INFO        get_trips_for_account                64.39s
2026-10-01 02:54:09  INFO        prepare_dataframes                    0.03s
2026-10-01 02:54:09  INFO        analyze_trip_agg                      3.67s
2026-10-01 02:54:09  INFO        analyze_alerts                        2.24s
2026-10-01 02:54:09  INFO        total                               103.01s
2026-10-01 02:54:09  INFO      Reports written to: /root/code/algorithms/app/scripts/camera/trip_agg_analysis_script/output/2026-09-29/642689989225816064
