2026-04-30 08:03:27  INFO      === Starting analysis for account: 649034868264558592 ===
2026-04-30 08:03:27  INFO      Account name: RajRatan Travels
2026-04-30 08:03:27  INFO      Fetching trip_agg page: 1
2026-04-30 08:03:27  INFO      Fetching vehicle page: 1
2026-04-30 08:03:27  INFO      Total vehicles collected for account 649034868264558592: 122
2026-04-30 08:04:24  INFO      Total trips collected for account 649034868264558592: 278
2026-04-30 08:06:10  INFO      Total trip-agg records collected: 395
2026-04-30 08:06:13  INFO      Summary written to: /root/code/algorithms/app/scripts/camera/trip_agg_analysis_script/output/2026-04-28/649034868264558592/summary.json
2026-04-30 08:06:13  INFO      ===== Trip Aggregation Analysis Summary =====
2026-04-30 08:06:13  INFO      Trips after merge/filters: 160
2026-04-30 08:06:13  INFO      Completely processed trips: 159
2026-04-30 08:06:13  INFO      Missing trips in trip_agg: 2
2026-04-30 08:06:13  INFO      Unbroken unmatched trips: 0
2026-04-30 08:06:13  INFO      Broken unmatched trips: 0
2026-04-30 08:06:13  INFO      Top alert mismatches:
         alert_name  mismatch_count  total_joined_trips  mismatch_pct
             idling              12                 276          4.35
emergency_recording               1                 276          0.36
        eyes_closed               1                 276          0.36
         over_speed               1                 276          0.36
 distracted_driving               0                 276          0.00
2026-04-30 08:06:13  INFO      ----- Step Timings -----
2026-04-30 08:06:13  INFO        fetch_trip_agg_data                 162.57s
2026-04-30 08:06:13  INFO        get_trips_for_account                56.78s
2026-04-30 08:06:13  INFO        prepare_dataframes                    0.04s
2026-04-30 08:06:13  INFO        analyze_trip_agg                      0.68s
2026-04-30 08:06:13  INFO        analyze_alerts                        2.93s
2026-04-30 08:06:13  INFO        total                               222.99s
2026-04-30 08:06:13  INFO      Reports written to: /root/code/algorithms/app/scripts/camera/trip_agg_analysis_script/output/2026-04-28/649034868264558592
