2026-09-28 02:44:54  INFO      === Starting analysis for account: 1205841794575630336 ===
2026-09-28 02:44:54  INFO      Account name: Chartered Speed-OSRTC
2026-09-28 02:44:54  INFO      [1/1] Fetching trip_agg for account: 1205841794575630336
2026-09-28 02:44:54  INFO      Fetching vehicle page: 1
2026-09-28 02:44:55  INFO      Fetching vehicle page: 2
2026-09-28 02:44:55  INFO      Fetching vehicle page: 3
2026-09-28 02:44:55  INFO      Total vehicles collected for account 1205841794575630336: 1184
2026-09-28 02:45:39  INFO      Total trips collected for account 1205841794575630336: 7993
2026-09-28 02:50:27  INFO        account 1205841794575630336: fetched 8081 records (81 pages)
2026-09-28 02:50:27  INFO      Total trip-agg records collected across 1 accounts: 8081
2026-09-28 02:51:22  WARNING   Alert count fetch failed for 7993/7993 trips
2026-09-28 02:51:22  INFO      Summary written to: /root/code/algorithms/app/scripts/camera/trip_agg_analysis_script/output/2026-09-26/1205841794575630336/summary.json
2026-09-28 02:51:22  INFO      ===== Trip Aggregation Analysis Summary =====
2026-09-28 02:51:22  INFO      Trips after merge/filters: 6529
2026-09-28 02:51:22  INFO      Completely processed trips: 6520
2026-09-28 02:51:22  INFO      Missing trips in trip_agg: 0
2026-09-28 02:51:22  INFO      Unbroken unmatched trips: 0
2026-09-28 02:51:22  INFO      Broken unmatched trips: 17
2026-09-28 02:51:22  INFO      ----- Step Timings -----
2026-09-28 02:51:22  INFO        fetch_accounts_with_access            0.02s
2026-09-28 02:51:22  INFO        fetch_trip_agg_data                 332.91s
2026-09-28 02:51:22  INFO        get_trips_for_account                44.81s
2026-09-28 02:51:22  INFO        prepare_dataframes                    0.26s
2026-09-28 02:51:22  INFO        analyze_trip_agg                     15.01s
2026-09-28 02:51:22  INFO        analyze_alerts                       39.74s
2026-09-28 02:51:22  INFO        total                               432.75s
2026-09-28 02:51:22  INFO      Reports written to: /root/code/algorithms/app/scripts/camera/trip_agg_analysis_script/output/2026-09-26/1205841794575630336
