2026-05-14 11:08:39  INFO      === Starting analysis for account: 632578958264631296 ===
2026-05-14 11:08:39  INFO      Account name: K M Translogistics  Pvt Ltd ( KMT)
2026-05-14 11:08:39  INFO      Fetching trip_agg page: 1
2026-05-14 11:08:39  INFO      Fetching vehicle page: 1
2026-05-14 11:08:39  INFO      Fetching vehicle page: 2
2026-05-14 11:08:40  INFO      Fetching vehicle page: 3
2026-05-14 11:08:40  INFO      Fetching vehicle page: 4
2026-05-14 11:08:41  INFO      Total vehicles collected for account 632578958264631296: 1916
2026-05-14 11:08:42  INFO      Fetching trip_agg page: 2
2026-05-14 11:10:44  INFO      Fetching trip_agg page: 3
2026-05-14 11:10:53  INFO      Fetching trip_agg page: 4
2026-05-14 11:11:02  INFO      Fetching trip_agg page: 5
2026-05-14 11:11:04  INFO      Fetching trip_agg page: 6
2026-05-14 11:11:07  INFO      Fetching trip_agg page: 7
2026-05-14 11:11:11  INFO      Total trips collected for account 632578958264631296: 5083
2026-05-14 11:11:16  INFO      Fetching trip_agg page: 8
2026-05-14 11:11:17  INFO      Fetching trip_agg page: 9
2026-05-14 11:11:19  INFO      Fetching trip_agg page: 10
2026-05-14 11:11:20  INFO      Fetching trip_agg page: 11
2026-05-14 11:12:01  INFO      Total trip-agg records collected: 5102
2026-05-14 11:16:58  WARNING   Alert count fetch failed for 5083/5083 trips
2026-05-14 11:17:01  INFO      Summary written to: /root/code/algorithms/app/scripts/camera/trip_agg_analysis_script/output/2026-05-12/632578958264631296/summary.json
2026-05-14 11:17:01  INFO      ===== Trip Aggregation Analysis Summary =====
2026-05-14 11:17:01  INFO      Trips after merge/filters: 2545
2026-05-14 11:17:01  INFO      Completely processed trips: 2544
2026-05-14 11:17:01  INFO      Missing trips in trip_agg: 27
2026-05-14 11:17:01  INFO      Unbroken unmatched trips: 21
2026-05-14 11:17:01  INFO      Broken unmatched trips: 0
2026-05-14 11:17:01  INFO      ----- Step Timings -----
2026-05-14 11:17:01  INFO        fetch_trip_agg_data                 202.49s
2026-05-14 11:17:01  INFO        get_trips_for_account               151.97s
2026-05-14 11:17:01  INFO        prepare_dataframes                    2.98s
2026-05-14 11:17:01  INFO        analyze_trip_agg                      2.20s
2026-05-14 11:17:01  INFO        analyze_alerts                      291.60s
2026-05-14 11:17:01  INFO        total                               651.24s
2026-05-14 11:17:01  INFO      Reports written to: /root/code/algorithms/app/scripts/camera/trip_agg_analysis_script/output/2026-05-12/632578958264631296
