2026-08-08 02:30:03  INFO      === Starting analysis for account: 649034868264558592 ===
2026-08-08 02:30:03  INFO      Account name: RajRatan Travels
2026-08-08 02:30:03  INFO      [1/1] Fetching trip_agg for account: 649034868264558592
2026-08-08 02:30:03  INFO      Fetching vehicle page: 1
2026-08-08 02:30:03  INFO      Total vehicles collected for account 649034868264558592: 128
2026-08-08 02:30:04  INFO      Total trips collected for account 649034868264558592: 294
2026-08-08 02:31:21  INFO        account 649034868264558592: fetched 442 records (5 pages)
2026-08-08 02:31:21  INFO      Total trip-agg records collected across 1 accounts: 442
2026-08-08 02:31:23  WARNING   Alert count fetch failed for 294/294 trips
2026-08-08 02:31:23  INFO      Summary written to: /root/code/algorithms/app/scripts/camera/trip_agg_analysis_script/output/2026-08-06/649034868264558592/summary.json
2026-08-08 02:31:23  INFO      ===== Trip Aggregation Analysis Summary =====
2026-08-08 02:31:23  INFO      Trips after merge/filters: 155
2026-08-08 02:31:23  INFO      Completely processed trips: 154
2026-08-08 02:31:23  INFO      Missing trips in trip_agg: 0
2026-08-08 02:31:23  INFO      Unbroken unmatched trips: 0
2026-08-08 02:31:23  INFO      Broken unmatched trips: 20
2026-08-08 02:31:23  INFO      ----- Step Timings -----
2026-08-08 02:31:23  INFO        fetch_accounts_with_access            0.01s
2026-08-08 02:31:23  INFO        fetch_trip_agg_data                  77.26s
2026-08-08 02:31:23  INFO        get_trips_for_account                 1.08s
2026-08-08 02:31:23  INFO        prepare_dataframes                    0.01s
2026-08-08 02:31:23  INFO        analyze_trip_agg                      0.43s
2026-08-08 02:31:23  INFO        analyze_alerts                        2.03s
2026-08-08 02:31:23  INFO        total                                80.83s
2026-08-08 02:31:23  INFO      Reports written to: /root/code/algorithms/app/scripts/camera/trip_agg_analysis_script/output/2026-08-06/649034868264558592
