2026-08-26 02:45:58  INFO      === Starting analysis for account: 642689989225816064 ===
2026-08-26 02:45:58  INFO      Account name: Indore Intercity
2026-08-26 02:45:58  INFO      [1/1] Fetching trip_agg for account: 642689989225816064
2026-08-26 02:45:58  INFO      Fetching vehicle page: 1
2026-08-26 02:45:59  INFO      Total vehicles collected for account 642689989225816064: 229
2026-08-26 02:46:07  INFO      Total trips collected for account 642689989225816064: 1018
2026-08-26 02:46:28  INFO        account 642689989225816064: fetched 1076 records (11 pages)
2026-08-26 02:46:28  INFO      Total trip-agg records collected across 1 accounts: 1076
2026-08-26 02:46:30  INFO      Attempting second-pass fetch for 3 missing trips by trip_id
2026-08-26 02:46:30  INFO      Second-pass recovered 3 missing trips, 0 still missing
2026-08-26 02:46:40  WARNING   Alert count fetch failed for 1018/1018 trips
2026-08-26 02:46:40  INFO      Summary written to: /root/code/algorithms/app/scripts/camera/trip_agg_analysis_script/output/2026-08-24/642689989225816064/summary.json
2026-08-26 02:46:40  INFO      ===== Trip Aggregation Analysis Summary =====
2026-08-26 02:46:40  INFO      Trips after merge/filters: 550
2026-08-26 02:46:40  INFO      Completely processed trips: 550
2026-08-26 02:46:40  INFO      Missing trips in trip_agg: 0
2026-08-26 02:46:40  INFO      Unbroken unmatched trips: 0
2026-08-26 02:46:40  INFO      Broken unmatched trips: 19
2026-08-26 02:46:40  INFO      ----- Step Timings -----
2026-08-26 02:46:40  INFO        fetch_accounts_with_access            0.02s
2026-08-26 02:46:40  INFO        fetch_trip_agg_data                  30.05s
2026-08-26 02:46:40  INFO        get_trips_for_account                 8.93s
2026-08-26 02:46:40  INFO        prepare_dataframes                    0.09s
2026-08-26 02:46:40  INFO        analyze_trip_agg                      1.37s
2026-08-26 02:46:40  INFO        analyze_alerts                        9.81s
2026-08-26 02:46:40  INFO        total                                50.28s
2026-08-26 02:46:40  INFO      Reports written to: /root/code/algorithms/app/scripts/camera/trip_agg_analysis_script/output/2026-08-24/642689989225816064
