2026-09-10 02:53:19  INFO      === Starting analysis for account: 649034868264558592 ===
2026-09-10 02:53:19  INFO      Account name: RajRatan Travels
2026-09-10 02:53:19  INFO      [1/1] Fetching trip_agg for account: 649034868264558592
2026-09-10 02:53:19  INFO      Fetching vehicle page: 1
2026-09-10 02:53:19  INFO      Total vehicles collected for account 649034868264558592: 128
2026-09-10 02:53:21  INFO      Total trips collected for account 649034868264558592: 332
2026-09-10 02:53:29  INFO        account 649034868264558592: fetched 482 records (5 pages)
2026-09-10 02:53:29  INFO      Total trip-agg records collected across 1 accounts: 482
2026-09-10 02:53:34  WARNING   Alert count fetch failed for 332/332 trips
2026-09-10 02:53:34  INFO      Summary written to: /root/code/algorithms/app/scripts/camera/trip_agg_analysis_script/output/2026-09-08/649034868264558592/summary.json
2026-09-10 02:53:34  INFO      ===== Trip Aggregation Analysis Summary =====
2026-09-10 02:53:34  INFO      Trips after merge/filters: 179
2026-09-10 02:53:34  INFO      Completely processed trips: 179
2026-09-10 02:53:34  INFO      Missing trips in trip_agg: 0
2026-09-10 02:53:34  INFO      Unbroken unmatched trips: 0
2026-09-10 02:53:34  INFO      Broken unmatched trips: 12
2026-09-10 02:53:34  INFO      ----- Step Timings -----
2026-09-10 02:53:34  INFO        fetch_accounts_with_access            0.02s
2026-09-10 02:53:34  INFO        fetch_trip_agg_data                  10.31s
2026-09-10 02:53:34  INFO        get_trips_for_account                 2.31s
2026-09-10 02:53:34  INFO        prepare_dataframes                    0.03s
2026-09-10 02:53:34  INFO        analyze_trip_agg                      3.75s
2026-09-10 02:53:34  INFO        analyze_alerts                        0.82s
2026-09-10 02:53:34  INFO        total                                17.23s
2026-09-10 02:53:34  INFO      Reports written to: /root/code/algorithms/app/scripts/camera/trip_agg_analysis_script/output/2026-09-08/649034868264558592
