2026-09-21 02:44:15  INFO      === Starting analysis for account: 642689989225816064 ===
2026-09-21 02:44:15  INFO      Account name: Indore Intercity
2026-09-21 02:44:16  INFO      [1/1] Fetching trip_agg for account: 642689989225816064
2026-09-21 02:44:16  INFO      Fetching vehicle page: 1
2026-09-21 02:44:16  INFO      Total vehicles collected for account 642689989225816064: 230
2026-09-21 02:44:21  INFO      Total trips collected for account 642689989225816064: 701
2026-09-21 02:44:46  INFO        account 642689989225816064: fetched 749 records (8 pages)
2026-09-21 02:44:46  INFO      Total trip-agg records collected across 1 accounts: 749
2026-09-21 02:44:46  WARNING   Excluding 1 trips with missing end_time from comparison
2026-09-21 02:44:50  WARNING   Alert count fetch failed for 701/701 trips
2026-09-21 02:44:50  INFO      Summary written to: /root/code/algorithms/app/scripts/camera/trip_agg_analysis_script/output/2026-09-19/642689989225816064/summary.json
2026-09-21 02:44:50  INFO      ===== Trip Aggregation Analysis Summary =====
2026-09-21 02:44:50  INFO      Trips after merge/filters: 325
2026-09-21 02:44:50  INFO      Completely processed trips: 324
2026-09-21 02:44:50  INFO      Missing trips in trip_agg: 0
2026-09-21 02:44:50  INFO      Unbroken unmatched trips: 0
2026-09-21 02:44:50  INFO      Broken unmatched trips: 14
2026-09-21 02:44:50  INFO      ----- Step Timings -----
2026-09-21 02:44:50  INFO        fetch_accounts_with_access            0.72s
2026-09-21 02:44:50  INFO        fetch_trip_agg_data                  29.81s
2026-09-21 02:44:50  INFO        get_trips_for_account                 5.64s
2026-09-21 02:44:50  INFO        prepare_dataframes                    0.04s
2026-09-21 02:44:50  INFO        analyze_trip_agg                      1.74s
2026-09-21 02:44:50  INFO        analyze_alerts                        2.95s
2026-09-21 02:44:50  INFO        total                                40.91s
2026-09-21 02:44:50  INFO      Reports written to: /root/code/algorithms/app/scripts/camera/trip_agg_analysis_script/output/2026-09-19/642689989225816064
