2026-04-27 08:11:48  INFO      === Starting analysis for account: 632578958264631296 ===
2026-04-27 08:11:48  INFO      Account name: K M Translogistics  Pvt Ltd ( KMT)
2026-04-27 08:11:48  INFO      Fetching trip_agg page: 1
2026-04-27 08:11:48  INFO      Fetching vehicle page: 1
2026-04-27 08:11:49  INFO      Fetching vehicle page: 2
2026-04-27 08:11:49  INFO      Fetching vehicle page: 3
2026-04-27 08:11:49  INFO      Fetching vehicle page: 4
2026-04-27 08:11:50  INFO      Total vehicles collected for account 632578958264631296: 1918
2026-04-27 08:11:51  INFO      Fetching trip_agg page: 2
2026-04-27 08:12:14  INFO      Fetching trip_agg page: 3
2026-04-27 08:12:15  INFO      Fetching trip_agg page: 4
2026-04-27 08:12:16  INFO      Fetching trip_agg page: 5
2026-04-27 08:12:17  INFO      Fetching trip_agg page: 6
2026-04-27 08:12:17  INFO      Fetching trip_agg page: 7
2026-04-27 08:12:19  INFO      Fetching trip_agg page: 8
2026-04-27 08:12:20  INFO      Fetching trip_agg page: 9
2026-04-27 08:12:21  INFO      Fetching trip_agg page: 10
2026-04-27 08:12:34  INFO      Total trip-agg records collected: 4731
2026-04-27 08:12:57  INFO      Total trips collected for account 632578958264631296: 4713
2026-04-27 08:13:40  INFO      Summary written to: /root/code/algorithms/app/scripts/camera/trip_agg_analysis_script/output/2026-04-25/632578958264631296/summary.json
2026-04-27 08:13:40  INFO      ===== Trip Aggregation Analysis Summary =====
2026-04-27 08:13:40  INFO      Trips after merge/filters: 2216
2026-04-27 08:13:40  INFO      Completely processed trips: 2216
2026-04-27 08:13:40  INFO      Missing trips in trip_agg: 20
2026-04-27 08:13:40  INFO      Unbroken unmatched trips: 0
2026-04-27 08:13:40  INFO      Broken unmatched trips: 0
2026-04-27 08:13:40  INFO      Top alert mismatches:
         alert_name  mismatch_count  total_joined_trips  mismatch_pct
unscheduled_driving              17                4693          0.36
       slow_running               2                4693          0.04
         fuel_chori               1                4693          0.02
             idling               0                4693          0.00
         over_speed               0                4693          0.00
2026-04-27 08:13:40  INFO      ----- Step Timings -----
2026-04-27 08:13:40  INFO        fetch_trip_agg_data                  45.55s
2026-04-27 08:13:40  INFO        get_trips_for_account                69.06s
2026-04-27 08:13:40  INFO        prepare_dataframes                    0.22s
2026-04-27 08:13:40  INFO        analyze_trip_agg                      0.08s
2026-04-27 08:13:40  INFO        analyze_alerts                       41.64s
2026-04-27 08:13:40  INFO        total                               156.56s
2026-04-27 08:13:40  INFO      Reports written to: /root/code/algorithms/app/scripts/camera/trip_agg_analysis_script/output/2026-04-25/632578958264631296
