2026-05-14 11:03:32  INFO      === Starting analysis for account: 649034868264558592 ===
2026-05-14 11:03:32  INFO      Account name: RajRatan Travels
2026-05-14 11:03:32  INFO      Fetching trip_agg page: 1
2026-05-14 11:03:32  INFO      Fetching vehicle page: 1
2026-05-14 11:03:32  INFO      Total vehicles collected for account 649034868264558592: 126
2026-05-14 11:03:39  INFO      Total trips collected for account 649034868264558592: 290
2026-05-14 11:06:33  ERROR     Request failed after 3 attempts: http://internal-apis.intangles.com/trip/aggregated?account_id=649034868264558592&pnum=1&psize=500&start_time=1778524200000&end_time=1778610599000 | error: HTTPConnectionPool(host='internal-apis.intangles.com', port=80): Read timed out. (read timeout=60)
2026-05-14 11:06:33  WARNING   Skipping failed trip_agg page 1 (1/3)
2026-05-14 11:06:33  INFO      Fetching trip_agg page: 2
2026-05-14 11:08:26  INFO      Total trip-agg records collected: 0
2026-05-14 11:08:27  INFO      Summary written to: /root/code/algorithms/app/scripts/camera/trip_agg_analysis_script/output/2026-05-12/649034868264558592/summary.json
2026-05-14 11:08:27  INFO      ===== Trip Aggregation Analysis Summary =====
2026-05-14 11:08:27  INFO      Trips after merge/filters: 0
2026-05-14 11:08:27  INFO      Completely processed trips: 0
2026-05-14 11:08:27  INFO      Missing trips in trip_agg: 0
2026-05-14 11:08:27  INFO      Unbroken unmatched trips: 0
2026-05-14 11:08:27  INFO      Broken unmatched trips: 0
2026-05-14 11:08:27  INFO      ----- Step Timings -----
2026-05-14 11:08:27  INFO        fetch_trip_agg_data                 294.34s
2026-05-14 11:08:27  INFO        get_trips_for_account                 6.60s
2026-05-14 11:08:27  INFO        prepare_dataframes                    0.10s
2026-05-14 11:08:27  INFO        analyze_trip_agg                      0.00s
2026-05-14 11:08:27  INFO        analyze_alerts                        0.00s
2026-05-14 11:08:27  INFO        total                               301.05s
2026-05-14 11:08:27  INFO      Reports written to: /root/code/algorithms/app/scripts/camera/trip_agg_analysis_script/output/2026-05-12/649034868264558592
