2026-09-16 02:37:06  INFO      === Starting analysis for account: 632578958264631296 ===
2026-09-16 02:37:06  INFO      Account name: K M Translogistics  Pvt Ltd ( KMT)
2026-09-16 02:37:06  INFO      [1/1] Fetching trip_agg for account: 632578958264631296
2026-09-16 02:37:06  INFO      Fetching vehicle page: 1
2026-09-16 02:37:06  INFO      Fetching vehicle page: 2
2026-09-16 02:37:07  INFO      Fetching vehicle page: 3
2026-09-16 02:37:07  INFO      Fetching vehicle page: 4
2026-09-16 02:37:08  INFO      Fetching vehicle page: 5
2026-09-16 02:37:08  INFO      Total vehicles collected for account 632578958264631296: 2003
2026-09-16 02:37:21  INFO      Total trips collected for account 632578958264631296: 5433
2026-09-16 02:41:54  INFO        account 632578958264631296: fetched 5519 records (56 pages)
2026-09-16 02:41:54  INFO      Total trip-agg records collected across 1 accounts: 5519
2026-09-16 02:42:05  INFO      Attempting second-pass fetch for 19 missing trips by trip_id
2026-09-16 02:42:06  WARNING   Second-pass fetch returned no records for 19 missing trips
2026-09-16 02:42:23  WARNING   Alert count fetch failed for 5433/5433 trips
2026-09-16 02:42:23  INFO      Summary written to: /root/code/algorithms/app/scripts/camera/trip_agg_analysis_script/output/2026-09-14/632578958264631296/summary.json
2026-09-16 02:42:23  INFO      ===== Trip Aggregation Analysis Summary =====
2026-09-16 02:42:23  INFO      Trips after merge/filters: 2873
2026-09-16 02:42:23  INFO      Completely processed trips: 2871
2026-09-16 02:42:23  INFO      Missing trips in trip_agg: 19
2026-09-16 02:42:23  INFO      Unbroken unmatched trips: 1
2026-09-16 02:42:23  INFO      Broken unmatched trips: 0
2026-09-16 02:42:23  INFO      ----- Step Timings -----
2026-09-16 02:42:23  INFO        fetch_accounts_with_access            0.01s
2026-09-16 02:42:23  INFO        fetch_trip_agg_data                 287.69s
2026-09-16 02:42:23  INFO        get_trips_for_account                15.29s
2026-09-16 02:42:23  INFO        prepare_dataframes                    0.14s
2026-09-16 02:42:23  INFO        analyze_trip_agg                     11.78s
2026-09-16 02:42:23  INFO        analyze_alerts                       17.03s
2026-09-16 02:42:23  INFO        total                               331.94s
2026-09-16 02:42:23  INFO      Reports written to: /root/code/algorithms/app/scripts/camera/trip_agg_analysis_script/output/2026-09-14/632578958264631296
