2026-08-26 02:40:45  INFO      === Starting analysis for account: 632578958264631296 ===
2026-08-26 02:40:45  INFO      Account name: K M Translogistics  Pvt Ltd ( KMT)
2026-08-26 02:40:45  INFO      [1/1] Fetching trip_agg for account: 632578958264631296
2026-08-26 02:40:45  INFO      Fetching vehicle page: 1
2026-08-26 02:41:10  INFO      Fetching vehicle page: 2
2026-08-26 02:41:11  INFO      Fetching vehicle page: 3
2026-08-26 02:41:11  INFO      Fetching vehicle page: 4
2026-08-26 02:41:12  INFO      Total vehicles collected for account 632578958264631296: 1990
2026-08-26 02:42:41  INFO      Total trips collected for account 632578958264631296: 6334
2026-08-26 02:44:41  INFO        account 632578958264631296: fetched 6403 records (65 pages)
2026-08-26 02:44:41  INFO      Total trip-agg records collected across 1 accounts: 6403
2026-08-26 02:44:51  INFO      Attempting second-pass fetch for 45 missing trips by trip_id
2026-08-26 02:44:52  INFO      Second-pass recovered 45 missing trips, 0 still missing
2026-08-26 02:45:48  WARNING   Alert count fetch failed for 6334/6334 trips
2026-08-26 02:45:49  INFO      Summary written to: /root/code/algorithms/app/scripts/camera/trip_agg_analysis_script/output/2026-08-24/632578958264631296/summary.json
2026-08-26 02:45:49  INFO      ===== Trip Aggregation Analysis Summary =====
2026-08-26 02:45:49  INFO      Trips after merge/filters: 3152
2026-08-26 02:45:49  INFO      Completely processed trips: 3150
2026-08-26 02:45:49  INFO      Missing trips in trip_agg: 0
2026-08-26 02:45:49  INFO      Unbroken unmatched trips: 1
2026-08-26 02:45:49  INFO      Broken unmatched trips: 0
2026-08-26 02:45:49  INFO      ----- Step Timings -----
2026-08-26 02:45:49  INFO        fetch_accounts_with_access            0.02s
2026-08-26 02:45:49  INFO        fetch_trip_agg_data                 236.21s
2026-08-26 02:45:49  INFO        get_trips_for_account               115.50s
2026-08-26 02:45:49  INFO        prepare_dataframes                    0.47s
2026-08-26 02:45:49  INFO        analyze_trip_agg                     10.35s
2026-08-26 02:45:49  INFO        analyze_alerts                       56.30s
2026-08-26 02:45:49  INFO        total                               418.84s
2026-08-26 02:45:49  INFO      Reports written to: /root/code/algorithms/app/scripts/camera/trip_agg_analysis_script/output/2026-08-24/632578958264631296
