2026-09-22 02:39:07  INFO      === Starting analysis for account: 632578958264631296 ===
2026-09-22 02:39:07  INFO      Account name: K M Translogistics  Pvt Ltd ( KMT)
2026-09-22 02:39:07  INFO      [1/1] Fetching trip_agg for account: 632578958264631296
2026-09-22 02:39:07  INFO      Fetching vehicle page: 1
2026-09-22 02:39:07  INFO      Fetching vehicle page: 2
2026-09-22 02:39:08  INFO      Fetching vehicle page: 3
2026-09-22 02:39:09  INFO      Fetching vehicle page: 4
2026-09-22 02:39:09  INFO      Fetching vehicle page: 5
2026-09-22 02:39:10  INFO      Total vehicles collected for account 632578958264631296: 2008
2026-09-22 02:39:28  INFO      Total trips collected for account 632578958264631296: 5750
2026-09-22 02:43:34  INFO        account 632578958264631296: fetched 5860 records (59 pages)
2026-09-22 02:43:34  INFO      Total trip-agg records collected across 1 accounts: 5860
2026-09-22 02:43:34  INFO      Attempting second-pass fetch for 25 missing trips by trip_id
2026-09-22 02:43:35  WARNING   Second-pass fetch returned no records for 25 missing trips
2026-09-22 02:43:52  WARNING   Alert count fetch failed for 5750/5750 trips
2026-09-22 02:43:52  INFO      Summary written to: /root/code/algorithms/app/scripts/camera/trip_agg_analysis_script/output/2026-09-20/632578958264631296/summary.json
2026-09-22 02:43:52  INFO      ===== Trip Aggregation Analysis Summary =====
2026-09-22 02:43:52  INFO      Trips after merge/filters: 3060
2026-09-22 02:43:52  INFO      Completely processed trips: 3060
2026-09-22 02:43:52  INFO      Missing trips in trip_agg: 25
2026-09-22 02:43:52  INFO      Unbroken unmatched trips: 2
2026-09-22 02:43:52  INFO      Broken unmatched trips: 0
2026-09-22 02:43:52  INFO      ----- Step Timings -----
2026-09-22 02:43:52  INFO        fetch_accounts_with_access            0.02s
2026-09-22 02:43:52  INFO        fetch_trip_agg_data                 266.67s
2026-09-22 02:43:52  INFO        get_trips_for_account                20.75s
2026-09-22 02:43:52  INFO        prepare_dataframes                    0.16s
2026-09-22 02:43:52  INFO        analyze_trip_agg                      0.76s
2026-09-22 02:43:52  INFO        analyze_alerts                       17.15s
2026-09-22 02:43:52  INFO        total                               305.52s
2026-09-22 02:43:52  INFO      Reports written to: /root/code/algorithms/app/scripts/camera/trip_agg_analysis_script/output/2026-09-20/632578958264631296
