2026-10-01 02:54:14  INFO      === Starting analysis for account: 1205841794575630336 ===
2026-10-01 02:54:14  INFO      Account name: Chartered Speed-OSRTC
2026-10-01 02:54:14  INFO      [1/1] Fetching trip_agg for account: 1205841794575630336
2026-10-01 02:54:14  INFO      Fetching vehicle page: 1
2026-10-01 02:54:14  INFO      Fetching vehicle page: 2
2026-10-01 02:54:15  INFO      Fetching vehicle page: 3
2026-10-01 02:54:15  INFO      Total vehicles collected for account 1205841794575630336: 1184
2026-10-01 03:07:54  ERROR     Request failed after 3 attempts: http://internal-apis.intangles.com/trips/1262460068851351552/gettripsintime/1790640000000/1790726399000 | error: 504 Server Error: Gateway Time-out for url: http://internal-apis.intangles.com/trips/1262460068851351552/gettripsintime/1790640000000/1790726399000
2026-10-01 03:08:38  WARNING   Failed to fetch trips for 1/1184 vehicles
2026-10-01 03:08:38  INFO      Total trips collected for account 1205841794575630336: 8129
2026-10-01 03:12:06  INFO        account 1205841794575630336: fetched 8258 records (83 pages)
2026-10-01 03:12:06  INFO      Total trip-agg records collected across 1 accounts: 8258
2026-10-01 03:12:54  WARNING   Alert count fetch failed for 8129/8129 trips
2026-10-01 03:12:55  INFO      Summary written to: /root/code/algorithms/app/scripts/camera/trip_agg_analysis_script/output/2026-09-29/1205841794575630336/summary.json
2026-10-01 03:12:55  INFO      ===== Trip Aggregation Analysis Summary =====
2026-10-01 03:12:55  INFO      Trips after merge/filters: 6761
2026-10-01 03:12:55  INFO      Completely processed trips: 6757
2026-10-01 03:12:55  INFO      Missing trips in trip_agg: 0
2026-10-01 03:12:55  INFO      Unbroken unmatched trips: 0
2026-10-01 03:12:55  INFO      Broken unmatched trips: 22
2026-10-01 03:12:55  INFO      ----- Step Timings -----
2026-10-01 03:12:55  INFO        fetch_accounts_with_access            0.01s
2026-10-01 03:12:55  INFO        fetch_trip_agg_data                 1072.18s
2026-10-01 03:12:55  INFO        get_trips_for_account               864.24s
2026-10-01 03:12:55  INFO        prepare_dataframes                    0.30s
2026-10-01 03:12:55  INFO        analyze_trip_agg                     11.24s
2026-10-01 03:12:55  INFO        analyze_alerts                       36.44s
2026-10-01 03:12:55  INFO        total                               1984.43s
2026-10-01 03:12:55  INFO      Reports written to: /root/code/algorithms/app/scripts/camera/trip_agg_analysis_script/output/2026-09-29/1205841794575630336
