2026-09-29 02:42:12  INFO      === Starting analysis for account: 642689989225816064 ===
2026-09-29 02:42:12  INFO      Account name: Indore Intercity
2026-09-29 02:42:12  INFO      [1/1] Fetching trip_agg for account: 642689989225816064
2026-09-29 02:42:12  INFO      Fetching vehicle page: 1
2026-09-29 02:42:12  INFO      Total vehicles collected for account 642689989225816064: 229
2026-09-29 02:43:13  INFO      Total trips collected for account 642689989225816064: 556
2026-09-29 02:43:38  INFO        account 642689989225816064: fetched 622 records (7 pages)
2026-09-29 02:43:38  INFO      Total trip-agg records collected across 1 accounts: 622
2026-09-29 02:43:44  WARNING   Alert count fetch failed for 556/556 trips
2026-09-29 02:43:44  INFO      Summary written to: /root/code/algorithms/app/scripts/camera/trip_agg_analysis_script/output/2026-09-27/642689989225816064/summary.json
2026-09-29 02:43:44  INFO      ===== Trip Aggregation Analysis Summary =====
2026-09-29 02:43:44  INFO      Trips after merge/filters: 287
2026-09-29 02:43:44  INFO      Completely processed trips: 285
2026-09-29 02:43:44  INFO      Missing trips in trip_agg: 0
2026-09-29 02:43:44  INFO      Unbroken unmatched trips: 0
2026-09-29 02:43:44  INFO      Broken unmatched trips: 19
2026-09-29 02:43:44  INFO      ----- Step Timings -----
2026-09-29 02:43:44  INFO        fetch_accounts_with_access            0.01s
2026-09-29 02:43:44  INFO        fetch_trip_agg_data                  85.53s
2026-09-29 02:43:44  INFO        get_trips_for_account                60.72s
2026-09-29 02:43:44  INFO        prepare_dataframes                    0.02s
2026-09-29 02:43:44  INFO        analyze_trip_agg                      2.21s
2026-09-29 02:43:44  INFO        analyze_alerts                        4.18s
2026-09-29 02:43:44  INFO        total                               152.66s
2026-09-29 02:43:44  INFO      Reports written to: /root/code/algorithms/app/scripts/camera/trip_agg_analysis_script/output/2026-09-27/642689989225816064
