2026-03-27 08:05:01  INFO      === Starting analysis for account: 649034868264558592 ===
2026-03-27 08:05:01  INFO      Account name: RajRatan Travels
2026-03-27 08:05:01  INFO      Fetching trip_agg page: 1
2026-03-27 08:05:01  INFO      Fetching vehicle page: 1
2026-03-27 08:05:01  INFO      Total vehicles collected for account 649034868264558592: 118
2026-03-27 08:05:13  INFO      Total trips collected for account 649034868264558592: 266
2026-03-27 08:05:13  INFO      Total trip-agg records collected: 391
2026-03-27 08:05:30  INFO      Summary written to: /root/code/algorithms/app/scripts/camera/trip_agg_analysis_script/output/2026-03-25/649034868264558592/summary.json
2026-03-27 08:05:30  INFO      ===== Trip Aggregation Analysis Summary =====
2026-03-27 08:05:30  INFO      Trips after merge/filters: 153
2026-03-27 08:05:30  INFO      Completely processed trips: 153
2026-03-27 08:05:30  INFO      Missing trips in trip_agg: 0
2026-03-27 08:05:30  INFO      Unbroken unmatched trips: 0
2026-03-27 08:05:30  INFO      Broken unmatched trips: 0
2026-03-27 08:05:30  INFO      Top alert mismatches:
        alert_name  mismatch_count  total_joined_trips  mismatch_pct
               fcw              27                 266         10.15
       eyes_closed              24                 266          9.02
      mobile_phone              15                 266          5.64
distracted_driving              10                 266          3.76
        drowsiness               6                 266          2.26
2026-03-27 08:05:30  INFO      ----- Step Timings -----
2026-03-27 08:05:30  INFO        fetch_trip_agg_data                  12.18s
2026-03-27 08:05:30  INFO        get_trips_for_account                11.60s
2026-03-27 08:05:30  INFO        prepare_dataframes                    0.13s
2026-03-27 08:05:30  INFO        analyze_trip_agg                     13.06s
2026-03-27 08:05:30  INFO        analyze_alerts                        3.41s
2026-03-27 08:05:30  INFO        total                                40.39s
2026-03-27 08:05:30  INFO      Reports written to: /root/code/algorithms/app/scripts/camera/trip_agg_analysis_script/output/2026-03-25/649034868264558592
