2026-09-18 02:35:56  INFO      === Starting analysis for account: 632578958264631296 ===
2026-09-18 02:35:56  INFO      Account name: K M Translogistics  Pvt Ltd ( KMT)
2026-09-18 02:35:56  INFO      [1/1] Fetching trip_agg for account: 632578958264631296
2026-09-18 02:35:56  INFO      Fetching vehicle page: 1
2026-09-18 02:35:56  INFO      Fetching vehicle page: 2
2026-09-18 02:35:57  INFO      Fetching vehicle page: 3
2026-09-18 02:35:57  INFO      Fetching vehicle page: 4
2026-09-18 02:35:58  INFO      Fetching vehicle page: 5
2026-09-18 02:35:58  INFO      Total vehicles collected for account 632578958264631296: 2006
2026-09-18 02:36:18  INFO      Total trips collected for account 632578958264631296: 6255
2026-09-18 02:41:10  INFO        account 632578958264631296: fetched 6361 records (64 pages)
2026-09-18 02:41:10  INFO      Total trip-agg records collected across 1 accounts: 6361
2026-09-18 02:41:22  INFO      Attempting second-pass fetch for 33 missing trips by trip_id
2026-09-18 02:41:23  WARNING   Second-pass fetch returned no records for 33 missing trips
2026-09-18 02:41:46  WARNING   Alert count fetch failed for 6255/6255 trips
2026-09-18 02:41:46  INFO      Summary written to: /root/code/algorithms/app/scripts/camera/trip_agg_analysis_script/output/2026-09-16/632578958264631296/summary.json
2026-09-18 02:41:46  INFO      ===== Trip Aggregation Analysis Summary =====
2026-09-18 02:41:46  INFO      Trips after merge/filters: 2912
2026-09-18 02:41:46  INFO      Completely processed trips: 2911
2026-09-18 02:41:46  INFO      Missing trips in trip_agg: 33
2026-09-18 02:41:46  INFO      Unbroken unmatched trips: 2
2026-09-18 02:41:46  INFO      Broken unmatched trips: 0
2026-09-18 02:41:46  INFO      ----- Step Timings -----
2026-09-18 02:41:46  INFO        fetch_accounts_with_access            0.03s
2026-09-18 02:41:46  INFO        fetch_trip_agg_data                 314.30s
2026-09-18 02:41:46  INFO        get_trips_for_account                21.90s
2026-09-18 02:41:46  INFO        prepare_dataframes                    0.15s
2026-09-18 02:41:46  INFO        analyze_trip_agg                     12.23s
2026-09-18 02:41:46  INFO        analyze_alerts                       23.53s
2026-09-18 02:41:46  INFO        total                               372.15s
2026-09-18 02:41:46  INFO      Reports written to: /root/code/algorithms/app/scripts/camera/trip_agg_analysis_script/output/2026-09-16/632578958264631296
