2026-08-20 02:30:09  INFO      === Starting analysis for account: 649034868264558592 ===
2026-08-20 02:30:09  INFO      Account name: RajRatan Travels
2026-08-20 02:30:09  INFO      [1/1] Fetching trip_agg for account: 649034868264558592
2026-08-20 02:30:09  INFO      Fetching vehicle page: 1
2026-08-20 02:30:09  INFO      Total vehicles collected for account 649034868264558592: 128
2026-08-20 02:30:11  INFO      Total trips collected for account 649034868264558592: 412
2026-08-20 02:34:38  ERROR     Request failed after 3 attempts: http://internal-apis.intangles.com/trip/aggregated?account_id=649034868264558592&pnum=6&psize=100&start_time=1787011200000&end_time=1787097599000 | error: 504 Server Error: Gateway Time-out for url: http://internal-apis.intangles.com/trip/aggregated?account_id=649034868264558592&pnum=6&psize=100&start_time=1787011200000&end_time=1787097599000
2026-08-20 02:34:38  WARNING     page 6 failed (1/3 consecutive)
2026-08-20 02:34:58  INFO        account 649034868264558592: fetched 500 records (7 pages)
2026-08-20 02:34:58  INFO      Total trip-agg records collected across 1 accounts: 500
2026-08-20 02:35:00  WARNING   Alert count fetch failed for 412/412 trips
2026-08-20 02:35:00  INFO      Summary written to: /root/code/algorithms/app/scripts/camera/trip_agg_analysis_script/output/2026-08-18/649034868264558592/summary.json
2026-08-20 02:35:00  INFO      ===== Trip Aggregation Analysis Summary =====
2026-08-20 02:35:00  INFO      Trips after merge/filters: 241
2026-08-20 02:35:00  INFO      Completely processed trips: 241
2026-08-20 02:35:00  INFO      Missing trips in trip_agg: 0
2026-08-20 02:35:00  INFO      Unbroken unmatched trips: 0
2026-08-20 02:35:00  INFO      Broken unmatched trips: 20
2026-08-20 02:35:00  INFO      ----- Step Timings -----
2026-08-20 02:35:00  INFO        fetch_accounts_with_access            0.02s
2026-08-20 02:35:00  INFO        fetch_trip_agg_data                 289.19s
2026-08-20 02:35:00  INFO        get_trips_for_account                 2.91s
2026-08-20 02:35:00  INFO        prepare_dataframes                    0.03s
2026-08-20 02:35:00  INFO        analyze_trip_agg                      0.62s
2026-08-20 02:35:00  INFO        analyze_alerts                        2.03s
2026-08-20 02:35:00  INFO        total                               294.79s
2026-08-20 02:35:00  INFO      Reports written to: /root/code/algorithms/app/scripts/camera/trip_agg_analysis_script/output/2026-08-18/649034868264558592
