2026-09-08 02:41:04  INFO      === Starting analysis for account: 642689989225816064 ===
2026-09-08 02:41:04  INFO      Account name: Indore Intercity
2026-09-08 02:41:04  INFO      [1/1] Fetching trip_agg for account: 642689989225816064
2026-09-08 02:41:04  INFO      Fetching vehicle page: 1
2026-09-08 02:41:04  INFO      Total vehicles collected for account 642689989225816064: 230
2026-09-08 02:41:14  INFO      Total trips collected for account 642689989225816064: 949
2026-09-08 02:41:32  INFO        account 642689989225816064: fetched 1016 records (11 pages)
2026-09-08 02:41:32  INFO      Total trip-agg records collected across 1 accounts: 1016
2026-09-08 02:41:36  WARNING   Alert count fetch failed for 949/949 trips
2026-09-08 02:41:36  INFO      Summary written to: /root/code/algorithms/app/scripts/camera/trip_agg_analysis_script/output/2026-09-06/642689989225816064/summary.json
2026-09-08 02:41:36  INFO      ===== Trip Aggregation Analysis Summary =====
2026-09-08 02:41:36  INFO      Trips after merge/filters: 473
2026-09-08 02:41:36  INFO      Completely processed trips: 473
2026-09-08 02:41:36  INFO      Missing trips in trip_agg: 0
2026-09-08 02:41:36  INFO      Unbroken unmatched trips: 0
2026-09-08 02:41:36  INFO      Broken unmatched trips: 18
2026-09-08 02:41:36  INFO      ----- Step Timings -----
2026-09-08 02:41:36  INFO        fetch_accounts_with_access            0.01s
2026-09-08 02:41:36  INFO        fetch_trip_agg_data                  27.86s
2026-09-08 02:41:36  INFO        get_trips_for_account                10.02s
2026-09-08 02:41:36  INFO        prepare_dataframes                    0.03s
2026-09-08 02:41:36  INFO        analyze_trip_agg                      1.35s
2026-09-08 02:41:36  INFO        analyze_alerts                        2.50s
2026-09-08 02:41:36  INFO        total                                41.76s
2026-09-08 02:41:36  INFO      Reports written to: /root/code/algorithms/app/scripts/camera/trip_agg_analysis_script/output/2026-09-06/642689989225816064
