2026-03-20 08:00:02  INFO      === Starting analysis for account: 649034868264558592 ===
2026-03-20 08:00:02  INFO      Account name: RajRatan Travels
2026-03-20 08:00:02  INFO      Fetching trip_agg page: 1
2026-03-20 08:00:02  INFO      Fetching vehicle page: 1
2026-03-20 08:00:03  INFO      Total vehicles collected for account 649034868264558592: 117
2026-03-20 08:00:12  INFO      Total trip-agg records collected: 401
2026-03-20 08:00:14  INFO      Total trips collected for account 649034868264558592: 288
2026-03-20 08:00:29  INFO      Summary written to: /root/code/algorithms/app/scripts/camera/trip_agg_analysis_script/output/2026-03-18/649034868264558592/summary.json
2026-03-20 08:00:29  INFO      ===== Trip Aggregation Analysis Summary =====
2026-03-20 08:00:29  INFO      Trips after merge/filters: 171
2026-03-20 08:00:29  INFO      Completely processed trips: 171
2026-03-20 08:00:29  INFO      Missing trips in trip_agg: 0
2026-03-20 08:00:29  INFO      Unbroken unmatched trips: 1
2026-03-20 08:00:29  INFO      Broken unmatched trips: 5
2026-03-20 08:00:29  INFO      Top alert mismatches:
        alert_name  mismatch_count  total_joined_trips  mismatch_pct
            idling               9                 288          3.12
distracted_driving               7                 288          2.43
               fcw               7                 288          2.43
       eyes_closed               6                 288          2.08
        over_speed               2                 288          0.69
2026-03-20 08:00:29  INFO      ----- Step Timings -----
2026-03-20 08:00:29  INFO        fetch_trip_agg_data                   9.83s
2026-03-20 08:00:29  INFO        get_trips_for_account                12.19s
2026-03-20 08:00:29  INFO        prepare_dataframes                    0.02s
2026-03-20 08:00:29  INFO        analyze_trip_agg                      8.81s
2026-03-20 08:00:29  INFO        analyze_alerts                        5.96s
2026-03-20 08:00:29  INFO        total                                36.81s
2026-03-20 08:00:29  INFO      Reports written to: /root/code/algorithms/app/scripts/camera/trip_agg_analysis_script/output/2026-03-18/649034868264558592
