2026-09-26 02:43:23  INFO      === Starting analysis for account: 1205841794575630336 ===
2026-09-26 02:43:23  INFO      Account name: Chartered Speed-OSRTC
2026-09-26 02:43:23  INFO      [1/1] Fetching trip_agg for account: 1205841794575630336
2026-09-26 02:43:23  INFO      Fetching vehicle page: 1
2026-09-26 02:43:23  INFO      Fetching vehicle page: 2
2026-09-26 02:43:24  INFO      Fetching vehicle page: 3
2026-09-26 02:43:24  INFO      Total vehicles collected for account 1205841794575630336: 1184
2026-09-26 02:43:48  INFO      Total trips collected for account 1205841794575630336: 7891
2026-09-26 02:48:29  INFO        account 1205841794575630336: fetched 7980 records (80 pages)
2026-09-26 02:48:29  INFO      Total trip-agg records collected across 1 accounts: 7980
2026-09-26 02:48:29  WARNING   Excluding 1 trips with missing end_time from comparison
2026-09-26 02:49:14  WARNING   Alert count fetch failed for 7891/7891 trips
2026-09-26 02:49:14  INFO      Summary written to: /root/code/algorithms/app/scripts/camera/trip_agg_analysis_script/output/2026-09-24/1205841794575630336/summary.json
2026-09-26 02:49:14  INFO      ===== Trip Aggregation Analysis Summary =====
2026-09-26 02:49:14  INFO      Trips after merge/filters: 6620
2026-09-26 02:49:14  INFO      Completely processed trips: 6609
2026-09-26 02:49:14  INFO      Missing trips in trip_agg: 0
2026-09-26 02:49:14  INFO      Unbroken unmatched trips: 0
2026-09-26 02:49:14  INFO      Broken unmatched trips: 20
2026-09-26 02:49:14  INFO      ----- Step Timings -----
2026-09-26 02:49:14  INFO        fetch_accounts_with_access            0.01s
2026-09-26 02:49:14  INFO        fetch_trip_agg_data                 305.76s
2026-09-26 02:49:14  INFO        get_trips_for_account                25.12s
2026-09-26 02:49:14  INFO        prepare_dataframes                    0.29s
2026-09-26 02:49:14  INFO        analyze_trip_agg                     16.75s
2026-09-26 02:49:14  INFO        analyze_alerts                       28.16s
2026-09-26 02:49:14  INFO        total                               376.10s
2026-09-26 02:49:14  INFO      Reports written to: /root/code/algorithms/app/scripts/camera/trip_agg_analysis_script/output/2026-09-24/1205841794575630336
