2026-08-02 02:38:22  INFO      === Starting analysis for account: 642689989225816064 ===
2026-08-02 02:38:22  INFO      Account name: Indore Intercity
2026-08-02 02:38:22  INFO      Resolved 7 accounts_with_access for 642689989225816064
2026-08-02 02:38:22  INFO      [1/7] Fetching trip_agg for account: 475691480292397056
2026-08-02 02:38:22  INFO      Fetching vehicle page: 1
2026-08-02 02:38:22  INFO        account 475691480292397056: fetched 0 records (1 pages)
2026-08-02 02:38:22  INFO      [2/7] Fetching trip_agg for account: 642689989225816064
2026-08-02 02:38:22  INFO      Total vehicles collected for account 642689989225816064: 229
2026-08-02 02:38:26  INFO      Total trips collected for account 642689989225816064: 962
2026-08-02 02:39:08  INFO        account 642689989225816064: fetched 1006 records (11 pages)
2026-08-02 02:39:08  INFO      [3/7] Fetching trip_agg for account: 907977166128414720
2026-08-02 02:39:09  INFO        account 907977166128414720: fetched 0 records (1 pages)
2026-08-02 02:39:09  INFO      [4/7] Fetching trip_agg for account: 1128685188746838016
2026-08-02 02:39:09  INFO        account 1128685188746838016: fetched 0 records (1 pages)
2026-08-02 02:39:09  INFO      [5/7] Fetching trip_agg for account: 1520500634065829888
2026-08-02 02:39:09  INFO        account 1520500634065829888: fetched 0 records (1 pages)
2026-08-02 02:39:09  INFO      [6/7] Fetching trip_agg for account: 1520501245561798656
2026-08-02 02:39:09  INFO        account 1520501245561798656: fetched 0 records (1 pages)
2026-08-02 02:39:09  INFO      [7/7] Fetching trip_agg for account: 1536063812182999040
2026-08-02 02:39:09  INFO        account 1536063812182999040: fetched 0 records (1 pages)
2026-08-02 02:39:09  INFO      Total trip-agg records collected across 7 accounts: 1006
2026-08-02 02:39:11  INFO      Attempting second-pass fetch for 17 missing trips by trip_id
2026-08-02 02:39:11  INFO      Second-pass recovered 17 missing trips, 0 still missing
2026-08-02 02:39:14  INFO      Summary written to: /root/code/algorithms/app/scripts/camera/trip_agg_analysis_script/output/2026-07-31/642689989225816064/summary.json
2026-08-02 02:39:14  INFO      ===== Trip Aggregation Analysis Summary =====
2026-08-02 02:39:14  INFO      Trips after merge/filters: 509
2026-08-02 02:39:14  INFO      Completely processed trips: 509
2026-08-02 02:39:14  INFO      Missing trips in trip_agg: 0
2026-08-02 02:39:14  INFO      Unbroken unmatched trips: 0
2026-08-02 02:39:14  INFO      Broken unmatched trips: 20
2026-08-02 02:39:14  INFO      Top alert mismatches:
         alert_name  mismatch_count  total_joined_trips  mismatch_pct
 distracted_driving               0                 962           0.0
         drowsiness               0                 962           0.0
emergency_recording               0                 962           0.0
        eyes_closed               0                 962           0.0
                fcw               0                 962           0.0
2026-08-02 02:39:14  INFO      ----- Step Timings -----
2026-08-02 02:39:14  INFO        fetch_accounts_with_access            0.02s
2026-08-02 02:39:14  INFO        fetch_trip_agg_data                  46.91s
2026-08-02 02:39:14  INFO        get_trips_for_account                 3.52s
2026-08-02 02:39:14  INFO        prepare_dataframes                    0.02s
2026-08-02 02:39:14  INFO        analyze_trip_agg                      1.56s
2026-08-02 02:39:14  INFO        analyze_alerts                        3.23s
2026-08-02 02:39:14  INFO        total                                55.26s
2026-08-02 02:39:14  INFO      Reports written to: /root/code/algorithms/app/scripts/camera/trip_agg_analysis_script/output/2026-07-31/642689989225816064
