2026-09-26 02:42:57  INFO      === Starting analysis for account: 642689989225816064 ===
2026-09-26 02:42:57  INFO      Account name: Indore Intercity
2026-09-26 02:42:57  INFO      [1/1] Fetching trip_agg for account: 642689989225816064
2026-09-26 02:42:57  INFO      Fetching vehicle page: 1
2026-09-26 02:42:57  INFO      Total vehicles collected for account 642689989225816064: 230
2026-09-26 02:43:01  INFO      Total trips collected for account 642689989225816064: 604
2026-09-26 02:43:14  INFO        account 642689989225816064: fetched 655 records (7 pages)
2026-09-26 02:43:14  INFO      Total trip-agg records collected across 1 accounts: 655
2026-09-26 02:43:16  INFO      Attempting second-pass fetch for 1 missing trips by trip_id
2026-09-26 02:43:17  INFO      Second-pass recovered 1 missing trips, 0 still missing
2026-09-26 02:43:19  WARNING   Alert count fetch failed for 604/604 trips
2026-09-26 02:43:19  INFO      Summary written to: /root/code/algorithms/app/scripts/camera/trip_agg_analysis_script/output/2026-09-24/642689989225816064/summary.json
2026-09-26 02:43:19  INFO      ===== Trip Aggregation Analysis Summary =====
2026-09-26 02:43:19  INFO      Trips after merge/filters: 292
2026-09-26 02:43:19  INFO      Completely processed trips: 292
2026-09-26 02:43:19  INFO      Missing trips in trip_agg: 0
2026-09-26 02:43:19  INFO      Unbroken unmatched trips: 0
2026-09-26 02:43:19  INFO      Broken unmatched trips: 13
2026-09-26 02:43:19  INFO      ----- Step Timings -----
2026-09-26 02:43:19  INFO        fetch_accounts_with_access            0.06s
2026-09-26 02:43:19  INFO        fetch_trip_agg_data                  17.23s
2026-09-26 02:43:19  INFO        get_trips_for_account                 4.44s
2026-09-26 02:43:19  INFO        prepare_dataframes                    0.03s
2026-09-26 02:43:19  INFO        analyze_trip_agg                      3.10s
2026-09-26 02:43:19  INFO        analyze_alerts                        1.80s
2026-09-26 02:43:19  INFO        total                                26.65s
2026-09-26 02:43:19  INFO      Reports written to: /root/code/algorithms/app/scripts/camera/trip_agg_analysis_script/output/2026-09-24/642689989225816064
