2026-07-13 02:33:33  INFO      === Starting analysis for account: 632578958264631296 ===
2026-07-13 02:33:33  INFO      Account name: K M Translogistics  Pvt Ltd ( KMT)
2026-07-13 02:33:33  INFO      Fetching trip_agg page: 1
2026-07-13 02:33:33  INFO      Fetching vehicle page: 1
2026-07-13 02:33:33  INFO      Fetching vehicle page: 2
2026-07-13 02:33:34  INFO      Fetching vehicle page: 3
2026-07-13 02:33:35  INFO      Fetching vehicle page: 4
2026-07-13 02:33:36  INFO      Total vehicles collected for account 632578958264631296: 1980
2026-07-13 02:34:04  INFO      Fetching trip_agg page: 2
2026-07-13 02:34:09  INFO      Fetching trip_agg page: 3
2026-07-13 02:34:12  INFO      Fetching trip_agg page: 4
2026-07-13 02:34:14  INFO      Fetching trip_agg page: 5
2026-07-13 02:34:17  INFO      Fetching trip_agg page: 6
2026-07-13 02:34:18  INFO      Total trips collected for account 632578958264631296: 6089
2026-07-13 02:34:18  INFO      Fetching trip_agg page: 7
2026-07-13 02:34:20  INFO      Fetching trip_agg page: 8
2026-07-13 02:34:21  INFO      Fetching trip_agg page: 9
2026-07-13 02:34:22  INFO      Fetching trip_agg page: 10
2026-07-13 02:34:24  INFO      Fetching trip_agg page: 11
2026-07-13 02:34:26  INFO      Fetching trip_agg page: 12
2026-07-13 02:34:28  INFO      Fetching trip_agg page: 13
2026-07-13 02:34:34  INFO      Total trip-agg records collected: 6161
2026-07-13 02:36:16  INFO      Summary written to: /root/code/algorithms/app/scripts/camera/trip_agg_analysis_script/output/2026-07-11/632578958264631296/summary.json
2026-07-13 02:36:16  INFO      ===== Trip Aggregation Analysis Summary =====
2026-07-13 02:36:16  INFO      Trips after merge/filters: 2956
2026-07-13 02:36:16  INFO      Completely processed trips: 2956
2026-07-13 02:36:16  INFO      Missing trips in trip_agg: 34
2026-07-13 02:36:16  INFO      Unbroken unmatched trips: 0
2026-07-13 02:36:16  INFO      Broken unmatched trips: 0
2026-07-13 02:36:16  INFO      Top alert mismatches:
  alert_name  mismatch_count  total_joined_trips  mismatch_pct
  fuel_chori               3                6055          0.05
slow_running               1                6055          0.02
      idling               0                6055          0.00
  over_speed               0                6055          0.00
     freerun               0                6055          0.00
2026-07-13 02:36:16  INFO      ----- Step Timings -----
2026-07-13 02:36:16  INFO        fetch_trip_agg_data                  61.37s
2026-07-13 02:36:16  INFO        get_trips_for_account                44.80s
2026-07-13 02:36:16  INFO        prepare_dataframes                    0.66s
2026-07-13 02:36:16  INFO        analyze_trip_agg                      0.36s
2026-07-13 02:36:16  INFO        analyze_alerts                       99.61s
2026-07-13 02:36:16  INFO        total                               206.80s
2026-07-13 02:36:16  INFO      Reports written to: /root/code/algorithms/app/scripts/camera/trip_agg_analysis_script/output/2026-07-11/632578958264631296
