2026-07-14 08:18:04  INFO      === Starting analysis for account: 649034868264558592 ===
2026-07-14 08:18:04  INFO      Account name: RajRatan Travels
2026-07-14 08:18:04  INFO      Fetching trip_agg page: 1
2026-07-14 08:18:04  INFO      Fetching vehicle page: 1
2026-07-14 08:18:05  INFO      Total vehicles collected for account 649034868264558592: 128
2026-07-14 08:18:05  INFO      Total trips collected for account 649034868264558592: 281
2026-07-14 08:18:11  INFO      Total trip-agg records collected: 404
2026-07-14 08:18:22  INFO      Summary written to: /root/code/algorithms/app/scripts/camera/trip_agg_analysis_script/output/2026-07-12/649034868264558592/summary.json
2026-07-14 08:18:22  INFO      ===== Trip Aggregation Analysis Summary =====
2026-07-14 08:18:22  INFO      Trips after merge/filters: 151
2026-07-14 08:18:22  INFO      Completely processed trips: 151
2026-07-14 08:18:22  INFO      Missing trips in trip_agg: 0
2026-07-14 08:18:22  INFO      Unbroken unmatched trips: 0
2026-07-14 08:18:22  INFO      Broken unmatched trips: 4
2026-07-14 08:18:22  INFO      Top alert mismatches:
         alert_name  mismatch_count  total_joined_trips  mismatch_pct
 distracted_driving               0                 281           0.0
         drowsiness               0                 281           0.0
emergency_recording               0                 281           0.0
        eyes_closed               0                 281           0.0
                fcw               0                 281           0.0
2026-07-14 08:18:22  INFO      ----- Step Timings -----
2026-07-14 08:18:22  INFO        fetch_trip_agg_data                   6.97s
2026-07-14 08:18:22  INFO        get_trips_for_account                 1.72s
2026-07-14 08:18:22  INFO        prepare_dataframes                    0.01s
2026-07-14 08:18:22  INFO        analyze_trip_agg                     10.02s
2026-07-14 08:18:22  INFO        analyze_alerts                        0.97s
2026-07-14 08:18:22  INFO        total                                19.69s
2026-07-14 08:18:22  INFO      Reports written to: /root/code/algorithms/app/scripts/camera/trip_agg_analysis_script/output/2026-07-12/649034868264558592
