2026-07-29 02:30:05  INFO      === Starting analysis for account: 649034868264558592 ===
2026-07-29 02:30:05  INFO      Account name: RajRatan Travels
2026-07-29 02:30:05  INFO      Fetching trip_agg page: 1
2026-07-29 02:30:05  INFO      Fetching vehicle page: 1
2026-07-29 02:30:06  INFO      Total vehicles collected for account 649034868264558592: 128
2026-07-29 02:30:07  INFO      Total trips collected for account 649034868264558592: 322
2026-07-29 02:33:06  ERROR     Request failed after 3 attempts: http://internal-apis.intangles.com/trip/aggregated?account_id=649034868264558592&pnum=1&psize=500&start_time=1785110400000&end_time=1785196799000 | error: HTTPConnectionPool(host='internal-apis.intangles.com', port=80): Read timed out. (read timeout=60)
2026-07-29 02:33:06  WARNING   Skipping failed trip_agg page 1 (1/3)
2026-07-29 02:33:06  INFO      Fetching trip_agg page: 2
2026-07-29 02:33:23  INFO      Total trip-agg records collected: 0
2026-07-29 02:33:23  INFO      Summary written to: /root/code/algorithms/app/scripts/camera/trip_agg_analysis_script/output/2026-07-27/649034868264558592/summary.json
2026-07-29 02:33:23  INFO      ===== Trip Aggregation Analysis Summary =====
2026-07-29 02:33:23  INFO      Trips after merge/filters: 0
2026-07-29 02:33:23  INFO      Completely processed trips: 0
2026-07-29 02:33:23  INFO      Missing trips in trip_agg: 0
2026-07-29 02:33:23  INFO      Unbroken unmatched trips: 0
2026-07-29 02:33:23  INFO      Broken unmatched trips: 0
2026-07-29 02:33:23  INFO      ----- Step Timings -----
2026-07-29 02:33:23  INFO        fetch_trip_agg_data                 197.78s
2026-07-29 02:33:23  INFO        get_trips_for_account                 1.04s
2026-07-29 02:33:23  INFO        prepare_dataframes                    0.01s
2026-07-29 02:33:23  INFO        analyze_trip_agg                      0.00s
2026-07-29 02:33:23  INFO        analyze_alerts                        0.00s
2026-07-29 02:33:23  INFO        total                               198.83s
2026-07-29 02:33:23  INFO      Reports written to: /root/code/algorithms/app/scripts/camera/trip_agg_analysis_script/output/2026-07-27/649034868264558592
