2026-08-22 02:33:18  INFO      === Starting analysis for account: 632578958264631296 ===
2026-08-22 02:33:18  INFO      Account name: K M Translogistics  Pvt Ltd ( KMT)
2026-08-22 02:33:18  INFO      [1/1] Fetching trip_agg for account: 632578958264631296
2026-08-22 02:33:18  INFO      Fetching vehicle page: 1
2026-08-22 02:33:18  INFO      Fetching vehicle page: 2
2026-08-22 02:33:19  INFO      Fetching vehicle page: 3
2026-08-22 02:33:19  INFO      Fetching vehicle page: 4
2026-08-22 02:33:19  INFO      Total vehicles collected for account 632578958264631296: 1983
2026-08-22 02:33:34  INFO      Total trips collected for account 632578958264631296: 6815
2026-08-22 02:37:55  INFO        account 632578958264631296: fetched 6906 records (70 pages)
2026-08-22 02:37:55  INFO      Total trip-agg records collected across 1 accounts: 6906
2026-08-22 02:38:06  INFO      Attempting second-pass fetch for 31 missing trips by trip_id
2026-08-22 02:38:07  INFO      Second-pass recovered 31 missing trips, 0 still missing
2026-08-22 02:38:24  WARNING   Alert count fetch failed for 6815/6815 trips
2026-08-22 02:38:24  INFO      Summary written to: /root/code/algorithms/app/scripts/camera/trip_agg_analysis_script/output/2026-08-20/632578958264631296/summary.json
2026-08-22 02:38:24  INFO      ===== Trip Aggregation Analysis Summary =====
2026-08-22 02:38:24  INFO      Trips after merge/filters: 3494
2026-08-22 02:38:24  INFO      Completely processed trips: 3493
2026-08-22 02:38:24  INFO      Missing trips in trip_agg: 0
2026-08-22 02:38:24  INFO      Unbroken unmatched trips: 2
2026-08-22 02:38:24  INFO      Broken unmatched trips: 0
2026-08-22 02:38:24  INFO      ----- Step Timings -----
2026-08-22 02:38:24  INFO        fetch_accounts_with_access            0.02s
2026-08-22 02:38:24  INFO        fetch_trip_agg_data                 276.87s
2026-08-22 02:38:24  INFO        get_trips_for_account                15.75s
2026-08-22 02:38:24  INFO        prepare_dataframes                    0.21s
2026-08-22 02:38:24  INFO        analyze_trip_agg                     11.83s
2026-08-22 02:38:24  INFO        analyze_alerts                       17.12s
2026-08-22 02:38:24  INFO        total                               321.79s
2026-08-22 02:38:24  INFO      Reports written to: /root/code/algorithms/app/scripts/camera/trip_agg_analysis_script/output/2026-08-20/632578958264631296
