2026-08-09 02:30:06  INFO      === Starting analysis for account: 649034868264558592 ===
2026-08-09 02:30:06  INFO      Account name: RajRatan Travels
2026-08-09 02:30:06  INFO      [1/1] Fetching trip_agg for account: 649034868264558592
2026-08-09 02:30:06  INFO      Fetching vehicle page: 1
2026-08-09 02:30:06  INFO      Total vehicles collected for account 649034868264558592: 128
2026-08-09 02:30:08  INFO      Total trips collected for account 649034868264558592: 303
2026-08-09 02:34:26  ERROR     Request failed after 3 attempts: http://internal-apis.intangles.com/trip/aggregated?account_id=649034868264558592&pnum=5&psize=100&start_time=1786060800000&end_time=1786147199000 | error: 504 Server Error: Gateway Time-out for url: http://internal-apis.intangles.com/trip/aggregated?account_id=649034868264558592&pnum=5&psize=100&start_time=1786060800000&end_time=1786147199000
2026-08-09 02:34:26  WARNING     page 5 failed (1/3 consecutive)
2026-08-09 02:34:27  INFO        account 649034868264558592: fetched 400 records (6 pages)
2026-08-09 02:34:27  INFO      Total trip-agg records collected across 1 accounts: 400
2026-08-09 02:34:30  WARNING   Alert count fetch failed for 303/303 trips
2026-08-09 02:34:30  INFO      Summary written to: /root/code/algorithms/app/scripts/camera/trip_agg_analysis_script/output/2026-08-07/649034868264558592/summary.json
2026-08-09 02:34:30  INFO      ===== Trip Aggregation Analysis Summary =====
2026-08-09 02:34:30  INFO      Trips after merge/filters: 159
2026-08-09 02:34:30  INFO      Completely processed trips: 159
2026-08-09 02:34:30  INFO      Missing trips in trip_agg: 0
2026-08-09 02:34:30  INFO      Unbroken unmatched trips: 0
2026-08-09 02:34:30  INFO      Broken unmatched trips: 15
2026-08-09 02:34:30  INFO      ----- Step Timings -----
2026-08-09 02:34:30  INFO        fetch_accounts_with_access            0.03s
2026-08-09 02:34:30  INFO        fetch_trip_agg_data                 261.34s
2026-08-09 02:34:30  INFO        get_trips_for_account                 2.32s
2026-08-09 02:34:30  INFO        prepare_dataframes                    0.02s
2026-08-09 02:34:30  INFO        analyze_trip_agg                      0.83s
2026-08-09 02:34:30  INFO        analyze_alerts                        2.03s
2026-08-09 02:34:30  INFO        total                               266.56s
2026-08-09 02:34:30  INFO      Reports written to: /root/code/algorithms/app/scripts/camera/trip_agg_analysis_script/output/2026-08-07/649034868264558592
