2026-04-02 08:00:05  INFO      === Starting analysis for account: 649034868264558592 ===
2026-04-02 08:00:05  INFO      Account name: RajRatan Travels
2026-04-02 08:00:05  INFO      Fetching trip_agg page: 1
2026-04-02 08:00:05  INFO      Fetching vehicle page: 1
2026-04-02 08:00:06  INFO      Total vehicles collected for account 649034868264558592: 118
2026-04-02 08:00:09  INFO      Total trips collected for account 649034868264558592: 310
2026-04-02 08:01:09  INFO      Total trip-agg records collected: 431
2026-04-02 08:01:17  INFO      Summary written to: /root/code/algorithms/app/scripts/camera/trip_agg_analysis_script/output/2026-03-31/649034868264558592/summary.json
2026-04-02 08:01:17  INFO      ===== Trip Aggregation Analysis Summary =====
2026-04-02 08:01:17  INFO      Trips after merge/filters: 160
2026-04-02 08:01:17  INFO      Completely processed trips: 160
2026-04-02 08:01:17  INFO      Missing trips in trip_agg: 0
2026-04-02 08:01:17  INFO      Unbroken unmatched trips: 0
2026-04-02 08:01:17  INFO      Broken unmatched trips: 3
2026-04-02 08:01:17  INFO      Top alert mismatches:
         alert_name  mismatch_count  total_joined_trips  mismatch_pct
             idling              19                 310          6.13
                fcw               2                 310          0.65
 distracted_driving               0                 310          0.00
         drowsiness               0                 310          0.00
emergency_recording               0                 310          0.00
2026-04-02 08:01:17  INFO      ----- Step Timings -----
2026-04-02 08:01:17  INFO        fetch_trip_agg_data                  64.05s
2026-04-02 08:01:17  INFO        get_trips_for_account                 3.74s
2026-04-02 08:01:17  INFO        prepare_dataframes                    0.10s
2026-04-02 08:01:17  INFO        analyze_trip_agg                      0.83s
2026-04-02 08:01:17  INFO        analyze_alerts                        7.59s
2026-04-02 08:01:17  INFO        total                                76.31s
2026-04-02 08:01:17  INFO      Reports written to: /root/code/algorithms/app/scripts/camera/trip_agg_analysis_script/output/2026-03-31/649034868264558592
