2026-08-14 02:31:39  INFO      === Starting analysis for account: 632578958264631296 ===
2026-08-14 02:31:39  INFO      Account name: K M Translogistics  Pvt Ltd ( KMT)
2026-08-14 02:31:39  INFO      [1/1] Fetching trip_agg for account: 632578958264631296
2026-08-14 02:31:39  INFO      Fetching vehicle page: 1
2026-08-14 02:31:39  INFO      Fetching vehicle page: 2
2026-08-14 02:31:40  INFO      Fetching vehicle page: 3
2026-08-14 02:31:41  INFO      Fetching vehicle page: 4
2026-08-14 02:31:41  INFO      Total vehicles collected for account 632578958264631296: 1983
2026-08-14 02:32:20  INFO      Total trips collected for account 632578958264631296: 6243
2026-08-14 02:37:18  INFO        account 632578958264631296: fetched 6349 records (64 pages)
2026-08-14 02:37:18  INFO      Total trip-agg records collected across 1 accounts: 6349
2026-08-14 02:37:18  INFO      Attempting second-pass fetch for 26 missing trips by trip_id
2026-08-14 02:37:19  INFO      Second-pass recovered 26 missing trips, 0 still missing
2026-08-14 02:37:50  WARNING   Alert count fetch failed for 6243/6243 trips
2026-08-14 02:37:50  INFO      Summary written to: /root/code/algorithms/app/scripts/camera/trip_agg_analysis_script/output/2026-08-12/632578958264631296/summary.json
2026-08-14 02:37:50  INFO      ===== Trip Aggregation Analysis Summary =====
2026-08-14 02:37:50  INFO      Trips after merge/filters: 3152
2026-08-14 02:37:50  INFO      Completely processed trips: 3152
2026-08-14 02:37:50  INFO      Missing trips in trip_agg: 0
2026-08-14 02:37:50  INFO      Unbroken unmatched trips: 1
2026-08-14 02:37:50  INFO      Broken unmatched trips: 0
2026-08-14 02:37:50  INFO      ----- Step Timings -----
2026-08-14 02:37:50  INFO        fetch_accounts_with_access            0.04s
2026-08-14 02:37:50  INFO        fetch_trip_agg_data                 338.70s
2026-08-14 02:37:50  INFO        get_trips_for_account                40.27s
2026-08-14 02:37:50  INFO        prepare_dataframes                    0.26s
2026-08-14 02:37:50  INFO        analyze_trip_agg                      1.07s
2026-08-14 02:37:50  INFO        analyze_alerts                       30.26s
2026-08-14 02:37:50  INFO        total                               410.61s
2026-08-14 02:37:50  INFO      Reports written to: /root/code/algorithms/app/scripts/camera/trip_agg_analysis_script/output/2026-08-12/632578958264631296
