2026-08-22 02:33:09  INFO      === Starting analysis for account: 649034868264558592 ===
2026-08-22 02:33:09  INFO      Account name: RajRatan Travels
2026-08-22 02:33:09  INFO      [1/1] Fetching trip_agg for account: 649034868264558592
2026-08-22 02:33:09  INFO      Fetching vehicle page: 1
2026-08-22 02:33:09  INFO      Total vehicles collected for account 649034868264558592: 128
2026-08-22 02:33:10  INFO      Total trips collected for account 649034868264558592: 477
2026-08-22 02:33:13  INFO        account 649034868264558592: fetched 625 records (7 pages)
2026-08-22 02:33:13  INFO      Total trip-agg records collected across 1 accounts: 625
2026-08-22 02:33:15  WARNING   Alert count fetch failed for 477/477 trips
2026-08-22 02:33:15  INFO      Summary written to: /root/code/algorithms/app/scripts/camera/trip_agg_analysis_script/output/2026-08-20/649034868264558592/summary.json
2026-08-22 02:33:15  INFO      ===== Trip Aggregation Analysis Summary =====
2026-08-22 02:33:15  INFO      Trips after merge/filters: 292
2026-08-22 02:33:15  INFO      Completely processed trips: 291
2026-08-22 02:33:15  INFO      Missing trips in trip_agg: 0
2026-08-22 02:33:15  INFO      Unbroken unmatched trips: 0
2026-08-22 02:33:15  INFO      Broken unmatched trips: 20
2026-08-22 02:33:15  INFO      ----- Step Timings -----
2026-08-22 02:33:15  INFO        fetch_accounts_with_access            0.01s
2026-08-22 02:33:15  INFO        fetch_trip_agg_data                   4.40s
2026-08-22 02:33:15  INFO        get_trips_for_account                 1.59s
2026-08-22 02:33:15  INFO        prepare_dataframes                    0.02s
2026-08-22 02:33:15  INFO        analyze_trip_agg                      0.54s
2026-08-22 02:33:15  INFO        analyze_alerts                        1.04s
2026-08-22 02:33:15  INFO        total                                 7.59s
2026-08-22 02:33:15  INFO      Reports written to: /root/code/algorithms/app/scripts/camera/trip_agg_analysis_script/output/2026-08-20/649034868264558592
