2026-06-30 13:39:53  INFO      === Starting analysis for account: 649034868264558592 ===
2026-06-30 13:39:53  INFO      Account name: RajRatan Travels
2026-06-30 13:39:53  INFO      Fetching trip_agg page: 1
2026-06-30 13:39:53  INFO      Fetching vehicle page: 1
2026-06-30 13:39:54  INFO      Total vehicles collected for account 649034868264558592: 128
2026-06-30 13:40:17  INFO      Total trip-agg records collected: 424
2026-06-30 13:40:55  INFO      Total trips collected for account 649034868264558592: 278
2026-06-30 13:41:00  INFO      Summary written to: /root/code/algorithms/app/scripts/camera/trip_agg_analysis_script/output/2026-06-28/649034868264558592/summary.json
2026-06-30 13:41:00  INFO      ===== Trip Aggregation Analysis Summary =====
2026-06-30 13:41:00  INFO      Trips after merge/filters: 148
2026-06-30 13:41:00  INFO      Completely processed trips: 148
2026-06-30 13:41:00  INFO      Missing trips in trip_agg: 0
2026-06-30 13:41:00  INFO      Unbroken unmatched trips: 0
2026-06-30 13:41:00  INFO      Broken unmatched trips: 3
2026-06-30 13:41:00  INFO      Top alert mismatches:
         alert_name  mismatch_count  total_joined_trips  mismatch_pct
 distracted_driving               0                 278           0.0
         drowsiness               0                 278           0.0
emergency_recording               0                 278           0.0
        eyes_closed               0                 278           0.0
                fcw               0                 278           0.0
2026-06-30 13:41:00  INFO      ----- Step Timings -----
2026-06-30 13:41:00  INFO        fetch_trip_agg_data                  23.48s
2026-06-30 13:41:00  INFO        get_trips_for_account                61.71s
2026-06-30 13:41:00  INFO        prepare_dataframes                    0.02s
2026-06-30 13:41:00  INFO        analyze_trip_agg                      3.32s
2026-06-30 13:41:00  INFO        analyze_alerts                        1.66s
2026-06-30 13:41:00  INFO        total                                90.19s
2026-06-30 13:41:00  INFO      Reports written to: /root/code/algorithms/app/scripts/camera/trip_agg_analysis_script/output/2026-06-28/649034868264558592
