2026-07-21 02:31:34  INFO      === Starting analysis for account: 649034868264558592 ===
2026-07-21 02:31:34  INFO      Account name: RajRatan Travels
2026-07-21 02:31:34  INFO      Fetching trip_agg page: 1
2026-07-21 02:31:34  INFO      Fetching vehicle page: 1
2026-07-21 02:31:34  INFO      Total vehicles collected for account 649034868264558592: 128
2026-07-21 02:31:35  INFO      Total trips collected for account 649034868264558592: 285
2026-07-21 02:34:34  ERROR     Request failed after 3 attempts: http://internal-apis.intangles.com/trip/aggregated?account_id=649034868264558592&pnum=1&psize=500&start_time=1784419200000&end_time=1784505599000 | error: HTTPConnectionPool(host='internal-apis.intangles.com', port=80): Read timed out. (read timeout=60)
2026-07-21 02:34:34  WARNING   Skipping failed trip_agg page 1 (1/3)
2026-07-21 02:34:34  INFO      Fetching trip_agg page: 2
2026-07-21 02:34:43  INFO      Total trip-agg records collected: 0
2026-07-21 02:34:43  INFO      Summary written to: /root/code/algorithms/app/scripts/camera/trip_agg_analysis_script/output/2026-07-19/649034868264558592/summary.json
2026-07-21 02:34:43  INFO      ===== Trip Aggregation Analysis Summary =====
2026-07-21 02:34:43  INFO      Trips after merge/filters: 0
2026-07-21 02:34:43  INFO      Completely processed trips: 0
2026-07-21 02:34:43  INFO      Missing trips in trip_agg: 0
2026-07-21 02:34:43  INFO      Unbroken unmatched trips: 0
2026-07-21 02:34:43  INFO      Broken unmatched trips: 0
2026-07-21 02:34:43  INFO      ----- Step Timings -----
2026-07-21 02:34:43  INFO        fetch_trip_agg_data                 188.43s
2026-07-21 02:34:43  INFO        get_trips_for_account                 1.25s
2026-07-21 02:34:43  INFO        prepare_dataframes                    0.00s
2026-07-21 02:34:43  INFO        analyze_trip_agg                      0.00s
2026-07-21 02:34:43  INFO        analyze_alerts                        0.00s
2026-07-21 02:34:43  INFO        total                               189.68s
2026-07-21 02:34:43  INFO      Reports written to: /root/code/algorithms/app/scripts/camera/trip_agg_analysis_script/output/2026-07-19/649034868264558592
