2026-07-16 02:37:51  INFO      === Starting analysis for account: 1205841794575630336 ===
2026-07-16 02:37:51  INFO      Account name: Chartered Speed-OSRTC
2026-07-16 02:37:51  INFO      Fetching trip_agg page: 1
2026-07-16 02:37:51  INFO      Fetching vehicle page: 1
2026-07-16 02:37:51  INFO      Fetching vehicle page: 2
2026-07-16 02:37:51  INFO      Fetching vehicle page: 3
2026-07-16 02:37:52  INFO      Fetching trip_agg page: 2
2026-07-16 02:37:52  INFO      Total vehicles collected for account 1205841794575630336: 1184
2026-07-16 02:37:54  INFO      Fetching trip_agg page: 3
2026-07-16 02:37:56  INFO      Fetching trip_agg page: 4
2026-07-16 02:37:57  INFO      Fetching trip_agg page: 5
2026-07-16 02:37:58  INFO      Fetching trip_agg page: 6
2026-07-16 02:37:59  INFO      Fetching trip_agg page: 7
2026-07-16 02:38:00  INFO      Fetching trip_agg page: 8
2026-07-16 02:38:01  INFO      Fetching trip_agg page: 9
2026-07-16 02:38:02  INFO      Total trips collected for account 1205841794575630336: 8208
2026-07-16 02:38:02  INFO      Fetching trip_agg page: 10
2026-07-16 02:38:03  INFO      Fetching trip_agg page: 11
2026-07-16 02:38:04  INFO      Fetching trip_agg page: 12
2026-07-16 02:38:05  INFO      Fetching trip_agg page: 13
2026-07-16 02:38:06  INFO      Fetching trip_agg page: 14
2026-07-16 02:38:08  INFO      Fetching trip_agg page: 15
2026-07-16 02:38:09  INFO      Fetching trip_agg page: 16
2026-07-16 02:38:10  INFO      Fetching trip_agg page: 17
2026-07-16 02:38:12  INFO      Total trip-agg records collected: 8338
2026-07-16 02:38:43  INFO      Summary written to: /root/code/algorithms/app/scripts/camera/trip_agg_analysis_script/output/2026-07-14/1205841794575630336/summary.json
2026-07-16 02:38:43  INFO      ===== Trip Aggregation Analysis Summary =====
2026-07-16 02:38:43  INFO      Trips after merge/filters: 6908
2026-07-16 02:38:43  INFO      Completely processed trips: 6907
2026-07-16 02:38:43  INFO      Missing trips in trip_agg: 0
2026-07-16 02:38:43  INFO      Unbroken unmatched trips: 0
2026-07-16 02:38:43  INFO      Broken unmatched trips: 11
2026-07-16 02:38:43  INFO      Top alert mismatches:
         alert_name  mismatch_count  total_joined_trips  mismatch_pct
 seatbelt_violation               2                8208          0.02
        eyes_closed               1                8208          0.01
 distracted_driving               0                8208          0.00
         drowsiness               0                8208          0.00
emergency_recording               0                8208          0.00
2026-07-16 02:38:43  INFO      ----- Step Timings -----
2026-07-16 02:38:43  INFO        fetch_trip_agg_data                  21.78s
2026-07-16 02:38:43  INFO        get_trips_for_account                11.36s
2026-07-16 02:38:43  INFO        prepare_dataframes                    0.22s
2026-07-16 02:38:43  INFO        analyze_trip_agg                      1.76s
2026-07-16 02:38:43  INFO        analyze_alerts                       28.58s
2026-07-16 02:38:43  INFO        total                                63.70s
2026-07-16 02:38:43  INFO      Reports written to: /root/code/algorithms/app/scripts/camera/trip_agg_analysis_script/output/2026-07-14/1205841794575630336
