2026-04-06 08:05:19  INFO      === Starting analysis for account: 632578958264631296 ===
2026-04-06 08:05:19  INFO      Account name: K M Translogistics  Pvt Ltd ( KMT)
2026-04-06 08:05:19  INFO      Fetching trip_agg page: 1
2026-04-06 08:05:19  INFO      Fetching vehicle page: 1
2026-04-06 08:05:21  INFO      Fetching vehicle page: 2
2026-04-06 08:05:22  INFO      Fetching vehicle page: 3
2026-04-06 08:05:22  INFO      Fetching trip_agg page: 2
2026-04-06 08:05:22  INFO      Fetching vehicle page: 4
2026-04-06 08:05:23  INFO      Total vehicles collected for account 632578958264631296: 1906
2026-04-06 08:05:38  INFO      Fetching trip_agg page: 3
2026-04-06 08:05:39  INFO      Fetching trip_agg page: 4
2026-04-06 08:05:42  INFO      Fetching trip_agg page: 5
2026-04-06 08:05:43  INFO      Fetching trip_agg page: 6
2026-04-06 08:05:44  INFO      Fetching trip_agg page: 7
2026-04-06 08:05:45  INFO      Fetching trip_agg page: 8
2026-04-06 08:05:47  INFO      Fetching trip_agg page: 9
2026-04-06 08:05:48  INFO      Fetching trip_agg page: 10
2026-04-06 08:05:57  INFO      Total trip-agg records collected: 4877
2026-04-06 08:07:15  INFO      Total trips collected for account 632578958264631296: 4899
2026-04-06 08:07:47  INFO      Summary written to: /root/code/algorithms/app/scripts/camera/trip_agg_analysis_script/output/2026-04-04/632578958264631296/summary.json
2026-04-06 08:07:47  INFO      ===== Trip Aggregation Analysis Summary =====
2026-04-06 08:07:47  INFO      Trips after merge/filters: 2579
2026-04-06 08:07:47  INFO      Completely processed trips: 2579
2026-04-06 08:07:47  INFO      Missing trips in trip_agg: 48
2026-04-06 08:07:47  INFO      Unbroken unmatched trips: 2
2026-04-06 08:07:47  INFO      Broken unmatched trips: 0
2026-04-06 08:07:47  INFO      Top alert mismatches:
         alert_name  mismatch_count  total_joined_trips  mismatch_pct
unscheduled_driving               4                4851          0.08
             idling               3                4851          0.06
       slow_running               2                4851          0.04
         fuel_chori               1                4851          0.02
         over_speed               0                4851          0.00
2026-04-06 08:07:47  INFO      ----- Step Timings -----
2026-04-06 08:07:47  INFO        fetch_trip_agg_data                  37.56s
2026-04-06 08:07:47  INFO        get_trips_for_account               116.05s
2026-04-06 08:07:47  INFO        prepare_dataframes                    0.24s
2026-04-06 08:07:47  INFO        analyze_trip_agg                      0.13s
2026-04-06 08:07:47  INFO        analyze_alerts                       30.63s
2026-04-06 08:07:47  INFO        total                               184.60s
2026-04-06 08:07:47  INFO      Reports written to: /root/code/algorithms/app/scripts/camera/trip_agg_analysis_script/output/2026-04-04/632578958264631296
