2026-04-25 08:02:18  INFO      === Starting analysis for account: 649034868264558592 ===
2026-04-25 08:02:18  INFO      Account name: RajRatan Travels
2026-04-25 08:02:18  INFO      Fetching trip_agg page: 1
2026-04-25 08:02:18  INFO      Fetching vehicle page: 1
2026-04-25 08:02:18  INFO      Total vehicles collected for account 649034868264558592: 122
2026-04-25 08:02:21  INFO      Total trips collected for account 649034868264558592: 302
2026-04-25 08:02:35  INFO      Total trip-agg records collected: 417
2026-04-25 08:02:38  INFO      Summary written to: /root/code/algorithms/app/scripts/camera/trip_agg_analysis_script/output/2026-04-23/649034868264558592/summary.json
2026-04-25 08:02:38  INFO      ===== Trip Aggregation Analysis Summary =====
2026-04-25 08:02:38  INFO      Trips after merge/filters: 170
2026-04-25 08:02:38  INFO      Completely processed trips: 170
2026-04-25 08:02:38  INFO      Missing trips in trip_agg: 0
2026-04-25 08:02:38  INFO      Unbroken unmatched trips: 0
2026-04-25 08:02:38  INFO      Broken unmatched trips: 0
2026-04-25 08:02:38  INFO      Top alert mismatches:
         alert_name  mismatch_count  total_joined_trips  mismatch_pct
             idling               7                 302          2.32
 distracted_driving               0                 302          0.00
         drowsiness               0                 302          0.00
emergency_recording               0                 302          0.00
        eyes_closed               0                 302          0.00
2026-04-25 08:02:38  INFO      ----- Step Timings -----
2026-04-25 08:02:38  INFO        fetch_trip_agg_data                  17.00s
2026-04-25 08:02:38  INFO        get_trips_for_account                 2.62s
2026-04-25 08:02:38  INFO        prepare_dataframes                    0.02s
2026-04-25 08:02:38  INFO        analyze_trip_agg                      0.55s
2026-04-25 08:02:38  INFO        analyze_alerts                        2.20s
2026-04-25 08:02:38  INFO        total                                22.39s
2026-04-25 08:02:38  INFO      Reports written to: /root/code/algorithms/app/scripts/camera/trip_agg_analysis_script/output/2026-04-23/649034868264558592
