2026-08-09 02:34:36  INFO      === Starting analysis for account: 632578958264631296 ===
2026-08-09 02:34:36  INFO      Account name: K M Translogistics  Pvt Ltd ( KMT)
2026-08-09 02:34:36  INFO      [1/1] Fetching trip_agg for account: 632578958264631296
2026-08-09 02:34:36  INFO      Fetching vehicle page: 1
2026-08-09 02:34:36  INFO      Fetching vehicle page: 2
2026-08-09 02:34:36  INFO      Fetching vehicle page: 3
2026-08-09 02:34:37  INFO      Fetching vehicle page: 4
2026-08-09 02:34:37  INFO      Total vehicles collected for account 632578958264631296: 1983
2026-08-09 02:34:51  INFO      Total trips collected for account 632578958264631296: 6358
2026-08-09 02:38:16  INFO        account 632578958264631296: fetched 6469 records (65 pages)
2026-08-09 02:38:16  INFO      Total trip-agg records collected across 1 accounts: 6469
2026-08-09 02:38:26  INFO      Attempting second-pass fetch for 27 missing trips by trip_id
2026-08-09 02:38:27  INFO      Second-pass recovered 27 missing trips, 0 still missing
2026-08-09 02:38:53  WARNING   Alert count fetch failed for 6358/6358 trips
2026-08-09 02:38:54  INFO      Summary written to: /root/code/algorithms/app/scripts/camera/trip_agg_analysis_script/output/2026-08-07/632578958264631296/summary.json
2026-08-09 02:38:54  INFO      ===== Trip Aggregation Analysis Summary =====
2026-08-09 02:38:54  INFO      Trips after merge/filters: 3263
2026-08-09 02:38:54  INFO      Completely processed trips: 3263
2026-08-09 02:38:54  INFO      Missing trips in trip_agg: 0
2026-08-09 02:38:54  INFO      Unbroken unmatched trips: 6
2026-08-09 02:38:54  INFO      Broken unmatched trips: 0
2026-08-09 02:38:54  INFO      ----- Step Timings -----
2026-08-09 02:38:54  INFO        fetch_accounts_with_access            0.02s
2026-08-09 02:38:54  INFO        fetch_trip_agg_data                 220.48s
2026-08-09 02:38:54  INFO        get_trips_for_account                15.43s
2026-08-09 02:38:54  INFO        prepare_dataframes                    0.23s
2026-08-09 02:38:54  INFO        analyze_trip_agg                     10.48s
2026-08-09 02:38:54  INFO        analyze_alerts                       26.52s
2026-08-09 02:38:54  INFO        total                               273.16s
2026-08-09 02:38:54  INFO      Reports written to: /root/code/algorithms/app/scripts/camera/trip_agg_analysis_script/output/2026-08-07/632578958264631296
