2026-04-24 08:04:00  INFO      === Starting analysis for account: 649034868264558592 ===
2026-04-24 08:04:00  INFO      Account name: RajRatan Travels
2026-04-24 08:04:00  INFO      Fetching trip_agg page: 1
2026-04-24 08:04:00  INFO      Fetching vehicle page: 1
2026-04-24 08:04:00  INFO      Total vehicles collected for account 649034868264558592: 122
2026-04-24 08:04:03  INFO      Total trips collected for account 649034868264558592: 287
2026-04-24 08:04:17  INFO      Total trip-agg records collected: 410
2026-04-24 08:04:37  INFO      Summary written to: /root/code/algorithms/app/scripts/camera/trip_agg_analysis_script/output/2026-04-22/649034868264558592/summary.json
2026-04-24 08:04:37  INFO      ===== Trip Aggregation Analysis Summary =====
2026-04-24 08:04:37  INFO      Trips after merge/filters: 167
2026-04-24 08:04:37  INFO      Completely processed trips: 167
2026-04-24 08:04:37  INFO      Missing trips in trip_agg: 2
2026-04-24 08:04:37  INFO      Unbroken unmatched trips: 1
2026-04-24 08:04:37  INFO      Broken unmatched trips: 1
2026-04-24 08:04:37  INFO      Top alert mismatches:
         alert_name  mismatch_count  total_joined_trips  mismatch_pct
             idling              39                 285         13.68
         over_speed               1                 285          0.35
 distracted_driving               0                 285          0.00
         drowsiness               0                 285          0.00
emergency_recording               0                 285          0.00
2026-04-24 08:04:37  INFO      ----- Step Timings -----
2026-04-24 08:04:37  INFO        fetch_trip_agg_data                  16.59s
2026-04-24 08:04:37  INFO        get_trips_for_account                 3.09s
2026-04-24 08:04:37  INFO        prepare_dataframes                    0.08s
2026-04-24 08:04:37  INFO        analyze_trip_agg                     16.80s
2026-04-24 08:04:37  INFO        analyze_alerts                        3.00s
2026-04-24 08:04:37  INFO        total                                39.57s
2026-04-24 08:04:37  INFO      Reports written to: /root/code/algorithms/app/scripts/camera/trip_agg_analysis_script/output/2026-04-22/649034868264558592
