2026-07-02 08:00:09  INFO      === Starting analysis for account: 649034868264558592 ===
2026-07-02 08:00:09  INFO      Account name: RajRatan Travels
2026-07-02 08:00:09  INFO      Fetching trip_agg page: 1
2026-07-02 08:00:09  INFO      Fetching vehicle page: 1
2026-07-02 08:00:10  INFO      Total vehicles collected for account 649034868264558592: 128
2026-07-02 08:00:40  INFO      Total trips collected for account 649034868264558592: 294
2026-07-02 08:03:09  ERROR     Request failed after 3 attempts: http://internal-apis.intangles.com/trip/aggregated?account_id=649034868264558592&pnum=1&psize=500&start_time=1782757800000&end_time=1782844199000 | error: HTTPConnectionPool(host='internal-apis.intangles.com', port=80): Read timed out. (read timeout=60)
2026-07-02 08:03:09  WARNING   Skipping failed trip_agg page 1 (1/3)
2026-07-02 08:03:09  INFO      Fetching trip_agg page: 2
2026-07-02 08:03:14  INFO      Total trip-agg records collected: 0
2026-07-02 08:03:14  INFO      Summary written to: /root/code/algorithms/app/scripts/camera/trip_agg_analysis_script/output/2026-06-30/649034868264558592/summary.json
2026-07-02 08:03:14  INFO      ===== Trip Aggregation Analysis Summary =====
2026-07-02 08:03:14  INFO      Trips after merge/filters: 0
2026-07-02 08:03:14  INFO      Completely processed trips: 0
2026-07-02 08:03:14  INFO      Missing trips in trip_agg: 0
2026-07-02 08:03:14  INFO      Unbroken unmatched trips: 0
2026-07-02 08:03:14  INFO      Broken unmatched trips: 0
2026-07-02 08:03:14  INFO      ----- Step Timings -----
2026-07-02 08:03:14  INFO        fetch_trip_agg_data                 184.66s
2026-07-02 08:03:14  INFO        get_trips_for_account                30.47s
2026-07-02 08:03:14  INFO        prepare_dataframes                    0.01s
2026-07-02 08:03:14  INFO        analyze_trip_agg                      0.00s
2026-07-02 08:03:14  INFO        analyze_alerts                        0.00s
2026-07-02 08:03:14  INFO        total                               215.15s
2026-07-02 08:03:14  INFO      Reports written to: /root/code/algorithms/app/scripts/camera/trip_agg_analysis_script/output/2026-06-30/649034868264558592
