2026-08-31 02:39:27  INFO      === Starting analysis for account: 632578958264631296 ===
2026-08-31 02:39:27  INFO      Account name: K M Translogistics  Pvt Ltd ( KMT)
2026-08-31 02:39:27  INFO      [1/1] Fetching trip_agg for account: 632578958264631296
2026-08-31 02:39:27  INFO      Fetching vehicle page: 1
2026-08-31 02:39:27  INFO      Fetching vehicle page: 2
2026-08-31 02:39:27  INFO      Fetching vehicle page: 3
2026-08-31 02:39:28  INFO      Fetching vehicle page: 4
2026-08-31 02:39:28  INFO      Total vehicles collected for account 632578958264631296: 1993
2026-08-31 02:39:47  INFO      Total trips collected for account 632578958264631296: 5838
2026-08-31 02:43:21  INFO        account 632578958264631296: fetched 5917 records (60 pages)
2026-08-31 02:43:21  INFO      Total trip-agg records collected across 1 accounts: 5917
2026-08-31 02:43:22  INFO      Attempting second-pass fetch for 20 missing trips by trip_id
2026-08-31 02:43:22  INFO      Second-pass recovered 20 missing trips, 0 still missing
2026-08-31 02:43:55  WARNING   Alert count fetch failed for 5838/5838 trips
2026-08-31 02:43:55  INFO      Summary written to: /root/code/algorithms/app/scripts/camera/trip_agg_analysis_script/output/2026-08-29/632578958264631296/summary.json
2026-08-31 02:43:55  INFO      ===== Trip Aggregation Analysis Summary =====
2026-08-31 02:43:55  INFO      Trips after merge/filters: 2881
2026-08-31 02:43:55  INFO      Completely processed trips: 2881
2026-08-31 02:43:55  INFO      Missing trips in trip_agg: 0
2026-08-31 02:43:55  INFO      Unbroken unmatched trips: 0
2026-08-31 02:43:55  INFO      Broken unmatched trips: 0
2026-08-31 02:43:55  INFO      ----- Step Timings -----
2026-08-31 02:43:55  INFO        fetch_accounts_with_access            0.06s
2026-08-31 02:43:55  INFO        fetch_trip_agg_data                 234.61s
2026-08-31 02:43:55  INFO        get_trips_for_account                19.70s
2026-08-31 02:43:55  INFO        prepare_dataframes                    0.20s
2026-08-31 02:43:55  INFO        analyze_trip_agg                      0.66s
2026-08-31 02:43:55  INFO        analyze_alerts                       32.46s
2026-08-31 02:43:55  INFO        total                               287.69s
2026-08-31 02:43:55  INFO      Reports written to: /root/code/algorithms/app/scripts/camera/trip_agg_analysis_script/output/2026-08-29/632578958264631296
