2026-04-08 08:01:39  INFO      === Starting analysis for account: 632578958264631296 ===
2026-04-08 08:01:39  INFO      Account name: K M Translogistics  Pvt Ltd ( KMT)
2026-04-08 08:01:39  INFO      Fetching trip_agg page: 1
2026-04-08 08:01:39  INFO      Fetching vehicle page: 1
2026-04-08 08:01:39  INFO      Fetching vehicle page: 2
2026-04-08 08:01:40  INFO      Fetching vehicle page: 3
2026-04-08 08:01:40  INFO      Fetching vehicle page: 4
2026-04-08 08:01:42  INFO      Total vehicles collected for account 632578958264631296: 1906
2026-04-08 08:01:57  INFO      Fetching trip_agg page: 2
2026-04-08 08:02:00  INFO      Fetching trip_agg page: 3
2026-04-08 08:02:01  INFO      Fetching trip_agg page: 4
2026-04-08 08:02:04  INFO      Fetching trip_agg page: 5
2026-04-08 08:02:04  INFO      Fetching trip_agg page: 6
2026-04-08 08:02:07  INFO      Fetching trip_agg page: 7
2026-04-08 08:02:08  INFO      Fetching trip_agg page: 8
2026-04-08 08:02:09  INFO      Fetching trip_agg page: 9
2026-04-08 08:02:10  INFO      Fetching trip_agg page: 10
2026-04-08 08:02:25  INFO      Total trip-agg records collected: 4785
2026-04-08 08:02:34  INFO      Total trips collected for account 632578958264631296: 4784
2026-04-08 08:03:50  INFO      Summary written to: /root/code/algorithms/app/scripts/camera/trip_agg_analysis_script/output/2026-04-06/632578958264631296/summary.json
2026-04-08 08:03:50  INFO      ===== Trip Aggregation Analysis Summary =====
2026-04-08 08:03:50  INFO      Trips after merge/filters: 2480
2026-04-08 08:03:50  INFO      Completely processed trips: 2480
2026-04-08 08:03:50  INFO      Missing trips in trip_agg: 35
2026-04-08 08:03:50  INFO      Unbroken unmatched trips: 0
2026-04-08 08:03:50  INFO      Broken unmatched trips: 0
2026-04-08 08:03:50  INFO      Top alert mismatches:
         alert_name  mismatch_count  total_joined_trips  mismatch_pct
unscheduled_driving               7                4749          0.15
             idling               2                4749          0.04
       slow_running               2                4749          0.04
         over_speed               0                4749          0.00
            freerun               0                4749          0.00
2026-04-08 08:03:50  INFO      ----- Step Timings -----
2026-04-08 08:03:50  INFO        fetch_trip_agg_data                  46.39s
2026-04-08 08:03:50  INFO        get_trips_for_account                55.37s
2026-04-08 08:03:50  INFO        prepare_dataframes                    0.42s
2026-04-08 08:03:50  INFO        analyze_trip_agg                      0.26s
2026-04-08 08:03:50  INFO        analyze_alerts                       74.53s
2026-04-08 08:03:50  INFO        total                               176.97s
2026-04-08 08:03:50  INFO      Reports written to: /root/code/algorithms/app/scripts/camera/trip_agg_analysis_script/output/2026-04-06/632578958264631296
