2026-08-27 02:38:54  INFO      === Starting analysis for account: 632578958264631296 ===
2026-08-27 02:38:54  INFO      Account name: K M Translogistics  Pvt Ltd ( KMT)
2026-08-27 02:38:54  INFO      [1/1] Fetching trip_agg for account: 632578958264631296
2026-08-27 02:38:54  INFO      Fetching vehicle page: 1
2026-08-27 02:38:54  INFO      Fetching vehicle page: 2
2026-08-27 02:38:54  INFO      Fetching vehicle page: 3
2026-08-27 02:38:55  INFO      Fetching vehicle page: 4
2026-08-27 02:38:55  INFO      Total vehicles collected for account 632578958264631296: 1993
2026-08-27 02:39:22  INFO      Total trips collected for account 632578958264631296: 6218
2026-08-27 02:42:34  INFO        account 632578958264631296: fetched 6292 records (63 pages)
2026-08-27 02:42:34  INFO      Total trip-agg records collected across 1 accounts: 6292
2026-08-27 02:42:43  INFO      Attempting second-pass fetch for 27 missing trips by trip_id
2026-08-27 02:42:44  INFO      Second-pass recovered 27 missing trips, 0 still missing
2026-08-27 02:43:19  WARNING   Alert count fetch failed for 6218/6218 trips
2026-08-27 02:43:19  INFO      Summary written to: /root/code/algorithms/app/scripts/camera/trip_agg_analysis_script/output/2026-08-25/632578958264631296/summary.json
2026-08-27 02:43:19  INFO      ===== Trip Aggregation Analysis Summary =====
2026-08-27 02:43:19  INFO      Trips after merge/filters: 3022
2026-08-27 02:43:19  INFO      Completely processed trips: 3021
2026-08-27 02:43:19  INFO      Missing trips in trip_agg: 0
2026-08-27 02:43:19  INFO      Unbroken unmatched trips: 7
2026-08-27 02:43:19  INFO      Broken unmatched trips: 0
2026-08-27 02:43:19  INFO      ----- Step Timings -----
2026-08-27 02:43:19  INFO        fetch_accounts_with_access            0.02s
2026-08-27 02:43:19  INFO        fetch_trip_agg_data                 220.20s
2026-08-27 02:43:19  INFO        get_trips_for_account                28.36s
2026-08-27 02:43:19  INFO        prepare_dataframes                    0.30s
2026-08-27 02:43:19  INFO        analyze_trip_agg                      9.99s
2026-08-27 02:43:19  INFO        analyze_alerts                       34.47s
2026-08-27 02:43:19  INFO        total                               293.35s
2026-08-27 02:43:19  INFO      Reports written to: /root/code/algorithms/app/scripts/camera/trip_agg_analysis_script/output/2026-08-25/632578958264631296
