2026-09-20 02:40:53  INFO      === Starting analysis for account: 642689989225816064 ===
2026-09-20 02:40:53  INFO      Account name: Indore Intercity
2026-09-20 02:40:53  INFO      [1/1] Fetching trip_agg for account: 642689989225816064
2026-09-20 02:40:53  INFO      Fetching vehicle page: 1
2026-09-20 02:40:53  INFO      Total vehicles collected for account 642689989225816064: 230
2026-09-20 02:41:20  INFO        account 642689989225816064: fetched 894 records (9 pages)
2026-09-20 02:41:20  INFO      Total trip-agg records collected across 1 accounts: 894
2026-09-20 02:41:47  INFO      Total trips collected for account 642689989225816064: 847
2026-09-20 02:41:52  WARNING   Alert count fetch failed for 847/847 trips
2026-09-20 02:41:52  INFO      Summary written to: /root/code/algorithms/app/scripts/camera/trip_agg_analysis_script/output/2026-09-18/642689989225816064/summary.json
2026-09-20 02:41:52  INFO      ===== Trip Aggregation Analysis Summary =====
2026-09-20 02:41:52  INFO      Trips after merge/filters: 383
2026-09-20 02:41:52  INFO      Completely processed trips: 383
2026-09-20 02:41:52  INFO      Missing trips in trip_agg: 0
2026-09-20 02:41:52  INFO      Unbroken unmatched trips: 0
2026-09-20 02:41:52  INFO      Broken unmatched trips: 11
2026-09-20 02:41:52  INFO      ----- Step Timings -----
2026-09-20 02:41:52  INFO        fetch_accounts_with_access            0.01s
2026-09-20 02:41:52  INFO        fetch_trip_agg_data                  26.67s
2026-09-20 02:41:52  INFO        get_trips_for_account                53.54s
2026-09-20 02:41:52  INFO        prepare_dataframes                    0.02s
2026-09-20 02:41:52  INFO        analyze_trip_agg                      2.47s
2026-09-20 02:41:52  INFO        analyze_alerts                        2.53s
2026-09-20 02:41:52  INFO        total                                85.25s
2026-09-20 02:41:52  INFO      Reports written to: /root/code/algorithms/app/scripts/camera/trip_agg_analysis_script/output/2026-09-18/642689989225816064
