2026-09-18 02:42:13  INFO      === Starting analysis for account: 1205841794575630336 ===
2026-09-18 02:42:13  INFO      Account name: Chartered Speed-OSRTC
2026-09-18 02:42:13  INFO      [1/1] Fetching trip_agg for account: 1205841794575630336
2026-09-18 02:42:13  INFO      Fetching vehicle page: 1
2026-09-18 02:42:14  INFO      Fetching vehicle page: 2
2026-09-18 02:42:14  INFO      Fetching vehicle page: 3
2026-09-18 02:42:14  INFO      Total vehicles collected for account 1205841794575630336: 1184
2026-09-18 02:42:40  INFO      Total trips collected for account 1205841794575630336: 7337
2026-09-18 02:47:54  INFO        account 1205841794575630336: fetched 7418 records (75 pages)
2026-09-18 02:47:54  INFO      Total trip-agg records collected across 1 accounts: 7418
2026-09-18 02:48:24  WARNING   Alert count fetch failed for 7337/7337 trips
2026-09-18 02:48:24  INFO      Summary written to: /root/code/algorithms/app/scripts/camera/trip_agg_analysis_script/output/2026-09-16/1205841794575630336/summary.json
2026-09-18 02:48:24  INFO      ===== Trip Aggregation Analysis Summary =====
2026-09-18 02:48:24  INFO      Trips after merge/filters: 6072
2026-09-18 02:48:24  INFO      Completely processed trips: 6068
2026-09-18 02:48:24  INFO      Missing trips in trip_agg: 0
2026-09-18 02:48:24  INFO      Unbroken unmatched trips: 0
2026-09-18 02:48:24  INFO      Broken unmatched trips: 16
2026-09-18 02:48:24  INFO      ----- Step Timings -----
2026-09-18 02:48:24  INFO        fetch_accounts_with_access            0.02s
2026-09-18 02:48:24  INFO        fetch_trip_agg_data                 340.64s
2026-09-18 02:48:24  INFO        get_trips_for_account                26.28s
2026-09-18 02:48:24  INFO        prepare_dataframes                    0.16s
2026-09-18 02:48:24  INFO        analyze_trip_agg                     10.62s
2026-09-18 02:48:24  INFO        analyze_alerts                       18.90s
2026-09-18 02:48:24  INFO        total                               396.62s
2026-09-18 02:48:24  INFO      Reports written to: /root/code/algorithms/app/scripts/camera/trip_agg_analysis_script/output/2026-09-16/1205841794575630336
