2026-08-20 02:41:08  INFO      === Starting analysis for account: 642689989225816064 ===
2026-08-20 02:41:08  INFO      Account name: Indore Intercity
2026-08-20 02:41:08  INFO      [1/1] Fetching trip_agg for account: 642689989225816064
2026-08-20 02:41:08  INFO      Fetching vehicle page: 1
2026-08-20 02:41:08  INFO      Total vehicles collected for account 642689989225816064: 228
2026-08-20 02:41:12  INFO      Total trips collected for account 642689989225816064: 1165
2026-08-20 02:41:34  INFO        account 642689989225816064: fetched 1234 records (13 pages)
2026-08-20 02:41:34  INFO      Total trip-agg records collected across 1 accounts: 1234
2026-08-20 02:41:41  WARNING   Alert count fetch failed for 1165/1165 trips
2026-08-20 02:41:41  INFO      Summary written to: /root/code/algorithms/app/scripts/camera/trip_agg_analysis_script/output/2026-08-18/642689989225816064/summary.json
2026-08-20 02:41:41  INFO      ===== Trip Aggregation Analysis Summary =====
2026-08-20 02:41:41  INFO      Trips after merge/filters: 649
2026-08-20 02:41:41  INFO      Completely processed trips: 649
2026-08-20 02:41:41  INFO      Missing trips in trip_agg: 0
2026-08-20 02:41:41  INFO      Unbroken unmatched trips: 0
2026-08-20 02:41:41  INFO      Broken unmatched trips: 17
2026-08-20 02:41:41  INFO      ----- Step Timings -----
2026-08-20 02:41:41  INFO        fetch_accounts_with_access            0.02s
2026-08-20 02:41:41  INFO        fetch_trip_agg_data                  26.33s
2026-08-20 02:41:41  INFO        get_trips_for_account                 4.20s
2026-08-20 02:41:41  INFO        prepare_dataframes                    0.06s
2026-08-20 02:41:41  INFO        analyze_trip_agg                      1.35s
2026-08-20 02:41:41  INFO        analyze_alerts                        5.12s
2026-08-20 02:41:41  INFO        total                                37.07s
2026-08-20 02:41:41  INFO      Reports written to: /root/code/algorithms/app/scripts/camera/trip_agg_analysis_script/output/2026-08-18/642689989225816064
