2026-03-20 08:00:33  INFO      === Starting analysis for account: 632578958264631296 ===
2026-03-20 08:00:33  INFO      Account name: K M Translogistics  Pvt Ltd ( KMT)
2026-03-20 08:00:33  INFO      Fetching trip_agg page: 1
2026-03-20 08:00:33  INFO      Fetching vehicle page: 1
2026-03-20 08:00:33  INFO      Fetching vehicle page: 2
2026-03-20 08:00:34  INFO      Fetching vehicle page: 3
2026-03-20 08:00:34  INFO      Fetching vehicle page: 4
2026-03-20 08:00:34  INFO      Total vehicles collected for account 632578958264631296: 1853
2026-03-20 08:00:47  INFO      Fetching trip_agg page: 2
2026-03-20 08:00:58  INFO      Fetching trip_agg page: 3
2026-03-20 08:00:59  INFO      Fetching trip_agg page: 4
2026-03-20 08:01:00  INFO      Fetching trip_agg page: 5
2026-03-20 08:01:01  INFO      Fetching trip_agg page: 6
2026-03-20 08:01:02  INFO      Fetching trip_agg page: 7
2026-03-20 08:01:03  INFO      Fetching trip_agg page: 8
2026-03-20 08:01:05  INFO      Fetching trip_agg page: 9
2026-03-20 08:01:07  INFO      Fetching trip_agg page: 10
2026-03-20 08:01:08  INFO      Fetching trip_agg page: 11
2026-03-20 08:01:09  INFO      Total trip-agg records collected: 5030
2026-03-20 08:01:17  INFO      Total trips collected for account 632578958264631296: 5050
2026-03-20 08:01:55  INFO      Summary written to: /root/code/algorithms/app/scripts/camera/trip_agg_analysis_script/output/2026-03-18/632578958264631296/summary.json
2026-03-20 08:01:55  INFO      ===== Trip Aggregation Analysis Summary =====
2026-03-20 08:01:55  INFO      Trips after merge/filters: 2525
2026-03-20 08:01:55  INFO      Completely processed trips: 2525
2026-03-20 08:01:55  INFO      Missing trips in trip_agg: 43
2026-03-20 08:01:55  INFO      Unbroken unmatched trips: 2
2026-03-20 08:01:55  INFO      Broken unmatched trips: 0
2026-03-20 08:01:55  INFO      Top alert mismatches:
         alert_name  mismatch_count  total_joined_trips  mismatch_pct
unscheduled_driving               8                5007          0.16
             idling               1                5007          0.02
         fuel_chori               1                5007          0.02
         over_speed               0                5007          0.00
            freerun               0                5007          0.00
2026-03-20 08:01:55  INFO      ----- Step Timings -----
2026-03-20 08:01:55  INFO        fetch_trip_agg_data                  35.83s
2026-03-20 08:01:55  INFO        get_trips_for_account                44.59s
2026-03-20 08:01:55  INFO        prepare_dataframes                    0.17s
2026-03-20 08:01:55  INFO        analyze_trip_agg                      1.23s
2026-03-20 08:01:55  INFO        analyze_alerts                       35.60s
2026-03-20 08:01:55  INFO        total                               117.42s
2026-03-20 08:01:55  INFO      Reports written to: /root/code/algorithms/app/scripts/camera/trip_agg_analysis_script/output/2026-03-18/632578958264631296
