2026-07-17 02:33:45  INFO      === Starting analysis for account: 649034868264558592 ===
2026-07-17 02:33:45  INFO      Account name: RajRatan Travels
2026-07-17 02:33:45  INFO      Fetching trip_agg page: 1
2026-07-17 02:33:45  INFO      Fetching vehicle page: 1
2026-07-17 02:33:45  INFO      Total vehicles collected for account 649034868264558592: 128
2026-07-17 02:33:46  INFO      Total trips collected for account 649034868264558592: 291
2026-07-17 02:34:18  INFO      Total trip-agg records collected: 456
2026-07-17 02:34:20  INFO      Summary written to: /root/code/algorithms/app/scripts/camera/trip_agg_analysis_script/output/2026-07-15/649034868264558592/summary.json
2026-07-17 02:34:20  INFO      ===== Trip Aggregation Analysis Summary =====
2026-07-17 02:34:20  INFO      Trips after merge/filters: 150
2026-07-17 02:34:20  INFO      Completely processed trips: 149
2026-07-17 02:34:20  INFO      Missing trips in trip_agg: 0
2026-07-17 02:34:20  INFO      Unbroken unmatched trips: 0
2026-07-17 02:34:20  INFO      Broken unmatched trips: 6
2026-07-17 02:34:20  INFO      Top alert mismatches:
         alert_name  mismatch_count  total_joined_trips  mismatch_pct
 distracted_driving               0                 291           0.0
         drowsiness               0                 291           0.0
emergency_recording               0                 291           0.0
        eyes_closed               0                 291           0.0
                fcw               0                 291           0.0
2026-07-17 02:34:20  INFO      ----- Step Timings -----
2026-07-17 02:34:20  INFO        fetch_trip_agg_data                  32.94s
2026-07-17 02:34:20  INFO        get_trips_for_account                 1.10s
2026-07-17 02:34:20  INFO        prepare_dataframes                    0.03s
2026-07-17 02:34:20  INFO        analyze_trip_agg                      0.60s
2026-07-17 02:34:20  INFO        analyze_alerts                        1.61s
2026-07-17 02:34:20  INFO        total                                36.28s
2026-07-17 02:34:20  INFO      Reports written to: /root/code/algorithms/app/scripts/camera/trip_agg_analysis_script/output/2026-07-15/649034868264558592
