2026-09-22 02:32:11  INFO      === Starting analysis for account: 649034868264558592 ===
2026-09-22 02:32:11  INFO      Account name: RajRatan Travels
2026-09-22 02:32:11  INFO      [1/1] Fetching trip_agg for account: 649034868264558592
2026-09-22 02:32:11  INFO      Fetching vehicle page: 1
2026-09-22 02:32:11  INFO      Total vehicles collected for account 649034868264558592: 131
2026-09-22 02:32:15  INFO      Total trips collected for account 649034868264558592: 342
2026-09-22 02:36:58  ERROR     Request failed after 3 attempts: http://internal-apis.intangles.com/trip/aggregated?account_id=649034868264558592&pnum=6&psize=100&start_time=1789862400000&end_time=1789948799000 | error: 504 Server Error: Gateway Time-out for url: http://internal-apis.intangles.com/trip/aggregated?account_id=649034868264558592&pnum=6&psize=100&start_time=1789862400000&end_time=1789948799000
2026-09-22 02:36:58  WARNING     page 6 failed (1/3 consecutive)
2026-09-22 02:38:58  ERROR     Request failed after 3 attempts: http://internal-apis.intangles.com/trip/aggregated?account_id=649034868264558592&pnum=7&psize=100&start_time=1789862400000&end_time=1789948799000 | error: 504 Server Error: Gateway Time-out for url: http://internal-apis.intangles.com/trip/aggregated?account_id=649034868264558592&pnum=7&psize=100&start_time=1789862400000&end_time=1789948799000
2026-09-22 02:38:58  WARNING     page 7 failed (2/3 consecutive)
2026-09-22 02:39:00  INFO        account 649034868264558592: fetched 500 records (8 pages)
2026-09-22 02:39:00  INFO      Total trip-agg records collected across 1 accounts: 500
2026-09-22 02:39:04  WARNING   Alert count fetch failed for 342/342 trips
2026-09-22 02:39:04  INFO      Summary written to: /root/code/algorithms/app/scripts/camera/trip_agg_analysis_script/output/2026-09-20/649034868264558592/summary.json
2026-09-22 02:39:04  INFO      ===== Trip Aggregation Analysis Summary =====
2026-09-22 02:39:04  INFO      Trips after merge/filters: 157
2026-09-22 02:39:04  INFO      Completely processed trips: 157
2026-09-22 02:39:04  INFO      Missing trips in trip_agg: 0
2026-09-22 02:39:04  INFO      Unbroken unmatched trips: 0
2026-09-22 02:39:04  INFO      Broken unmatched trips: 17
2026-09-22 02:39:04  INFO      ----- Step Timings -----
2026-09-22 02:39:04  INFO        fetch_accounts_with_access            0.09s
2026-09-22 02:39:04  INFO        fetch_trip_agg_data                 409.12s
2026-09-22 02:39:04  INFO        get_trips_for_account                 3.39s
2026-09-22 02:39:04  INFO        prepare_dataframes                    0.01s
2026-09-22 02:39:04  INFO        analyze_trip_agg                      1.40s
2026-09-22 02:39:04  INFO        analyze_alerts                        2.02s
2026-09-22 02:39:04  INFO        total                               416.04s
2026-09-22 02:39:04  INFO      Reports written to: /root/code/algorithms/app/scripts/camera/trip_agg_analysis_script/output/2026-09-20/649034868264558592
