2026-04-01 08:02:19  INFO      === Starting analysis for account: 632578958264631296 ===
2026-04-01 08:02:19  INFO      Account name: K M Translogistics  Pvt Ltd ( KMT)
2026-04-01 08:02:19  INFO      Fetching trip_agg page: 1
2026-04-01 08:02:19  INFO      Fetching vehicle page: 1
2026-04-01 08:02:21  INFO      Fetching vehicle page: 2
2026-04-01 08:02:21  INFO      Fetching trip_agg page: 2
2026-04-01 08:02:21  INFO      Fetching vehicle page: 3
2026-04-01 08:02:21  INFO      Fetching vehicle page: 4
2026-04-01 08:02:22  INFO      Total vehicles collected for account 632578958264631296: 1901
2026-04-01 08:02:22  INFO      Fetching trip_agg page: 3
2026-04-01 08:02:23  INFO      Fetching trip_agg page: 4
2026-04-01 08:02:24  INFO      Fetching trip_agg page: 5
2026-04-01 08:02:26  INFO      Fetching trip_agg page: 6
2026-04-01 08:02:27  INFO      Fetching trip_agg page: 7
2026-04-01 08:02:27  INFO      Fetching trip_agg page: 8
2026-04-01 08:02:28  INFO      Fetching trip_agg page: 9
2026-04-01 08:02:31  INFO      Fetching trip_agg page: 10
2026-04-01 08:02:36  INFO      Fetching trip_agg page: 11
2026-04-01 08:02:39  INFO      Total trip-agg records collected: 5425
2026-04-01 08:03:36  INFO      Total trips collected for account 632578958264631296: 5446
2026-04-01 08:03:53  INFO      Summary written to: /root/code/algorithms/app/scripts/camera/trip_agg_analysis_script/output/2026-03-30/632578958264631296/summary.json
2026-04-01 08:03:53  INFO      ===== Trip Aggregation Analysis Summary =====
2026-04-01 08:03:53  INFO      Trips after merge/filters: 2689
2026-04-01 08:03:53  INFO      Completely processed trips: 2689
2026-04-01 08:03:53  INFO      Missing trips in trip_agg: 49
2026-04-01 08:03:53  INFO      Unbroken unmatched trips: 0
2026-04-01 08:03:53  INFO      Broken unmatched trips: 0
2026-04-01 08:03:53  INFO      Top alert mismatches:
         alert_name  mismatch_count  total_joined_trips  mismatch_pct
unscheduled_driving               7                5397          0.13
         over_speed               1                5397          0.02
       slow_running               1                5397          0.02
         fuel_chori               1                5397          0.02
             idling               0                5397          0.00
2026-04-01 08:03:53  INFO      ----- Step Timings -----
2026-04-01 08:03:53  INFO        fetch_trip_agg_data                  20.49s
2026-04-01 08:03:53  INFO        get_trips_for_account                76.81s
2026-04-01 08:03:53  INFO        prepare_dataframes                    0.09s
2026-04-01 08:03:53  INFO        analyze_trip_agg                      1.59s
2026-04-01 08:03:53  INFO        analyze_alerts                       15.76s
2026-04-01 08:03:53  INFO        total                               114.74s
2026-04-01 08:03:53  INFO      Reports written to: /root/code/algorithms/app/scripts/camera/trip_agg_analysis_script/output/2026-03-30/632578958264631296
