2026-04-16 08:05:22  INFO      === Starting analysis for account: 649034868264558592 ===
2026-04-16 08:05:22  INFO      Account name: RajRatan Travels
2026-04-16 08:05:22  INFO      Fetching trip_agg page: 1
2026-04-16 08:05:22  INFO      Fetching vehicle page: 1
2026-04-16 08:05:23  INFO      Total vehicles collected for account 649034868264558592: 120
2026-04-16 08:05:32  INFO      Total trips collected for account 649034868264558592: 294
2026-04-16 08:07:26  INFO      Total trip-agg records collected: 421
2026-04-16 08:07:26  WARNING   Excluding 1 trips with missing end_time from comparison
2026-04-16 08:07:38  INFO      Summary written to: /root/code/algorithms/app/scripts/camera/trip_agg_analysis_script/output/2026-04-14/649034868264558592/summary.json
2026-04-16 08:07:38  INFO      ===== Trip Aggregation Analysis Summary =====
2026-04-16 08:07:38  INFO      Trips after merge/filters: 182
2026-04-16 08:07:38  INFO      Completely processed trips: 182
2026-04-16 08:07:38  INFO      Missing trips in trip_agg: 0
2026-04-16 08:07:38  INFO      Unbroken unmatched trips: 0
2026-04-16 08:07:38  INFO      Broken unmatched trips: 0
2026-04-16 08:07:38  INFO      Top alert mismatches:
         alert_name  mismatch_count  total_joined_trips  mismatch_pct
             idling              16                 293          5.46
 distracted_driving               0                 293          0.00
         drowsiness               0                 293          0.00
emergency_recording               0                 293          0.00
        eyes_closed               0                 293          0.00
2026-04-16 08:07:38  INFO      ----- Step Timings -----
2026-04-16 08:07:38  INFO        fetch_trip_agg_data                 123.29s
2026-04-16 08:07:38  INFO        get_trips_for_account                 9.25s
2026-04-16 08:07:38  INFO        prepare_dataframes                    0.05s
2026-04-16 08:07:38  INFO        analyze_trip_agg                      6.45s
2026-04-16 08:07:38  INFO        analyze_alerts                        6.19s
2026-04-16 08:07:38  INFO        total                               145.22s
2026-04-16 08:07:38  INFO      Reports written to: /root/code/algorithms/app/scripts/camera/trip_agg_analysis_script/output/2026-04-14/649034868264558592
