2026-03-30 08:10:35  INFO      === Starting analysis for account: 632578958264631296 ===
2026-03-30 08:10:35  INFO      Account name: K M Translogistics  Pvt Ltd ( KMT)
2026-03-30 08:10:35  INFO      Fetching trip_agg page: 1
2026-03-30 08:10:35  INFO      Fetching vehicle page: 1
2026-03-30 08:10:35  INFO      Fetching vehicle page: 2
2026-03-30 08:10:36  INFO      Fetching vehicle page: 3
2026-03-30 08:10:37  INFO      Fetching vehicle page: 4
2026-03-30 08:10:39  INFO      Total vehicles collected for account 632578958264631296: 1901
2026-03-30 08:11:01  INFO      Fetching trip_agg page: 2
2026-03-30 08:11:11  INFO      Fetching trip_agg page: 3
2026-03-30 08:11:22  INFO      Fetching trip_agg page: 4
2026-03-30 08:11:42  INFO      Fetching trip_agg page: 5
2026-03-30 08:11:56  INFO      Fetching trip_agg page: 6
2026-03-30 08:11:58  INFO      Fetching trip_agg page: 7
2026-03-30 08:12:05  INFO      Fetching trip_agg page: 8
2026-03-30 08:12:09  INFO      Fetching trip_agg page: 9
2026-03-30 08:12:14  INFO      Fetching trip_agg page: 10
2026-03-30 08:12:19  INFO      Fetching trip_agg page: 11
2026-03-30 08:12:34  INFO      Total trip-agg records collected: 5427
2026-03-30 08:16:16  INFO      Total trips collected for account 632578958264631296: 5432
2026-03-30 08:27:45  INFO      Summary written to: /root/code/algorithms/app/scripts/camera/trip_agg_analysis_script/output/2026-03-28/632578958264631296/summary.json
2026-03-30 08:27:45  INFO      ===== Trip Aggregation Analysis Summary =====
2026-03-30 08:27:45  INFO      Trips after merge/filters: 2880
2026-03-30 08:27:45  INFO      Completely processed trips: 2879
2026-03-30 08:27:45  INFO      Missing trips in trip_agg: 44
2026-03-30 08:27:45  INFO      Unbroken unmatched trips: 0
2026-03-30 08:27:45  INFO      Broken unmatched trips: 0
2026-03-30 08:27:45  INFO      Top alert mismatches:
         alert_name  mismatch_count  total_joined_trips  mismatch_pct
unscheduled_driving              16                5388          0.30
         fuel_chori               3                5388          0.06
       slow_running               2                5388          0.04
             idling               0                5388          0.00
         over_speed               0                5388          0.00
2026-03-30 08:27:45  INFO      ----- Step Timings -----
2026-03-30 08:27:45  INFO        fetch_trip_agg_data                 119.46s
2026-03-30 08:27:45  INFO        get_trips_for_account               341.37s
2026-03-30 08:27:45  INFO        prepare_dataframes                    1.46s
2026-03-30 08:27:45  INFO        analyze_trip_agg                      3.74s
2026-03-30 08:27:45  INFO        analyze_alerts                      679.89s
2026-03-30 08:27:45  INFO        total                               1145.93s
2026-03-30 08:27:45  INFO      Reports written to: /root/code/algorithms/app/scripts/camera/trip_agg_analysis_script/output/2026-03-28/632578958264631296
