2026-08-14 02:30:06  INFO      === Starting analysis for account: 649034868264558592 ===
2026-08-14 02:30:06  INFO      Account name: RajRatan Travels
2026-08-14 02:30:06  INFO      [1/1] Fetching trip_agg for account: 649034868264558592
2026-08-14 02:30:06  INFO      Fetching vehicle page: 1
2026-08-14 02:30:06  INFO      Total vehicles collected for account 649034868264558592: 128
2026-08-14 02:30:25  INFO      Total trips collected for account 649034868264558592: 291
2026-08-14 02:31:29  INFO        account 649034868264558592: fetched 420 records (5 pages)
2026-08-14 02:31:29  INFO      Total trip-agg records collected across 1 accounts: 420
2026-08-14 02:31:32  WARNING   Alert count fetch failed for 291/291 trips
2026-08-14 02:31:32  INFO      Summary written to: /root/code/algorithms/app/scripts/camera/trip_agg_analysis_script/output/2026-08-12/649034868264558592/summary.json
2026-08-14 02:31:32  INFO      ===== Trip Aggregation Analysis Summary =====
2026-08-14 02:31:32  INFO      Trips after merge/filters: 148
2026-08-14 02:31:32  INFO      Completely processed trips: 148
2026-08-14 02:31:32  INFO      Missing trips in trip_agg: 0
2026-08-14 02:31:32  INFO      Unbroken unmatched trips: 0
2026-08-14 02:31:32  INFO      Broken unmatched trips: 14
2026-08-14 02:31:32  INFO      ----- Step Timings -----
2026-08-14 02:31:32  INFO        fetch_accounts_with_access            0.02s
2026-08-14 02:31:32  INFO        fetch_trip_agg_data                  82.50s
2026-08-14 02:31:32  INFO        get_trips_for_account                18.42s
2026-08-14 02:31:32  INFO        prepare_dataframes                    0.02s
2026-08-14 02:31:32  INFO        analyze_trip_agg                      1.07s
2026-08-14 02:31:32  INFO        analyze_alerts                        2.03s
2026-08-14 02:31:32  INFO        total                               104.07s
2026-08-14 02:31:32  INFO      Reports written to: /root/code/algorithms/app/scripts/camera/trip_agg_analysis_script/output/2026-08-12/649034868264558592
