2026-07-24 02:33:20  INFO      === Starting analysis for account: 649034868264558592 ===
2026-07-24 02:33:20  INFO      Account name: RajRatan Travels
2026-07-24 02:33:20  INFO      Fetching trip_agg page: 1
2026-07-24 02:33:20  INFO      Fetching vehicle page: 1
2026-07-24 02:33:20  INFO      Total vehicles collected for account 649034868264558592: 128
2026-07-24 02:33:22  INFO      Total trips collected for account 649034868264558592: 309
2026-07-24 02:33:55  INFO      Total trip-agg records collected: 458
2026-07-24 02:34:32  INFO      Summary written to: /root/code/algorithms/app/scripts/camera/trip_agg_analysis_script/output/2026-07-22/649034868264558592/summary.json
2026-07-24 02:34:32  INFO      ===== Trip Aggregation Analysis Summary =====
2026-07-24 02:34:32  INFO      Trips after merge/filters: 176
2026-07-24 02:34:32  INFO      Completely processed trips: 175
2026-07-24 02:34:32  INFO      Missing trips in trip_agg: 0
2026-07-24 02:34:32  INFO      Unbroken unmatched trips: 0
2026-07-24 02:34:32  INFO      Broken unmatched trips: 18
2026-07-24 02:34:32  INFO      Top alert mismatches:
         alert_name  mismatch_count  total_joined_trips  mismatch_pct
        eyes_closed               1                 309          0.32
 distracted_driving               0                 309          0.00
         drowsiness               0                 309          0.00
emergency_recording               0                 309          0.00
                fcw               0                 309          0.00
2026-07-24 02:34:32  INFO      ----- Step Timings -----
2026-07-24 02:34:32  INFO        fetch_trip_agg_data                  34.36s
2026-07-24 02:34:32  INFO        get_trips_for_account                 2.10s
2026-07-24 02:34:32  INFO        prepare_dataframes                    0.02s
2026-07-24 02:34:32  INFO        analyze_trip_agg                     34.45s
2026-07-24 02:34:32  INFO        analyze_alerts                        2.44s
2026-07-24 02:34:32  INFO        total                                73.37s
2026-07-24 02:34:32  INFO      Reports written to: /root/code/algorithms/app/scripts/camera/trip_agg_analysis_script/output/2026-07-22/649034868264558592
