2026-08-26 02:34:19  INFO      === Starting analysis for account: 649034868264558592 ===
2026-08-26 02:34:19  INFO      Account name: RajRatan Travels
2026-08-26 02:34:19  INFO      [1/1] Fetching trip_agg for account: 649034868264558592
2026-08-26 02:34:19  INFO      Fetching vehicle page: 1
2026-08-26 02:34:20  INFO      Total vehicles collected for account 649034868264558592: 128
2026-08-26 02:34:23  INFO      Total trips collected for account 649034868264558592: 398
2026-08-26 02:38:07  ERROR     Request failed after 3 attempts: http://internal-apis.intangles.com/trip/aggregated?account_id=649034868264558592&pnum=6&psize=100&start_time=1787529600000&end_time=1787615999000 | error: 504 Server Error: Gateway Time-out for url: http://internal-apis.intangles.com/trip/aggregated?account_id=649034868264558592&pnum=6&psize=100&start_time=1787529600000&end_time=1787615999000
2026-08-26 02:38:07  WARNING     page 6 failed (1/3 consecutive)
2026-08-26 02:40:29  INFO        account 649034868264558592: fetched 500 records (7 pages)
2026-08-26 02:40:29  INFO      Total trip-agg records collected across 1 accounts: 500
2026-08-26 02:40:37  WARNING   Alert count fetch failed for 398/398 trips
2026-08-26 02:40:37  INFO      Summary written to: /root/code/algorithms/app/scripts/camera/trip_agg_analysis_script/output/2026-08-24/649034868264558592/summary.json
2026-08-26 02:40:37  INFO      ===== Trip Aggregation Analysis Summary =====
2026-08-26 02:40:37  INFO      Trips after merge/filters: 239
2026-08-26 02:40:37  INFO      Completely processed trips: 237
2026-08-26 02:40:37  INFO      Missing trips in trip_agg: 0
2026-08-26 02:40:37  INFO      Unbroken unmatched trips: 0
2026-08-26 02:40:37  INFO      Broken unmatched trips: 10
2026-08-26 02:40:37  INFO      ----- Step Timings -----
2026-08-26 02:40:37  INFO        fetch_accounts_with_access            0.07s
2026-08-26 02:40:37  INFO        fetch_trip_agg_data                 370.01s
2026-08-26 02:40:37  INFO        get_trips_for_account                 3.26s
2026-08-26 02:40:37  INFO        prepare_dataframes                    0.04s
2026-08-26 02:40:37  INFO        analyze_trip_agg                      4.07s
2026-08-26 02:40:37  INFO        analyze_alerts                        3.49s
2026-08-26 02:40:37  INFO        total                               380.94s
2026-08-26 02:40:37  INFO      Reports written to: /root/code/algorithms/app/scripts/camera/trip_agg_analysis_script/output/2026-08-24/649034868264558592
