2026-09-22 02:44:31  INFO      === Starting analysis for account: 1205841794575630336 ===
2026-09-22 02:44:31  INFO      Account name: Chartered Speed-OSRTC
2026-09-22 02:44:31  INFO      [1/1] Fetching trip_agg for account: 1205841794575630336
2026-09-22 02:44:31  INFO      Fetching vehicle page: 1
2026-09-22 02:44:32  INFO      Fetching vehicle page: 2
2026-09-22 02:44:33  INFO      Fetching vehicle page: 3
2026-09-22 02:44:33  INFO      Total vehicles collected for account 1205841794575630336: 1184
2026-09-22 02:45:54  INFO      Total trips collected for account 1205841794575630336: 8119
2026-09-22 02:49:51  INFO        account 1205841794575630336: fetched 8215 records (83 pages)
2026-09-22 02:49:51  INFO      Total trip-agg records collected across 1 accounts: 8215
2026-09-22 02:50:29  WARNING   Alert count fetch failed for 8119/8119 trips
2026-09-22 02:50:30  INFO      Summary written to: /root/code/algorithms/app/scripts/camera/trip_agg_analysis_script/output/2026-09-20/1205841794575630336/summary.json
2026-09-22 02:50:30  INFO      ===== Trip Aggregation Analysis Summary =====
2026-09-22 02:50:30  INFO      Trips after merge/filters: 6800
2026-09-22 02:50:30  INFO      Completely processed trips: 6797
2026-09-22 02:50:30  INFO      Missing trips in trip_agg: 0
2026-09-22 02:50:30  INFO      Unbroken unmatched trips: 0
2026-09-22 02:50:30  INFO      Broken unmatched trips: 15
2026-09-22 02:50:30  INFO      ----- Step Timings -----
2026-09-22 02:50:30  INFO        fetch_accounts_with_access            0.01s
2026-09-22 02:50:30  INFO        fetch_trip_agg_data                 320.07s
2026-09-22 02:50:30  INFO        get_trips_for_account                82.48s
2026-09-22 02:50:30  INFO        prepare_dataframes                    0.25s
2026-09-22 02:50:30  INFO        analyze_trip_agg                     10.63s
2026-09-22 02:50:30  INFO        analyze_alerts                       26.95s
2026-09-22 02:50:30  INFO        total                               440.39s
2026-09-22 02:50:30  INFO      Reports written to: /root/code/algorithms/app/scripts/camera/trip_agg_analysis_script/output/2026-09-20/1205841794575630336
