2026-08-28 02:30:10  INFO      === Starting analysis for account: 649034868264558592 ===
2026-08-28 02:30:10  INFO      Account name: RajRatan Travels
2026-08-28 02:30:10  INFO      [1/1] Fetching trip_agg for account: 649034868264558592
2026-08-28 02:30:10  INFO      Fetching vehicle page: 1
2026-08-28 02:30:11  INFO      Total vehicles collected for account 649034868264558592: 128
2026-08-28 02:30:12  INFO      Total trips collected for account 649034868264558592: 319
2026-08-28 02:31:42  INFO        account 649034868264558592: fetched 456 records (5 pages)
2026-08-28 02:31:42  INFO      Total trip-agg records collected across 1 accounts: 456
2026-08-28 02:31:45  WARNING   Alert count fetch failed for 319/319 trips
2026-08-28 02:31:45  INFO      Summary written to: /root/code/algorithms/app/scripts/camera/trip_agg_analysis_script/output/2026-08-26/649034868264558592/summary.json
2026-08-28 02:31:45  INFO      ===== Trip Aggregation Analysis Summary =====
2026-08-28 02:31:45  INFO      Trips after merge/filters: 226
2026-08-28 02:31:45  INFO      Completely processed trips: 225
2026-08-28 02:31:45  INFO      Missing trips in trip_agg: 0
2026-08-28 02:31:45  INFO      Unbroken unmatched trips: 0
2026-08-28 02:31:45  INFO      Broken unmatched trips: 13
2026-08-28 02:31:45  INFO      ----- Step Timings -----
2026-08-28 02:31:45  INFO        fetch_accounts_with_access            0.01s
2026-08-28 02:31:45  INFO        fetch_trip_agg_data                  91.18s
2026-08-28 02:31:45  INFO        get_trips_for_account                 1.40s
2026-08-28 02:31:45  INFO        prepare_dataframes                    0.01s
2026-08-28 02:31:45  INFO        analyze_trip_agg                      0.95s
2026-08-28 02:31:45  INFO        analyze_alerts                        2.03s
2026-08-28 02:31:45  INFO        total                                95.60s
2026-08-28 02:31:45  INFO      Reports written to: /root/code/algorithms/app/scripts/camera/trip_agg_analysis_script/output/2026-08-26/649034868264558592
