2026-08-18 02:38:14  INFO      === Starting analysis for account: 632578958264631296 ===
2026-08-18 02:38:14  INFO      Account name: K M Translogistics  Pvt Ltd ( KMT)
2026-08-18 02:38:14  INFO      [1/1] Fetching trip_agg for account: 632578958264631296
2026-08-18 02:38:14  INFO      Fetching vehicle page: 1
2026-08-18 02:38:15  INFO      Fetching vehicle page: 2
2026-08-18 02:38:15  INFO      Fetching vehicle page: 3
2026-08-18 02:38:15  INFO      Fetching vehicle page: 4
2026-08-18 02:38:16  INFO      Total vehicles collected for account 632578958264631296: 1983
2026-08-18 02:38:40  INFO      Total trips collected for account 632578958264631296: 5456
2026-08-18 02:42:54  INFO        account 632578958264631296: fetched 5555 records (56 pages)
2026-08-18 02:42:54  INFO      Total trip-agg records collected across 1 accounts: 5555
2026-08-18 02:43:03  INFO      Attempting second-pass fetch for 18 missing trips by trip_id
2026-08-18 02:43:04  INFO      Second-pass recovered 18 missing trips, 0 still missing
2026-08-18 02:43:26  WARNING   Alert count fetch failed for 5456/5456 trips
2026-08-18 02:43:26  INFO      Summary written to: /root/code/algorithms/app/scripts/camera/trip_agg_analysis_script/output/2026-08-16/632578958264631296/summary.json
2026-08-18 02:43:26  INFO      ===== Trip Aggregation Analysis Summary =====
2026-08-18 02:43:26  INFO      Trips after merge/filters: 2946
2026-08-18 02:43:26  INFO      Completely processed trips: 2945
2026-08-18 02:43:26  INFO      Missing trips in trip_agg: 0
2026-08-18 02:43:26  INFO      Unbroken unmatched trips: 12
2026-08-18 02:43:26  INFO      Broken unmatched trips: 0
2026-08-18 02:43:26  INFO      ----- Step Timings -----
2026-08-18 02:43:26  INFO        fetch_accounts_with_access            0.01s
2026-08-18 02:43:26  INFO        fetch_trip_agg_data                 279.67s
2026-08-18 02:43:26  INFO        get_trips_for_account                25.53s
2026-08-18 02:43:26  INFO        prepare_dataframes                    0.22s
2026-08-18 02:43:26  INFO        analyze_trip_agg                      9.50s
2026-08-18 02:43:26  INFO        analyze_alerts                       21.98s
2026-08-18 02:43:26  INFO        total                               336.91s
2026-08-18 02:43:26  INFO      Reports written to: /root/code/algorithms/app/scripts/camera/trip_agg_analysis_script/output/2026-08-16/632578958264631296
