2026-04-12 08:02:42  INFO      === Starting analysis for account: 632578958264631296 ===
2026-04-12 08:02:42  INFO      Account name: K M Translogistics  Pvt Ltd ( KMT)
2026-04-12 08:02:42  INFO      Fetching trip_agg page: 1
2026-04-12 08:02:42  INFO      Fetching vehicle page: 1
2026-04-12 08:02:43  INFO      Fetching vehicle page: 2
2026-04-12 08:02:47  INFO      Fetching vehicle page: 3
2026-04-12 08:02:48  INFO      Fetching vehicle page: 4
2026-04-12 08:02:49  INFO      Total vehicles collected for account 632578958264631296: 1906
2026-04-12 08:03:00  INFO      Fetching trip_agg page: 2
2026-04-12 08:03:25  INFO      Fetching trip_agg page: 3
2026-04-12 08:03:28  INFO      Fetching trip_agg page: 4
2026-04-12 08:03:29  INFO      Fetching trip_agg page: 5
2026-04-12 08:03:31  INFO      Fetching trip_agg page: 6
2026-04-12 08:03:32  INFO      Fetching trip_agg page: 7
2026-04-12 08:03:34  INFO      Fetching trip_agg page: 8
2026-04-12 08:03:35  INFO      Fetching trip_agg page: 9
2026-04-12 08:03:35  INFO      Total trips collected for account 632578958264631296: 5029
2026-04-12 08:03:36  INFO      Fetching trip_agg page: 10
2026-04-12 08:03:37  INFO      Fetching trip_agg page: 11
2026-04-12 08:03:47  INFO      Total trip-agg records collected: 5019
2026-04-12 08:04:28  INFO      Summary written to: /root/code/algorithms/app/scripts/camera/trip_agg_analysis_script/output/2026-04-10/632578958264631296/summary.json
2026-04-12 08:04:28  INFO      ===== Trip Aggregation Analysis Summary =====
2026-04-12 08:04:28  INFO      Trips after merge/filters: 2467
2026-04-12 08:04:28  INFO      Completely processed trips: 2467
2026-04-12 08:04:28  INFO      Missing trips in trip_agg: 35
2026-04-12 08:04:28  INFO      Unbroken unmatched trips: 4
2026-04-12 08:04:28  INFO      Broken unmatched trips: 0
2026-04-12 08:04:28  INFO      Top alert mismatches:
         alert_name  mismatch_count  total_joined_trips  mismatch_pct
unscheduled_driving              15                4994          0.30
             idling               4                4994          0.08
         fuel_chori               2                4994          0.04
       slow_running               1                4994          0.02
         over_speed               0                4994          0.00
2026-04-12 08:04:28  INFO      ----- Step Timings -----
2026-04-12 08:04:28  INFO        fetch_trip_agg_data                  64.09s
2026-04-12 08:04:28  INFO        get_trips_for_account                52.81s
2026-04-12 08:04:28  INFO        prepare_dataframes                    0.21s
2026-04-12 08:04:28  INFO        analyze_trip_agg                      0.12s
2026-04-12 08:04:28  INFO        analyze_alerts                       40.41s
2026-04-12 08:04:28  INFO        total                               157.64s
2026-04-12 08:04:28  INFO      Reports written to: /root/code/algorithms/app/scripts/camera/trip_agg_analysis_script/output/2026-04-10/632578958264631296
