2026-07-25 02:31:32  INFO      === Starting analysis for account: 649034868264558592 ===
2026-07-25 02:31:32  INFO      Account name: RajRatan Travels
2026-07-25 02:31:32  INFO      Fetching trip_agg page: 1
2026-07-25 02:31:32  INFO      Fetching vehicle page: 1
2026-07-25 02:31:32  INFO      Total vehicles collected for account 649034868264558592: 128
2026-07-25 02:31:34  INFO      Total trips collected for account 649034868264558592: 304
2026-07-25 02:32:06  INFO      Total trip-agg records collected: 453
2026-07-25 02:32:08  INFO      Summary written to: /root/code/algorithms/app/scripts/camera/trip_agg_analysis_script/output/2026-07-23/649034868264558592/summary.json
2026-07-25 02:32:08  INFO      ===== Trip Aggregation Analysis Summary =====
2026-07-25 02:32:08  INFO      Trips after merge/filters: 171
2026-07-25 02:32:08  INFO      Completely processed trips: 171
2026-07-25 02:32:08  INFO      Missing trips in trip_agg: 0
2026-07-25 02:32:08  INFO      Unbroken unmatched trips: 0
2026-07-25 02:32:08  INFO      Broken unmatched trips: 19
2026-07-25 02:32:08  INFO      Top alert mismatches:
        alert_name  mismatch_count  total_joined_trips  mismatch_pct
distracted_driving               0                 304           0.0
        drowsiness               0                 304           0.0
       eyes_closed               0                 304           0.0
               fcw               0                 304           0.0
      mobile_phone               0                 304           0.0
2026-07-25 02:32:08  INFO      ----- Step Timings -----
2026-07-25 02:32:08  INFO        fetch_trip_agg_data                  34.63s
2026-07-25 02:32:08  INFO        get_trips_for_account                 2.50s
2026-07-25 02:32:08  INFO        prepare_dataframes                    0.02s
2026-07-25 02:32:08  INFO        analyze_trip_agg                      0.68s
2026-07-25 02:32:08  INFO        analyze_alerts                        1.31s
2026-07-25 02:32:08  INFO        total                                39.13s
2026-07-25 02:32:08  INFO      Reports written to: /root/code/algorithms/app/scripts/camera/trip_agg_analysis_script/output/2026-07-23/649034868264558592
