2026-03-24 08:00:59  INFO      === Starting analysis for account: 632578958264631296 ===
2026-03-24 08:00:59  INFO      Account name: K M Translogistics  Pvt Ltd ( KMT)
2026-03-24 08:00:59  INFO      Fetching trip_agg page: 1
2026-03-24 08:00:59  INFO      Fetching vehicle page: 1
2026-03-24 08:00:59  INFO      Fetching vehicle page: 2
2026-03-24 08:00:59  INFO      Fetching vehicle page: 3
2026-03-24 08:01:00  INFO      Fetching vehicle page: 4
2026-03-24 08:01:00  INFO      Total vehicles collected for account 632578958264631296: 1900
2026-03-24 08:01:00  INFO      Fetching trip_agg page: 2
2026-03-24 08:01:17  INFO      Fetching trip_agg page: 3
2026-03-24 08:01:17  INFO      Total trips collected for account 632578958264631296: 4607
2026-03-24 08:01:18  INFO      Fetching trip_agg page: 4
2026-03-24 08:01:18  INFO      Fetching trip_agg page: 5
2026-03-24 08:01:19  INFO      Fetching trip_agg page: 6
2026-03-24 08:01:20  INFO      Fetching trip_agg page: 7
2026-03-24 08:01:21  INFO      Fetching trip_agg page: 8
2026-03-24 08:01:22  INFO      Fetching trip_agg page: 9
2026-03-24 08:01:23  INFO      Fetching trip_agg page: 10
2026-03-24 08:01:25  INFO      Total trip-agg records collected: 4595
2026-03-24 08:01:44  INFO      Summary written to: /root/code/algorithms/app/scripts/camera/trip_agg_analysis_script/output/2026-03-22/632578958264631296/summary.json
2026-03-24 08:01:44  INFO      ===== Trip Aggregation Analysis Summary =====
2026-03-24 08:01:44  INFO      Trips after merge/filters: 2464
2026-03-24 08:01:44  INFO      Completely processed trips: 2464
2026-03-24 08:01:44  INFO      Missing trips in trip_agg: 51
2026-03-24 08:01:44  INFO      Unbroken unmatched trips: 0
2026-03-24 08:01:44  INFO      Broken unmatched trips: 0
2026-03-24 08:01:44  INFO      Top alert mismatches:
         alert_name  mismatch_count  total_joined_trips  mismatch_pct
unscheduled_driving              13                4556          0.29
             idling               0                4556          0.00
         over_speed               0                4556          0.00
            freerun               0                4556          0.00
         hard_brake               0                4556          0.00
2026-03-24 08:01:44  INFO      ----- Step Timings -----
2026-03-24 08:01:44  INFO        fetch_trip_agg_data                  25.97s
2026-03-24 08:01:44  INFO        get_trips_for_account                18.64s
2026-03-24 08:01:44  INFO        prepare_dataframes                    0.17s
2026-03-24 08:01:44  INFO        analyze_trip_agg                      1.40s
2026-03-24 08:01:44  INFO        analyze_alerts                       17.85s
2026-03-24 08:01:44  INFO        total                                64.02s
2026-03-24 08:01:44  INFO      Reports written to: /root/code/algorithms/app/scripts/camera/trip_agg_analysis_script/output/2026-03-22/632578958264631296
