2026-09-06 02:30:14  INFO      === Starting analysis for account: 649034868264558592 ===
2026-09-06 02:30:14  INFO      Account name: RajRatan Travels
2026-09-06 02:30:14  INFO      [1/1] Fetching trip_agg for account: 649034868264558592
2026-09-06 02:30:14  INFO      Fetching vehicle page: 1
2026-09-06 02:30:14  INFO      Total vehicles collected for account 649034868264558592: 128
2026-09-06 02:30:16  INFO      Total trips collected for account 649034868264558592: 394
2026-09-06 02:31:52  INFO        account 649034868264558592: fetched 508 records (6 pages)
2026-09-06 02:31:52  INFO      Total trip-agg records collected across 1 accounts: 508
2026-09-06 02:31:54  WARNING   Alert count fetch failed for 394/394 trips
2026-09-06 02:31:54  INFO      Summary written to: /root/code/algorithms/app/scripts/camera/trip_agg_analysis_script/output/2026-09-04/649034868264558592/summary.json
2026-09-06 02:31:54  INFO      ===== Trip Aggregation Analysis Summary =====
2026-09-06 02:31:54  INFO      Trips after merge/filters: 222
2026-09-06 02:31:54  INFO      Completely processed trips: 222
2026-09-06 02:31:54  INFO      Missing trips in trip_agg: 0
2026-09-06 02:31:54  INFO      Unbroken unmatched trips: 0
2026-09-06 02:31:54  INFO      Broken unmatched trips: 9
2026-09-06 02:31:54  INFO      ----- Step Timings -----
2026-09-06 02:31:54  INFO        fetch_accounts_with_access            0.02s
2026-09-06 02:31:54  INFO        fetch_trip_agg_data                  97.70s
2026-09-06 02:31:54  INFO        get_trips_for_account                 2.24s
2026-09-06 02:31:54  INFO        prepare_dataframes                    0.02s
2026-09-06 02:31:54  INFO        analyze_trip_agg                      0.98s
2026-09-06 02:31:54  INFO        analyze_alerts                        1.40s
2026-09-06 02:31:54  INFO        total                               102.35s
2026-09-06 02:31:54  INFO      Reports written to: /root/code/algorithms/app/scripts/camera/trip_agg_analysis_script/output/2026-09-04/649034868264558592
