2026-07-09 11:19:25  INFO      === Starting analysis for account: 642689989225816064 ===
2026-07-09 11:19:25  INFO      Account name: Indore Intercity
2026-07-09 11:19:25  INFO      Fetching trip_agg page: 1
2026-07-09 11:19:25  INFO      Fetching vehicle page: 1
2026-07-09 11:19:26  INFO      Total vehicles collected for account 642689989225816064: 229
2026-07-09 11:19:28  INFO      Fetching trip_agg page: 2
2026-07-09 11:19:31  INFO      Fetching trip_agg page: 3
2026-07-09 11:19:32  INFO      Total trips collected for account 642689989225816064: 1022
2026-07-09 11:19:35  INFO      Total trip-agg records collected: 1096
2026-07-09 11:20:00  INFO      Summary written to: /root/code/algorithms/app/scripts/camera/trip_agg_analysis_script/output/2026-07-07/642689989225816064/summary.json
2026-07-09 11:20:00  INFO      ===== Trip Aggregation Analysis Summary =====
2026-07-09 11:20:00  INFO      Trips after merge/filters: 405
2026-07-09 11:20:00  INFO      Completely processed trips: 405
2026-07-09 11:20:00  INFO      Missing trips in trip_agg: 7
2026-07-09 11:20:00  INFO      Unbroken unmatched trips: 0
2026-07-09 11:20:00  INFO      Broken unmatched trips: 5
2026-07-09 11:20:00  INFO      Top alert mismatches:
        alert_name  mismatch_count  total_joined_trips  mismatch_pct
distracted_driving               0                1015           0.0
        drowsiness               0                1015           0.0
       eyes_closed               0                1015           0.0
               fcw               0                1015           0.0
      mobile_phone               0                1015           0.0
2026-07-09 11:20:00  INFO      ----- Step Timings -----
2026-07-09 11:20:00  INFO        fetch_trip_agg_data                  10.02s
2026-07-09 11:20:00  INFO        get_trips_for_account                 6.96s
2026-07-09 11:20:00  INFO        prepare_dataframes                    0.11s
2026-07-09 11:20:00  INFO        analyze_trip_agg                      2.13s
2026-07-09 11:20:00  INFO        analyze_alerts                       21.95s
2026-07-09 11:20:00  INFO        total                                41.17s
2026-07-09 11:20:00  INFO      Reports written to: /root/code/algorithms/app/scripts/camera/trip_agg_analysis_script/output/2026-07-07/642689989225816064
