2026-07-03 08:00:02  INFO      === Starting analysis for account: 649034868264558592 ===
2026-07-03 08:00:02  INFO      Account name: RajRatan Travels
2026-07-03 08:00:02  INFO      Fetching trip_agg page: 1
2026-07-03 08:00:02  INFO      Fetching vehicle page: 1
2026-07-03 08:00:03  INFO      Total vehicles collected for account 649034868264558592: 128
2026-07-03 08:00:05  INFO      Total trips collected for account 649034868264558592: 296
2026-07-03 08:00:33  INFO      Total trip-agg records collected: 436
2026-07-03 08:00:36  INFO      Summary written to: /root/code/algorithms/app/scripts/camera/trip_agg_analysis_script/output/2026-07-01/649034868264558592/summary.json
2026-07-03 08:00:36  INFO      ===== Trip Aggregation Analysis Summary =====
2026-07-03 08:00:36  INFO      Trips after merge/filters: 155
2026-07-03 08:00:36  INFO      Completely processed trips: 155
2026-07-03 08:00:36  INFO      Missing trips in trip_agg: 0
2026-07-03 08:00:36  INFO      Unbroken unmatched trips: 0
2026-07-03 08:00:36  INFO      Broken unmatched trips: 1
2026-07-03 08:00:36  INFO      Top alert mismatches:
         alert_name  mismatch_count  total_joined_trips  mismatch_pct
         fuel_chori               1                 296          0.34
 distracted_driving               0                 296          0.00
         drowsiness               0                 296          0.00
emergency_recording               0                 296          0.00
        eyes_closed               0                 296          0.00
2026-07-03 08:00:36  INFO      ----- Step Timings -----
2026-07-03 08:00:36  INFO        fetch_trip_agg_data                  31.01s
2026-07-03 08:00:36  INFO        get_trips_for_account                 2.68s
2026-07-03 08:00:36  INFO        prepare_dataframes                    0.01s
2026-07-03 08:00:36  INFO        analyze_trip_agg                      0.65s
2026-07-03 08:00:36  INFO        analyze_alerts                        1.92s
2026-07-03 08:00:36  INFO        total                                36.28s
2026-07-03 08:00:36  INFO      Reports written to: /root/code/algorithms/app/scripts/camera/trip_agg_analysis_script/output/2026-07-01/649034868264558592
