2026-08-08 02:31:26  INFO      === Starting analysis for account: 632578958264631296 ===
2026-08-08 02:31:26  INFO      Account name: K M Translogistics  Pvt Ltd ( KMT)
2026-08-08 02:31:26  INFO      [1/1] Fetching trip_agg for account: 632578958264631296
2026-08-08 02:31:26  INFO      Fetching vehicle page: 1
2026-08-08 02:31:26  INFO      Fetching vehicle page: 2
2026-08-08 02:31:26  INFO      Fetching vehicle page: 3
2026-08-08 02:31:27  INFO      Fetching vehicle page: 4
2026-08-08 02:31:28  INFO      Total vehicles collected for account 632578958264631296: 1983
2026-08-08 02:31:40  INFO      Total trips collected for account 632578958264631296: 6233
2026-08-08 02:36:35  INFO        account 632578958264631296: fetched 6298 records (63 pages)
2026-08-08 02:36:35  INFO      Total trip-agg records collected across 1 accounts: 6298
2026-08-08 02:36:35  INFO      Attempting second-pass fetch for 36 missing trips by trip_id
2026-08-08 02:36:36  INFO      Second-pass recovered 36 missing trips, 0 still missing
2026-08-08 02:36:51  WARNING   Alert count fetch failed for 6233/6233 trips
2026-08-08 02:36:51  INFO      Summary written to: /root/code/algorithms/app/scripts/camera/trip_agg_analysis_script/output/2026-08-06/632578958264631296/summary.json
2026-08-08 02:36:51  INFO      ===== Trip Aggregation Analysis Summary =====
2026-08-08 02:36:51  INFO      Trips after merge/filters: 3124
2026-08-08 02:36:51  INFO      Completely processed trips: 3124
2026-08-08 02:36:51  INFO      Missing trips in trip_agg: 0
2026-08-08 02:36:51  INFO      Unbroken unmatched trips: 3
2026-08-08 02:36:51  INFO      Broken unmatched trips: 0
2026-08-08 02:36:51  INFO      ----- Step Timings -----
2026-08-08 02:36:51  INFO        fetch_accounts_with_access            0.01s
2026-08-08 02:36:51  INFO        fetch_trip_agg_data                 308.84s
2026-08-08 02:36:51  INFO        get_trips_for_account                13.42s
2026-08-08 02:36:51  INFO        prepare_dataframes                    0.24s
2026-08-08 02:36:51  INFO        analyze_trip_agg                      0.62s
2026-08-08 02:36:51  INFO        analyze_alerts                       15.26s
2026-08-08 02:36:51  INFO        total                               338.39s
2026-08-08 02:36:51  INFO      Reports written to: /root/code/algorithms/app/scripts/camera/trip_agg_analysis_script/output/2026-08-06/632578958264631296
