2026-04-03 08:05:29  INFO      === Starting analysis for account: 632578958264631296 ===
2026-04-03 08:05:29  INFO      Account name: K M Translogistics  Pvt Ltd ( KMT)
2026-04-03 08:05:29  INFO      Fetching trip_agg page: 1
2026-04-03 08:05:29  INFO      Fetching vehicle page: 1
2026-04-03 08:05:30  INFO      Fetching vehicle page: 2
2026-04-03 08:05:31  INFO      Fetching vehicle page: 3
2026-04-03 08:05:32  INFO      Fetching vehicle page: 4
2026-04-03 08:05:33  INFO      Total vehicles collected for account 632578958264631296: 1906
2026-04-03 08:05:50  INFO      Fetching trip_agg page: 2
2026-04-03 08:06:05  INFO      Fetching trip_agg page: 3
2026-04-03 08:06:08  INFO      Fetching trip_agg page: 4
2026-04-03 08:06:11  INFO      Fetching trip_agg page: 5
2026-04-03 08:06:13  INFO      Fetching trip_agg page: 6
2026-04-03 08:06:14  INFO      Fetching trip_agg page: 7
2026-04-03 08:06:16  INFO      Fetching trip_agg page: 8
2026-04-03 08:06:21  INFO      Fetching trip_agg page: 9
2026-04-03 08:06:24  INFO      Fetching trip_agg page: 10
2026-04-03 08:06:25  INFO      Fetching trip_agg page: 11
2026-04-03 08:06:26  INFO      Total trip-agg records collected: 5016
2026-04-03 08:06:43  INFO      Total trips collected for account 632578958264631296: 5009
2026-04-03 08:07:46  INFO      Summary written to: /root/code/algorithms/app/scripts/camera/trip_agg_analysis_script/output/2026-04-01/632578958264631296/summary.json
2026-04-03 08:07:46  INFO      ===== Trip Aggregation Analysis Summary =====
2026-04-03 08:07:46  INFO      Trips after merge/filters: 2457
2026-04-03 08:07:46  INFO      Completely processed trips: 2457
2026-04-03 08:07:46  INFO      Missing trips in trip_agg: 35
2026-04-03 08:07:46  INFO      Unbroken unmatched trips: 3
2026-04-03 08:07:46  INFO      Broken unmatched trips: 0
2026-04-03 08:07:46  INFO      Top alert mismatches:
         alert_name  mismatch_count  total_joined_trips  mismatch_pct
             idling              18                4974          0.36
unscheduled_driving               6                4974          0.12
       slow_running               2                4974          0.04
         fuel_chori               1                4974          0.02
         over_speed               0                4974          0.00
2026-04-03 08:07:46  INFO      ----- Step Timings -----
2026-04-03 08:07:46  INFO        fetch_trip_agg_data                  56.47s
2026-04-03 08:07:46  INFO        get_trips_for_account                73.63s
2026-04-03 08:07:46  INFO        prepare_dataframes                    0.43s
2026-04-03 08:07:46  INFO        analyze_trip_agg                      0.21s
2026-04-03 08:07:46  INFO        analyze_alerts                       62.44s
2026-04-03 08:07:46  INFO        total                               193.19s
2026-04-03 08:07:46  INFO      Reports written to: /root/code/algorithms/app/scripts/camera/trip_agg_analysis_script/output/2026-04-01/632578958264631296
