2026-09-12 03:15:05  INFO      === Starting analysis for account: 642689989225816064 ===
2026-09-12 03:15:05  INFO      Account name: Indore Intercity
2026-09-12 03:15:05  INFO      [1/1] Fetching trip_agg for account: 642689989225816064
2026-09-12 03:15:05  INFO      Fetching vehicle page: 1
2026-09-12 03:15:05  INFO      Total vehicles collected for account 642689989225816064: 230
2026-09-12 03:15:09  INFO      Total trips collected for account 642689989225816064: 607
2026-09-12 03:15:14  INFO        account 642689989225816064: fetched 652 records (7 pages)
2026-09-12 03:15:14  INFO      Total trip-agg records collected across 1 accounts: 652
2026-09-12 03:15:19  WARNING   Alert count fetch failed for 607/607 trips
2026-09-12 03:15:19  INFO      Summary written to: /root/code/algorithms/app/scripts/camera/trip_agg_analysis_script/output/2026-09-10/642689989225816064/summary.json
2026-09-12 03:15:19  INFO      ===== Trip Aggregation Analysis Summary =====
2026-09-12 03:15:19  INFO      Trips after merge/filters: 281
2026-09-12 03:15:19  INFO      Completely processed trips: 281
2026-09-12 03:15:19  INFO      Missing trips in trip_agg: 0
2026-09-12 03:15:19  INFO      Unbroken unmatched trips: 0
2026-09-12 03:15:19  INFO      Broken unmatched trips: 8
2026-09-12 03:15:19  INFO      ----- Step Timings -----
2026-09-12 03:15:19  INFO        fetch_accounts_with_access            0.01s
2026-09-12 03:15:19  INFO        fetch_trip_agg_data                   9.11s
2026-09-12 03:15:19  INFO        get_trips_for_account                 4.61s
2026-09-12 03:15:19  INFO        prepare_dataframes                    0.02s
2026-09-12 03:15:19  INFO        analyze_trip_agg                      3.61s
2026-09-12 03:15:19  INFO        analyze_alerts                        2.02s
2026-09-12 03:15:19  INFO        total                                19.38s
2026-09-12 03:15:19  INFO      Reports written to: /root/code/algorithms/app/scripts/camera/trip_agg_analysis_script/output/2026-09-10/642689989225816064
