2026-09-15 02:30:13  INFO      === Starting analysis for account: 649034868264558592 ===
2026-09-15 02:30:13  INFO      Account name: RajRatan Travels
2026-09-15 02:30:13  INFO      [1/1] Fetching trip_agg for account: 649034868264558592
2026-09-15 02:30:13  INFO      Fetching vehicle page: 1
2026-09-15 02:30:13  INFO      Total vehicles collected for account 649034868264558592: 128
2026-09-15 02:30:26  INFO      Total trips collected for account 649034868264558592: 393
2026-09-15 02:34:53  ERROR     Request failed after 3 attempts: http://internal-apis.intangles.com/trip/aggregated?account_id=649034868264558592&pnum=6&psize=100&start_time=1789257600000&end_time=1789343999000 | error: 504 Server Error: Gateway Time-out for url: http://internal-apis.intangles.com/trip/aggregated?account_id=649034868264558592&pnum=6&psize=100&start_time=1789257600000&end_time=1789343999000
2026-09-15 02:34:53  WARNING     page 6 failed (1/3 consecutive)
2026-09-15 02:36:25  INFO        account 649034868264558592: fetched 500 records (7 pages)
2026-09-15 02:36:25  INFO      Total trip-agg records collected across 1 accounts: 500
2026-09-15 02:36:26  INFO      Attempting second-pass fetch for 7 missing trips by trip_id
2026-09-15 02:36:27  INFO      Second-pass recovered 7 missing trips, 0 still missing
2026-09-15 02:36:29  WARNING   Alert count fetch failed for 393/393 trips
2026-09-15 02:36:29  INFO      Summary written to: /root/code/algorithms/app/scripts/camera/trip_agg_analysis_script/output/2026-09-13/649034868264558592/summary.json
2026-09-15 02:36:29  INFO      ===== Trip Aggregation Analysis Summary =====
2026-09-15 02:36:29  INFO      Trips after merge/filters: 223
2026-09-15 02:36:29  INFO      Completely processed trips: 223
2026-09-15 02:36:29  INFO      Missing trips in trip_agg: 0
2026-09-15 02:36:29  INFO      Unbroken unmatched trips: 0
2026-09-15 02:36:29  INFO      Broken unmatched trips: 12
2026-09-15 02:36:29  INFO      ----- Step Timings -----
2026-09-15 02:36:29  INFO        fetch_accounts_with_access            0.01s
2026-09-15 02:36:29  INFO        fetch_trip_agg_data                 372.11s
2026-09-15 02:36:29  INFO        get_trips_for_account                13.26s
2026-09-15 02:36:29  INFO        prepare_dataframes                    0.03s
2026-09-15 02:36:29  INFO        analyze_trip_agg                      2.01s
2026-09-15 02:36:29  INFO        analyze_alerts                        2.04s
2026-09-15 02:36:29  INFO        total                               389.46s
2026-09-15 02:36:29  INFO      Reports written to: /root/code/algorithms/app/scripts/camera/trip_agg_analysis_script/output/2026-09-13/649034868264558592
