2026-05-11 08:06:28  INFO      === Starting analysis for account: 632578958264631296 ===
2026-05-11 08:06:28  INFO      Account name: K M Translogistics  Pvt Ltd ( KMT)
2026-05-11 08:06:28  INFO      Fetching trip_agg page: 1
2026-05-11 08:06:28  INFO      Fetching vehicle page: 1
2026-05-11 08:06:28  INFO      Fetching vehicle page: 2
2026-05-11 08:06:29  INFO      Fetching vehicle page: 3
2026-05-11 08:06:29  INFO      Fetching vehicle page: 4
2026-05-11 08:06:29  INFO      Total vehicles collected for account 632578958264631296: 1916
2026-05-11 08:06:34  INFO      Fetching trip_agg page: 2
2026-05-11 08:06:38  INFO      Fetching trip_agg page: 3
2026-05-11 08:06:41  INFO      Fetching trip_agg page: 4
2026-05-11 08:06:43  INFO      Fetching trip_agg page: 5
2026-05-11 08:06:45  INFO      Fetching trip_agg page: 6
2026-05-11 08:06:47  INFO      Fetching trip_agg page: 7
2026-05-11 08:06:50  INFO      Fetching trip_agg page: 8
2026-05-11 08:06:52  INFO      Fetching trip_agg page: 9
2026-05-11 08:06:54  INFO      Fetching trip_agg page: 10
2026-05-11 08:06:57  INFO      Total trip-agg records collected: 4747
2026-05-11 08:07:00  INFO      Total trips collected for account 632578958264631296: 4721
2026-05-11 08:07:01  WARNING   Excluding 1 trips with missing end_time from comparison
2026-05-11 08:08:12  WARNING   Alert count fetch failed for 4721/4721 trips
2026-05-11 08:08:13  INFO      Summary written to: /root/code/algorithms/app/scripts/camera/trip_agg_analysis_script/output/2026-05-09/632578958264631296/summary.json
2026-05-11 08:08:13  INFO      ===== Trip Aggregation Analysis Summary =====
2026-05-11 08:08:13  INFO      Trips after merge/filters: 2284
2026-05-11 08:08:13  INFO      Completely processed trips: 2284
2026-05-11 08:08:13  INFO      Missing trips in trip_agg: 12
2026-05-11 08:08:13  INFO      Unbroken unmatched trips: 0
2026-05-11 08:08:13  INFO      Broken unmatched trips: 0
2026-05-11 08:08:13  INFO      ----- Step Timings -----
2026-05-11 08:08:13  INFO        fetch_trip_agg_data                  29.37s
2026-05-11 08:08:13  INFO        get_trips_for_account                32.37s
2026-05-11 08:08:13  INFO        prepare_dataframes                    0.39s
2026-05-11 08:08:13  INFO        analyze_trip_agg                      0.24s
2026-05-11 08:08:13  INFO        analyze_alerts                       71.23s
2026-05-11 08:08:13  INFO        total                               133.60s
2026-05-11 08:08:13  INFO      Reports written to: /root/code/algorithms/app/scripts/camera/trip_agg_analysis_script/output/2026-05-09/632578958264631296
