2026-09-11 02:32:59  INFO      === Starting analysis for account: 632578958264631296 ===
2026-09-11 02:32:59  INFO      Account name: K M Translogistics  Pvt Ltd ( KMT)
2026-09-11 02:32:59  INFO      [1/1] Fetching trip_agg for account: 632578958264631296
2026-09-11 02:32:59  INFO      Fetching vehicle page: 1
2026-09-11 02:33:00  INFO      Fetching vehicle page: 2
2026-09-11 02:33:01  INFO      Fetching vehicle page: 3
2026-09-11 02:33:04  INFO      Fetching vehicle page: 4
2026-09-11 02:33:05  INFO      Total vehicles collected for account 632578958264631296: 1995
2026-09-11 02:33:24  INFO      Total trips collected for account 632578958264631296: 5928
2026-09-11 02:39:08  INFO        account 632578958264631296: fetched 6010 records (61 pages)
2026-09-11 02:39:08  INFO      Total trip-agg records collected across 1 accounts: 6010
2026-09-11 02:39:20  INFO      Attempting second-pass fetch for 22 missing trips by trip_id
2026-09-11 02:39:21  WARNING   Second-pass fetch returned no records for 22 missing trips
2026-09-11 02:39:43  WARNING   Alert count fetch failed for 5928/5928 trips
2026-09-11 02:39:43  INFO      Summary written to: /root/code/algorithms/app/scripts/camera/trip_agg_analysis_script/output/2026-09-09/632578958264631296/summary.json
2026-09-11 02:39:43  INFO      ===== Trip Aggregation Analysis Summary =====
2026-09-11 02:39:43  INFO      Trips after merge/filters: 3123
2026-09-11 02:39:43  INFO      Completely processed trips: 3122
2026-09-11 02:39:43  INFO      Missing trips in trip_agg: 22
2026-09-11 02:39:43  INFO      Unbroken unmatched trips: 3
2026-09-11 02:39:43  INFO      Broken unmatched trips: 0
2026-09-11 02:39:43  INFO      ----- Step Timings -----
2026-09-11 02:39:43  INFO        fetch_accounts_with_access            0.01s
2026-09-11 02:39:43  INFO        fetch_trip_agg_data                 368.07s
2026-09-11 02:39:43  INFO        get_trips_for_account                24.35s
2026-09-11 02:39:43  INFO        prepare_dataframes                    0.13s
2026-09-11 02:39:43  INFO        analyze_trip_agg                     13.51s
2026-09-11 02:39:43  INFO        analyze_alerts                       21.60s
2026-09-11 02:39:43  INFO        total                               427.68s
2026-09-11 02:39:43  INFO      Reports written to: /root/code/algorithms/app/scripts/camera/trip_agg_analysis_script/output/2026-09-09/632578958264631296
