2026-08-05 02:41:07  INFO      === Starting analysis for account: 1205841794575630336 ===
2026-08-05 02:41:07  INFO      Account name: Chartered Speed-OSRTC
2026-08-05 02:41:07  INFO      Resolved 7 accounts_with_access for 1205841794575630336
2026-08-05 02:41:07  INFO      [1/7] Fetching trip_agg for account: 1207408429103054848
2026-08-05 02:41:07  INFO      Fetching vehicle page: 1
2026-08-05 02:41:07  INFO        account 1207408429103054848: fetched 0 records (1 pages)
2026-08-05 02:41:07  INFO      [2/7] Fetching trip_agg for account: 1205841794575630336
2026-08-05 02:41:07  INFO      Fetching vehicle page: 2
2026-08-05 02:41:09  INFO      Fetching vehicle page: 3
2026-08-05 02:41:10  INFO      Total vehicles collected for account 1205841794575630336: 1184
2026-08-05 02:41:31  INFO      Total trips collected for account 1205841794575630336: 8483
2026-08-05 02:43:42  INFO        account 1205841794575630336: fetched 8592 records (86 pages)
2026-08-05 02:43:42  INFO      [3/7] Fetching trip_agg for account: 475691480292397056
2026-08-05 02:43:42  INFO        account 475691480292397056: fetched 0 records (1 pages)
2026-08-05 02:43:42  INFO      [4/7] Fetching trip_agg for account: 1128685188746838016
2026-08-05 02:43:42  INFO        account 1128685188746838016: fetched 0 records (1 pages)
2026-08-05 02:43:42  INFO      [5/7] Fetching trip_agg for account: 1534905707361468416
2026-08-05 02:43:42  INFO        account 1534905707361468416: fetched 0 records (1 pages)
2026-08-05 02:43:42  INFO      [6/7] Fetching trip_agg for account: 1536063812182999040
2026-08-05 02:43:42  INFO        account 1536063812182999040: fetched 0 records (1 pages)
2026-08-05 02:43:42  INFO      [7/7] Fetching trip_agg for account: 1580612727364124672
2026-08-05 02:43:43  INFO        account 1580612727364124672: fetched 0 records (1 pages)
2026-08-05 02:43:43  INFO      Total trip-agg records collected across 7 accounts: 8592
2026-08-05 02:44:34  INFO      Summary written to: /root/code/algorithms/app/scripts/camera/trip_agg_analysis_script/output/2026-08-03/1205841794575630336/summary.json
2026-08-05 02:44:34  INFO      ===== Trip Aggregation Analysis Summary =====
2026-08-05 02:44:34  INFO      Trips after merge/filters: 7015
2026-08-05 02:44:34  INFO      Completely processed trips: 7011
2026-08-05 02:44:34  INFO      Missing trips in trip_agg: 0
2026-08-05 02:44:34  INFO      Unbroken unmatched trips: 0
2026-08-05 02:44:34  INFO      Broken unmatched trips: 13
2026-08-05 02:44:34  INFO      Top alert mismatches:
         alert_name  mismatch_count  total_joined_trips  mismatch_pct
        eyes_closed               6                8483          0.07
 seatbelt_violation               2                8483          0.02
emergency_recording               1                8483          0.01
 distracted_driving               0                8483          0.00
         drowsiness               0                8483          0.00
2026-08-05 02:44:34  INFO      ----- Step Timings -----
2026-08-05 02:44:34  INFO        fetch_accounts_with_access            0.04s
2026-08-05 02:44:34  INFO        fetch_trip_agg_data                 155.54s
2026-08-05 02:44:34  INFO        get_trips_for_account                23.91s
2026-08-05 02:44:34  INFO        prepare_dataframes                    0.80s
2026-08-05 02:44:34  INFO        analyze_trip_agg                      2.87s
2026-08-05 02:44:34  INFO        analyze_alerts                       47.41s
2026-08-05 02:44:34  INFO        total                               230.57s
2026-08-05 02:44:34  INFO      Reports written to: /root/code/algorithms/app/scripts/camera/trip_agg_analysis_script/output/2026-08-03/1205841794575630336
