2026-05-09 08:02:16  INFO      === Starting analysis for account: 649034868264558592 ===
2026-05-09 08:02:16  INFO      Account name: RajRatan Travels
2026-05-09 08:02:16  INFO      Fetching trip_agg page: 1
2026-05-09 08:02:16  INFO      Fetching vehicle page: 1
2026-05-09 08:02:17  INFO      Total vehicles collected for account 649034868264558592: 126
2026-05-09 08:02:19  INFO      Total trips collected for account 649034868264558592: 285
2026-05-09 08:02:36  INFO      Total trip-agg records collected: 410
2026-05-09 08:02:57  WARNING   Alert count fetch failed for 285/285 trips
2026-05-09 08:02:57  INFO      Summary written to: /root/code/algorithms/app/scripts/camera/trip_agg_analysis_script/output/2026-05-07/649034868264558592/summary.json
2026-05-09 08:02:57  INFO      ===== Trip Aggregation Analysis Summary =====
2026-05-09 08:02:57  INFO      Trips after merge/filters: 156
2026-05-09 08:02:57  INFO      Completely processed trips: 156
2026-05-09 08:02:57  INFO      Missing trips in trip_agg: 1
2026-05-09 08:02:57  INFO      Unbroken unmatched trips: 0
2026-05-09 08:02:57  INFO      Broken unmatched trips: 1
2026-05-09 08:02:57  INFO      ----- Step Timings -----
2026-05-09 08:02:57  INFO        fetch_trip_agg_data                  19.92s
2026-05-09 08:02:57  INFO        get_trips_for_account                 2.64s
2026-05-09 08:02:57  INFO        prepare_dataframes                    0.02s
2026-05-09 08:02:57  INFO        analyze_trip_agg                     19.51s
2026-05-09 08:02:57  INFO        analyze_alerts                        1.15s
2026-05-09 08:02:57  INFO        total                                43.24s
2026-05-09 08:02:57  INFO      Reports written to: /root/code/algorithms/app/scripts/camera/trip_agg_analysis_script/output/2026-05-07/649034868264558592
