2026-03-29 08:03:28  INFO      === Starting analysis for account: 632578958264631296 ===
2026-03-29 08:03:28  INFO      Account name: K M Translogistics  Pvt Ltd ( KMT)
2026-03-29 08:03:28  INFO      Fetching trip_agg page: 1
2026-03-29 08:03:28  INFO      Fetching vehicle page: 1
2026-03-29 08:03:28  INFO      Fetching vehicle page: 2
2026-03-29 08:03:28  INFO      Fetching vehicle page: 3
2026-03-29 08:03:29  INFO      Fetching vehicle page: 4
2026-03-29 08:03:30  INFO      Total vehicles collected for account 632578958264631296: 1901
2026-03-29 08:03:41  INFO      Fetching trip_agg page: 2
2026-03-29 08:03:55  INFO      Fetching trip_agg page: 3
2026-03-29 08:03:56  INFO      Fetching trip_agg page: 4
2026-03-29 08:03:57  INFO      Fetching trip_agg page: 5
2026-03-29 08:04:00  INFO      Fetching trip_agg page: 6
2026-03-29 08:04:03  INFO      Fetching trip_agg page: 7
2026-03-29 08:04:05  INFO      Fetching trip_agg page: 8
2026-03-29 08:04:06  INFO      Fetching trip_agg page: 9
2026-03-29 08:04:08  INFO      Total trips collected for account 632578958264631296: 5341
2026-03-29 08:04:09  INFO      Fetching trip_agg page: 10
2026-03-29 08:04:10  INFO      Fetching trip_agg page: 11
2026-03-29 08:04:17  INFO      Total trip-agg records collected: 5362
2026-03-29 08:04:49  INFO      Summary written to: /root/code/algorithms/app/scripts/camera/trip_agg_analysis_script/output/2026-03-27/632578958264631296/summary.json
2026-03-29 08:04:49  INFO      ===== Trip Aggregation Analysis Summary =====
2026-03-29 08:04:49  INFO      Trips after merge/filters: 2671
2026-03-29 08:04:49  INFO      Completely processed trips: 2671
2026-03-29 08:04:49  INFO      Missing trips in trip_agg: 26
2026-03-29 08:04:49  INFO      Unbroken unmatched trips: 1
2026-03-29 08:04:49  INFO      Broken unmatched trips: 0
2026-03-29 08:04:49  INFO      Top alert mismatches:
         alert_name  mismatch_count  total_joined_trips  mismatch_pct
unscheduled_driving              13                5315          0.24
       slow_running               2                5315          0.04
         fuel_chori               1                5315          0.02
             idling               0                5315          0.00
         over_speed               0                5315          0.00
2026-03-29 08:04:49  INFO      ----- Step Timings -----
2026-03-29 08:04:49  INFO        fetch_trip_agg_data                  49.68s
2026-03-29 08:04:49  INFO        get_trips_for_account                39.92s
2026-03-29 08:04:49  INFO        prepare_dataframes                    0.21s
2026-03-29 08:04:49  INFO        analyze_trip_agg                      0.12s
2026-03-29 08:04:49  INFO        analyze_alerts                       31.39s
2026-03-29 08:04:49  INFO        total                               121.32s
2026-03-29 08:04:49  INFO      Reports written to: /root/code/algorithms/app/scripts/camera/trip_agg_analysis_script/output/2026-03-27/632578958264631296
