2026-07-14 08:19:18  INFO      === Starting analysis for account: 642689989225816064 ===
2026-07-14 08:19:18  INFO      Account name: Indore Intercity
2026-07-14 08:19:18  INFO      Fetching trip_agg page: 1
2026-07-14 08:19:18  INFO      Fetching vehicle page: 1
2026-07-14 08:19:19  INFO      Total vehicles collected for account 642689989225816064: 229
2026-07-14 08:19:21  INFO      Total trips collected for account 642689989225816064: 1378
2026-07-14 08:19:22  INFO      Fetching trip_agg page: 2
2026-07-14 08:19:27  INFO      Fetching trip_agg page: 3
2026-07-14 08:19:31  INFO      Total trip-agg records collected: 1445
2026-07-14 08:19:37  INFO      Summary written to: /root/code/algorithms/app/scripts/camera/trip_agg_analysis_script/output/2026-07-12/642689989225816064/summary.json
2026-07-14 08:19:37  INFO      ===== Trip Aggregation Analysis Summary =====
2026-07-14 08:19:37  INFO      Trips after merge/filters: 661
2026-07-14 08:19:37  INFO      Completely processed trips: 661
2026-07-14 08:19:37  INFO      Missing trips in trip_agg: 7
2026-07-14 08:19:37  INFO      Unbroken unmatched trips: 0
2026-07-14 08:19:37  INFO      Broken unmatched trips: 4
2026-07-14 08:19:37  INFO      Top alert mismatches:
         alert_name  mismatch_count  total_joined_trips  mismatch_pct
                fcw               1                1371          0.07
 distracted_driving               0                1371          0.00
         drowsiness               0                1371          0.00
emergency_recording               0                1371          0.00
        eyes_closed               0                1371          0.00
2026-07-14 08:19:37  INFO      ----- Step Timings -----
2026-07-14 08:19:37  INFO        fetch_trip_agg_data                  13.47s
2026-07-14 08:19:37  INFO        get_trips_for_account                 2.83s
2026-07-14 08:19:37  INFO        prepare_dataframes                    0.03s
2026-07-14 08:19:37  INFO        analyze_trip_agg                      1.10s
2026-07-14 08:19:37  INFO        analyze_alerts                        4.13s
2026-07-14 08:19:37  INFO        total                                21.57s
2026-07-14 08:19:37  INFO      Reports written to: /root/code/algorithms/app/scripts/camera/trip_agg_analysis_script/output/2026-07-12/642689989225816064
