2026-07-30 11:44:22  INFO      === Starting analysis for account: 1205841794575630336 ===
2026-07-30 11:44:22  INFO      Account name: Chartered Speed-OSRTC
2026-07-30 11:44:22  INFO      Resolved 7 accounts_with_access for 1205841794575630336
2026-07-30 11:44:22  INFO      [1/7] Fetching trip_agg for account: 1207408429103054848
2026-07-30 11:44:22  INFO      Fetching vehicle page: 1
2026-07-30 11:44:23  INFO        account 1207408429103054848: fetched 0 records (1 pages)
2026-07-30 11:44:23  INFO      [2/7] Fetching trip_agg for account: 1205841794575630336
2026-07-30 11:44:23  INFO      Fetching vehicle page: 2
2026-07-30 11:44:23  INFO      Fetching vehicle page: 3
2026-07-30 11:44:24  INFO      Total vehicles collected for account 1205841794575630336: 1184
2026-07-30 11:44:34  INFO      Total trips collected for account 1205841794575630336: 8151
2026-07-30 11:46:16  INFO        account 1205841794575630336: fetched 8262 records (83 pages)
2026-07-30 11:46:16  INFO      [3/7] Fetching trip_agg for account: 475691480292397056
2026-07-30 11:46:17  INFO        account 475691480292397056: fetched 0 records (1 pages)
2026-07-30 11:46:17  INFO      [4/7] Fetching trip_agg for account: 1128685188746838016
2026-07-30 11:46:17  INFO        account 1128685188746838016: fetched 0 records (1 pages)
2026-07-30 11:46:17  INFO      [5/7] Fetching trip_agg for account: 1534905707361468416
2026-07-30 11:46:20  INFO        account 1534905707361468416: fetched 0 records (1 pages)
2026-07-30 11:46:20  INFO      [6/7] Fetching trip_agg for account: 1536063812182999040
2026-07-30 11:46:20  INFO        account 1536063812182999040: fetched 0 records (1 pages)
2026-07-30 11:46:20  INFO      [7/7] Fetching trip_agg for account: 1580612727364124672
2026-07-30 11:46:20  INFO        account 1580612727364124672: fetched 0 records (1 pages)
2026-07-30 11:46:20  INFO      Total trip-agg records collected across 7 accounts: 8262
2026-07-30 11:47:26  INFO      Summary written to: /root/code/algorithms/app/scripts/camera/trip_agg_analysis_script/output/2026-07-28/1205841794575630336/summary.json
2026-07-30 11:47:26  INFO      ===== Trip Aggregation Analysis Summary =====
2026-07-30 11:47:26  INFO      Trips after merge/filters: 6668
2026-07-30 11:47:26  INFO      Completely processed trips: 6663
2026-07-30 11:47:26  INFO      Missing trips in trip_agg: 0
2026-07-30 11:47:26  INFO      Unbroken unmatched trips: 0
2026-07-30 11:47:26  INFO      Broken unmatched trips: 14
2026-07-30 11:47:26  INFO      Top alert mismatches:
         alert_name  mismatch_count  total_joined_trips  mismatch_pct
 distracted_driving               1                8151          0.01
 seatbelt_violation               1                8151          0.01
         drowsiness               0                8151          0.00
emergency_recording               0                8151          0.00
        eyes_closed               0                8151          0.00
2026-07-30 11:47:26  INFO      ----- Step Timings -----
2026-07-30 11:47:26  INFO        fetch_accounts_with_access            0.05s
2026-07-30 11:47:26  INFO        fetch_trip_agg_data                 117.46s
2026-07-30 11:47:26  INFO        get_trips_for_account                11.74s
2026-07-30 11:47:26  INFO        prepare_dataframes                    0.34s
2026-07-30 11:47:26  INFO        analyze_trip_agg                      2.65s
2026-07-30 11:47:26  INFO        analyze_alerts                       62.88s
2026-07-30 11:47:26  INFO        total                               195.13s
2026-07-30 11:47:26  INFO      Reports written to: /root/code/algorithms/app/scripts/camera/trip_agg_analysis_script/output/2026-07-28/1205841794575630336
