2026-09-29 02:35:08  INFO      === Starting analysis for account: 632578958264631296 ===
2026-09-29 02:35:08  INFO      Account name: K M Translogistics  Pvt Ltd ( KMT)
2026-09-29 02:35:08  INFO      [1/1] Fetching trip_agg for account: 632578958264631296
2026-09-29 02:35:08  INFO      Fetching vehicle page: 1
2026-09-29 02:35:08  INFO      Fetching vehicle page: 2
2026-09-29 02:35:08  INFO      Fetching vehicle page: 3
2026-09-29 02:35:09  INFO      Fetching vehicle page: 4
2026-09-29 02:35:09  INFO      Fetching vehicle page: 5
2026-09-29 02:35:09  INFO      Total vehicles collected for account 632578958264631296: 2010
2026-09-29 02:36:58  INFO      Total trips collected for account 632578958264631296: 5862
2026-09-29 02:41:41  INFO        account 632578958264631296: fetched 5996 records (60 pages)
2026-09-29 02:41:41  INFO      Total trip-agg records collected across 1 accounts: 5996
2026-09-29 02:41:53  INFO      Attempting second-pass fetch for 25 missing trips by trip_id
2026-09-29 02:41:53  WARNING   Second-pass fetch returned no records for 25 missing trips
2026-09-29 02:42:09  WARNING   Alert count fetch failed for 5862/5862 trips
2026-09-29 02:42:09  INFO      Summary written to: /root/code/algorithms/app/scripts/camera/trip_agg_analysis_script/output/2026-09-27/632578958264631296/summary.json
2026-09-29 02:42:09  INFO      ===== Trip Aggregation Analysis Summary =====
2026-09-29 02:42:09  INFO      Trips after merge/filters: 3092
2026-09-29 02:42:09  INFO      Completely processed trips: 3092
2026-09-29 02:42:09  INFO      Missing trips in trip_agg: 25
2026-09-29 02:42:09  INFO      Unbroken unmatched trips: 1
2026-09-29 02:42:09  INFO      Broken unmatched trips: 0
2026-09-29 02:42:09  INFO      ----- Step Timings -----
2026-09-29 02:42:09  INFO        fetch_accounts_with_access            0.01s
2026-09-29 02:42:09  INFO        fetch_trip_agg_data                 392.44s
2026-09-29 02:42:09  INFO        get_trips_for_account               110.26s
2026-09-29 02:42:09  INFO        prepare_dataframes                    0.16s
2026-09-29 02:42:09  INFO        analyze_trip_agg                     12.54s
2026-09-29 02:42:09  INFO        analyze_alerts                       15.40s
2026-09-29 02:42:09  INFO        total                               530.81s
2026-09-29 02:42:09  INFO      Reports written to: /root/code/algorithms/app/scripts/camera/trip_agg_analysis_script/output/2026-09-27/632578958264631296
