2026-07-08 08:03:14  INFO      === Starting analysis for account: 632578958264631296 ===
2026-07-08 08:03:14  INFO      Account name: K M Translogistics  Pvt Ltd ( KMT)
2026-07-08 08:03:14  INFO      Fetching trip_agg page: 1
2026-07-08 08:03:14  INFO      Fetching vehicle page: 1
2026-07-08 08:03:14  INFO      Fetching vehicle page: 2
2026-07-08 08:03:15  INFO      Fetching vehicle page: 3
2026-07-08 08:03:16  INFO      Fetching vehicle page: 4
2026-07-08 08:03:17  INFO      Total vehicles collected for account 632578958264631296: 1980
2026-07-08 08:03:18  INFO      Fetching trip_agg page: 2
2026-07-08 08:03:34  INFO      Fetching trip_agg page: 3
2026-07-08 08:03:36  INFO      Fetching trip_agg page: 4
2026-07-08 08:03:38  INFO      Fetching trip_agg page: 5
2026-07-08 08:03:40  INFO      Fetching trip_agg page: 6
2026-07-08 08:03:42  INFO      Fetching trip_agg page: 7
2026-07-08 08:03:45  INFO      Fetching trip_agg page: 8
2026-07-08 08:03:46  INFO      Fetching trip_agg page: 9
2026-07-08 08:03:48  INFO      Fetching trip_agg page: 10
2026-07-08 08:03:49  INFO      Fetching trip_agg page: 11
2026-07-08 08:03:50  INFO      Total trips collected for account 632578958264631296: 6261
2026-07-08 08:03:51  INFO      Fetching trip_agg page: 12
2026-07-08 08:03:52  INFO      Fetching trip_agg page: 13
2026-07-08 08:03:56  INFO      Total trip-agg records collected: 6252
2026-07-08 08:05:01  WARNING   Alert count fetch failed for 6261/6261 trips
2026-07-08 08:05:02  INFO      Summary written to: /root/code/algorithms/app/scripts/camera/trip_agg_analysis_script/output/2026-07-06/632578958264631296/summary.json
2026-07-08 08:05:02  INFO      ===== Trip Aggregation Analysis Summary =====
2026-07-08 08:05:02  INFO      Trips after merge/filters: 2998
2026-07-08 08:05:02  INFO      Completely processed trips: 2998
2026-07-08 08:05:02  INFO      Missing trips in trip_agg: 38
2026-07-08 08:05:02  INFO      Unbroken unmatched trips: 0
2026-07-08 08:05:02  INFO      Broken unmatched trips: 0
2026-07-08 08:05:02  INFO      ----- Step Timings -----
2026-07-08 08:05:02  INFO        fetch_trip_agg_data                  42.47s
2026-07-08 08:05:02  INFO        get_trips_for_account                36.06s
2026-07-08 08:05:02  INFO        prepare_dataframes                    0.49s
2026-07-08 08:05:02  INFO        analyze_trip_agg                      0.36s
2026-07-08 08:05:02  INFO        analyze_alerts                       64.20s
2026-07-08 08:05:02  INFO        total                               143.58s
2026-07-08 08:05:02  INFO      Reports written to: /root/code/algorithms/app/scripts/camera/trip_agg_analysis_script/output/2026-07-06/632578958264631296
