2026-08-05 02:30:06  INFO      === Starting analysis for account: 649034868264558592 ===
2026-08-05 02:30:06  INFO      Account name: RajRatan Travels
2026-08-05 02:30:06  INFO      Resolved 2 accounts_with_access for 649034868264558592
2026-08-05 02:30:06  INFO      [1/2] Fetching trip_agg for account: 64903486826455859
2026-08-05 02:30:06  INFO      Fetching vehicle page: 1
2026-08-05 02:30:06  INFO      Total vehicles collected for account 649034868264558592: 128
2026-08-05 02:30:06  INFO        account 64903486826455859: fetched 0 records (1 pages)
2026-08-05 02:30:06  INFO      [2/2] Fetching trip_agg for account: 649034868264558592
2026-08-05 02:30:07  INFO      Total trips collected for account 649034868264558592: 300
2026-08-05 02:34:25  ERROR     Request failed after 3 attempts: http://internal-apis.intangles.com/trip/aggregated?account_id=649034868264558592&pnum=5&psize=100&start_time=1785715200000&end_time=1785801599000 | error: 504 Server Error: Gateway Time-out for url: http://internal-apis.intangles.com/trip/aggregated?account_id=649034868264558592&pnum=5&psize=100&start_time=1785715200000&end_time=1785801599000
2026-08-05 02:34:25  WARNING     page 5 failed (1/3 consecutive)
2026-08-05 02:34:31  INFO        account 649034868264558592: fetched 400 records (6 pages)
2026-08-05 02:34:31  INFO      Total trip-agg records collected across 2 accounts: 400
2026-08-05 02:34:33  INFO      Summary written to: /root/code/algorithms/app/scripts/camera/trip_agg_analysis_script/output/2026-08-03/649034868264558592/summary.json
2026-08-05 02:34:33  INFO      ===== Trip Aggregation Analysis Summary =====
2026-08-05 02:34:33  INFO      Trips after merge/filters: 162
2026-08-05 02:34:33  INFO      Completely processed trips: 162
2026-08-05 02:34:33  INFO      Missing trips in trip_agg: 0
2026-08-05 02:34:33  INFO      Unbroken unmatched trips: 0
2026-08-05 02:34:33  INFO      Broken unmatched trips: 15
2026-08-05 02:34:33  INFO      Top alert mismatches:
         alert_name  mismatch_count  total_joined_trips  mismatch_pct
       mobile_phone               1                 300          0.33
 distracted_driving               0                 300          0.00
         drowsiness               0                 300          0.00
emergency_recording               0                 300          0.00
        eyes_closed               0                 300          0.00
2026-08-05 02:34:33  INFO      ----- Step Timings -----
2026-08-05 02:34:33  INFO        fetch_accounts_with_access            0.07s
2026-08-05 02:34:33  INFO        fetch_trip_agg_data                 264.94s
2026-08-05 02:34:33  INFO        get_trips_for_account                 1.55s
2026-08-05 02:34:33  INFO        prepare_dataframes                    0.02s
2026-08-05 02:34:33  INFO        analyze_trip_agg                      0.77s
2026-08-05 02:34:33  INFO        analyze_alerts                        1.77s
2026-08-05 02:34:33  INFO        total                               269.14s
2026-08-05 02:34:33  INFO      Reports written to: /root/code/algorithms/app/scripts/camera/trip_agg_analysis_script/output/2026-08-03/649034868264558592
