2026-05-06 08:02:11  INFO      === Starting analysis for account: 649034868264558592 ===
2026-05-06 08:02:11  INFO      Account name: RajRatan Travels
2026-05-06 08:02:11  INFO      Fetching trip_agg page: 1
2026-05-06 08:02:11  INFO      Fetching vehicle page: 1
2026-05-06 08:02:11  INFO      Total vehicles collected for account 649034868264558592: 126
2026-05-06 08:02:12  INFO      Total trips collected for account 649034868264558592: 290
2026-05-06 08:04:01  INFO      Total trip-agg records collected: 410
2026-05-06 08:04:03  WARNING   Alert count fetch failed for 290/290 trips
2026-05-06 08:04:03  INFO      Summary written to: /root/code/algorithms/app/scripts/camera/trip_agg_analysis_script/output/2026-05-04/649034868264558592/summary.json
2026-05-06 08:04:03  INFO      ===== Trip Aggregation Analysis Summary =====
2026-05-06 08:04:03  INFO      Trips after merge/filters: 157
2026-05-06 08:04:03  INFO      Completely processed trips: 157
2026-05-06 08:04:03  INFO      Missing trips in trip_agg: 2
2026-05-06 08:04:03  INFO      Unbroken unmatched trips: 1
2026-05-06 08:04:03  INFO      Broken unmatched trips: 2
2026-05-06 08:04:03  INFO      ----- Step Timings -----
2026-05-06 08:04:03  INFO        fetch_trip_agg_data                 110.40s
2026-05-06 08:04:03  INFO        get_trips_for_account                 1.44s
2026-05-06 08:04:03  INFO        prepare_dataframes                    0.01s
2026-05-06 08:04:03  INFO        analyze_trip_agg                      0.49s
2026-05-06 08:04:03  INFO        analyze_alerts                        0.96s
2026-05-06 08:04:03  INFO        total                               113.30s
2026-05-06 08:04:03  INFO      Reports written to: /root/code/algorithms/app/scripts/camera/trip_agg_analysis_script/output/2026-05-04/649034868264558592
