2026-04-22 08:03:53  INFO      === Starting analysis for account: 649034868264558592 ===
2026-04-22 08:03:53  INFO      Account name: RajRatan Travels
2026-04-22 08:03:53  INFO      Fetching trip_agg page: 1
2026-04-22 08:03:53  INFO      Fetching vehicle page: 1
2026-04-22 08:03:53  INFO      Total vehicles collected for account 649034868264558592: 122
2026-04-22 08:03:57  INFO      Total trips collected for account 649034868264558592: 274
2026-04-22 08:06:25  INFO      Total trip-agg records collected: 392
2026-04-22 08:06:27  INFO      Summary written to: /root/code/algorithms/app/scripts/camera/trip_agg_analysis_script/output/2026-04-20/649034868264558592/summary.json
2026-04-22 08:06:27  INFO      ===== Trip Aggregation Analysis Summary =====
2026-04-22 08:06:27  INFO      Trips after merge/filters: 155
2026-04-22 08:06:27  INFO      Completely processed trips: 155
2026-04-22 08:06:27  INFO      Missing trips in trip_agg: 0
2026-04-22 08:06:27  INFO      Unbroken unmatched trips: 1
2026-04-22 08:06:27  INFO      Broken unmatched trips: 2
2026-04-22 08:06:27  INFO      Top alert mismatches:
        alert_name  mismatch_count  total_joined_trips  mismatch_pct
            idling              25                 274          9.12
       eyes_closed               5                 274          1.82
               fcw               4                 274          1.46
      mobile_phone               2                 274          0.73
distracted_driving               1                 274          0.36
2026-04-22 08:06:27  INFO      ----- Step Timings -----
2026-04-22 08:06:27  INFO        fetch_trip_agg_data                 151.66s
2026-04-22 08:06:27  INFO        get_trips_for_account                 4.03s
2026-04-22 08:06:27  INFO        prepare_dataframes                    0.01s
2026-04-22 08:06:27  INFO        analyze_trip_agg                      0.56s
2026-04-22 08:06:27  INFO        analyze_alerts                        1.48s
2026-04-22 08:06:27  INFO        total                               157.74s
2026-04-22 08:06:27  INFO      Reports written to: /root/code/algorithms/app/scripts/camera/trip_agg_analysis_script/output/2026-04-20/649034868264558592
