2026-04-07 08:11:19  INFO      === Starting analysis for account: 632578958264631296 ===
2026-04-07 08:11:19  INFO      Account name: K M Translogistics  Pvt Ltd ( KMT)
2026-04-07 08:11:19  INFO      Fetching trip_agg page: 1
2026-04-07 08:11:19  INFO      Fetching vehicle page: 1
2026-04-07 08:11:20  INFO      Fetching vehicle page: 2
2026-04-07 08:11:20  INFO      Fetching vehicle page: 3
2026-04-07 08:11:21  INFO      Fetching vehicle page: 4
2026-04-07 08:11:21  INFO      Total vehicles collected for account 632578958264631296: 1906
2026-04-07 08:11:34  INFO      Total trips collected for account 632578958264631296: 4413
2026-04-07 08:11:35  INFO      Fetching trip_agg page: 2
2026-04-07 08:11:58  INFO      Fetching trip_agg page: 3
2026-04-07 08:11:59  INFO      Fetching trip_agg page: 4
2026-04-07 08:12:00  INFO      Fetching trip_agg page: 5
2026-04-07 08:12:02  INFO      Fetching trip_agg page: 6
2026-04-07 08:12:03  INFO      Fetching trip_agg page: 7
2026-04-07 08:12:04  INFO      Fetching trip_agg page: 8
2026-04-07 08:12:08  INFO      Fetching trip_agg page: 9
2026-04-07 08:12:19  INFO      Total trip-agg records collected: 4399
2026-04-07 08:12:41  INFO      Summary written to: /root/code/algorithms/app/scripts/camera/trip_agg_analysis_script/output/2026-04-05/632578958264631296/summary.json
2026-04-07 08:12:41  INFO      ===== Trip Aggregation Analysis Summary =====
2026-04-07 08:12:41  INFO      Trips after merge/filters: 2384
2026-04-07 08:12:41  INFO      Completely processed trips: 2384
2026-04-07 08:12:41  INFO      Missing trips in trip_agg: 52
2026-04-07 08:12:41  INFO      Unbroken unmatched trips: 1
2026-04-07 08:12:41  INFO      Broken unmatched trips: 0
2026-04-07 08:12:41  INFO      Top alert mismatches:
         alert_name  mismatch_count  total_joined_trips  mismatch_pct
unscheduled_driving               6                4361          0.14
             idling               2                4361          0.05
         fuel_chori               1                4361          0.02
         over_speed               0                4361          0.00
            freerun               0                4361          0.00
2026-04-07 08:12:41  INFO      ----- Step Timings -----
2026-04-07 08:12:41  INFO        fetch_trip_agg_data                  59.62s
2026-04-07 08:12:41  INFO        get_trips_for_account                15.31s
2026-04-07 08:12:41  INFO        prepare_dataframes                    0.14s
2026-04-07 08:12:41  INFO        analyze_trip_agg                      0.06s
2026-04-07 08:12:41  INFO        analyze_alerts                       21.55s
2026-04-07 08:12:41  INFO        total                                96.67s
2026-04-07 08:12:41  INFO      Reports written to: /root/code/algorithms/app/scripts/camera/trip_agg_analysis_script/output/2026-04-05/632578958264631296
