2026-03-31 08:04:13  INFO      === Starting analysis for account: 632578958264631296 ===
2026-03-31 08:04:13  INFO      Account name: K M Translogistics  Pvt Ltd ( KMT)
2026-03-31 08:04:13  INFO      Fetching trip_agg page: 1
2026-03-31 08:04:13  INFO      Fetching vehicle page: 1
2026-03-31 08:04:13  INFO      Fetching vehicle page: 2
2026-03-31 08:04:15  INFO      Fetching vehicle page: 3
2026-03-31 08:04:19  INFO      Fetching vehicle page: 4
2026-03-31 08:04:20  INFO      Total vehicles collected for account 632578958264631296: 1901
2026-03-31 08:04:32  INFO      Fetching trip_agg page: 2
2026-03-31 08:04:49  INFO      Fetching trip_agg page: 3
2026-03-31 08:04:49  INFO      Total trips collected for account 632578958264631296: 4893
2026-03-31 08:04:50  INFO      Fetching trip_agg page: 4
2026-03-31 08:04:51  INFO      Fetching trip_agg page: 5
2026-03-31 08:04:52  INFO      Fetching trip_agg page: 6
2026-03-31 08:04:52  INFO      Fetching trip_agg page: 7
2026-03-31 08:04:54  INFO      Fetching trip_agg page: 8
2026-03-31 08:04:54  INFO      Fetching trip_agg page: 9
2026-03-31 08:04:56  INFO      Fetching trip_agg page: 10
2026-03-31 08:05:04  INFO      Total trip-agg records collected: 4904
2026-03-31 08:06:04  INFO      Summary written to: /root/code/algorithms/app/scripts/camera/trip_agg_analysis_script/output/2026-03-29/632578958264631296/summary.json
2026-03-31 08:06:04  INFO      ===== Trip Aggregation Analysis Summary =====
2026-03-31 08:06:04  INFO      Trips after merge/filters: 2660
2026-03-31 08:06:04  INFO      Completely processed trips: 2660
2026-03-31 08:06:04  INFO      Missing trips in trip_agg: 34
2026-03-31 08:06:04  INFO      Unbroken unmatched trips: 0
2026-03-31 08:06:04  INFO      Broken unmatched trips: 0
2026-03-31 08:06:04  INFO      Top alert mismatches:
         alert_name  mismatch_count  total_joined_trips  mismatch_pct
unscheduled_driving              10                4859          0.21
       slow_running               1                4859          0.02
             idling               0                4859          0.00
         over_speed               0                4859          0.00
            freerun               0                4859          0.00
2026-03-31 08:06:04  INFO      ----- Step Timings -----
2026-03-31 08:06:04  INFO        fetch_trip_agg_data                  51.44s
2026-03-31 08:06:04  INFO        get_trips_for_account                36.29s
2026-03-31 08:06:04  INFO        prepare_dataframes                    0.89s
2026-03-31 08:06:04  INFO        analyze_trip_agg                      0.20s
2026-03-31 08:06:04  INFO        analyze_alerts                       58.69s
2026-03-31 08:06:04  INFO        total                               147.51s
2026-03-31 08:06:04  INFO      Reports written to: /root/code/algorithms/app/scripts/camera/trip_agg_analysis_script/output/2026-03-29/632578958264631296
