2026-09-07 02:43:12  INFO      === Starting analysis for account: 1205841794575630336 ===
2026-09-07 02:43:12  INFO      Account name: Chartered Speed-OSRTC
2026-09-07 02:43:12  INFO      [1/1] Fetching trip_agg for account: 1205841794575630336
2026-09-07 02:43:12  INFO      Fetching vehicle page: 1
2026-09-07 02:43:12  INFO      Fetching vehicle page: 2
2026-09-07 02:43:13  INFO      Fetching vehicle page: 3
2026-09-07 02:43:13  INFO      Total vehicles collected for account 1205841794575630336: 1184
2026-09-07 02:43:24  INFO      Total trips collected for account 1205841794575630336: 8676
2026-09-07 02:48:41  INFO        account 1205841794575630336: fetched 8793 records (88 pages)
2026-09-07 02:48:41  INFO      Total trip-agg records collected across 1 accounts: 8793
2026-09-07 02:49:23  WARNING   Alert count fetch failed for 8676/8676 trips
2026-09-07 02:49:24  INFO      Summary written to: /root/code/algorithms/app/scripts/camera/trip_agg_analysis_script/output/2026-09-05/1205841794575630336/summary.json
2026-09-07 02:49:24  INFO      ===== Trip Aggregation Analysis Summary =====
2026-09-07 02:49:24  INFO      Trips after merge/filters: 7175
2026-09-07 02:49:24  INFO      Completely processed trips: 7168
2026-09-07 02:49:24  INFO      Missing trips in trip_agg: 0
2026-09-07 02:49:24  INFO      Unbroken unmatched trips: 0
2026-09-07 02:49:24  INFO      Broken unmatched trips: 13
2026-09-07 02:49:24  INFO      ----- Step Timings -----
2026-09-07 02:49:24  INFO        fetch_accounts_with_access            0.01s
2026-09-07 02:49:24  INFO        fetch_trip_agg_data                 328.94s
2026-09-07 02:49:24  INFO        get_trips_for_account                12.46s
2026-09-07 02:49:24  INFO        prepare_dataframes                    0.20s
2026-09-07 02:49:24  INFO        analyze_trip_agg                     13.86s
2026-09-07 02:49:24  INFO        analyze_alerts                       28.31s
2026-09-07 02:49:24  INFO        total                               383.79s
2026-09-07 02:49:24  INFO      Reports written to: /root/code/algorithms/app/scripts/camera/trip_agg_analysis_script/output/2026-09-05/1205841794575630336
