2026-04-11 08:08:39  INFO      === Starting analysis for account: 649034868264558592 ===
2026-04-11 08:08:39  INFO      Account name: RajRatan Travels
2026-04-11 08:08:39  INFO      Fetching trip_agg page: 1
2026-04-11 08:08:39  INFO      Fetching vehicle page: 1
2026-04-11 08:08:40  INFO      Total vehicles collected for account 649034868264558592: 118
2026-04-11 08:08:44  INFO      Total trips collected for account 649034868264558592: 307
2026-04-11 08:08:54  INFO      Total trip-agg records collected: 403
2026-04-11 08:09:00  INFO      Summary written to: /root/code/algorithms/app/scripts/camera/trip_agg_analysis_script/output/2026-04-09/649034868264558592/summary.json
2026-04-11 08:09:00  INFO      ===== Trip Aggregation Analysis Summary =====
2026-04-11 08:09:00  INFO      Trips after merge/filters: 175
2026-04-11 08:09:00  INFO      Completely processed trips: 175
2026-04-11 08:09:00  INFO      Missing trips in trip_agg: 0
2026-04-11 08:09:00  INFO      Unbroken unmatched trips: 1
2026-04-11 08:09:00  INFO      Broken unmatched trips: 3
2026-04-11 08:09:00  INFO      Top alert mismatches:
         alert_name  mismatch_count  total_joined_trips  mismatch_pct
             idling               8                 307          2.61
 distracted_driving               0                 307          0.00
         drowsiness               0                 307          0.00
emergency_recording               0                 307          0.00
        eyes_closed               0                 307          0.00
2026-04-11 08:09:00  INFO      ----- Step Timings -----
2026-04-11 08:09:00  INFO        fetch_trip_agg_data                  14.45s
2026-04-11 08:09:00  INFO        get_trips_for_account                 5.33s
2026-04-11 08:09:00  INFO        prepare_dataframes                    0.05s
2026-04-11 08:09:00  INFO        analyze_trip_agg                      0.65s
2026-04-11 08:09:00  INFO        analyze_alerts                        5.81s
2026-04-11 08:09:00  INFO        total                                26.28s
2026-04-11 08:09:00  INFO      Reports written to: /root/code/algorithms/app/scripts/camera/trip_agg_analysis_script/output/2026-04-09/649034868264558592
