2026-08-12 02:40:16  INFO      === Starting analysis for account: 642689989225816064 ===
2026-08-12 02:40:16  INFO      Account name: Indore Intercity
2026-08-12 02:40:16  INFO      [1/1] Fetching trip_agg for account: 642689989225816064
2026-08-12 02:40:16  INFO      Fetching vehicle page: 1
2026-08-12 02:40:16  INFO      Total vehicles collected for account 642689989225816064: 227
2026-08-12 02:40:20  INFO      Total trips collected for account 642689989225816064: 919
2026-08-12 02:40:38  INFO        account 642689989225816064: fetched 984 records (10 pages)
2026-08-12 02:40:38  INFO      Total trip-agg records collected across 1 accounts: 984
2026-08-12 02:40:46  WARNING   Alert count fetch failed for 919/919 trips
2026-08-12 02:40:46  INFO      Summary written to: /root/code/algorithms/app/scripts/camera/trip_agg_analysis_script/output/2026-08-10/642689989225816064/summary.json
2026-08-12 02:40:46  INFO      ===== Trip Aggregation Analysis Summary =====
2026-08-12 02:40:46  INFO      Trips after merge/filters: 499
2026-08-12 02:40:46  INFO      Completely processed trips: 499
2026-08-12 02:40:46  INFO      Missing trips in trip_agg: 0
2026-08-12 02:40:46  INFO      Unbroken unmatched trips: 0
2026-08-12 02:40:46  INFO      Broken unmatched trips: 22
2026-08-12 02:40:46  INFO      ----- Step Timings -----
2026-08-12 02:40:46  INFO        fetch_accounts_with_access            0.02s
2026-08-12 02:40:46  INFO        fetch_trip_agg_data                  22.27s
2026-08-12 02:40:46  INFO        get_trips_for_account                 4.06s
2026-08-12 02:40:46  INFO        prepare_dataframes                    0.05s
2026-08-12 02:40:46  INFO        analyze_trip_agg                      1.22s
2026-08-12 02:40:46  INFO        analyze_alerts                        6.20s
2026-08-12 02:40:46  INFO        total                                33.82s
2026-08-12 02:40:46  INFO      Reports written to: /root/code/algorithms/app/scripts/camera/trip_agg_analysis_script/output/2026-08-10/642689989225816064
