2026-07-29 02:34:49  INFO      === Starting analysis for account: 642689989225816064 ===
2026-07-29 02:34:49  INFO      Account name: Indore Intercity
2026-07-29 02:34:49  INFO      Fetching trip_agg page: 1
2026-07-29 02:34:49  INFO      Fetching vehicle page: 1
2026-07-29 02:34:49  INFO      Total vehicles collected for account 642689989225816064: 229
2026-07-29 02:34:52  INFO      Total trips collected for account 642689989225816064: 848
2026-07-29 02:34:54  INFO      Fetching trip_agg page: 2
2026-07-29 02:35:02  INFO      Total trip-agg records collected: 875
2026-07-29 02:35:07  INFO      Summary written to: /root/code/algorithms/app/scripts/camera/trip_agg_analysis_script/output/2026-07-27/642689989225816064/summary.json
2026-07-29 02:35:07  INFO      ===== Trip Aggregation Analysis Summary =====
2026-07-29 02:35:07  INFO      Trips after merge/filters: 446
2026-07-29 02:35:07  INFO      Completely processed trips: 446
2026-07-29 02:35:07  INFO      Missing trips in trip_agg: 36
2026-07-29 02:35:07  INFO      Unbroken unmatched trips: 0
2026-07-29 02:35:07  INFO      Broken unmatched trips: 19
2026-07-29 02:35:07  INFO      Top alert mismatches:
        alert_name  mismatch_count  total_joined_trips  mismatch_pct
distracted_driving               0                 812           0.0
        drowsiness               0                 812           0.0
       eyes_closed               0                 812           0.0
               fcw               0                 812           0.0
      mobile_phone               0                 812           0.0
2026-07-29 02:35:07  INFO      ----- Step Timings -----
2026-07-29 02:35:07  INFO        fetch_trip_agg_data                  13.61s
2026-07-29 02:35:07  INFO        get_trips_for_account                 3.62s
2026-07-29 02:35:07  INFO        prepare_dataframes                    0.02s
2026-07-29 02:35:07  INFO        analyze_trip_agg                      1.18s
2026-07-29 02:35:07  INFO        analyze_alerts                        3.48s
2026-07-29 02:35:07  INFO        total                                21.91s
2026-07-29 02:35:07  INFO      Reports written to: /root/code/algorithms/app/scripts/camera/trip_agg_analysis_script/output/2026-07-27/642689989225816064
