2026-05-04 08:04:19  INFO      === Starting analysis for account: 649034868264558592 ===
2026-05-04 08:04:19  INFO      Account name: RajRatan Travels
2026-05-04 08:04:19  INFO      Fetching trip_agg page: 1
2026-05-04 08:04:19  INFO      Fetching vehicle page: 1
2026-05-04 08:04:19  INFO      Total vehicles collected for account 649034868264558592: 122
2026-05-04 08:04:21  INFO      Total trips collected for account 649034868264558592: 277
2026-05-04 08:07:10  INFO      Total trip-agg records collected: 402
2026-05-04 08:07:19  INFO      Summary written to: /root/code/algorithms/app/scripts/camera/trip_agg_analysis_script/output/2026-05-02/649034868264558592/summary.json
2026-05-04 08:07:19  INFO      ===== Trip Aggregation Analysis Summary =====
2026-05-04 08:07:19  INFO      Trips after merge/filters: 146
2026-05-04 08:07:19  INFO      Completely processed trips: 146
2026-05-04 08:07:19  INFO      Missing trips in trip_agg: 0
2026-05-04 08:07:19  INFO      Unbroken unmatched trips: 0
2026-05-04 08:07:19  INFO      Broken unmatched trips: 3
2026-05-04 08:07:19  INFO      Top alert mismatches:
         alert_name  mismatch_count  total_joined_trips  mismatch_pct
                fcw               1                 277          0.36
         over_speed               1                 277          0.36
 distracted_driving               0                 277          0.00
         drowsiness               0                 277          0.00
emergency_recording               0                 277          0.00
2026-05-04 08:07:19  INFO      ----- Step Timings -----
2026-05-04 08:07:19  INFO        fetch_trip_agg_data                 170.77s
2026-05-04 08:07:19  INFO        get_trips_for_account                 2.60s
2026-05-04 08:07:19  INFO        prepare_dataframes                    0.05s
2026-05-04 08:07:19  INFO        analyze_trip_agg                      0.62s
2026-05-04 08:07:19  INFO        analyze_alerts                        9.00s
2026-05-04 08:07:19  INFO        total                               183.03s
2026-05-04 08:07:19  INFO      Reports written to: /root/code/algorithms/app/scripts/camera/trip_agg_analysis_script/output/2026-05-02/649034868264558592
