2026-08-01 02:38:28  INFO      === Starting analysis for account: 642689989225816064 ===
2026-08-01 02:38:28  INFO      Account name: Indore Intercity
2026-08-01 02:38:28  INFO      Resolved 7 accounts_with_access for 642689989225816064
2026-08-01 02:38:28  INFO      [1/7] Fetching trip_agg for account: 475691480292397056
2026-08-01 02:38:28  INFO      Fetching vehicle page: 1
2026-08-01 02:38:28  INFO      Total vehicles collected for account 642689989225816064: 229
2026-08-01 02:38:28  INFO        account 475691480292397056: fetched 0 records (1 pages)
2026-08-01 02:38:28  INFO      [2/7] Fetching trip_agg for account: 642689989225816064
2026-08-01 02:38:30  INFO      Total trips collected for account 642689989225816064: 911
2026-08-01 02:38:51  INFO        account 642689989225816064: fetched 933 records (10 pages)
2026-08-01 02:38:51  INFO      [3/7] Fetching trip_agg for account: 907977166128414720
2026-08-01 02:38:52  INFO        account 907977166128414720: fetched 0 records (1 pages)
2026-08-01 02:38:52  INFO      [4/7] Fetching trip_agg for account: 1128685188746838016
2026-08-01 02:38:52  INFO        account 1128685188746838016: fetched 0 records (1 pages)
2026-08-01 02:38:52  INFO      [5/7] Fetching trip_agg for account: 1520500634065829888
2026-08-01 02:38:52  INFO        account 1520500634065829888: fetched 0 records (1 pages)
2026-08-01 02:38:52  INFO      [6/7] Fetching trip_agg for account: 1520501245561798656
2026-08-01 02:38:52  INFO        account 1520501245561798656: fetched 0 records (1 pages)
2026-08-01 02:38:52  INFO      [7/7] Fetching trip_agg for account: 1536063812182999040
2026-08-01 02:38:52  INFO        account 1536063812182999040: fetched 0 records (1 pages)
2026-08-01 02:38:52  INFO      Total trip-agg records collected across 7 accounts: 933
2026-08-01 02:38:53  INFO      Attempting second-pass fetch for 37 missing trips by trip_id
2026-08-01 02:38:54  INFO      Second-pass recovered 37 missing trips, 0 still missing
2026-08-01 02:38:59  INFO      Summary written to: /root/code/algorithms/app/scripts/camera/trip_agg_analysis_script/output/2026-07-30/642689989225816064/summary.json
2026-08-01 02:38:59  INFO      ===== Trip Aggregation Analysis Summary =====
2026-08-01 02:38:59  INFO      Trips after merge/filters: 465
2026-08-01 02:38:59  INFO      Completely processed trips: 465
2026-08-01 02:38:59  INFO      Missing trips in trip_agg: 0
2026-08-01 02:38:59  INFO      Unbroken unmatched trips: 0
2026-08-01 02:38:59  INFO      Broken unmatched trips: 19
2026-08-01 02:38:59  INFO      Top alert mismatches:
         alert_name  mismatch_count  total_joined_trips  mismatch_pct
 distracted_driving               0                 911           0.0
         drowsiness               0                 911           0.0
emergency_recording               0                 911           0.0
        eyes_closed               0                 911           0.0
                fcw               0                 911           0.0
2026-08-01 02:38:59  INFO      ----- Step Timings -----
2026-08-01 02:38:59  INFO        fetch_accounts_with_access            0.02s
2026-08-01 02:38:59  INFO        fetch_trip_agg_data                  24.38s
2026-08-01 02:38:59  INFO        get_trips_for_account                 2.58s
2026-08-01 02:38:59  INFO        prepare_dataframes                    0.02s
2026-08-01 02:38:59  INFO        analyze_trip_agg                      1.61s
2026-08-01 02:38:59  INFO        analyze_alerts                        5.12s
2026-08-01 02:38:59  INFO        total                                33.73s
2026-08-01 02:38:59  INFO      Reports written to: /root/code/algorithms/app/scripts/camera/trip_agg_analysis_script/output/2026-07-30/642689989225816064
