2026-04-20 08:07:44  INFO      === Starting analysis for account: 632578958264631296 ===
2026-04-20 08:07:44  INFO      Account name: K M Translogistics  Pvt Ltd ( KMT)
2026-04-20 08:07:44  INFO      Fetching trip_agg page: 1
2026-04-20 08:07:44  INFO      Fetching vehicle page: 1
2026-04-20 08:07:44  INFO      Fetching vehicle page: 2
2026-04-20 08:07:44  INFO      Fetching vehicle page: 3
2026-04-20 08:07:44  INFO      Fetching vehicle page: 4
2026-04-20 08:07:45  INFO      Total vehicles collected for account 632578958264631296: 1918
2026-04-20 08:07:46  INFO      Fetching trip_agg page: 2
2026-04-20 08:07:48  INFO      Fetching trip_agg page: 3
2026-04-20 08:07:52  INFO      Fetching trip_agg page: 4
2026-04-20 08:07:54  INFO      Fetching trip_agg page: 5
2026-04-20 08:07:56  INFO      Fetching trip_agg page: 6
2026-04-20 08:07:58  INFO      Fetching trip_agg page: 7
2026-04-20 08:08:00  INFO      Fetching trip_agg page: 8
2026-04-20 08:08:03  INFO      Fetching trip_agg page: 9
2026-04-20 08:08:04  INFO      Fetching trip_agg page: 10
2026-04-20 08:08:08  INFO      Total trip-agg records collected: 4698
2026-04-20 08:08:17  INFO      Total trips collected for account 632578958264631296: 4722
2026-04-20 08:09:20  INFO      Summary written to: /root/code/algorithms/app/scripts/camera/trip_agg_analysis_script/output/2026-04-18/632578958264631296/summary.json
2026-04-20 08:09:20  INFO      ===== Trip Aggregation Analysis Summary =====
2026-04-20 08:09:20  INFO      Trips after merge/filters: 2505
2026-04-20 08:09:20  INFO      Completely processed trips: 2505
2026-04-20 08:09:20  INFO      Missing trips in trip_agg: 52
2026-04-20 08:09:20  INFO      Unbroken unmatched trips: 0
2026-04-20 08:09:20  INFO      Broken unmatched trips: 0
2026-04-20 08:09:20  INFO      Top alert mismatches:
         alert_name  mismatch_count  total_joined_trips  mismatch_pct
unscheduled_driving              25                4670          0.54
         over_speed               2                4670          0.04
             idling               0                4670          0.00
            freerun               0                4670          0.00
           over_acc               0                4670          0.00
2026-04-20 08:09:20  INFO      ----- Step Timings -----
2026-04-20 08:09:20  INFO        fetch_trip_agg_data                  23.99s
2026-04-20 08:09:20  INFO        get_trips_for_account                33.05s
2026-04-20 08:09:20  INFO        prepare_dataframes                    0.42s
2026-04-20 08:09:20  INFO        analyze_trip_agg                      0.23s
2026-04-20 08:09:20  INFO        analyze_alerts                       61.97s
2026-04-20 08:09:20  INFO        total                               119.67s
2026-04-20 08:09:20  INFO      Reports written to: /root/code/algorithms/app/scripts/camera/trip_agg_analysis_script/output/2026-04-18/632578958264631296
