2026-07-17 02:34:25  INFO      === Starting analysis for account: 632578958264631296 ===
2026-07-17 02:34:25  INFO      Account name: K M Translogistics  Pvt Ltd ( KMT)
2026-07-17 02:34:25  INFO      Fetching trip_agg page: 1
2026-07-17 02:34:25  INFO      Fetching vehicle page: 1
2026-07-17 02:34:26  INFO      Fetching vehicle page: 2
2026-07-17 02:34:26  INFO      Fetching vehicle page: 3
2026-07-17 02:34:26  INFO      Fetching vehicle page: 4
2026-07-17 02:34:26  INFO      Total vehicles collected for account 632578958264631296: 1980
2026-07-17 02:34:38  INFO      Total trips collected for account 632578958264631296: 5787
2026-07-17 02:36:16  INFO      Fetching trip_agg page: 2
2026-07-17 02:36:18  INFO      Fetching trip_agg page: 3
2026-07-17 02:36:20  INFO      Fetching trip_agg page: 4
2026-07-17 02:36:22  INFO      Fetching trip_agg page: 5
2026-07-17 02:36:24  INFO      Fetching trip_agg page: 6
2026-07-17 02:36:26  INFO      Fetching trip_agg page: 7
2026-07-17 02:36:28  INFO      Fetching trip_agg page: 8
2026-07-17 02:36:29  INFO      Fetching trip_agg page: 9
2026-07-17 02:36:31  INFO      Fetching trip_agg page: 10
2026-07-17 02:36:32  INFO      Fetching trip_agg page: 11
2026-07-17 02:36:33  INFO      Fetching trip_agg page: 12
2026-07-17 02:36:35  INFO      Total trip-agg records collected: 5866
2026-07-17 02:37:10  INFO      Summary written to: /root/code/algorithms/app/scripts/camera/trip_agg_analysis_script/output/2026-07-15/632578958264631296/summary.json
2026-07-17 02:37:10  INFO      ===== Trip Aggregation Analysis Summary =====
2026-07-17 02:37:10  INFO      Trips after merge/filters: 2750
2026-07-17 02:37:10  INFO      Completely processed trips: 2750
2026-07-17 02:37:10  INFO      Missing trips in trip_agg: 26
2026-07-17 02:37:10  INFO      Unbroken unmatched trips: 0
2026-07-17 02:37:10  INFO      Broken unmatched trips: 0
2026-07-17 02:37:10  INFO      Top alert mismatches:
alert_name  mismatch_count  total_joined_trips  mismatch_pct
fuel_chori               2                5761          0.03
    idling               0                5761          0.00
over_speed               0                5761          0.00
   freerun               0                5761          0.00
  over_acc               0                5761          0.00
2026-07-17 02:37:10  INFO      ----- Step Timings -----
2026-07-17 02:37:10  INFO        fetch_trip_agg_data                 129.95s
2026-07-17 02:37:10  INFO        get_trips_for_account                12.86s
2026-07-17 02:37:10  INFO        prepare_dataframes                    0.23s
2026-07-17 02:37:10  INFO        analyze_trip_agg                      0.10s
2026-07-17 02:37:10  INFO        analyze_alerts                       34.07s
2026-07-17 02:37:10  INFO        total                               177.21s
2026-07-17 02:37:10  INFO      Reports written to: /root/code/algorithms/app/scripts/camera/trip_agg_analysis_script/output/2026-07-15/632578958264631296
