2026-08-16 02:30:09  INFO      === Starting analysis for account: 649034868264558592 ===
2026-08-16 02:30:09  INFO      Account name: RajRatan Travels
2026-08-16 02:30:09  INFO      [1/1] Fetching trip_agg for account: 649034868264558592
2026-08-16 02:30:09  INFO      Fetching vehicle page: 1
2026-08-16 02:30:09  INFO      Total vehicles collected for account 649034868264558592: 128
2026-08-16 02:30:13  INFO      Total trips collected for account 649034868264558592: 366
2026-08-16 02:34:34  ERROR     Request failed after 3 attempts: http://internal-apis.intangles.com/trip/aggregated?account_id=649034868264558592&pnum=6&psize=100&start_time=1786665600000&end_time=1786751999000 | error: 504 Server Error: Gateway Time-out for url: http://internal-apis.intangles.com/trip/aggregated?account_id=649034868264558592&pnum=6&psize=100&start_time=1786665600000&end_time=1786751999000
2026-08-16 02:34:34  WARNING     page 6 failed (1/3 consecutive)
2026-08-16 02:34:35  INFO        account 649034868264558592: fetched 500 records (7 pages)
2026-08-16 02:34:35  INFO      Total trip-agg records collected across 1 accounts: 500
2026-08-16 02:34:39  WARNING   Alert count fetch failed for 366/366 trips
2026-08-16 02:34:39  INFO      Summary written to: /root/code/algorithms/app/scripts/camera/trip_agg_analysis_script/output/2026-08-14/649034868264558592/summary.json
2026-08-16 02:34:39  INFO      ===== Trip Aggregation Analysis Summary =====
2026-08-16 02:34:39  INFO      Trips after merge/filters: 228
2026-08-16 02:34:39  INFO      Completely processed trips: 227
2026-08-16 02:34:39  INFO      Missing trips in trip_agg: 0
2026-08-16 02:34:39  INFO      Unbroken unmatched trips: 0
2026-08-16 02:34:39  INFO      Broken unmatched trips: 24
2026-08-16 02:34:39  INFO      ----- Step Timings -----
2026-08-16 02:34:39  INFO        fetch_accounts_with_access            0.04s
2026-08-16 02:34:39  INFO        fetch_trip_agg_data                 265.78s
2026-08-16 02:34:39  INFO        get_trips_for_account                 3.38s
2026-08-16 02:34:39  INFO        prepare_dataframes                    0.04s
2026-08-16 02:34:39  INFO        analyze_trip_agg                      0.96s
2026-08-16 02:34:39  INFO        analyze_alerts                        2.74s
2026-08-16 02:34:39  INFO        total                               272.94s
2026-08-16 02:34:39  INFO      Reports written to: /root/code/algorithms/app/scripts/camera/trip_agg_analysis_script/output/2026-08-14/649034868264558592
