2026-03-19 08:00:08  INFO      === Starting analysis for account: 649034868264558592 ===
2026-03-19 08:00:08  INFO      Account name: RajRatan Travels
2026-03-19 08:00:08  INFO      Fetching trip_agg page: 1
2026-03-19 08:00:08  INFO      Fetching vehicle page: 1
2026-03-19 08:00:08  INFO      Total vehicles collected for account 649034868264558592: 117
2026-03-19 08:00:39  INFO      Total trips collected for account 649034868264558592: 288
2026-03-19 08:00:53  INFO      Total trip-agg records collected: 400
2026-03-19 08:00:56  INFO      Summary written to: /root/code/algorithms/app/scripts/camera/trip_agg_analysis_script/output/2026-03-17/649034868264558592/summary.json
2026-03-19 08:00:56  INFO      ===== Trip Aggregation Analysis Summary =====
2026-03-19 08:00:56  INFO      Trips after merge/filters: 163
2026-03-19 08:00:56  INFO      Completely processed trips: 163
2026-03-19 08:00:56  INFO      Missing trips in trip_agg: 0
2026-03-19 08:00:56  INFO      Unbroken unmatched trips: 0
2026-03-19 08:00:56  INFO      Broken unmatched trips: 2
2026-03-19 08:00:56  INFO      Top alert mismatches:
         alert_name  mismatch_count  total_joined_trips  mismatch_pct
             idling               3                 288          1.04
 distracted_driving               1                 288          0.35
                fcw               1                 288          0.35
         drowsiness               0                 288          0.00
emergency_recording               0                 288          0.00
2026-03-19 08:00:56  INFO      ----- Step Timings -----
2026-03-19 08:00:56  INFO        fetch_trip_agg_data                  45.11s
2026-03-19 08:00:56  INFO        get_trips_for_account                31.48s
2026-03-19 08:00:56  INFO        prepare_dataframes                    0.02s
2026-03-19 08:00:56  INFO        analyze_trip_agg                      0.34s
2026-03-19 08:00:56  INFO        analyze_alerts                        2.85s
2026-03-19 08:00:56  INFO        total                                79.80s
2026-03-19 08:00:56  INFO      Reports written to: /root/code/algorithms/app/scripts/camera/trip_agg_analysis_script/output/2026-03-17/649034868264558592
