2026-09-15 02:41:23  INFO      === Starting analysis for account: 1205841794575630336 ===
2026-09-15 02:41:23  INFO      Account name: Chartered Speed-OSRTC
2026-09-15 02:41:23  INFO      [1/1] Fetching trip_agg for account: 1205841794575630336
2026-09-15 02:41:23  INFO      Fetching vehicle page: 1
2026-09-15 02:41:23  INFO      Fetching vehicle page: 2
2026-09-15 02:41:24  INFO      Fetching vehicle page: 3
2026-09-15 02:41:24  INFO      Total vehicles collected for account 1205841794575630336: 1184
2026-09-15 02:42:23  INFO      Total trips collected for account 1205841794575630336: 8111
2026-09-15 02:46:26  INFO        account 1205841794575630336: fetched 8207 records (83 pages)
2026-09-15 02:46:26  INFO      Total trip-agg records collected across 1 accounts: 8207
2026-09-15 02:46:56  WARNING   Alert count fetch failed for 8111/8111 trips
2026-09-15 02:46:57  INFO      Summary written to: /root/code/algorithms/app/scripts/camera/trip_agg_analysis_script/output/2026-09-13/1205841794575630336/summary.json
2026-09-15 02:46:57  INFO      ===== Trip Aggregation Analysis Summary =====
2026-09-15 02:46:57  INFO      Trips after merge/filters: 6833
2026-09-15 02:46:57  INFO      Completely processed trips: 6827
2026-09-15 02:46:57  INFO      Missing trips in trip_agg: 0
2026-09-15 02:46:57  INFO      Unbroken unmatched trips: 0
2026-09-15 02:46:57  INFO      Broken unmatched trips: 14
2026-09-15 02:46:57  INFO      ----- Step Timings -----
2026-09-15 02:46:57  INFO        fetch_accounts_with_access            0.01s
2026-09-15 02:46:57  INFO        fetch_trip_agg_data                 303.14s
2026-09-15 02:46:57  INFO        get_trips_for_account                60.04s
2026-09-15 02:46:57  INFO        prepare_dataframes                    0.20s
2026-09-15 02:46:57  INFO        analyze_trip_agg                     11.07s
2026-09-15 02:46:57  INFO        analyze_alerts                       18.96s
2026-09-15 02:46:57  INFO        total                               393.41s
2026-09-15 02:46:57  INFO      Reports written to: /root/code/algorithms/app/scripts/camera/trip_agg_analysis_script/output/2026-09-13/1205841794575630336
