2026-09-03 02:31:33  INFO      === Starting analysis for account: 649034868264558592 ===
2026-09-03 02:31:33  INFO      Account name: RajRatan Travels
2026-09-03 02:31:33  INFO      [1/1] Fetching trip_agg for account: 649034868264558592
2026-09-03 02:31:33  INFO      Fetching vehicle page: 1
2026-09-03 02:31:33  INFO      Total vehicles collected for account 649034868264558592: 128
2026-09-03 02:31:34  INFO      Total trips collected for account 649034868264558592: 392
2026-09-03 02:36:19  ERROR     Request failed after 3 attempts: http://internal-apis.intangles.com/trip/aggregated?account_id=649034868264558592&pnum=6&psize=100&start_time=1788220800000&end_time=1788307199000 | error: 504 Server Error: Gateway Time-out for url: http://internal-apis.intangles.com/trip/aggregated?account_id=649034868264558592&pnum=6&psize=100&start_time=1788220800000&end_time=1788307199000
2026-09-03 02:36:19  WARNING     page 6 failed (1/3 consecutive)
2026-09-03 02:37:26  INFO        account 649034868264558592: fetched 500 records (7 pages)
2026-09-03 02:37:26  INFO      Total trip-agg records collected across 1 accounts: 500
2026-09-03 02:37:30  WARNING   Alert count fetch failed for 392/392 trips
2026-09-03 02:37:30  INFO      Summary written to: /root/code/algorithms/app/scripts/camera/trip_agg_analysis_script/output/2026-09-01/649034868264558592/summary.json
2026-09-03 02:37:30  INFO      ===== Trip Aggregation Analysis Summary =====
2026-09-03 02:37:30  INFO      Trips after merge/filters: 220
2026-09-03 02:37:30  INFO      Completely processed trips: 219
2026-09-03 02:37:30  INFO      Missing trips in trip_agg: 0
2026-09-03 02:37:30  INFO      Unbroken unmatched trips: 0
2026-09-03 02:37:30  INFO      Broken unmatched trips: 17
2026-09-03 02:37:30  INFO      ----- Step Timings -----
2026-09-03 02:37:30  INFO        fetch_accounts_with_access            0.02s
2026-09-03 02:37:30  INFO        fetch_trip_agg_data                 352.88s
2026-09-03 02:37:30  INFO        get_trips_for_account                 1.11s
2026-09-03 02:37:30  INFO        prepare_dataframes                    0.02s
2026-09-03 02:37:30  INFO        analyze_trip_agg                      1.37s
2026-09-03 02:37:30  INFO        analyze_alerts                        2.04s
2026-09-03 02:37:30  INFO        total                               357.43s
2026-09-03 02:37:30  INFO      Reports written to: /root/code/algorithms/app/scripts/camera/trip_agg_analysis_script/output/2026-09-01/649034868264558592
