2026-09-14 02:41:23  INFO      === Starting analysis for account: 642689989225816064 ===
2026-09-14 02:41:23  INFO      Account name: Indore Intercity
2026-09-14 02:41:23  INFO      [1/1] Fetching trip_agg for account: 642689989225816064
2026-09-14 02:41:23  INFO      Fetching vehicle page: 1
2026-09-14 02:41:23  INFO      Total vehicles collected for account 642689989225816064: 230
2026-09-14 02:41:28  INFO      Total trips collected for account 642689989225816064: 641
2026-09-14 02:41:45  INFO        account 642689989225816064: fetched 687 records (7 pages)
2026-09-14 02:41:45  INFO      Total trip-agg records collected across 1 accounts: 687
2026-09-14 02:41:49  WARNING   Alert count fetch failed for 641/641 trips
2026-09-14 02:41:49  INFO      Summary written to: /root/code/algorithms/app/scripts/camera/trip_agg_analysis_script/output/2026-09-12/642689989225816064/summary.json
2026-09-14 02:41:49  INFO      ===== Trip Aggregation Analysis Summary =====
2026-09-14 02:41:49  INFO      Trips after merge/filters: 305
2026-09-14 02:41:49  INFO      Completely processed trips: 305
2026-09-14 02:41:49  INFO      Missing trips in trip_agg: 0
2026-09-14 02:41:49  INFO      Unbroken unmatched trips: 0
2026-09-14 02:41:49  INFO      Broken unmatched trips: 11
2026-09-14 02:41:49  INFO      ----- Step Timings -----
2026-09-14 02:41:49  INFO        fetch_accounts_with_access            0.01s
2026-09-14 02:41:49  INFO        fetch_trip_agg_data                  22.49s
2026-09-14 02:41:49  INFO        get_trips_for_account                 5.18s
2026-09-14 02:41:49  INFO        prepare_dataframes                    0.02s
2026-09-14 02:41:49  INFO        analyze_trip_agg                      1.37s
2026-09-14 02:41:49  INFO        analyze_alerts                        2.74s
2026-09-14 02:41:49  INFO        total                                31.81s
2026-09-14 02:41:49  INFO      Reports written to: /root/code/algorithms/app/scripts/camera/trip_agg_analysis_script/output/2026-09-12/642689989225816064
