2026-08-30 02:38:33  INFO      === Starting analysis for account: 1205841794575630336 ===
2026-08-30 02:38:33  INFO      Account name: Chartered Speed-OSRTC
2026-08-30 02:38:33  INFO      [1/1] Fetching trip_agg for account: 1205841794575630336
2026-08-30 02:38:33  INFO      Fetching vehicle page: 1
2026-08-30 02:38:34  INFO      Fetching vehicle page: 2
2026-08-30 02:38:34  INFO      Fetching vehicle page: 3
2026-08-30 02:38:34  INFO      Total vehicles collected for account 1205841794575630336: 1184
2026-08-30 02:38:50  INFO      Total trips collected for account 1205841794575630336: 8189
2026-08-30 02:43:02  INFO        account 1205841794575630336: fetched 8280 records (83 pages)
2026-08-30 02:43:02  INFO      Total trip-agg records collected across 1 accounts: 8280
2026-08-30 02:43:43  WARNING   Alert count fetch failed for 8189/8189 trips
2026-08-30 02:43:43  INFO      Summary written to: /root/code/algorithms/app/scripts/camera/trip_agg_analysis_script/output/2026-08-28/1205841794575630336/summary.json
2026-08-30 02:43:43  INFO      ===== Trip Aggregation Analysis Summary =====
2026-08-30 02:43:43  INFO      Trips after merge/filters: 6980
2026-08-30 02:43:43  INFO      Completely processed trips: 6974
2026-08-30 02:43:43  INFO      Missing trips in trip_agg: 0
2026-08-30 02:43:43  INFO      Unbroken unmatched trips: 0
2026-08-30 02:43:43  INFO      Broken unmatched trips: 13
2026-08-30 02:43:43  INFO      ----- Step Timings -----
2026-08-30 02:43:43  INFO        fetch_accounts_with_access            0.04s
2026-08-30 02:43:43  INFO        fetch_trip_agg_data                 268.50s
2026-08-30 02:43:43  INFO        get_trips_for_account                16.39s
2026-08-30 02:43:43  INFO        prepare_dataframes                    0.20s
2026-08-30 02:43:43  INFO        analyze_trip_agg                     10.09s
2026-08-30 02:43:43  INFO        analyze_alerts                       30.49s
2026-08-30 02:43:43  INFO        total                               325.69s
2026-08-30 02:43:43  INFO      Reports written to: /root/code/algorithms/app/scripts/camera/trip_agg_analysis_script/output/2026-08-28/1205841794575630336
